Archive member included because of file (symbol)

contiki-cc13xx.a(contiki-main.o)
                              obj_cc13xx/startup_gcc.o (main)
contiki-cc13xx.a(board.o)     contiki-cc13xx.a(contiki-main.o) (board_init)
contiki-cc13xx.a(node-id.o)   contiki-cc13xx.a(contiki-main.o) (node_id_burn)
contiki-cc13xx.a(prop-mode.o)
                              contiki-cc13xx.a(contiki-main.o) (prop_mode_driver)
contiki-cc13xx.a(prop-mode-tx-po)
                              contiki-cc13xx.a(prop-mode.o) (prop_mode_tx_power_431_527)
contiki-cc13xx.a(clock.o)     contiki-cc13xx.a(contiki-main.o) (clock_init)
contiki-cc13xx.a(rtimer-arch.o)
                              contiki-cc13xx.a(contiki-main.o) (rtimer_arch_now)
contiki-cc13xx.a(soc-rtc.o)   contiki-cc13xx.a(contiki-main.o) (soc_rtc_init)
contiki-cc13xx.a(contiki-watchdo)
                              contiki-cc13xx.a(contiki-main.o) (watchdog_init)
contiki-cc13xx.a(putchar.o)   contiki-cc13xx.a(contiki-main.o) (puts)
contiki-cc13xx.a(ieee-addr.o)
                              contiki-cc13xx.a(contiki-main.o) (ieee_addr_cpy_to)
contiki-cc13xx.a(cc26xx-uart.o)
                              contiki-cc13xx.a(contiki-main.o) (cc26xx_uart_init)
contiki-cc13xx.a(lpm.o)       contiki-cc13xx.a(contiki-main.o) (lpm_drop)
contiki-cc13xx.a(oscillators.o)
                              contiki-cc13xx.a(contiki-main.o) (oscillators_select_lf_xosc)
contiki-cc13xx.a(netconfig.o)
                              contiki-cc13xx.a(soc-rtc.o) (update_soft_time)
contiki-cc13xx.a(rf-core.o)   contiki-cc13xx.a(prop-mode.o) (rf_core_is_accessible)
contiki-cc13xx.a(rf-ble.o)    contiki-cc13xx.a(prop-mode.o) (rf_ble_is_active)
contiki-cc13xx.a(random.o)    contiki-cc13xx.a(contiki-main.o) (random_init)
contiki-cc13xx.a(soc-trng.o)  contiki-cc13xx.a(random.o) (soc_trng_rand_synchronous)
contiki-cc13xx.a(dbg-printf.o)
                              udp-client.co (printf)
contiki-cc13xx.a(strformat.o)
                              contiki-cc13xx.a(dbg-printf.o) (format_str_v)
contiki-cc13xx.a(autostart.o)
                              contiki-cc13xx.a(contiki-main.o) (autostart_start)
contiki-cc13xx.a(ctimer.o)    contiki-cc13xx.a(contiki-main.o) (ctimer_init)
contiki-cc13xx.a(energest.o)  contiki-cc13xx.a(contiki-main.o) (energest_init)
contiki-cc13xx.a(etimer.o)    contiki-cc13xx.a(clock.o) (etimer_request_poll)
contiki-cc13xx.a(process.o)   contiki-cc13xx.a(soc-trng.o) (process_alloc_event)
contiki-cc13xx.a(rtimer.o)    contiki-cc13xx.a(contiki-main.o) (rtimer_init)
contiki-cc13xx.a(timer.o)     contiki-cc13xx.a(etimer.o) (timer_set)
contiki-cc13xx.a(serial-line.o)
                              contiki-cc13xx.a(contiki-main.o) (serial_line_init)
contiki-cc13xx.a(list.o)      contiki-cc13xx.a(lpm.o) (list_init)
contiki-cc13xx.a(ringbuf.o)   contiki-cc13xx.a(serial-line.o) (ringbuf_init)
contiki-cc13xx.a(uip-ds6.o)   udp-client.co (uip_ds6_get_global)
contiki-cc13xx.a(uip-ds6-route.o)
                              contiki-cc13xx.a(uip-ds6.o) (uip_ds6_route_init)
contiki-cc13xx.a(uip6.o)      udp-client.co (uip_len)
contiki-cc13xx.a(uip-ds6-nbr.o)
                              contiki-cc13xx.a(uip-ds6.o) (uip_ds6_neighbors_init)
contiki-cc13xx.a(uip-nd6.o)   contiki-cc13xx.a(uip6.o) (uip_nd6_init)
contiki-cc13xx.a(sicslowpan.o)
                              contiki-cc13xx.a(contiki-main.o) (sicslowpan_driver)
contiki-cc13xx.a(uip-udp-packet.)
                              udp-client.co (uip_udp_packet_sendto)
contiki-cc13xx.a(tcpip.o)     contiki-cc13xx.a(sicslowpan.o) (tcpip_set_outputfunc)
contiki-cc13xx.a(rpl-dag.o)   udp-client.co (rpl_get_any_dag)
contiki-cc13xx.a(rpl-timers.o)
                              contiki-cc13xx.a(rpl-dag.o) (rpl_reset_dio_timer)
contiki-cc13xx.a(rpl.o)       contiki-cc13xx.a(uip-ds6-nbr.o) (rpl_link_neighbor_callback)
contiki-cc13xx.a(rpl-mrhof.o)
                              contiki-cc13xx.a(rpl-dag.o) (rpl_mrhof)
contiki-cc13xx.a(setup.o)     obj_cc13xx/startup_gcc.o (NOROM_SetupTrimDevice)
contiki-cc13xx.a(osc.o)       contiki-cc13xx.a(oscillators.o) (NOROM_OSCClockSourceSet)
contiki-cc13xx.a(setup_rom.o)
                              contiki-cc13xx.a(setup.o) (NOROM_SetupAfterColdResetWakeupFromShutDownCfg1)
contiki-cc13xx.a(cpu.o)       contiki-cc13xx.a(contiki-main.o) (NOROM_CPUcpsid)
contiki-cc13xx.a(ddi.o)       contiki-cc13xx.a(setup_rom.o) (NOROM_DDI32RegWrite)
contiki-cc13xx.a(rfc.o)       contiki-cc13xx.a(prop-mode.o) (NOROM_RFCRTrim)
contiki-cc13xx.a(chipinfo.o)  contiki-cc13xx.a(prop-mode.o) (NOROM_ChipInfo_GetChipFamily)
contiki-cc13xx.a(adi.o)       contiki-cc13xx.a(oscillators.o) (SafeHapiVoid)
contiki-cc13xx.a(sys_ctrl.o)  contiki-cc13xx.a(lpm.o) (NOROM_SysCtrlSetRechargeBeforePowerDown)
contiki-cc13xx.a(pwr_ctrl.o)  contiki-cc13xx.a(lpm.o) (NOROM_PowerCtrlSourceSet)
contiki-cc13xx.a(trng.o)      contiki-cc13xx.a(soc-trng.o) (NOROM_TRNGConfigure)
[...]
Memory Configuration

Name             Origin             Length             Attributes
FLASH            0x00000000         0x0001e000         xr
FLASH_DATA       0x0001e000         0x00001000         xr
FLASH_CCFG       0x0001ffa8         0x00000058         xr
SRAM             0x20000000         0x00005000         xrw
GPRAM            0x11000000         0x00002000         xrw
*default*        0x00000000         0xffffffff

Linker script and memory map

LOAD obj_cc13xx/fault-handlers.o
LOAD obj_cc13xx/ccfg.o
LOAD obj_cc13xx/startup_gcc.o
LOAD udp-client.co
LOAD contiki-cc13xx.a
LOAD /opt/my1310ARM/toolchain/gcc-arm-none-eabi-4_9-2015q3/bin/../lib/gcc/arm-none-eabi/4.9.3/../../../../arm-none-eabi/lib/armv7-m/libm.a
START GROUP
LOAD /opt/my1310ARM/toolchain/gcc-arm-none-eabi-4_9-2015q3/bin/../lib/gcc/arm-none-eabi/4.9.3/armv7-m/libgcc.a
LOAD /opt/my1310ARM/toolchain/gcc-arm-none-eabi-4_9-2015q3/bin/../lib/gcc/arm-none-eabi/4.9.3/../../../../arm-none-eabi/lib/armv7-m/libc.a
END GROUP
START GROUP
LOAD /opt/my1310ARM/toolchain/gcc-arm-none-eabi-4_9-2015q3/bin/../lib/gcc/arm-none-eabi/4.9.3/armv7-m/libgcc.a
LOAD /opt/my1310ARM/toolchain/gcc-arm-none-eabi-4_9-2015q3/bin/../lib/gcc/arm-none-eabi/4.9.3/../../../../arm-none-eabi/lib/armv7-m/libc.a
LOAD /opt/my1310ARM/toolchain/gcc-arm-none-eabi-4_9-2015q3/bin/../lib/gcc/arm-none-eabi/4.9.3/../../../../arm-none-eabi/lib/armv7-m/libnosys.a
END GROUP
                0x20005000                _estack = (ORIGIN (SRAM) + 0x5000)
                0x00000000                _Min_Heap_Size = 0x0
                0x00000100                _Min_Stack_Size = 0x100

.text           0x00000000     0xd2e8
                0x00000000                _text = .
 *(SORT(.vectors))
 .vectors       0x00000000       0xc8 obj_cc13xx/startup_gcc.o
                0x00000000                g_pfnVectors
 *(SORT(.text*))
 .text.FaultISR
                0x000000c8       0x18 obj_cc13xx/fault-handlers.o
                0x000000c8                FaultISR
 .text.NmiSRHandler
                0x000000e0        0x4 obj_cc13xx/startup_gcc.o
                0x000000e0                NmiSR
 .text.IntDefaultHandler
                0x000000e4        0x4 obj_cc13xx/startup_gcc.o
                0x000000e4                SSI0IntHandler
                0x000000e4                SWEvent0IntHandler
                0x000000e4                uDMAIntHandler
                0x000000e4                WatchdogIntHandler
                0x000000e4                RFCHardwareIntHandler
                0x000000e4                Timer1BIntHandler
                0x000000e4                I2SIntHandler
                0x000000e4                Timer2BIntHandler
                0x000000e4                Timer2AIntHandler
                0x000000e4                Timer1AIntHandler
                0x000000e4                GPIOIntHandler
                0x000000e4                AONIntHandler
                0x000000e4                AUXSWEvent0IntHandler
                0x000000e4                AUXADCIntHandler
                0x000000e4                PendSVIntHandler
                0x000000e4                AUXSWEvent1IntHandler
                0x000000e4                SVCallIntHandler
                0x000000e4                MPUFaultIntHandler
                0x000000e4                SysTickIntHandler
                0x000000e4                BusFaultIntHandler
                0x000000e4                AONProgIntHandler
                0x000000e4                AUXCompAIntHandler
                0x000000e4                SSI1IntHandler
                0x000000e4                FlashIntHandler
                0x000000e4                uDMAErrIntHandler
                0x000000e4                UsageFaultIntHandler
                0x000000e4                RFCCmdAckIntHandler
                0x000000e4                CryptoIntHandler
                0x000000e4                Timer0AIntHandler
                0x000000e4                I2CIntHandler
                0x000000e4                DebugMonIntHandler
                0x000000e4                Timer0BIntHandler
                0x000000e4                AUXCombEventIntHandler
                0x000000e4                Timer3AIntHandler
                0x000000e4                DynProgIntHandler
                0x000000e4                Timer3BIntHandler
 .text.ResetISR
                0x000000e8       0x5c obj_cc13xx/startup_gcc.o
                0x000000e8                ResetISR
 .text.send_uni_packet
                0x00000144       0xfc udp-client.co
 .text.print_energest
                0x00000240       0x5c udp-client.co
 .text.process_thread_udp_client_process
                0x0000029c      0x20c udp-client.co
 .text.startup.main
                0x000004a8      0x20c contiki-cc13xx.a(contiki-main.o)
                0x000004a8                main
 .text.wakeup_handler
                0x000006b4       0x20 contiki-cc13xx.a(board.o)
 .text.board_init
                0x000006d4       0x8c contiki-cc13xx.a(board.o)
                0x000006d4                board_init
 .text.node_id_burn
                0x00000760        0xc contiki-cc13xx.a(node-id.o)
                0x00000760                node_id_burn
 .text.normalbyte_rfchannel_burn
                0x0000076c       0x28 contiki-cc13xx.a(node-id.o)
                0x0000076c                normalbyte_rfchannel_burn
 .text.normalbyte_rfchannel_restore
                0x00000794       0x4c contiki-cc13xx.a(node-id.o)
                0x00000794                normalbyte_rfchannel_restore
 .text.restart_count_byte_burn
                0x000007e0       0x20 contiki-cc13xx.a(node-id.o)
                0x000007e0                restart_count_byte_burn
 .text.restart_count_byte_restore
                0x00000800       0x24 contiki-cc13xx.a(node-id.o)
                0x00000800                restart_count_byte_restore
 .text.get_object
                0x00000824        0x4 contiki-cc13xx.a(prop-mode.o)
 .text.set_object
                0x00000828        0x4 contiki-cc13xx.a(prop-mode.o)
 .text.request  0x0000082c       0x20 contiki-cc13xx.a(prop-mode.o)
 .text.soft_off_prop
                0x0000084c       0x3c contiki-cc13xx.a(prop-mode.o)
 .text.prepare  0x00000888       0x1c contiki-cc13xx.a(prop-mode.o)
 .text.pending_packet
                0x000008a4       0x34 contiki-cc13xx.a(prop-mode.o)
 .text.read_frame
                0x000008d8       0x50 contiki-cc13xx.a(prop-mode.o)
 .text.rx_off_prop
                0x00000928       0x78 contiki-cc13xx.a(prop-mode.o)
 .text.rx_on_prop
                0x000009a0       0x8c contiki-cc13xx.a(prop-mode.o)
 .text.prop_div_radio_setup
                0x00000a2c       0x50 contiki-cc13xx.a(prop-mode.o)
 .text.prop_fs  0x00000a7c       0x34 contiki-cc13xx.a(prop-mode.o)
 .text.soft_on_prop
                0x00000ab0       0x20 contiki-cc13xx.a(prop-mode.o)
 .text.off      0x00000ad0       0x58 contiki-cc13xx.a(prop-mode.o)
 .text.on       0x00000b28      0x1fc contiki-cc13xx.a(prop-mode.o)
 .text.set_value
                0x00000d24      0x19c contiki-cc13xx.a(prop-mode.o)
 .text.get_value
                0x00000ec0      0x16c contiki-cc13xx.a(prop-mode.o)
 .text.transmit
                0x0000102c      0x12c contiki-cc13xx.a(prop-mode.o)
 .text.send     0x00001158       0x24 contiki-cc13xx.a(prop-mode.o)
 .text.channel_clear
                0x0000117c       0x74 contiki-cc13xx.a(prop-mode.o)
 .text.receiving_packet
                0x000011f0       0x28 contiki-cc13xx.a(prop-mode.o)
 .text.init     0x00001218       0xa0 contiki-cc13xx.a(prop-mode.o)
 .text.power_domain_on
                0x000012b8       0x20 contiki-cc13xx.a(clock.o)
 .text.clock_init
                0x000012d8       0x98 contiki-cc13xx.a(clock.o)
                0x000012d8                clock_init
 .text.clock_time
                0x00001370       0x34 contiki-cc13xx.a(clock.o)
                0x00001370                clock_time
 .text.clock_update
                0x000013a4       0x3c contiki-cc13xx.a(clock.o)
                0x000013a4                clock_update
 .text.clock_seconds
                0x000013e0       0x18 contiki-cc13xx.a(clock.o)
                0x000013e0                clock_seconds
 .text.rtimer_arch_init
                0x000013f8        0x4 contiki-cc13xx.a(rtimer-arch.o)
                0x000013f8                rtimer_arch_init
 .text.rtimer_arch_schedule
                0x000013fc        0x8 contiki-cc13xx.a(rtimer-arch.o)
                0x000013fc                rtimer_arch_schedule
 .text.rtimer_arch_now
                0x00001404        0x4 contiki-cc13xx.a(rtimer-arch.o)
                0x00001404                rtimer_arch_now
 .text.soc_rtc_init
                0x00001408       0xb8 contiki-cc13xx.a(soc-rtc.o)
                0x00001408                soc_rtc_init
 .text.soc_rtc_schedule_one_shot
                0x000014c0       0x4c contiki-cc13xx.a(soc-rtc.o)
                0x000014c0                soc_rtc_schedule_one_shot
 .text.soc_rtc_last_isr_time
                0x0000150c        0xc contiki-cc13xx.a(soc-rtc.o)
                0x0000150c                soc_rtc_last_isr_time
 .text.AONRTCIntHandler
                0x00001518      0x150 contiki-cc13xx.a(soc-rtc.o)
                0x00001518                AONRTCIntHandler
 .text.lock_config
                0x00001668       0x18 contiki-cc13xx.a(contiki-watchdo)
 .text.unlock_config
                0x00001680       0x2c contiki-cc13xx.a(contiki-watchdo)
 .text.watchdog_init
                0x000016ac       0x1c contiki-cc13xx.a(contiki-watchdo)
                0x000016ac                watchdog_init
 .text.watchdog_start
                0x000016c8       0x30 contiki-cc13xx.a(contiki-watchdo)
                0x000016c8                watchdog_start
 .text.watchdog_periodic
                0x000016f8       0x1c contiki-cc13xx.a(contiki-watchdo)
                0x000016f8                watchdog_periodic
 .text.puts     0x00001714       0x30 contiki-cc13xx.a(putchar.o)
                0x00001714                puts
 .text.dbg_send_bytes
                0x00001744       0x40 contiki-cc13xx.a(putchar.o)
                0x00001744                dbg_send_bytes
 .text.ieee_addr_cpy_to
                0x00001784       0x40 contiki-cc13xx.a(ieee-addr.o)
                0x00001784                ieee_addr_cpy_to
 .text.power_and_clock
                0x000017c4       0x40 contiki-cc13xx.a(cc26xx-uart.o)
 .text.enable   0x00001804       0xf4 contiki-cc13xx.a(cc26xx-uart.o)
 .text.accessible
                0x000018f8       0x24 contiki-cc13xx.a(cc26xx-uart.o)
 .text.lpm_drop_handler
                0x0000191c       0xcc contiki-cc13xx.a(cc26xx-uart.o)
 .text.cc26xx_uart_init
                0x000019e8       0x28 contiki-cc13xx.a(cc26xx-uart.o)
                0x000019e8                cc26xx_uart_init
 .text.cc26xx_uart_write_byte
                0x00001a10       0x28 contiki-cc13xx.a(cc26xx-uart.o)
                0x00001a10                cc26xx_uart_write_byte
 .text.cc26xx_uart_busy
                0x00001a38       0x18 contiki-cc13xx.a(cc26xx-uart.o)
                0x00001a38                cc26xx_uart_busy
 .text.UART0IntHandler
                0x00001a50       0x88 contiki-cc13xx.a(cc26xx-uart.o)
                0x00001a50                UART0IntHandler
 .text.lpm_sleep
                0x00001ad8       0x88 contiki-cc13xx.a(lpm.o)
                0x00001ad8                lpm_sleep
 .text.lpm_drop
                0x00001b60      0x2dc contiki-cc13xx.a(lpm.o)
                0x00001b60                lpm_drop
 .text.lpm_register_module
                0x00001e3c        0xc contiki-cc13xx.a(lpm.o)
                0x00001e3c                lpm_register_module
 .text.lpm_unregister_module
                0x00001e48        0xc contiki-cc13xx.a(lpm.o)
                0x00001e48                lpm_unregister_module
 .text.lpm_init
                0x00001e54        0xc contiki-cc13xx.a(lpm.o)
                0x00001e54                lpm_init
 .text.lpm_pin_set_default_state
                0x00001e60       0x2c contiki-cc13xx.a(lpm.o)
                0x00001e60                lpm_pin_set_default_state
 .text.oscillators_select_lf_xosc
                0x00001e8c       0x58 contiki-cc13xx.a(oscillators.o)
                0x00001e8c                oscillators_select_lf_xosc
 .text.oscillators_request_hf_xosc
                0x00001ee4       0x30 contiki-cc13xx.a(oscillators.o)
                0x00001ee4                oscillators_request_hf_xosc
 .text.oscillators_switch_to_hf_xosc
                0x00001f14       0x34 contiki-cc13xx.a(oscillators.o)
                0x00001f14                oscillators_switch_to_hf_xosc
 .text.oscillators_switch_to_hf_rc
                0x00001f48       0x38 contiki-cc13xx.a(oscillators.o)
                0x00001f48                oscillators_switch_to_hf_rc
 .text.update_soft_time
                0x00001f80       0x44 contiki-cc13xx.a(netconfig.o)
                0x00001f80                update_soft_time
 .text.set_init_flag
                0x00001fc4        0xc contiki-cc13xx.a(netconfig.o)
                0x00001fc4                set_init_flag
 .text.get_init_flag
                0x00001fd0        0xc contiki-cc13xx.a(netconfig.o)
                0x00001fd0                get_init_flag
 .text.set_active_flag
                0x00001fdc       0x5c contiki-cc13xx.a(netconfig.o)
                0x00001fdc                set_active_flag
 .text.syn_update_timenow
                0x00002038       0x1c contiki-cc13xx.a(netconfig.o)
                0x00002038                syn_update_timenow
 .text.get_timenow
                0x00002054       0x14 contiki-cc13xx.a(netconfig.o)
                0x00002054                get_timenow
 .text.get_idle_time
                0x00002068       0xb0 contiki-cc13xx.a(netconfig.o)
                0x00002068                get_idle_time
 .text.get_active_flag
                0x00002118        0xc contiki-cc13xx.a(netconfig.o)
                0x00002118                get_active_flag
 .text.get_nowdays
                0x00002124        0xc contiki-cc13xx.a(netconfig.o)
                0x00002124                get_nowdays
 .text.set_autocal_info
                0x00002130       0x20 contiki-cc13xx.a(netconfig.o)
                0x00002130                set_autocal_info
 .text.get_cal_count
                0x00002150        0xc contiki-cc13xx.a(netconfig.o)
                0x00002150                get_cal_count
 .text.set_cal_countaddone
                0x0000215c       0x10 contiki-cc13xx.a(netconfig.o)
                0x0000215c                set_cal_countaddone
 .text.get_cal_offest
                0x0000216c        0xc contiki-cc13xx.a(netconfig.o)
                0x0000216c                get_cal_offest
 .text.get_cal_interval
                0x00002178        0xc contiki-cc13xx.a(netconfig.o)
                0x00002178                get_cal_interval
 .text.set_cal_countzero
                0x00002184        0xc contiki-cc13xx.a(netconfig.o)
                0x00002184                set_cal_countzero
 .text.process_thread_rf_core_process
                0x00002190       0x58 contiki-cc13xx.a(rf-core.o)
 .text.rf_core_is_accessible
                0x000021e8       0x10 contiki-cc13xx.a(rf-core.o)
                0x000021e8                rf_core_is_accessible
 .text.rf_core_send_cmd
                0x000021f8       0xa4 contiki-cc13xx.a(rf-core.o)
                0x000021f8                rf_core_send_cmd
 .text.rf_core_wait_cmd_done
                0x0000229c       0x30 contiki-cc13xx.a(rf-core.o)
                0x0000229c                rf_core_wait_cmd_done
 .text.rf_core_power_up
                0x000022cc       0xcc contiki-cc13xx.a(rf-core.o)
                0x000022cc                rf_core_power_up
 .text.rf_core_start_rat
                0x00002398       0x68 contiki-cc13xx.a(rf-core.o)
                0x00002398                rf_core_start_rat
 .text.rf_core_stop_rat
                0x00002400       0x7c contiki-cc13xx.a(rf-core.o)
                0x00002400                rf_core_stop_rat
 .text.rf_core_power_down
                0x0000247c       0xec contiki-cc13xx.a(rf-core.o)
                0x0000247c                rf_core_power_down
 .text.rf_core_set_modesel
                0x00002568       0x44 contiki-cc13xx.a(rf-core.o)
                0x00002568                rf_core_set_modesel
 .text.rf_core_setup_interrupts
                0x000025ac       0x74 contiki-cc13xx.a(rf-core.o)
                0x000025ac                rf_core_setup_interrupts
 .text.rf_core_cmd_done_en
                0x00002620       0x28 contiki-cc13xx.a(rf-core.o)
                0x00002620                rf_core_cmd_done_en
 .text.rf_core_cmd_done_dis
                0x00002648       0x18 contiki-cc13xx.a(rf-core.o)
                0x00002648                rf_core_cmd_done_dis
 .text.rf_core_get_last_radio_op
                0x00002660        0xc contiki-cc13xx.a(rf-core.o)
                0x00002660                rf_core_get_last_radio_op
 .text.rf_core_primary_mode_register
                0x0000266c        0xc contiki-cc13xx.a(rf-core.o)
                0x0000266c                rf_core_primary_mode_register
 .text.RFCCPE1IntHandler
                0x00002678       0x5c contiki-cc13xx.a(rf-core.o)
                0x00002678                RFCCPE1IntHandler
 .text.RFCCPE0IntHandler
                0x000026d4       0x90 contiki-cc13xx.a(rf-core.o)
                0x000026d4                RFCCPE0IntHandler
 .text.rf_ble_is_active
                0x00002764        0xc contiki-cc13xx.a(rf-ble.o)
                0x00002764                rf_ble_is_active
 .text.random_rand
                0x00002770        0xc contiki-cc13xx.a(random.o)
                0x00002770                random_rand
 .text.random_init
                0x0000277c        0x4 contiki-cc13xx.a(random.o)
                0x0000277c                random_init
 .text.power_up
                0x00002780       0x40 contiki-cc13xx.a(soc-trng.o)
 .text.request  0x000027c0       0x14 contiki-cc13xx.a(soc-trng.o)
 .text.process_thread_soc_trng_process
                0x000027d4       0x94 contiki-cc13xx.a(soc-trng.o)
 .text.accessible
                0x00002868       0x24 contiki-cc13xx.a(soc-trng.o)
 .text.soc_trng_rand_synchronous
                0x0000288c       0xc4 contiki-cc13xx.a(soc-trng.o)
                0x0000288c                soc_trng_rand_synchronous
 .text.TRNGIntHandler
                0x00002950       0x88 contiki-cc13xx.a(soc-trng.o)
                0x00002950                TRNGIntHandler
 .text.soc_trng_init
                0x000029d8       0x28 contiki-cc13xx.a(soc-trng.o)
                0x000029d8                soc_trng_init
 .text.write_str
                0x00002a00       0x14 contiki-cc13xx.a(dbg-printf.o)
 .text.printf   0x00002a14       0x24 contiki-cc13xx.a(dbg-printf.o)
                0x00002a14                printf
 .text.fill_space
                0x00002a38       0x3c contiki-cc13xx.a(strformat.o)
 .text.format_str_v
                0x00002a74      0x95c contiki-cc13xx.a(strformat.o)
                0x00002a74                format_str_v
 .text.autostart_start
                0x000033d0       0x18 contiki-cc13xx.a(autostart.o)
                0x000033d0                autostart_start
 .text.process_thread_ctimer_process
                0x000033e8       0x94 contiki-cc13xx.a(ctimer.o)
 .text.ctimer_init
                0x0000347c       0x28 contiki-cc13xx.a(ctimer.o)
                0x0000347c                ctimer_init
 .text.ctimer_set_with_process
                0x000034a4       0x4c contiki-cc13xx.a(ctimer.o)
                0x000034a4                ctimer_set_with_process
 .text.ctimer_set
                0x000034f0       0x18 contiki-cc13xx.a(ctimer.o)
                0x000034f0                ctimer_set
 .text.ctimer_reset
                0x00003508       0x38 contiki-cc13xx.a(ctimer.o)
                0x00003508                ctimer_reset
 .text.ctimer_stop
                0x00003540       0x34 contiki-cc13xx.a(ctimer.o)
                0x00003540                ctimer_stop
 .text.energest_init
                0x00003574       0x30 contiki-cc13xx.a(energest.o)
                0x00003574                energest_init
 .text.energest_type_time
                0x000035a4       0x3c contiki-cc13xx.a(energest.o)
                0x000035a4                energest_type_time
 .text.energest_type_set
                0x000035e0        0xc contiki-cc13xx.a(energest.o)
                0x000035e0                energest_type_set
 .text.update_time
                0x000035ec       0x44 contiki-cc13xx.a(etimer.o)
 .text.process_thread_etimer_process
                0x00003630       0xc8 contiki-cc13xx.a(etimer.o)
 .text.add_timer
                0x000036f8       0x54 contiki-cc13xx.a(etimer.o)
 .text.etimer_request_poll
                0x0000374c        0xc contiki-cc13xx.a(etimer.o)
                0x0000374c                etimer_request_poll
 .text.etimer_set
                0x00003758       0x14 contiki-cc13xx.a(etimer.o)
                0x00003758                etimer_set
 .text.etimer_reset
                0x0000376c       0x14 contiki-cc13xx.a(etimer.o)
                0x0000376c                etimer_reset
 .text.etimer_restart
                0x00003780       0x14 contiki-cc13xx.a(etimer.o)
                0x00003780                etimer_restart
 .text.etimer_expired
                0x00003794        0xc contiki-cc13xx.a(etimer.o)
                0x00003794                etimer_expired
 .text.etimer_pending
                0x000037a0       0x10 contiki-cc13xx.a(etimer.o)
                0x000037a0                etimer_pending
 .text.etimer_next_expiration_time
                0x000037b0       0x14 contiki-cc13xx.a(etimer.o)
                0x000037b0                etimer_next_expiration_time
 .text.etimer_stop
                0x000037c4       0x4c contiki-cc13xx.a(etimer.o)
                0x000037c4                etimer_stop
 .text.exit_process
                0x00003810       0xb0 contiki-cc13xx.a(process.o)
 .text.call_process.part.0
                0x000038c0       0x38 contiki-cc13xx.a(process.o)
 .text.do_poll  0x000038f8       0x3c contiki-cc13xx.a(process.o)
 .text.process_alloc_event
                0x00003934       0x10 contiki-cc13xx.a(process.o)
                0x00003934                process_alloc_event
 .text.process_exit
                0x00003944        0xc contiki-cc13xx.a(process.o)
                0x00003944                process_exit
 .text.process_init
                0x00003950       0x34 contiki-cc13xx.a(process.o)
                0x00003950                process_init
 .text.process_run
                0x00003984       0xd8 contiki-cc13xx.a(process.o)
                0x00003984                process_run
 .text.process_nevents
                0x00003a5c       0x14 contiki-cc13xx.a(process.o)
                0x00003a5c                process_nevents
 .text.process_post
                0x00003a70       0x50 contiki-cc13xx.a(process.o)
                0x00003a70                process_post
 .text.process_post_synch
                0x00003ac0       0x18 contiki-cc13xx.a(process.o)
                0x00003ac0                process_post_synch
 .text.process_start
                0x00003ad8       0x40 contiki-cc13xx.a(process.o)
                0x00003ad8                process_start
 .text.process_poll
                0x00003b18       0x18 contiki-cc13xx.a(process.o)
                0x00003b18                process_poll
 .text.rtimer_init
                0x00003b30        0x4 contiki-cc13xx.a(rtimer.o)
                0x00003b30                rtimer_init
 .text.rtimer_set
                0x00003b34       0x2c contiki-cc13xx.a(rtimer.o)
                0x00003b34                rtimer_set
 .text.rtimer_run_next
                0x00003b60       0x28 contiki-cc13xx.a(rtimer.o)
                0x00003b60                rtimer_run_next
 .text.timer_set
                0x00003b88       0x10 contiki-cc13xx.a(timer.o)
                0x00003b88                timer_set
 .text.timer_reset
                0x00003b98        0xc contiki-cc13xx.a(timer.o)
                0x00003b98                timer_reset
 .text.timer_restart
                0x00003ba4        0xc contiki-cc13xx.a(timer.o)
                0x00003ba4                timer_restart
 .text.timer_expired
                0x00003bb0       0x1c contiki-cc13xx.a(timer.o)
                0x00003bb0                timer_expired
 .text.process_thread_serial_line_process
                0x00003bcc       0xb4 contiki-cc13xx.a(serial-line.o)
 .text.serial_line_init
                0x00003c80       0x24 contiki-cc13xx.a(serial-line.o)
                0x00003c80                serial_line_init
 .text.list_init
                0x00003ca4        0x8 contiki-cc13xx.a(list.o)
                0x00003ca4                list_init
 .text.list_head
                0x00003cac        0x4 contiki-cc13xx.a(list.o)
                0x00003cac                list_head
 .text.list_add
                0x00003cb0       0x48 contiki-cc13xx.a(list.o)
                0x00003cb0                list_add
 .text.list_push
                0x00003cf8       0x40 contiki-cc13xx.a(list.o)
                0x00003cf8                list_push
 .text.list_remove
                0x00003d38       0x2c contiki-cc13xx.a(list.o)
                0x00003d38                list_remove
 .text.list_length
                0x00003d64       0x14 contiki-cc13xx.a(list.o)
                0x00003d64                list_length
 .text.list_item_next
                0x00003d78        0x8 contiki-cc13xx.a(list.o)
                0x00003d78                list_item_next
 .text.ringbuf_init
                0x00003d80       0x10 contiki-cc13xx.a(ringbuf.o)
                0x00003d80                ringbuf_init
 .text.ringbuf_get
                0x00003d90       0x28 contiki-cc13xx.a(ringbuf.o)
                0x00003d90                ringbuf_get
 .text.uip_ds6_list_loop
                0x00003db8       0x60 contiki-cc13xx.a(uip-ds6.o)
                0x00003db8                uip_ds6_list_loop
 .text.uip_ds6_prefix_add
                0x00003e18       0x6c contiki-cc13xx.a(uip-ds6.o)
                0x00003e18                uip_ds6_prefix_add
 .text.uip_ds6_is_addr_onlink
                0x00003e84       0x3c contiki-cc13xx.a(uip-ds6.o)
                0x00003e84                uip_ds6_is_addr_onlink
 .text.uip_ds6_addr_lookup
                0x00003ec0       0x30 contiki-cc13xx.a(uip-ds6.o)
                0x00003ec0                uip_ds6_addr_lookup
 .text.uip_ds6_get_link_local
                0x00003ef0       0x44 contiki-cc13xx.a(uip-ds6.o)
                0x00003ef0                uip_ds6_get_link_local
 .text.uip_ds6_get_global
                0x00003f34       0x44 contiki-cc13xx.a(uip-ds6.o)
                0x00003f34                uip_ds6_get_global
 .text.uip_ds6_maddr_add
                0x00003f78       0x50 contiki-cc13xx.a(uip-ds6.o)
                0x00003f78                uip_ds6_maddr_add
 .text.uip_ds6_addr_add
                0x00003fc8       0xa8 contiki-cc13xx.a(uip-ds6.o)
                0x00003fc8                uip_ds6_addr_add
 .text.uip_ds6_maddr_lookup
                0x00004070       0x30 contiki-cc13xx.a(uip-ds6.o)
                0x00004070                uip_ds6_maddr_lookup
 .text.uip_ds6_addr_rm
                0x000040a0       0x48 contiki-cc13xx.a(uip-ds6.o)
                0x000040a0                uip_ds6_addr_rm
 .text.uip_ds6_periodic
                0x000040e8       0x60 contiki-cc13xx.a(uip-ds6.o)
                0x000040e8                uip_ds6_periodic
 .text.uip_ds6_select_src
                0x00004148       0xf4 contiki-cc13xx.a(uip-ds6.o)
                0x00004148                uip_ds6_select_src
 .text.uip_ds6_set_addr_iid
                0x0000423c       0x14 contiki-cc13xx.a(uip-ds6.o)
                0x0000423c                uip_ds6_set_addr_iid
 .text.uip_ds6_compute_reachable_time
                0x00004250       0x28 contiki-cc13xx.a(uip-ds6.o)
                0x00004250                uip_ds6_compute_reachable_time
 .text.uip_ds6_init
                0x00004278       0xf8 contiki-cc13xx.a(uip-ds6.o)
                0x00004278                uip_ds6_init
 .text.call_route_callback
                0x00004370       0x48 contiki-cc13xx.a(uip-ds6-route.o)
 .text.uip_ds6_route_init
                0x000043b8       0x24 contiki-cc13xx.a(uip-ds6-route.o)
                0x000043b8                uip_ds6_route_init
 .text.uip_ds6_defrt_rm
                0x000043dc       0x48 contiki-cc13xx.a(uip-ds6-route.o)
                0x000043dc                uip_ds6_defrt_rm
 .text.uip_ds6_defrt_lookup
                0x00004424       0x34 contiki-cc13xx.a(uip-ds6-route.o)
                0x00004424                uip_ds6_defrt_lookup
 .text.uip_ds6_defrt_add
                0x00004458       0x5c contiki-cc13xx.a(uip-ds6-route.o)
                0x00004458                uip_ds6_defrt_add
 .text.uip_ds6_defrt_choose
                0x000044b4       0x34 contiki-cc13xx.a(uip-ds6-route.o)
                0x000044b4                uip_ds6_defrt_choose
 .text.uip_ds6_defrt_periodic
                0x000044e8       0x3c contiki-cc13xx.a(uip-ds6-route.o)
                0x000044e8                uip_ds6_defrt_periodic
 .text.chksum   0x00004524       0x50 contiki-cc13xx.a(uip6.o)
 .text.upper_layer_chksum
                0x00004574       0x58 contiki-cc13xx.a(uip6.o)
 .text.ext_hdr_options_process
                0x000045cc       0x7c contiki-cc13xx.a(uip6.o)
 .text.uip_add32
                0x00004648       0x58 contiki-cc13xx.a(uip6.o)
                0x00004648                uip_add32
 .text.unlikely.uip_add_rcv_nxt
                0x000046a0       0x2c contiki-cc13xx.a(uip6.o)
 .text.uip_icmp6chksum
                0x000046cc        0x8 contiki-cc13xx.a(uip6.o)
                0x000046cc                uip_icmp6chksum
 .text.uip_init
                0x000046d4       0x64 contiki-cc13xx.a(uip6.o)
                0x000046d4                uip_init
 .text.remove_ext_hdr
                0x00004738       0x60 contiki-cc13xx.a(uip6.o)
                0x00004738                remove_ext_hdr
 .text.uip_udp_new
                0x00004798       0xd4 contiki-cc13xx.a(uip6.o)
                0x00004798                uip_udp_new
 .text.uip_unlisten
                0x0000486c       0x44 contiki-cc13xx.a(uip6.o)
                0x0000486c                uip_unlisten
 .text.uip_process
                0x000048b0     0x1158 contiki-cc13xx.a(uip6.o)
                0x000048b0                uip_process
 .text.uip_htons
                0x00005a08        0x8 contiki-cc13xx.a(uip6.o)
                0x00005a08                uip_htons
 .text.uip_ds6_nbr_rm
                0x00005a10       0x20 contiki-cc13xx.a(uip-ds6-nbr.o)
                0x00005a10                uip_ds6_nbr_rm
 .text.uip_ds6_neighbors_init
                0x00005a30       0x14 contiki-cc13xx.a(uip-ds6-nbr.o)
                0x00005a30                uip_ds6_neighbors_init
 .text.uip_ds6_nbr_add
                0x00005a44       0x54 contiki-cc13xx.a(uip-ds6-nbr.o)
                0x00005a44                uip_ds6_nbr_add
 .text.uip_ds6_nbr_get_ll
                0x00005a98       0x10 contiki-cc13xx.a(uip-ds6-nbr.o)
                0x00005a98                uip_ds6_nbr_get_ll
 .text.uip_ds6_nbr_num
                0x00005aa8       0x28 contiki-cc13xx.a(uip-ds6-nbr.o)
                0x00005aa8                uip_ds6_nbr_num
 .text.uip_ds6_nbr_lookup
                0x00005ad0       0x3c contiki-cc13xx.a(uip-ds6-nbr.o)
                0x00005ad0                uip_ds6_nbr_lookup
 .text.uip_ds6_nbr_ipaddr_from_lladdr
                0x00005b0c       0x10 contiki-cc13xx.a(uip-ds6-nbr.o)
                0x00005b0c                uip_ds6_nbr_ipaddr_from_lladdr
 .text.uip_ds6_nbr_lladdr_from_ipaddr
                0x00005b1c       0x1c contiki-cc13xx.a(uip-ds6-nbr.o)
                0x00005b1c                uip_ds6_nbr_lladdr_from_ipaddr
 .text.uip_ds6_link_neighbor_callback
                0x00005b38       0x64 contiki-cc13xx.a(uip-ds6-nbr.o)
                0x00005b38                uip_ds6_link_neighbor_callback
 .text.uip_ds6_neighbor_periodic
                0x00005b9c       0x70 contiki-cc13xx.a(uip-ds6-nbr.o)
                0x00005b9c                uip_ds6_neighbor_periodic
 .text.uip_nd6_init
                0x00005c0c        0x4 contiki-cc13xx.a(uip-nd6.o)
                0x00005c0c                uip_nd6_init
 .text.sicslowpan_init
                0x00005c10       0x24 contiki-cc13xx.a(sicslowpan.o)
                0x00005c10                sicslowpan_init
 .text.set_packet_attrs
                0x00005c34       0x4c contiki-cc13xx.a(sicslowpan.o)
 .text.compress_addr_64
                0x00005c80       0x9c contiki-cc13xx.a(sicslowpan.o)
 .text.addr_context_lookup_by_prefix
                0x00005d1c       0x28 contiki-cc13xx.a(sicslowpan.o)
 .text.packet_sent
                0x00005d44       0x28 contiki-cc13xx.a(sicslowpan.o)
 .text.uncompress_addr
                0x00005d6c       0xb8 contiki-cc13xx.a(sicslowpan.o)
 .text.output   0x00005e24      0x600 contiki-cc13xx.a(sicslowpan.o)
 .text.input    0x00006424      0x48c contiki-cc13xx.a(sicslowpan.o)
 .text.uip_udp_packet_sendto
                0x000068b0       0x58 contiki-cc13xx.a(uip-udp-packet.)
                0x000068b0                uip_udp_packet_sendto
 .text.uip_udp_received_data_preprocess
                0x00006908       0x2c contiki-cc13xx.a(uip-udp-packet.)
                0x00006908                uip_udp_received_data_preprocess
 .text.start_periodic_tcp_timer
                0x00006934       0x1c contiki-cc13xx.a(tcpip.o)
 .text.tcpip_set_outputfunc
                0x00006950        0xc contiki-cc13xx.a(tcpip.o)
                0x00006950                tcpip_set_outputfunc
 .text.udp_new  0x0000695c       0x18 contiki-cc13xx.a(tcpip.o)
                0x0000695c                udp_new
 .text.tcpip_icmp6_call
                0x00006974       0x28 contiki-cc13xx.a(tcpip.o)
                0x00006974                tcpip_icmp6_call
 .text.tcpip_input
                0x0000699c       0x24 contiki-cc13xx.a(tcpip.o)
                0x0000699c                tcpip_input
 .text.tcpip_ipv6_output
                0x000069c0       0xe8 contiki-cc13xx.a(tcpip.o)
                0x000069c0                tcpip_ipv6_output
 .text.process_thread_tcpip_process
                0x00006aa8      0x20c contiki-cc13xx.a(tcpip.o)
 .text.tcpip_uipcall
                0x00006cb4       0x90 contiki-cc13xx.a(tcpip.o)
                0x00006cb4                tcpip_uipcall
 .text.lollipop_greater_than
                0x00006d44       0x3c contiki-cc13xx.a(rpl-dag.o)
 .text.rpl_set_preferred_parent
                0x00006d80       0x2c contiki-cc13xx.a(rpl-dag.o)
 .text.set_ip_from_prefix
                0x00006dac       0x2c contiki-cc13xx.a(rpl-dag.o)
 .text.check_prefix
                0x00006dd8       0x78 contiki-cc13xx.a(rpl-dag.o)
 .text.find_parent_any_dag_any_instance
                0x00006e50       0x1c contiki-cc13xx.a(rpl-dag.o)
 .text.rpl_get_nbr
                0x00006e6c       0x28 contiki-cc13xx.a(rpl-dag.o)
                0x00006e6c                rpl_get_nbr
 .text.rpl_dag_init
                0x00006e94       0x14 contiki-cc13xx.a(rpl-dag.o)
                0x00006e94                rpl_dag_init
 .text.rpl_get_parent_ipaddr
                0x00006ea8       0x18 contiki-cc13xx.a(rpl-dag.o)
                0x00006ea8                rpl_get_parent_ipaddr
 .text.rpl_set_prefix
                0x00006ec0       0x98 contiki-cc13xx.a(rpl-dag.o)
                0x00006ec0                rpl_set_prefix
 .text.rpl_set_default_route
                0x00006f58       0x34 contiki-cc13xx.a(rpl-dag.o)
                0x00006f58                rpl_set_default_route
 .text.rpl_alloc_instance
                0x00006f8c       0x2c contiki-cc13xx.a(rpl-dag.o)
                0x00006f8c                rpl_alloc_instance
 .text.rpl_alloc_dag
                0x00006fb8       0x5c contiki-cc13xx.a(rpl-dag.o)
                0x00006fb8                rpl_alloc_dag
 .text.rpl_add_parent
                0x00007014       0x44 contiki-cc13xx.a(rpl-dag.o)
                0x00007014                rpl_add_parent
 .text.rpl_find_parent_any_dag
                0x00007058       0x20 contiki-cc13xx.a(rpl-dag.o)
                0x00007058                rpl_find_parent_any_dag
 .text.rpl_select_parent
                0x00007078       0x84 contiki-cc13xx.a(rpl-dag.o)
                0x00007078                rpl_select_parent
 .text.rpl_select_dag
                0x000070fc      0x134 contiki-cc13xx.a(rpl-dag.o)
                0x000070fc                rpl_select_dag
 .text.rpl_nullify_parent
                0x00007230       0x30 contiki-cc13xx.a(rpl-dag.o)
                0x00007230                rpl_nullify_parent
 .text.rpl_remove_parent
                0x00007260       0x1c contiki-cc13xx.a(rpl-dag.o)
                0x00007260                rpl_remove_parent
 .text.nbr_callback
                0x0000727c        0x4 contiki-cc13xx.a(rpl-dag.o)
 .text.remove_parents.constprop.4
                0x00007280       0x44 contiki-cc13xx.a(rpl-dag.o)
 .text.rpl_move_parent
                0x000072c4       0x40 contiki-cc13xx.a(rpl-dag.o)
                0x000072c4                rpl_move_parent
 .text.rpl_get_any_dag
                0x00007304       0x18 contiki-cc13xx.a(rpl-dag.o)
                0x00007304                rpl_get_any_dag
 .text.rpl_join_instance
                0x0000731c      0x120 contiki-cc13xx.a(rpl-dag.o)
                0x0000731c                rpl_join_instance
 .text.rpl_local_repair
                0x0000743c       0x50 contiki-cc13xx.a(rpl-dag.o)
                0x0000743c                rpl_local_repair
 .text.rpl_process_parent_event
                0x0000748c       0x60 contiki-cc13xx.a(rpl-dag.o)
                0x0000748c                rpl_process_parent_event
 .text.rpl_recalculate_ranks
                0x000074ec       0x50 contiki-cc13xx.a(rpl-dag.o)
                0x000074ec                rpl_recalculate_ranks
 .text.rpl_process_dio
                0x0000753c      0x284 contiki-cc13xx.a(rpl-dag.o)
                0x0000753c                rpl_process_dio
 .text.handle_periodic_timer
                0x000077c0       0x34 contiki-cc13xx.a(rpl-timers.o)
 .text.handle_dio_timer
                0x000077f4       0xd4 contiki-cc13xx.a(rpl-timers.o)
 .text.rpl_reset_periodic_timer
                0x000078c8       0x3c contiki-cc13xx.a(rpl-timers.o)
                0x000078c8                rpl_reset_periodic_timer
 .text.rpl_reset_dio_timer
                0x00007904       0x4c contiki-cc13xx.a(rpl-timers.o)
                0x00007904                rpl_reset_dio_timer
 .text.rpl_link_neighbor_callback
                0x00007950       0x78 contiki-cc13xx.a(rpl.o)
                0x00007950                rpl_link_neighbor_callback
 .text.rpl_ipv6_neighbor_callback
                0x000079c8       0x30 contiki-cc13xx.a(rpl.o)
                0x000079c8                rpl_ipv6_neighbor_callback
 .text.rpl_init
                0x000079f8       0x58 contiki-cc13xx.a(rpl.o)
                0x000079f8                rpl_init
 .text.reset    0x00007a50        0x4 contiki-cc13xx.a(rpl-mrhof.o)
 .text.update_metric_container
                0x00007a54        0x8 contiki-cc13xx.a(rpl-mrhof.o)
 .text.calculate_rank
                0x00007a5c       0x44 contiki-cc13xx.a(rpl-mrhof.o)
 .text.neighbor_link_callback
                0x00007aa0       0x60 contiki-cc13xx.a(rpl-mrhof.o)
 .text.best_dag
                0x00007b00       0x2c contiki-cc13xx.a(rpl-mrhof.o)
 .text.best_parent
                0x00007b2c       0x60 contiki-cc13xx.a(rpl-mrhof.o)
 .text.TrimAfterColdResetWakeupFromShutDown
                0x00007b8c       0xd8 contiki-cc13xx.a(setup.o)
 .text.NOROM_SetupTrimDevice
                0x00007c64       0xa4 contiki-cc13xx.a(setup.o)
                0x00007c64                NOROM_SetupTrimDevice
 .text.NOROM_OSCClockSourceSet
                0x00007d08       0x60 contiki-cc13xx.a(osc.o)
                0x00007d08                NOROM_OSCClockSourceSet
 .text.NOROM_OSCClockSourceGet
                0x00007d68       0x2c contiki-cc13xx.a(osc.o)
                0x00007d68                NOROM_OSCClockSourceGet
 .text.NOROM_SetupGetTrimForXoscHfCtl.part.3
                0x00007d94       0x20 contiki-cc13xx.a(setup_rom.o)
 .text.NOROM_SetupGetTrimForRadcExtCfg.part.4
                0x00007db4       0x20 contiki-cc13xx.a(setup_rom.o)
 .text.NOROM_SetupSetVddrLevel
                0x00007dd4       0xa4 contiki-cc13xx.a(setup_rom.o)
                0x00007dd4                NOROM_SetupSetVddrLevel
 .text.NOROM_SetupAfterColdResetWakeupFromShutDownCfg1
                0x00007e78       0xc0 contiki-cc13xx.a(setup_rom.o)
                0x00007e78                NOROM_SetupAfterColdResetWakeupFromShutDownCfg1
 .text.NOROM_SetupAfterColdResetWakeupFromShutDownCfg3
                0x00007f38      0x194 contiki-cc13xx.a(setup_rom.o)
                0x00007f38                NOROM_SetupAfterColdResetWakeupFromShutDownCfg3
 .text.NOROM_SetupGetTrimForAnabypassValue1
                0x000080cc       0x64 contiki-cc13xx.a(setup_rom.o)
                0x000080cc                NOROM_SetupGetTrimForAnabypassValue1
 .text.NOROM_SetupGetTrimForAmpcompCtrl
                0x00008130       0x74 contiki-cc13xx.a(setup_rom.o)
                0x00008130                NOROM_SetupGetTrimForAmpcompCtrl
 .text.NOROM_SetupAfterColdResetWakeupFromShutDownCfg2
                0x000081a4      0x19c contiki-cc13xx.a(setup_rom.o)
                0x000081a4                NOROM_SetupAfterColdResetWakeupFromShutDownCfg2
 .text.NOROM_SetupSetCacheModeAccordingToCcfgSetting
                0x00008340       0x6c contiki-cc13xx.a(setup_rom.o)
                0x00008340                NOROM_SetupSetCacheModeAccordingToCcfgSetting
 .text.NOROM_CPUcpsid
                0x000083ac        0x8 contiki-cc13xx.a(cpu.o)
                0x000083ac                NOROM_CPUcpsid
 .text.NOROM_CPUcpsie
                0x000083b4        0x8 contiki-cc13xx.a(cpu.o)
                0x000083b4                NOROM_CPUcpsie
 .text.NOROM_DDI32RegWrite
                0x000083bc       0x34 contiki-cc13xx.a(ddi.o)
                0x000083bc                NOROM_DDI32RegWrite
 .text.NOROM_RFCRTrim
                0x000083f0      0x138 contiki-cc13xx.a(rfc.o)
                0x000083f0                NOROM_RFCRTrim
 .text.NOROM_RFCAdi3VcoLdoVoltageMode
                0x00008528       0x20 contiki-cc13xx.a(rfc.o)
                0x00008528                NOROM_RFCAdi3VcoLdoVoltageMode
 .text.NOROM_ChipInfo_GetChipFamily
                0x00008548       0x50 contiki-cc13xx.a(chipinfo.o)
                0x00008548                NOROM_ChipInfo_GetChipFamily
 .text.NOROM_ChipInfo_GetChipType
                0x00008598       0x30 contiki-cc13xx.a(chipinfo.o)
                0x00008598                NOROM_ChipInfo_GetChipType
 .text.NOROM_ChipInfo_GetHwRevision
                0x000085c8       0x70 contiki-cc13xx.a(chipinfo.o)
                0x000085c8                NOROM_ChipInfo_GetHwRevision
 .text.NOROM_ThisCodeIsBuiltForCC13xxHwRev20AndLater_HaltIfViolated
                0x00008638       0x18 contiki-cc13xx.a(chipinfo.o)
                0x00008638                NOROM_ThisCodeIsBuiltForCC13xxHwRev20AndLater_HaltIfViolated
 .text.SafeHapiVoid
                0x00008650       0x2c contiki-cc13xx.a(adi.o)
                0x00008650                SafeHapiVoid
 .text.NOROM_SysCtrlSetRechargeBeforePowerDown
                0x0000867c      0x2b0 contiki-cc13xx.a(sys_ctrl.o)
                0x0000867c                NOROM_SysCtrlSetRechargeBeforePowerDown
 .text.NOROM_SysCtrlAdjustRechargeAfterPowerDown
                0x0000892c       0x64 contiki-cc13xx.a(sys_ctrl.o)
                0x0000892c                NOROM_SysCtrlAdjustRechargeAfterPowerDown
 .text.NOROM_SysCtrl_DCDC_VoltageConditionalControl
                0x00008990       0x7c contiki-cc13xx.a(sys_ctrl.o)
                0x00008990                NOROM_SysCtrl_DCDC_VoltageConditionalControl
 .text.NOROM_PowerCtrlSourceSet
                0x00008a0c       0x30 contiki-cc13xx.a(pwr_ctrl.o)
                0x00008a0c                NOROM_PowerCtrlSourceSet
 .text.NOROM_TRNGConfigure
                0x00008a3c       0x38 contiki-cc13xx.a(trng.o)
                0x00008a3c                NOROM_TRNGConfigure
 .text.NOROM_AONRTCCurrentCompareValueGet
                0x00008a74       0x24 contiki-cc13xx.a(aon_rtc.o)
                0x00008a74                NOROM_AONRTCCurrentCompareValueGet
 .text.NOROM_AONBatMonTemperatureGetDegC
                0x00008a98       0x30 contiki-cc13xx.a(aon_batmon.o)
                0x00008a98                NOROM_AONBatMonTemperatureGetDegC
 .text.orpl_bitmap_current_rank
                0x00008ac8       0x14 contiki-cc13xx.a(orpl-bitmap.o)
                0x00008ac8                orpl_bitmap_current_rank
 .text.orpl_bitmap_root_rank
                0x00008adc       0x18 contiki-cc13xx.a(orpl-bitmap.o)
                0x00008adc                orpl_bitmap_root_rank
 .text.orpl_bitmap_satisfy_fwd
                0x00008af4       0x34 contiki-cc13xx.a(orpl-bitmap.o)
                0x00008af4                orpl_bitmap_satisfy_fwd
 .text.lladdr_from_ipaddr_uuid
                0x00008b28       0x14 contiki-cc13xx.a(orpl-bitmap.o)
                0x00008b28                lladdr_from_ipaddr_uuid
 .text.orpl_bitmap_duplicate_detect
                0x00008b3c       0x4c contiki-cc13xx.a(orpl-bitmap.o)
                0x00008b3c                orpl_bitmap_duplicate_detect
 .text.orpl_bitmap_duplicate_register
                0x00008b88       0x44 contiki-cc13xx.a(orpl-bitmap.o)
                0x00008b88                orpl_bitmap_duplicate_register
 .text.orpl_bitmap_get_current_seqno
                0x00008bcc       0x30 contiki-cc13xx.a(orpl-bitmap.o)
                0x00008bcc                orpl_bitmap_get_current_seqno
 .text.get_orpl_packet_seqno
                0x00008bfc       0x20 contiki-cc13xx.a(orpl-bitmap.o)
                0x00008bfc                get_orpl_packet_seqno
 .text.orpl_bitmap_init
                0x00008c1c        0x4 contiki-cc13xx.a(orpl-bitmap.o)
                0x00008c1c                orpl_bitmap_init
 .text.queuebuf_init
                0x00008c20       0x1c contiki-cc13xx.a(queuebuf.o)
                0x00008c20                queuebuf_init
 .text.queuebuf_new_from_packetbuf
                0x00008c3c       0x48 contiki-cc13xx.a(queuebuf.o)
                0x00008c3c                queuebuf_new_from_packetbuf
 .text.queuebuf_update_attr_from_packetbuf
                0x00008c84        0xc contiki-cc13xx.a(queuebuf.o)
                0x00008c84                queuebuf_update_attr_from_packetbuf
 .text.queuebuf_update_from_packetbuf
                0x00008c90       0x1c contiki-cc13xx.a(queuebuf.o)
                0x00008c90                queuebuf_update_from_packetbuf
 .text.queuebuf_free
                0x00008cac       0x2c contiki-cc13xx.a(queuebuf.o)
                0x00008cac                queuebuf_free
 .text.queuebuf_to_packetbuf
                0x00008cd8       0x30 contiki-cc13xx.a(queuebuf.o)
                0x00008cd8                queuebuf_to_packetbuf
 .text.queuebuf_attr
                0x00008d08        0xc contiki-cc13xx.a(queuebuf.o)
                0x00008d08                queuebuf_attr
 .text.nbr_set_bit
                0x00008d14       0x4c contiki-cc13xx.a(nbr-table.o)
 .text.index_from_lladdr
                0x00008d60       0x50 contiki-cc13xx.a(nbr-table.o)
 .text.nbr_get_bit.constprop.0
                0x00008db0       0x2c contiki-cc13xx.a(nbr-table.o)
 .text.nbr_table_register
                0x00008ddc       0x2c contiki-cc13xx.a(nbr-table.o)
                0x00008ddc                nbr_table_register
 .text.nbr_table_next
                0x00008e08       0x70 contiki-cc13xx.a(nbr-table.o)
                0x00008e08                nbr_table_next
 .text.nbr_table_head
                0x00008e78       0x58 contiki-cc13xx.a(nbr-table.o)
                0x00008e78                nbr_table_head
 .text.nbr_table_add_lladdr
                0x00008ed0      0x190 contiki-cc13xx.a(nbr-table.o)
                0x00008ed0                nbr_table_add_lladdr
 .text.nbr_table_get_from_lladdr
                0x00009060       0x34 contiki-cc13xx.a(nbr-table.o)
                0x00009060                nbr_table_get_from_lladdr
 .text.nbr_table_remove
                0x00009094       0x2c contiki-cc13xx.a(nbr-table.o)
                0x00009094                nbr_table_remove
 .text.nbr_table_lock
                0x000090c0       0x14 contiki-cc13xx.a(nbr-table.o)
                0x000090c0                nbr_table_lock
 .text.nbr_table_unlock
                0x000090d4       0x14 contiki-cc13xx.a(nbr-table.o)
                0x000090d4                nbr_table_unlock
 .text.nbr_table_get_lladdr
                0x000090e8       0x30 contiki-cc13xx.a(nbr-table.o)
                0x000090e8                nbr_table_get_lladdr
 .text.packetbuf_copyto
                0x00009118       0x50 contiki-cc13xx.a(packetbuf.o)
                0x00009118                packetbuf_copyto
 .text.packetbuf_hdralloc
                0x00009168       0x48 contiki-cc13xx.a(packetbuf.o)
                0x00009168                packetbuf_hdralloc
 .text.packetbuf_hdrreduce
                0x000091b0       0x2c contiki-cc13xx.a(packetbuf.o)
                0x000091b0                packetbuf_hdrreduce
 .text.packetbuf_set_datalen
                0x000091dc        0xc contiki-cc13xx.a(packetbuf.o)
                0x000091dc                packetbuf_set_datalen
 .text.packetbuf_dataptr
                0x000091e8       0x14 contiki-cc13xx.a(packetbuf.o)
                0x000091e8                packetbuf_dataptr
 .text.packetbuf_hdrptr
                0x000091fc       0x14 contiki-cc13xx.a(packetbuf.o)
                0x000091fc                packetbuf_hdrptr
 .text.packetbuf_datalen
                0x00009210        0xc contiki-cc13xx.a(packetbuf.o)
                0x00009210                packetbuf_datalen
 .text.packetbuf_totlen
                0x0000921c       0x28 contiki-cc13xx.a(packetbuf.o)
                0x0000921c                packetbuf_totlen
 .text.packetbuf_attr_clear
                0x00009244       0x38 contiki-cc13xx.a(packetbuf.o)
                0x00009244                packetbuf_attr_clear
 .text.packetbuf_clear
                0x0000927c       0x34 contiki-cc13xx.a(packetbuf.o)
                0x0000927c                packetbuf_clear
 .text.packetbuf_copyfrom
                0x000092b0       0x2c contiki-cc13xx.a(packetbuf.o)
                0x000092b0                packetbuf_copyfrom
 .text.packetbuf_attr_copyto
                0x000092dc       0x44 contiki-cc13xx.a(packetbuf.o)
                0x000092dc                packetbuf_attr_copyto
 .text.packetbuf_attr_copyfrom
                0x00009320       0x44 contiki-cc13xx.a(packetbuf.o)
                0x00009320                packetbuf_attr_copyfrom
 .text.packetbuf_set_attr
                0x00009364       0x10 contiki-cc13xx.a(packetbuf.o)
                0x00009364                packetbuf_set_attr
 .text.packetbuf_attr
                0x00009374        0xc contiki-cc13xx.a(packetbuf.o)
                0x00009374                packetbuf_attr
 .text.packetbuf_set_addr
                0x00009380       0x18 contiki-cc13xx.a(packetbuf.o)
                0x00009380                packetbuf_set_addr
 .text.packetbuf_addr
                0x00009398       0x10 contiki-cc13xx.a(packetbuf.o)
                0x00009398                packetbuf_addr
 .text.packetbuf_holds_broadcast
                0x000093a8       0x10 contiki-cc13xx.a(packetbuf.o)
                0x000093a8                packetbuf_holds_broadcast
 .text.netstack_init
                0x000093b8       0x38 contiki-cc13xx.a(netstack.o)
                0x000093b8                netstack_init
 .text.linkaddr_copy
                0x000093f0        0xc contiki-cc13xx.a(linkaddr.o)
                0x000093f0                linkaddr_copy
 .text.linkaddr_cmp
                0x000093fc       0x10 contiki-cc13xx.a(linkaddr.o)
                0x000093fc                linkaddr_cmp
 .text.parse    0x0000940c       0x94 contiki-cc13xx.a(framer-802154.o)
 .text.create_frame.isra.0
                0x000094a0      0x128 contiki-cc13xx.a(framer-802154.o)
 .text.create   0x000095c8        0x8 contiki-cc13xx.a(framer-802154.o)
 .text.hdr_length
                0x000095d0        0x8 contiki-cc13xx.a(framer-802154.o)
 .text.input_packet
                0x000095d8        0xc contiki-cc13xx.a(csma.o)
 .text.on       0x000095e4        0xc contiki-cc13xx.a(csma.o)
 .text.off      0x000095f0        0xc contiki-cc13xx.a(csma.o)
 .text.channel_check_interval
                0x000095fc       0x10 contiki-cc13xx.a(csma.o)
 .text.transmit_packet_list
                0x0000960c       0x34 contiki-cc13xx.a(csma.o)
 .text.free_packet
                0x00009640       0x98 contiki-cc13xx.a(csma.o)
 .text.packet_sent
                0x000096d8      0x100 contiki-cc13xx.a(csma.o)
 .text.send_packet
                0x000097d8      0x164 contiki-cc13xx.a(csma.o)
 .text.init     0x0000993c       0x24 contiki-cc13xx.a(csma.o)
 .text.field_len
                0x00009960       0x88 contiki-cc13xx.a(frame802154.o)
 .text.frame802154_hdrlen
                0x000099e8       0x54 contiki-cc13xx.a(frame802154.o)
                0x000099e8                frame802154_hdrlen
 .text.frame802154_create
                0x00009a3c      0x10c contiki-cc13xx.a(frame802154.o)
                0x00009a3c                frame802154_create
 .text.frame802154_parse
                0x00009b48      0x150 contiki-cc13xx.a(frame802154.o)
                0x00009b48                frame802154_parse
 .text.mac_call_sent_callback
                0x00009c98       0x10 contiki-cc13xx.a(mac.o)
                0x00009c98                mac_call_sent_callback
 .text.duty_cycle
                0x00009ca8       0x10 contiki-cc13xx.a(contikimac.o)
 .text.init     0x00009cb8       0x64 contiki-cc13xx.a(contikimac.o)
 .text.on       0x00009d1c       0x2c contiki-cc13xx.a(contikimac.o)
 .text.off      0x00009d48       0x38 contiki-cc13xx.a(contikimac.o)
 .text.recv_burst_off
                0x00009d80       0x14 contiki-cc13xx.a(contikimac.o)
 .text.input_packet
                0x00009d94      0x104 contiki-cc13xx.a(contikimac.o)
 .text.powercycle_turn_radio_off.part.2
                0x00009e98       0x10 contiki-cc13xx.a(contikimac.o)
 .text.turn_off
                0x00009ea8       0x48 contiki-cc13xx.a(contikimac.o)
 .text.turn_on  0x00009ef0       0x48 contiki-cc13xx.a(contikimac.o)
 .text.schedule_powercycle_fixed.part.5
                0x00009f38       0x2c contiki-cc13xx.a(contikimac.o)
 .text.send_packet.isra.7.constprop.9
                0x00009f64      0x238 contiki-cc13xx.a(contikimac.o)
 .text.qsend_packet
                0x0000a19c       0x20 contiki-cc13xx.a(contikimac.o)
 .text.qsend_list
                0x0000a1bc       0xbc contiki-cc13xx.a(contikimac.o)
 .text.powercycle_wrapper
                0x0000a278      0x2dc contiki-cc13xx.a(contikimac.o)
 .text.init     0x0000a554        0x4 contiki-cc13xx.a(nullsec.o)
 .text.input    0x0000a558        0xc contiki-cc13xx.a(nullsec.o)
 .text.send     0x0000a564       0x20 contiki-cc13xx.a(nullsec.o)
 .text.random_delay
                0x0000a584       0x20 contiki-cc13xx.a(udp-fragment.o)
 .text.udp_fragment_frag_send
                0x0000a5a4      0x114 contiki-cc13xx.a(udp-fragment.o)
 .text.udp_fragment_packet_send
                0x0000a6b8       0xec contiki-cc13xx.a(udp-fragment.o)
                0x0000a6b8                udp_fragment_packet_send
 .text.udp_fragment_send_callback
                0x0000a7a4       0x38 contiki-cc13xx.a(udp-fragment.o)
                0x0000a7a4                udp_fragment_send_callback
 .text.udp_fragment_init
                0x0000a7dc       0x20 contiki-cc13xx.a(udp-fragment.o)
                0x0000a7dc                udp_fragment_init
 .text.update_new_schedule
                0x0000a7fc       0x1c contiki-cc13xx.a(netsynch.o)
                0x0000a7fc                update_new_schedule
 .text.random_delay
                0x0000a818       0x38 contiki-cc13xx.a(netsynch.o)
 .text.netsynch_send
                0x0000a850       0xd4 contiki-cc13xx.a(netsynch.o)
 .text.netsynch_set_authority_level.part.1
                0x0000a924       0x1c contiki-cc13xx.a(netsynch.o)
 .text.schedule_bitmap_get
                0x0000a940       0x1c contiki-cc13xx.a(netsynch.o)
                0x0000a940                schedule_bitmap_get
 .text.netsynch_cal_offset
                0x0000a95c       0x48 contiki-cc13xx.a(netsynch.o)
                0x0000a95c                netsynch_cal_offset
 .text.process_thread_netsynch_process
                0x0000a9a4      0x35c contiki-cc13xx.a(netsynch.o)
 .text.netsynch_init
                0x0000ad00       0x58 contiki-cc13xx.a(netsynch.o)
                0x0000ad00                netsynch_init
 .text.netsync_compute_autocal_interval
                0x0000ad58       0x40 contiki-cc13xx.a(netsync-auto-ca)
 .text.netsync_cal_time_record
                0x0000ad98       0x28 contiki-cc13xx.a(netsync-auto-ca)
                0x0000ad98                netsync_cal_time_record
 .text.netsync_autocal_update
                0x0000adc0       0xbc contiki-cc13xx.a(netsync-auto-ca)
                0x0000adc0                netsync_autocal_update
 .text.netsync_autocal_init
                0x0000ae7c       0x20 contiki-cc13xx.a(netsync-auto-ca)
                0x0000ae7c                netsync_autocal_init
 .text.process_thread_task_schedule_process
                0x0000ae9c       0xa8 contiki-cc13xx.a(task-schedule.o)
 .text.get_Start_Time.part.0
                0x0000af44       0xc4 contiki-cc13xx.a(task-schedule.o)
 .text.task_schedule_init
                0x0000b008       0x28 contiki-cc13xx.a(task-schedule.o)
                0x0000b008                task_schedule_init
 .text.task_schedule_change
                0x0000b030       0xe0 contiki-cc13xx.a(task-schedule.o)
                0x0000b030                task_schedule_change
 .text.read_flash
                0x0000b110       0x3c contiki-cc13xx.a(flashdata.o)
                0x0000b110                read_flash
 .text.write_to_flash
                0x0000b14c      0x118 contiki-cc13xx.a(flashdata.o)
                0x0000b14c                write_to_flash
 .text.aux_ctrl_power_up
                0x0000b264       0x28 contiki-cc13xx.a(aux-ctrl.o)
                0x0000b264                aux_ctrl_power_up
 .text.aux_ctrl_register_consumer
                0x0000b28c       0x40 contiki-cc13xx.a(aux-ctrl.o)
                0x0000b28c                aux_ctrl_register_consumer
 .text.aux_ctrl_power_down
                0x0000b2cc       0x6c contiki-cc13xx.a(aux-ctrl.o)
                0x0000b2cc                aux_ctrl_power_down
 .text.aux_ctrl_unregister_consumer
                0x0000b338       0x28 contiki-cc13xx.a(aux-ctrl.o)
                0x0000b338                aux_ctrl_unregister_consumer
 .text.stimer_set
                0x0000b360       0x10 contiki-cc13xx.a(stimer.o)
                0x0000b360                stimer_set
 .text.stimer_expired
                0x0000b370       0x20 contiki-cc13xx.a(stimer.o)
                0x0000b370                stimer_expired
 .text.memb_init
                0x0000b390       0x24 contiki-cc13xx.a(memb.o)
                0x0000b390                memb_init
 .text.memb_alloc
                0x0000b3b4       0x3c contiki-cc13xx.a(memb.o)
                0x0000b3b4                memb_alloc
 .text.memb_free
                0x0000b3f0       0x44 contiki-cc13xx.a(memb.o)
                0x0000b3f0                memb_free
 .text.memb_inmemb
                0x0000b434       0x1c contiki-cc13xx.a(memb.o)
                0x0000b434                memb_inmemb
 .text.uip_icmp6_input
                0x0000b450       0x3c contiki-cc13xx.a(uip-icmp6.o)
                0x0000b450                uip_icmp6_input
 .text.uip_icmp6_register_input_handler
                0x0000b48c        0xc contiki-cc13xx.a(uip-icmp6.o)
                0x0000b48c                uip_icmp6_register_input_handler
 .text.uip_icmp6_send
                0x0000b498       0x84 contiki-cc13xx.a(uip-icmp6.o)
                0x0000b498                uip_icmp6_send
 .text.uip_icmp6_init
                0x0000b51c        0x4 contiki-cc13xx.a(uip-icmp6.o)
                0x0000b51c                uip_icmp6_init
 .text.get32    0x0000b520       0x20 contiki-cc13xx.a(rpl-icmp6.o)
 .text.dio_input
                0x0000b540      0x2b8 contiki-cc13xx.a(rpl-icmp6.o)
 .text.dis_output
                0x0000b7f8       0x58 contiki-cc13xx.a(rpl-icmp6.o)
                0x0000b7f8                dis_output
 .text.dio_output
                0x0000b850      0x2e0 contiki-cc13xx.a(rpl-icmp6.o)
                0x0000b850                dio_output
 .text.dis_input
                0x0000bb30       0x58 contiki-cc13xx.a(rpl-icmp6.o)
 .text.send_dio
                0x0000bb88       0x18 contiki-cc13xx.a(rpl-icmp6.o)
 .text.rpl_icmp6_register_handlers
                0x0000bba0       0x1c contiki-cc13xx.a(rpl-icmp6.o)
                0x0000bba0                rpl_icmp6_register_handlers
 .text.NOROM_FlashSectorErase
                0x0000bbbc       0x1c contiki-cc13xx.a(flash.o)
                0x0000bbbc                NOROM_FlashSectorErase
 .text.NOROM_FlashProgram
                0x0000bbd8       0x1c contiki-cc13xx.a(flash.o)
                0x0000bbd8                NOROM_FlashProgram
 .text.NOROM_VIMSModeGet
                0x0000bbf4       0x10 contiki-cc13xx.a(vims.o)
                0x0000bbf4                NOROM_VIMSModeGet
 .text          0x0000bc04       0x30 /opt/my1310ARM/toolchain/gcc-arm-none-eabi-4_9-2015q3/bin/../lib/gcc/arm-none-eabi/4.9.3/armv7-m/libgcc.a(_aeabi_uldivmod.o)
                0x0000bc04                __aeabi_uldivmod
 .text          0x0000bc34       0x60 /opt/my1310ARM/toolchain/gcc-arm-none-eabi-4_9-2015q3/bin/../lib/gcc/arm-none-eabi/4.9.3/armv7-m/libgcc.a(bpabi.o)
                0x0000bc34                __gnu_ldivmod_helper
                0x0000bc64                __gnu_uldivmod_helper
 .text          0x0000bc94        0x4 /opt/my1310ARM/toolchain/gcc-arm-none-eabi-4_9-2015q3/bin/../lib/gcc/arm-none-eabi/4.9.3/armv7-m/libgcc.a(_dvmd_tls.o)
                0x0000bc94                __aeabi_ldiv0
                0x0000bc94                __aeabi_idiv0
 .text          0x0000bc98      0x2ac /opt/my1310ARM/toolchain/gcc-arm-none-eabi-4_9-2015q3/bin/../lib/gcc/arm-none-eabi/4.9.3/armv7-m/libgcc.a(_divdi3.o)
                0x0000bc98                __divdi3
 .text          0x0000bf44      0x270 /opt/my1310ARM/toolchain/gcc-arm-none-eabi-4_9-2015q3/bin/../lib/gcc/arm-none-eabi/4.9.3/armv7-m/libgcc.a(_udivdi3.o)
                0x0000bf44                __udivdi3
 .text.memcmp   0x0000c1b4       0x64 /opt/my1310ARM/toolchain/gcc-arm-none-eabi-4_9-2015q3/bin/../lib/gcc/arm-none-eabi/4.9.3/../../../../arm-none-eabi/lib/armv7-m/libc.a(lib_a-memcmp.o)
                0x0000c1b4                memcmp
 .text          0x0000c218       0xec /opt/my1310ARM/toolchain/gcc-arm-none-eabi-4_9-2015q3/bin/../lib/gcc/arm-none-eabi/4.9.3/../../../../arm-none-eabi/lib/armv7-m/libc.a(lib_a-memcpy.o)
                0x0000c218                memcpy
 .text.memmove  0x0000c304       0xc8 /opt/my1310ARM/toolchain/gcc-arm-none-eabi-4_9-2015q3/bin/../lib/gcc/arm-none-eabi/4.9.3/../../../../arm-none-eabi/lib/armv7-m/libc.a(lib_a-memmove.o)
                0x0000c304                memmove
 .text.memset   0x0000c3cc       0x9c /opt/my1310ARM/toolchain/gcc-arm-none-eabi-4_9-2015q3/bin/../lib/gcc/arm-none-eabi/4.9.3/../../../../arm-none-eabi/lib/armv7-m/libc.a(lib_a-memset.o)
                0x0000c3cc                memset
 .text.strlen   0x0000c468       0x5c /opt/my1310ARM/toolchain/gcc-arm-none-eabi-4_9-2015q3/bin/../lib/gcc/arm-none-eabi/4.9.3/../../../../arm-none-eabi/lib/armv7-m/libc.a(lib_a-strlen.o)
                0x0000c468                strlen
 *(SORT(.rodata*))
 .rodata.autostart_processes
                0x0000c4c4        0x8 udp-client.co
                0x0000c4c4                autostart_processes
 .rodata.str1.4
                0x0000c4cc       0xa3 udp-client.co
 *fill*         0x0000c56f        0x1 00000000
 .rodata.str1.4
                0x0000c570       0x95 contiki-cc13xx.a(contiki-main.o)
 *fill*         0x0000c605        0x3 00000000
 .rodata        0x0000c608       0x70 contiki-cc13xx.a(board.o)
 .rodata.str1.4
                0x0000c678       0x31 contiki-cc13xx.a(node-id.o)
 *fill*         0x0000c6a9        0x3 00000000
 .rodata.mode_prop
                0x0000c6ac        0x8 contiki-cc13xx.a(prop-mode.o)
 .rodata.prop_mode_driver
                0x0000c6b4       0x38 contiki-cc13xx.a(prop-mode.o)
                0x0000c6b4                prop_mode_driver
 .rodata.patchGenfskRfe
                0x0000c6ec      0x6b4 contiki-cc13xx.a(prop-mode.o)
 .rodata.patchImageGenfsk
                0x0000cda0      0x28c contiki-cc13xx.a(prop-mode.o)
 .rodata.prop_mode_tx_power_431_527
                0x0000d02c       0x30 contiki-cc13xx.a(prop-mode-tx-po)
                0x0000d02c                prop_mode_tx_power_431_527
 .rodata.str1.4
                0x0000d05c       0x46 contiki-cc13xx.a(rf-core.o)
 *fill*         0x0000d0a2        0x2 00000000
 .rodata.str1.4
                0x0000d0a4       0x1b contiki-cc13xx.a(soc-trng.o)
 *fill*         0x0000d0bf        0x1 00000000
 .rodata.str1.4
                0x0000d0c0       0x46 contiki-cc13xx.a(strformat.o)
 *fill*         0x0000d106        0x2 00000000
 .rodata.buffer.4019
                0x0000d108       0x10 contiki-cc13xx.a(strformat.o)
 .rodata.buffer.4028
                0x0000d118       0x10 contiki-cc13xx.a(strformat.o)
 .rodata.str1.4
                0x0000d128        0xf contiki-cc13xx.a(ctimer.o)
 *fill*         0x0000d137        0x1 00000000
 .rodata.str1.4
                0x0000d138        0xc contiki-cc13xx.a(etimer.o)
 .rodata.str1.4
                0x0000d144       0x1e contiki-cc13xx.a(serial-line.o)
 *fill*         0x0000d162        0x2 00000000
 .rodata        0x0000d164        0x2 contiki-cc13xx.a(sicslowpan.o)
 *fill*         0x0000d166        0x2 00000000
 .rodata.ttl_values
                0x0000d168        0x4 contiki-cc13xx.a(sicslowpan.o)
 .rodata.unc_llconf
                0x0000d16c        0x4 contiki-cc13xx.a(sicslowpan.o)
                0x0000d16c                unc_llconf
 .rodata.llprefix
                0x0000d170        0x2 contiki-cc13xx.a(sicslowpan.o)
                0x0000d170                llprefix
 *fill*         0x0000d172        0x2 00000000
 .rodata.sicslowpan_driver
                0x0000d174        0xc contiki-cc13xx.a(sicslowpan.o)
                0x0000d174                sicslowpan_driver
 .rodata.unc_ctxconf
                0x0000d180        0x4 contiki-cc13xx.a(sicslowpan.o)
                0x0000d180                unc_ctxconf
 .rodata.unc_mxconf
                0x0000d184        0x4 contiki-cc13xx.a(sicslowpan.o)
                0x0000d184                unc_mxconf
 .rodata.str1.4
                0x0000d188        0xb contiki-cc13xx.a(sicslowpan.o)
 *fill*         0x0000d193        0x1 00000000
 .rodata.str1.4
                0x0000d194        0xd contiki-cc13xx.a(tcpip.o)
 *fill*         0x0000d1a1        0x3 00000000
 .rodata.linkaddr_null
                0x0000d1a4        0x8 contiki-cc13xx.a(linkaddr.o)
                0x0000d1a4                linkaddr_null
 .rodata.framer_802154
                0x0000d1ac        0xc contiki-cc13xx.a(framer-802154.o)
                0x0000d1ac                framer_802154
 .rodata.str1.4
                0x0000d1b8        0x5 contiki-cc13xx.a(csma.o)
 *fill*         0x0000d1bd        0x3 00000000
 .rodata.csma_driver
                0x0000d1c0       0x1c contiki-cc13xx.a(csma.o)
                0x0000d1c0                csma_driver
 .rodata.str1.4
                0x0000d1dc       0x1b contiki-cc13xx.a(contikimac.o)
 *fill*         0x0000d1f7        0x1 00000000
 .rodata.contikimac_driver
                0x0000d1f8       0x20 contiki-cc13xx.a(contikimac.o)
                0x0000d1f8                contikimac_driver
 .rodata.str1.4
                0x0000d218        0x8 contiki-cc13xx.a(nullsec.o)
 .rodata.nullsec_driver
                0x0000d220       0x10 contiki-cc13xx.a(nullsec.o)
                0x0000d220                nullsec_driver
 .rodata.str1.4
                0x0000d230       0x11 contiki-cc13xx.a(netsynch.o)
 *fill*         0x0000d241        0x3 00000000
 .rodata.str1.4
                0x0000d244       0x16 contiki-cc13xx.a(task-schedule.o)
 *fill*         0x0000d25a        0x2 00000000
 .rodata.str1.4
                0x0000d25c       0x8c contiki-cc13xx.a(flashdata.o)
                0x0000d2e8                _etext = .

.glue_7         0x0000d2e8        0x0
 .glue_7        0x00000000        0x0 linker stubs

.glue_7t        0x0000d2e8        0x0
 .glue_7t       0x00000000        0x0 linker stubs

.vfp11_veneer   0x0000d2e8        0x0
 .vfp11_veneer  0x00000000        0x0 linker stubs

.v4_bx          0x0000d2e8        0x0
 .v4_bx         0x00000000        0x0 linker stubs

.iplt           0x0000d2e8        0x0
 .iplt          0x00000000        0x0 obj_cc13xx/startup_gcc.o

.data           0x20000000      0x2a2 load address 0x0000d2e8
                0x20000000                _data = .
 *(SORT(vtable))
 *(SORT(.data*))
 .data.udp_client_process
                0x20000000       0x10 udp-client.co
                0x20000000                udp_client_process
 .data.srf_module
                0x20000010       0x14 contiki-cc13xx.a(board.o)
 .data.prop_lpm_module
                0x20000024       0x14 contiki-cc13xx.a(prop-mode.o)
 .data.tx_power_current
                0x20000038        0x4 contiki-cc13xx.a(prop-mode.o)
                0x20000038                tx_power_current
 .data.uart_module
                0x2000003c       0x14 contiki-cc13xx.a(cc26xx-uart.o)
 .data.rf_core_process
                0x20000050       0x10 contiki-cc13xx.a(rf-core.o)
                0x20000050                rf_core_process
 .data.rng_module
                0x20000060       0x14 contiki-cc13xx.a(soc-trng.o)
 .data.soc_trng_process
                0x20000074       0x10 contiki-cc13xx.a(soc-trng.o)
                0x20000074                soc_trng_process
 .data.ctxt     0x20000084        0x8 contiki-cc13xx.a(dbg-printf.o)
 .data.ctimer_process
                0x2000008c       0x10 contiki-cc13xx.a(ctimer.o)
                0x2000008c                ctimer_process
 .data.etimer_process
                0x2000009c       0x10 contiki-cc13xx.a(etimer.o)
                0x2000009c                etimer_process
 .data.serial_line_process
                0x200000ac       0x10 contiki-cc13xx.a(serial-line.o)
                0x200000ac                serial_line_process
 .data.defaultroutermemb
                0x200000bc        0xc contiki-cc13xx.a(uip-ds6-route.o)
 .data.ds6_neighbors
                0x200000c8        0x4 contiki-cc13xx.a(uip-ds6-nbr.o)
                0x200000c8                ds6_neighbors
 .data.ds6_neighbors_struct
                0x200000cc       0x10 contiki-cc13xx.a(uip-ds6-nbr.o)
 .data.tcpip_process
                0x200000dc       0x10 contiki-cc13xx.a(tcpip.o)
                0x200000dc                tcpip_process
 .data.rpl_parents
                0x200000ec        0x4 contiki-cc13xx.a(rpl-dag.o)
                0x200000ec                rpl_parents
 .data.rpl_parents_struct
                0x200000f0       0x10 contiki-cc13xx.a(rpl-dag.o)
 .data.rpl_mrhof
                0x20000100       0x1c contiki-cc13xx.a(rpl-mrhof.o)
                0x20000100                rpl_mrhof
 .data.bufmem   0x2000011c        0xc contiki-cc13xx.a(queuebuf.o)
 .data.buframmem
                0x20000128        0xc contiki-cc13xx.a(queuebuf.o)
 .data.neighbor_addr_mem
                0x20000134        0xc contiki-cc13xx.a(nbr-table.o)
 .data.metadata_memb
                0x20000140        0xc contiki-cc13xx.a(csma.o)
 .data.neighbor_memb
                0x2000014c        0xc contiki-cc13xx.a(csma.o)
 .data.packet_memb
                0x20000158        0xc contiki-cc13xx.a(csma.o)
 .data.netsynch_process
                0x20000164       0x10 contiki-cc13xx.a(netsynch.o)
                0x20000164                netsynch_process
 .data.authority_level
                0x20000174        0x4 contiki-cc13xx.a(netsynch.o)
 .data.guard_time
                0x20000178        0x4 contiki-cc13xx.a(task-schedule.o)
 .data.task_schedule_process
                0x2000017c       0x10 contiki-cc13xx.a(task-schedule.o)
                0x2000017c                task_schedule_process
 .data.smartrf_settings_cmd_prop_rx_adv
                0x2000018c       0x30 contiki-cc13xx.a(smartrf-setting)
                0x2000018c                smartrf_settings_cmd_prop_rx_adv
 .data.smartrf_settings_cmd_fs
                0x200001bc       0x18 contiki-cc13xx.a(smartrf-setting)
                0x200001bc                smartrf_settings_cmd_fs
 .data.smartrf_settings_cmd_prop_radio_div_setup
                0x200001d4       0x28 contiki-cc13xx.a(smartrf-setting)
                0x200001d4                smartrf_settings_cmd_prop_radio_div_setup
 .data.smartrf_settings_cmd_prop_tx_adv
                0x200001fc       0x20 contiki-cc13xx.a(smartrf-setting)
                0x200001fc                smartrf_settings_cmd_prop_tx_adv
 .data.overrides
                0x2000021c       0x60 contiki-cc13xx.a(smartrf-setting)
 .data.dis_handler
                0x2000027c        0xc contiki-cc13xx.a(rpl-icmp6.o)
 .data.dio_handler
                0x20000288        0xc contiki-cc13xx.a(rpl-icmp6.o)
 .data.init_net_flag
                0x20000294        0x2 contiki-cc13xx.a(netconfig.o)
 .data.rdc_channel_check_interval
                0x20000296        0x2 contiki-cc13xx.a(contikimac.o)
 .data.send_packet_count
                0x20000298        0x1 udp-client.co
 .data.send_type_flag
                0x20000299        0x1 udp-client.co
 .data.rssi_threshold
                0x2000029a        0x1 contiki-cc13xx.a(prop-mode.o)
 .data.test_use_flag
                0x2000029b        0x1 contiki-cc13xx.a(netconfig.o)
                0x2000029b                test_use_flag
 .data.rng_ready_event
                0x2000029c        0x1 contiki-cc13xx.a(soc-trng.o)
 .data.app_send_flag
                0x2000029d        0x1 contiki-cc13xx.a(sicslowpan.o)
                0x2000029d                app_send_flag
 .data.rdc_active_channel_check_rate
                0x2000029e        0x1 contiki-cc13xx.a(contikimac.o)
 .data.fragment_send_max_len
                0x2000029f        0x1 contiki-cc13xx.a(udp-fragment.o)
 .data.unfragment_send_max_len
                0x200002a0        0x1 contiki-cc13xx.a(udp-fragment.o)
 .data.last_seqnum
                0x200002a1        0x1 contiki-cc13xx.a(netsynch.o)
                0x200002a2                _edata = .

.igot.plt       0x200002a4        0x0 load address 0x0000d58a
 .igot.plt      0x00000000        0x0 obj_cc13xx/startup_gcc.o

.ARM.exidx      0x0000d58c        0x8
 *(SORT(.ARM.exidx*))
 .ARM.exidx     0x0000d58c        0x8 /opt/my1310ARM/toolchain/gcc-arm-none-eabi-4_9-2015q3/bin/../lib/gcc/arm-none-eabi/4.9.3/armv7-m/libgcc.a(_divdi3.o)
 .ARM.exidx     0x0000d594        0x0 /opt/my1310ARM/toolchain/gcc-arm-none-eabi-4_9-2015q3/bin/../lib/gcc/arm-none-eabi/4.9.3/armv7-m/libgcc.a(_udivdi3.o)
                                  0x8 (size before relaxing)

.bss            0x200002a8     0x23c4
                0x200002a8                _bss = .
 *(SORT(.bss*))
 .bss.count     0x200002a8        0x8 contiki-cc13xx.a(clock.o)
 .bss.rands_cache
                0x200002b0       0x20 contiki-cc13xx.a(soc-trng.o)
 .bss.server_ipaddr
                0x200002d0       0x10 udp-client.co
 .bss.multicast_ipaddr
                0x200002e0       0x10 udp-client.co
 .bss.periodic.6612
                0x200002f0       0x10 udp-client.co
 .bss.reactive_trigger.6615
                0x20000300       0x10 udp-client.co
 .bss.client_conn
                0x20000310        0x4 udp-client.co
 .bss.inactive_trigger.6611
                0x20000314       0x10 udp-client.co
 .bss.backoff_timer.6613
                0x20000324       0x20 udp-client.co
 .bss.mcast_conn
                0x20000344        0x4 udp-client.co
 .bss.print_timer.6614
                0x20000348       0x10 udp-client.co
 .bss.rx_stats  0x20000358        0xc contiki-cc13xx.a(prop-mode.o)
 .bss.rx_data_queue
                0x20000364        0x8 contiki-cc13xx.a(prop-mode.o)
 .bss.rx_read_entry
                0x2000036c        0x4 contiki-cc13xx.a(prop-mode.o)
 .bss.tx_buf    0x20000370       0xb6 contiki-cc13xx.a(prop-mode.o)
 *fill*         0x20000426        0x2 
 .bss.rx_buf    0x20000428      0x230 contiki-cc13xx.a(prop-mode.o)
 .bss.last_isr_time
                0x20000658        0x4 contiki-cc13xx.a(soc-rtc.o)
 .bss.input_handler
                0x2000065c        0x4 contiki-cc13xx.a(cc26xx-uart.o)
 .bss.modules_list_list
                0x20000660        0x4 contiki-cc13xx.a(lpm.o)
 .bss.irq_energest
                0x20000664        0x4 contiki-cc13xx.a(lpm.o)
 .bss.timenow   0x20000668        0x3 contiki-cc13xx.a(netconfig.o)
 *fill*         0x2000066b        0x1 
 .bss.cal_offest
                0x2000066c        0x4 contiki-cc13xx.a(netconfig.o)
 .bss.cal_interval
                0x20000670        0x4 contiki-cc13xx.a(netconfig.o)
 .bss.cal_count
                0x20000674        0x4 contiki-cc13xx.a(netconfig.o)
 .bss.schedule_bit
                0x20000678       0x12 contiki-cc13xx.a(netconfig.o)
 *fill*         0x2000068a        0x2 
 .bss.last_radio_op
                0x2000068c        0x4 contiki-cc13xx.a(rf-core.o)
 .bss.primary_mode
                0x20000690        0x4 contiki-cc13xx.a(rf-core.o)
 .bss.rat_offset
                0x20000694        0x4 contiki-cc13xx.a(rf-core.o)
                0x20000694                rat_offset
 .bss.notify_cb
                0x20000698        0x4 contiki-cc13xx.a(soc-trng.o)
 .bss.rands_mask
                0x2000069c        0x4 contiki-cc13xx.a(soc-trng.o)
 .bss.ctimer_list_list
                0x200006a0        0x4 contiki-cc13xx.a(ctimer.o)
 .bss.timerlist
                0x200006a4        0x4 contiki-cc13xx.a(etimer.o)
 .bss.next_expiration
                0x200006a8        0x4 contiki-cc13xx.a(etimer.o)
 .bss.receiver.5212
                0x200006ac        0x4 contiki-cc13xx.a(process.o)
 .bss.process_current
                0x200006b0        0x4 contiki-cc13xx.a(process.o)
                0x200006b0                process_current
 .bss.process_list
                0x200006b4        0x4 contiki-cc13xx.a(process.o)
                0x200006b4                process_list
 .bss.data.5211
                0x200006b8        0x4 contiki-cc13xx.a(process.o)
 .bss.events    0x200006bc      0x180 contiki-cc13xx.a(process.o)
 .bss.p.5213    0x2000083c        0x4 contiki-cc13xx.a(process.o)
 .bss.next_rtimer
                0x20000840        0x4 contiki-cc13xx.a(rtimer.o)
 .bss.rxbuf_data
                0x20000844       0x80 contiki-cc13xx.a(serial-line.o)
 .bss.rxbuf     0x200008c4        0x8 contiki-cc13xx.a(serial-line.o)
 .bss.buf.5561  0x200008cc       0x80 contiki-cc13xx.a(serial-line.o)
 .bss.ptr.5562  0x2000094c        0x4 contiki-cc13xx.a(serial-line.o)
 .bss.locmaddr  0x20000950        0x4 contiki-cc13xx.a(uip-ds6.o)
 .bss.locprefix
                0x20000954        0x4 contiki-cc13xx.a(uip-ds6.o)
 .bss.locaddr   0x20000958        0x4 contiki-cc13xx.a(uip-ds6.o)
 .bss.loc_fipaddr
                0x2000095c       0x10 contiki-cc13xx.a(uip-ds6.o)
 .bss.defaultroutermemb_memb_mem
                0x2000096c       0x40 contiki-cc13xx.a(uip-ds6-route.o)
 .bss.defaultroutermemb_memb_count
                0x200009ac        0x2 contiki-cc13xx.a(uip-ds6-route.o)
 *fill*         0x200009ae        0x2 
 .bss.defaultrouterlist_list
                0x200009b0        0x4 contiki-cc13xx.a(uip-ds6-route.o)
 .bss.notificationlist_list
                0x200009b4        0x4 contiki-cc13xx.a(uip-ds6-route.o)
 .bss.iss       0x200009b8        0x4 contiki-cc13xx.a(uip6.o)
 .bss._ds6_neighbors_mem
                0x200009bc      0x320 contiki-cc13xx.a(uip-ds6-nbr.o)
 .bss.context   0x20000cdc        0x4 contiki-cc13xx.a(sicslowpan.o)
 .bss.last_rssi
                0x20000ce0        0x4 contiki-cc13xx.a(sicslowpan.o)
 .bss.hc06_ptr  0x20000ce4        0x4 contiki-cc13xx.a(sicslowpan.o)
 .bss.addr_contexts
                0x20000ce8        0xa contiki-cc13xx.a(sicslowpan.o)
 *fill*         0x20000cf2        0x2 
 .bss.packetbuf_ptr
                0x20000cf4        0x4 contiki-cc13xx.a(sicslowpan.o)
 .bss.last_tx_status
                0x20000cf8        0x4 contiki-cc13xx.a(sicslowpan.o)
 .bss.packetbuf_payload_len
                0x20000cfc        0x4 contiki-cc13xx.a(sicslowpan.o)
 .bss.callback  0x20000d00        0x4 contiki-cc13xx.a(sicslowpan.o)
 .bss.s         0x20000d04       0xa4 contiki-cc13xx.a(tcpip.o)
 .bss.periodic  0x20000da8       0x10 contiki-cc13xx.a(tcpip.o)
 .bss.outputfunc
                0x20000db8        0x4 contiki-cc13xx.a(tcpip.o)
 .bss._rpl_parents_mem
                0x20000dbc      0x140 contiki-cc13xx.a(rpl-dag.o)
 .bss.periodic_timer
                0x20000efc       0x20 contiki-cc13xx.a(rpl-timers.o)
 .bss.powerQualGlobals
                0x20000f1c        0x8 contiki-cc13xx.a(sys_ctrl.o)
 .bss.received_orpl_bitmap_seqnos
                0x20000f24       0x30 contiki-cc13xx.a(orpl-bitmap.o)
 .bss.buframmem_memb_count
                0x20000f54        0x8 contiki-cc13xx.a(queuebuf.o)
 .bss.bufmem_memb_mem
                0x20000f5c       0x20 contiki-cc13xx.a(queuebuf.o)
 .bss.buframmem_memb_mem
                0x20000f7c      0x580 contiki-cc13xx.a(queuebuf.o)
 .bss.bufmem_memb_count
                0x200014fc        0x8 contiki-cc13xx.a(queuebuf.o)
 .bss.neighbor_addr_mem_memb_count
                0x20001504       0x14 contiki-cc13xx.a(nbr-table.o)
 .bss.locked_map
                0x20001518       0x14 contiki-cc13xx.a(nbr-table.o)
 .bss.nbr_table_keys_list
                0x2000152c        0x4 contiki-cc13xx.a(nbr-table.o)
 .bss.neighbor_addr_mem_memb_mem
                0x20001530       0xf0 contiki-cc13xx.a(nbr-table.o)
 .bss.used_map  0x20001620       0x14 contiki-cc13xx.a(nbr-table.o)
 .bss.all_tables
                0x20001634       0x20 contiki-cc13xx.a(nbr-table.o)
 .bss.num_tables
                0x20001654        0x4 contiki-cc13xx.a(nbr-table.o)
 .bss.packetbufptr
                0x20001658        0x4 contiki-cc13xx.a(packetbuf.o)
 .bss.packetbuf_aligned
                0x2000165c       0xb0 contiki-cc13xx.a(packetbuf.o)
 .bss.packet_memb_memb_count
                0x2000170c        0x8 contiki-cc13xx.a(csma.o)
 .bss.metadata_memb_memb_mem
                0x20001714       0x60 contiki-cc13xx.a(csma.o)
 .bss.metadata_memb_memb_count
                0x20001774        0x8 contiki-cc13xx.a(csma.o)
 .bss.neighbor_list_list
                0x2000177c        0x4 contiki-cc13xx.a(csma.o)
 .bss.packet_memb_memb_mem
                0x20001780       0x60 contiki-cc13xx.a(csma.o)
 .bss.neighbor_memb_memb_count
                0x200017e0        0x2 contiki-cc13xx.a(csma.o)
 *fill*         0x200017e2        0x2 
 .bss.neighbor_memb_memb_mem
                0x200017e4       0x70 contiki-cc13xx.a(csma.o)
 .bss.cycle_start
                0x20001854        0x4 contiki-cc13xx.a(contikimac.o)
 .bss.we_are_receiving_burst
                0x20001858        0x4 contiki-cc13xx.a(contikimac.o)
 .bss.rt        0x2000185c        0xc contiki-cc13xx.a(contikimac.o)
 .bss.ct.9957   0x20001868       0x20 contiki-cc13xx.a(contikimac.o)
 .bss.CYCLE_TIME
                0x20001888        0x4 contiki-cc13xx.a(contikimac.o)
 .bss.start.9881
                0x2000188c        0x4 contiki-cc13xx.a(contikimac.o)
 .bss.STROBE_TIME
                0x20001890        0x4 contiki-cc13xx.a(contikimac.o)
 .bss.pt        0x20001894        0x2 contiki-cc13xx.a(contikimac.o)
 *fill*         0x20001896        0x2 
 .bss.udp_frag_data_info
                0x20001898       0xa8 contiki-cc13xx.a(udp-fragment.o)
 .bss.udp_frag_send_timer
                0x20001940       0x20 contiki-cc13xx.a(udp-fragment.o)
 .bss.netsyn_offset
                0x20001960        0x4 contiki-cc13xx.a(netsynch.o)
 .bss.concentrator_ipv6addr
                0x20001964       0x10 contiki-cc13xx.a(netsynch.o)
 .bss.back_ct.7948
                0x20001974       0x20 contiki-cc13xx.a(netsynch.o)
 .bss.schedule_bitmap_new
                0x20001994       0x12 contiki-cc13xx.a(netsynch.o)
 *fill*         0x200019a6        0x2 
 .bss.schedule_bitmap
                0x200019a8       0x12 contiki-cc13xx.a(netsynch.o)
 *fill*         0x200019ba        0x2 
 .bss.response  0x200019bc        0x4 contiki-cc13xx.a(netsynch.o)
 .bss.periodic  0x200019c0       0x10 contiki-cc13xx.a(netsynch.o)
 .bss.mcast_conn
                0x200019d0        0x4 contiki-cc13xx.a(netsynch.o)
 .bss.rev_msg   0x200019d4       0x1a contiki-cc13xx.a(netsynch.o)
 *fill*         0x200019ee        0x2 
 .bss.send_netsync_ct
                0x200019f0       0x20 contiki-cc13xx.a(netsynch.o)
 .bss.netsync_cal_info
                0x20001a10       0x14 contiki-cc13xx.a(netsync-auto-ca)
 .bss.new_netsyc_offset.5841
                0x20001a24        0x4 contiki-cc13xx.a(netsync-auto-ca)
 .bss.new_cal_interval.5840
                0x20001a28        0x4 contiki-cc13xx.a(netsync-auto-ca)
 .bss.task_schedule_list_list
                0x20001a2c        0x4 contiki-cc13xx.a(task-schedule.o)
 .bss.consumers_list_list
                0x20001a30        0x4 contiki-cc13xx.a(aux-ctrl.o)
 .bss.input_handler_list_list
                0x20001a34        0x4 contiki-cc13xx.a(uip-icmp6.o)
 .bss.ct        0x20001a38       0x20 contiki-cc13xx.a(rpl-icmp6.o)
 .bss.seq_id    0x20001a58        0x2 udp-client.co
 .bss.node_id   0x20001a5a        0x2 contiki-cc13xx.a(node-id.o)
                0x20001a5a                node_id
 .bss.days      0x20001a5c        0x2 contiki-cc13xx.a(netconfig.o)
 .bss.tmp16     0x20001a5e        0x2 contiki-cc13xx.a(uip6.o)
 .bss.lastport  0x20001a60        0x2 contiki-cc13xx.a(uip6.o)
 .bss.duplicate_count.7881
                0x20001a62        0x2 contiki-cc13xx.a(tcpip.o)
 .bss.next_dis  0x20001a64        0x2 contiki-cc13xx.a(rpl-timers.o)
 .bss.current_seqno
                0x20001a66        0x2 contiki-cc13xx.a(orpl-bitmap.o)
 .bss.buflen    0x20001a68        0x2 contiki-cc13xx.a(packetbuf.o)
 .bss.bufptr    0x20001a6a        0x2 contiki-cc13xx.a(packetbuf.o)
 .bss.seqno.6269
                0x20001a6c        0x2 contiki-cc13xx.a(csma.o)
 .bss.rdc_channel_check_interval_count
                0x20001a6e        0x2 contiki-cc13xx.a(contikimac.o)
 .bss.init_severaddr_flag
                0x20001a70        0x1 udp-client.co
 .bss.temp.10205
                0x20001a71        0x1 contiki-cc13xx.a(contiki-main.o)
 .bss.active_flag_one_second_before
                0x20001a72        0x1 contiki-cc13xx.a(soc-rtc.o)
 .bss.active_flag
                0x20001a73        0x1 contiki-cc13xx.a(netconfig.o)
 .bss.rat_offset_known
                0x20001a74        0x1 contiki-cc13xx.a(rf-core.o)
 .bss.ble_mode_on
                0x20001a75        0x1 contiki-cc13xx.a(rf-ble.o)
 .bss.initialized
                0x20001a76        0x1 contiki-cc13xx.a(ctimer.o)
 .bss.fevent    0x20001a77        0x1 contiki-cc13xx.a(process.o)
 .bss.snum.5228
                0x20001a78        0x1 contiki-cc13xx.a(process.o)
 .bss.nevents   0x20001a79        0x1 contiki-cc13xx.a(process.o)
 .bss.poll_requested
                0x20001a7a        0x1 contiki-cc13xx.a(process.o)
 .bss.lastevent
                0x20001a7b        0x1 contiki-cc13xx.a(process.o)
 .bss.ev.5210   0x20001a7c        0x1 contiki-cc13xx.a(process.o)
 .bss.uip_ext_len
                0x20001a7d        0x1 contiki-cc13xx.a(uip6.o)
                0x20001a7d                uip_ext_len
 .bss.uip_ext_bitmap
                0x20001a7e        0x1 contiki-cc13xx.a(uip6.o)
                0x20001a7e                uip_ext_bitmap
 .bss.uip_ext_opt_offset
                0x20001a7f        0x1 contiki-cc13xx.a(uip6.o)
                0x20001a7f                uip_ext_opt_offset
 .bss.c         0x20001a80        0x1 contiki-cc13xx.a(uip6.o)
 .bss.opt       0x20001a81        0x1 contiki-cc13xx.a(uip6.o)
 .bss.uncomp_hdr_len
                0x20001a82        0x1 contiki-cc13xx.a(sicslowpan.o)
 .bss.packetbuf_hdr_len
                0x20001a83        0x1 contiki-cc13xx.a(sicslowpan.o)
 .bss.i.7904    0x20001a84        0x1 contiki-cc13xx.a(tcpip.o)
 .bss.i.7849    0x20001a85        0x1 contiki-cc13xx.a(tcpip.o)
 .bss.i.7892    0x20001a86        0x1 contiki-cc13xx.a(tcpip.o)
 .bss.dio_send_ok
                0x20001a87        0x1 contiki-cc13xx.a(rpl-timers.o)
 .bss.init_seqno_flag
                0x20001a88        0x1 contiki-cc13xx.a(orpl-bitmap.o)
 .bss.hdrptr    0x20001a89        0x1 contiki-cc13xx.a(packetbuf.o)
 .bss.mac_dsn   0x20001a8a        0x1 contiki-cc13xx.a(framer-802154.o)
 .bss.initialized
                0x20001a8b        0x1 contiki-cc13xx.a(framer-802154.o)
 .bss.initialized.6268
                0x20001a8c        0x1 contiki-cc13xx.a(csma.o)
 .bss.count.9876
                0x20001a8d        0x1 contiki-cc13xx.a(contikimac.o)
 .bss.silence_periods.9882
                0x20001a8e        0x1 contiki-cc13xx.a(contikimac.o)
 .bss.packet_seen.9875
                0x20001a8f        0x1 contiki-cc13xx.a(contikimac.o)
 .bss.radio_is_on
                0x20001a90        0x1 contiki-cc13xx.a(contikimac.o)
 .bss.periods.9883
                0x20001a91        0x1 contiki-cc13xx.a(contikimac.o)
 .bss.we_are_sending
                0x20001a92        0x1 contiki-cc13xx.a(contikimac.o)
 .bss.contikimac_keep_radio_on
                0x20001a93        0x1 contiki-cc13xx.a(contikimac.o)
 .bss.contikimac_is_on
                0x20001a94        0x1 contiki-cc13xx.a(contikimac.o)
 .bss.next_frag_seqno
                0x20001a95        0x1 contiki-cc13xx.a(udp-fragment.o)
 .bss.initialized
                0x20001a96        0x1 contiki-cc13xx.a(task-schedule.o)
 *(SORT(COMMON))
 *fill*         0x20001a97        0x1 
 COMMON         0x20001a98       0x26 contiki-cc13xx.a(contiki-main.o)
                0x20001a98                normal_byte
                0x20001a9a                channel_byte
                0x20001a9c                restart_count
                0x20001aa0                cmd_read_meter
 *fill*         0x20001abe        0x2 
 COMMON         0x20001ac0       0x7c contiki-cc13xx.a(energest.o)
                0x20001ac0                energest_total_time
                0x20001af4                energest_total_count
                0x20001af8                energest_current_mode
                0x20001b08                energest_current_time
 COMMON         0x20001b3c      0x174 contiki-cc13xx.a(uip-ds6.o)
                0x20001b3c                uip_ds6_timer_ra
                0x20001b44                uip_ds6_if
                0x20001c3c                uip_ds6_netif_addr_list_offset
                0x20001c3d                uip_ds6_addr_size
                0x20001c40                uip_ds6_prefix_list
                0x20001ca0                uip_ds6_timer_periodic
 COMMON         0x20001cb0      0x87c contiki-cc13xx.a(uip6.o)
                0x20001cb0                uip_len
                0x20001cb4                uip_sappdata
                0x20001cb8                uip_acc32
                0x20001cbc                uip_lladdr
                0x20001cc4                uip_aligned_buf
                0x200021c4                uip_flags
                0x200021c8                uip_next_hdr
                0x200021cc                uip_udp_conn
                0x200021d0                uip_appdata
                0x200021d4                uip_conn
                0x200021d8                uip_conns
                0x200023b8                uip_icmp6_conns
                0x200023c0                uip_listenports
                0x200023e8                uip_slen
                0x200023ec                uip_udp_conns
 COMMON         0x2000252c       0xf4 contiki-cc13xx.a(rpl-dag.o)
                0x2000252c                default_instance
                0x20002530                instance_table
 COMMON         0x20002620        0xe contiki-cc13xx.a(orpl-bitmap.o)
                0x20002620                bitmap_receive_info
                0x20002628                bitmap_send_info
 *fill*         0x2000262e        0x2 
 COMMON         0x20002630       0x2e contiki-cc13xx.a(packetbuf.o)
                0x20002630                packetbuf_addrs
                0x20002640                packetbuf_attrs
 *fill*         0x2000265e        0x2 
 COMMON         0x20002660        0x8 contiki-cc13xx.a(linkaddr.o)
                0x20002660                linkaddr_node_addr
 COMMON         0x20002668        0x2 contiki-cc13xx.a(serial-line.o)
                0x20002668                serial_line_event_message2
                0x20002669                serial_line_event_message
 COMMON         0x2000266a        0x2 contiki-cc13xx.a(tcpip.o)
                0x2000266a                tcpip_event
                0x2000266b                tcpip_icmp6_event
                0x2000266c                _ebss = .
                0x2000266c                _end = .
                0x2000266c                PROVIDE (end, _ebss)
                0x2000266c                PROVIDE (__HEAP_START, _end)

.flash_datacfg
 *(SORT(.flash_datacfg))

.ccfg           0x0001ffa8       0x58
 *(SORT(.ccfg))
 .ccfg          0x0001ffa8       0x58 obj_cc13xx/ccfg.o
                0x0001ffa8                __ccfg

.rel.dyn        0x00020000        0x0
 .rel.iplt      0x00000000        0x0 obj_cc13xx/startup_gcc.o

._user_heap_stack
                0x2000266c      0x100
                0x2000266c                . = ALIGN (0x4)
                0x2000266c                . = (. + _Min_Heap_Size)
                0x2000276c                . = (. + _Min_Stack_Size)
 *fill*         0x2000266c      0x100 