Archive member included because of file (symbol)

contiki-cc13xx.a(collect-view.o)
                              udp-sender.co (collect_view_construct_message)
contiki-cc13xx.a(collect-view-te)
                              contiki-cc13xx.a(collect-view.o) (collect_view_arch_read_sensors)
contiki-cc13xx.a(contiki-main.o)
                              obj_cc13xx/startup_gcc.o (main)
contiki-cc13xx.a(board.o)     contiki-cc13xx.a(contiki-main.o) (board_init)
contiki-cc13xx.a(prop-mode.o)
                              contiki-cc13xx.a(contiki-main.o) (prop_mode_driver)
contiki-cc13xx.a(clock.o)     contiki-cc13xx.a(collect-view.o) (clock_time)
contiki-cc13xx.a(rtimer-arch.o)
                              contiki-cc13xx.a(contiki-main.o) (rtimer_arch_now)
contiki-cc13xx.a(soc-rtc.o)   contiki-cc13xx.a(rtimer-arch.o) (soc_rtc_schedule_one_shot)
contiki-cc13xx.a(contiki-watchdo)
                              contiki-cc13xx.a(contiki-main.o) (watchdog_init)
contiki-cc13xx.a(putchar.o)   udp-sender.co (putchar)
contiki-cc13xx.a(ieee-addr.o)
                              contiki-cc13xx.a(contiki-main.o) (ieee_addr_cpy_to)
contiki-cc13xx.a(cc26xx-uart.o)
                              contiki-cc13xx.a(contiki-main.o) (cc26xx_uart_init)
contiki-cc13xx.a(lpm.o)       contiki-cc13xx.a(prop-mode.o) (lpm_sleep)
contiki-cc13xx.a(oscillators.o)
                              contiki-cc13xx.a(contiki-main.o) (oscillators_select_lf_xosc)
contiki-cc13xx.a(netconfig.o)
                              contiki-cc13xx.a(soc-rtc.o) (update_soft_time)
contiki-cc13xx.a(rf-core.o)   contiki-cc13xx.a(prop-mode.o) (rf_core_is_accessible)
contiki-cc13xx.a(rf-ble.o)    contiki-cc13xx.a(prop-mode.o) (rf_ble_is_active)
contiki-cc13xx.a(dbg-printf.o)
                              udp-sender.co (printf)
contiki-cc13xx.a(strformat.o)
                              contiki-cc13xx.a(dbg-printf.o) (format_str_v)
contiki-cc13xx.a(autostart.o)
                              contiki-cc13xx.a(contiki-main.o) (autostart_start)
contiki-cc13xx.a(ctimer.o)    contiki-cc13xx.a(contiki-main.o) (ctimer_init)
contiki-cc13xx.a(energest.o)  contiki-cc13xx.a(contiki-main.o) (energest_init)
contiki-cc13xx.a(etimer.o)    contiki-cc13xx.a(clock.o) (etimer_request_poll)
contiki-cc13xx.a(process.o)   contiki-cc13xx.a(rf-ble.o) (process_exit)
contiki-cc13xx.a(rtimer.o)    contiki-cc13xx.a(contiki-main.o) (rtimer_init)
contiki-cc13xx.a(timer.o)     contiki-cc13xx.a(etimer.o) (timer_set)
contiki-cc13xx.a(serial-line.o)
                              obj_cc13xx/collect-common.o (serial_line_event_message)
contiki-cc13xx.a(list.o)      contiki-cc13xx.a(lpm.o) (list_init)
contiki-cc13xx.a(random.o)    contiki-cc13xx.a(contiki-main.o) (random_init)
contiki-cc13xx.a(ringbuf.o)   contiki-cc13xx.a(serial-line.o) (ringbuf_init)
contiki-cc13xx.a(uip-ds6.o)   udp-sender.co (uip_ds6_if)
contiki-cc13xx.a(uip-ds6-route.o)
                              contiki-cc13xx.a(uip-ds6.o) (uip_ds6_route_init)
contiki-cc13xx.a(uip6.o)      udp-sender.co (uip_lladdr)
contiki-cc13xx.a(uip-ds6-nbr.o)
                              contiki-cc13xx.a(uip-ds6.o) (uip_ds6_neighbors_init)
contiki-cc13xx.a(uip-nd6.o)   contiki-cc13xx.a(uip6.o) (uip_nd6_init)
contiki-cc13xx.a(sicslowpan.o)
                              contiki-cc13xx.a(contiki-main.o) (sicslowpan_driver)
contiki-cc13xx.a(uip-debug.o)
                              udp-sender.co (uip_debug_ipaddr_print)
contiki-cc13xx.a(uip-udp-packet.)
                              udp-sender.co (uip_udp_packet_sendto)
contiki-cc13xx.a(tcpip.o)     contiki-cc13xx.a(sicslowpan.o) (tcpip_set_outputfunc)
contiki-cc13xx.a(rpl.o)       contiki-cc13xx.a(uip-ds6-nbr.o) (rpl_link_neighbor_callback)
contiki-cc13xx.a(rpl-mrhof.o)
                              contiki-cc13xx.a(rpl.o) (rpl_mrhof)
contiki-cc13xx.a(rpl-dag.o)   contiki-cc13xx.a(rpl-mrhof.o) (rpl_get_nbr)
contiki-cc13xx.a(pwr_ctrl.o)  contiki-cc13xx.a(lpm.o) (NOROM_PowerCtrlSourceSet)
contiki-cc13xx.a(setup.o)     obj_cc13xx/startup_gcc.o (trimDevice)
contiki-cc13xx.a(chipinfo.o)  contiki-cc13xx.a(rf-core.o) (ChipInfo_GetSupportedProtocol_BV)
contiki-cc13xx.a(cpu.o)       contiki-cc13xx.a(contiki-main.o) (NOROM_CPUcpsid)
contiki-cc13xx.a(sys_ctrl.o)  contiki-cc13xx.a(lpm.o) (SysCtrlSetRechargeBeforePowerDown)
contiki-cc13xx.a(osc.o)       contiki-cc13xx.a(oscillators.o) (NOROM_OSCClockSourceSet)
contiki-cc13xx.a(aon_rtc.o)   contiki-cc13xx.a(rtimer-arch.o) (NOROM_AONRTCCurrentCompareValueGet)
contiki-cc13xx.a(orpl-bitmap.o)
                              contiki-cc13xx.a(tcpip.o) (orpl_bitmap_current_rank)
contiki-cc13xx.a(queuebuf.o)  contiki-cc13xx.a(contiki-main.o) (queuebuf_init)
contiki-cc13xx.a(nbr-table.o)
                              contiki-cc13xx.a(uip-ds6-nbr.o) (nbr_table_register)
contiki-cc13xx.a(packetbuf.o)
                              contiki-cc13xx.a(queuebuf.o) (packetbuf_copyto)
contiki-cc13xx.a(netstack.o)  contiki-cc13xx.a(contiki-main.o) (netstack_init)
[...]
Memory Configuration

Name             Origin             Length             Attributes
FLASH            0x00000000         0x0001e000         xr
FLASH_DATA       0x0001e000         0x00001000         xr
FLASH_CCFG       0x0001ffa8         0x00000058         xr
SRAM             0x20000000         0x00005000         xrw
GPRAM            0x11000000         0x00002000         xrw
*default*        0x00000000         0xffffffff

Linker script and memory map

LOAD obj_cc13xx/fault-handlers.o
LOAD obj_cc13xx/ccfg.o
LOAD obj_cc13xx/startup_gcc.o
LOAD udp-sender.co
LOAD obj_cc13xx/collect-common.o
LOAD contiki-cc13xx.a
LOAD /opt/gcc-arm-none/bin/../lib/gcc/arm-none-eabi/4.9.3/../../../../arm-none-eabi/lib/armv7-m/libm.a
START GROUP
LOAD /opt/gcc-arm-none/bin/../lib/gcc/arm-none-eabi/4.9.3/armv7-m/libgcc.a
LOAD /opt/gcc-arm-none/bin/../lib/gcc/arm-none-eabi/4.9.3/../../../../arm-none-eabi/lib/armv7-m/libc.a
END GROUP
START GROUP
LOAD /opt/gcc-arm-none/bin/../lib/gcc/arm-none-eabi/4.9.3/armv7-m/libgcc.a
LOAD /opt/gcc-arm-none/bin/../lib/gcc/arm-none-eabi/4.9.3/../../../../arm-none-eabi/lib/armv7-m/libc.a
LOAD /opt/gcc-arm-none/bin/../lib/gcc/arm-none-eabi/4.9.3/../../../../arm-none-eabi/lib/armv7-m/libnosys.a
END GROUP
                0x20005000                _estack = (ORIGIN (SRAM) + 0x5000)
                0x00000000                _Min_Heap_Size = 0x0
                0x00000100                _Min_Stack_Size = 0x100

.text           0x00000000     0xc264
                0x00000000                _text = .
 *(SORT(.vectors))
 .vectors       0x00000000       0xc8 obj_cc13xx/startup_gcc.o
                0x00000000                gVectors
 *(SORT(.text*))
 .text.FaultISR
                0x000000c8       0x18 obj_cc13xx/fault-handlers.o
                0x000000c8                FaultISR
 .text.NmiSRHandler
                0x000000e0        0x4 obj_cc13xx/startup_gcc.o
                0x000000e0                NmiSR
 .text.IntDefaultHandler
                0x000000e4        0x4 obj_cc13xx/startup_gcc.o
                0x000000e4                TRNGIntHandler
                0x000000e4                SSI0IntHandler
                0x000000e4                SWEvent0IntHandler
                0x000000e4                uDMAIntHandler
                0x000000e4                WatchdogIntHandler
                0x000000e4                RFCHardwareIntHandler
                0x000000e4                Timer1BIntHandler
                0x000000e4                I2SIntHandler
                0x000000e4                Timer2BIntHandler
                0x000000e4                Timer2AIntHandler
                0x000000e4                Timer1AIntHandler
                0x000000e4                GPIOIntHandler
                0x000000e4                AONIntHandler
                0x000000e4                AUXSWEvent0IntHandler
                0x000000e4                AUXADCIntHandler
                0x000000e4                PendSVIntHandler
                0x000000e4                AUXSWEvent1IntHandler
                0x000000e4                SVCallIntHandler
                0x000000e4                MPUFaultIntHandler
                0x000000e4                SysTickIntHandler
                0x000000e4                BusFaultIntHandler
                0x000000e4                AONProgIntHandler
                0x000000e4                AUXCompAIntHandler
                0x000000e4                SSI1IntHandler
                0x000000e4                FlashIntHandler
                0x000000e4                uDMAErrIntHandler
                0x000000e4                UsageFaultIntHandler
                0x000000e4                RFCCmdAckIntHandler
                0x000000e4                CryptoIntHandler
                0x000000e4                Timer0AIntHandler
                0x000000e4                I2CIntHandler
                0x000000e4                DebugMonIntHandler
                0x000000e4                Timer0BIntHandler
                0x000000e4                AUXCombEventIntHandler
                0x000000e4                Timer3AIntHandler
                0x000000e4                DynProgIntHandler
                0x000000e4                Timer3BIntHandler
 .text.ResetISR
                0x000000e8       0x5c obj_cc13xx/startup_gcc.o
                0x000000e8                ResetISR
 .text.process_thread_udp_client_process
                0x00000144      0x134 udp-sender.co
 .text.collect_common_set_sink
                0x00000278        0x4 udp-sender.co
                0x00000278                collect_common_set_sink
 .text.collect_common_send
                0x0000027c       0xe0 udp-sender.co
                0x0000027c                collect_common_send
 .text.collect_common_net_init
                0x0000035c       0x14 udp-sender.co
                0x0000035c                collect_common_net_init
 .text.process_thread_collect_common_process
                0x00000370      0x1c4 obj_cc13xx/collect-common.o
 .text.collect_view_construct_message
                0x00000534      0x11c contiki-cc13xx.a(collect-view.o)
                0x00000534                collect_view_construct_message
 .text.collect_view_arch_read_sensors
                0x00000650       0x14 contiki-cc13xx.a(collect-view-te)
                0x00000650                collect_view_arch_read_sensors
 .text.startup.main
                0x00000664      0x1ac contiki-cc13xx.a(contiki-main.o)
                0x00000664                main
 .text.wakeup_handler
                0x00000810       0x20 contiki-cc13xx.a(board.o)
 .text.board_init
                0x00000830       0x80 contiki-cc13xx.a(board.o)
                0x00000830                board_init
 .text.get_object
                0x000008b0        0x4 contiki-cc13xx.a(prop-mode.o)
 .text.set_object
                0x000008b4        0x4 contiki-cc13xx.a(prop-mode.o)
 .text.request  0x000008b8       0x20 contiki-cc13xx.a(prop-mode.o)
 .text.soft_off_prop
                0x000008d8       0x3c contiki-cc13xx.a(prop-mode.o)
 .text.prepare  0x00000914       0x1c contiki-cc13xx.a(prop-mode.o)
 .text.pending_packet
                0x00000930       0x34 contiki-cc13xx.a(prop-mode.o)
 .text.read_frame
                0x00000964       0x48 contiki-cc13xx.a(prop-mode.o)
 .text.prop_div_radio_setup
                0x000009ac       0x44 contiki-cc13xx.a(prop-mode.o)
 .text.prop_fs  0x000009f0       0x34 contiki-cc13xx.a(prop-mode.o)
 .text.rx_off_prop
                0x00000a24       0x78 contiki-cc13xx.a(prop-mode.o)
 .text.rx_on_prop
                0x00000a9c       0x8c contiki-cc13xx.a(prop-mode.o)
 .text.soft_on_prop
                0x00000b28       0x20 contiki-cc13xx.a(prop-mode.o)
 .text.off      0x00000b48       0x6c contiki-cc13xx.a(prop-mode.o)
 .text.on       0x00000bb4       0xe4 contiki-cc13xx.a(prop-mode.o)
 .text.set_value
                0x00000c98      0x154 contiki-cc13xx.a(prop-mode.o)
 .text.get_value
                0x00000dec      0x138 contiki-cc13xx.a(prop-mode.o)
 .text.transmit
                0x00000f24      0x134 contiki-cc13xx.a(prop-mode.o)
 .text.send     0x00001058       0x24 contiki-cc13xx.a(prop-mode.o)
 .text.channel_clear
                0x0000107c       0x90 contiki-cc13xx.a(prop-mode.o)
 .text.receiving_packet
                0x0000110c       0x28 contiki-cc13xx.a(prop-mode.o)
 .text.init     0x00001134       0xe8 contiki-cc13xx.a(prop-mode.o)
 .text.clock_time
                0x0000121c       0x34 contiki-cc13xx.a(clock.o)
                0x0000121c                clock_time
 .text.clock_update
                0x00001250       0x3c contiki-cc13xx.a(clock.o)
                0x00001250                clock_update
 .text.clock_seconds
                0x0000128c       0x18 contiki-cc13xx.a(clock.o)
                0x0000128c                clock_seconds
 .text.rtimer_arch_init
                0x000012a4        0x4 contiki-cc13xx.a(rtimer-arch.o)
                0x000012a4                rtimer_arch_init
 .text.rtimer_arch_schedule
                0x000012a8        0x8 contiki-cc13xx.a(rtimer-arch.o)
                0x000012a8                rtimer_arch_schedule
 .text.rtimer_arch_now
                0x000012b0        0x4 contiki-cc13xx.a(rtimer-arch.o)
                0x000012b0                rtimer_arch_now
 .text.soc_rtc_schedule_one_shot
                0x000012b4       0x4c contiki-cc13xx.a(soc-rtc.o)
                0x000012b4                soc_rtc_schedule_one_shot
 .text.soc_rtc_init
                0x00001300       0xbc contiki-cc13xx.a(soc-rtc.o)
                0x00001300                soc_rtc_init
 .text.AONRTCIntHandler
                0x000013bc      0x108 contiki-cc13xx.a(soc-rtc.o)
                0x000013bc                AONRTCIntHandler
 .text.lock_config
                0x000014c4       0x18 contiki-cc13xx.a(contiki-watchdo)
 .text.unlock_config
                0x000014dc       0x2c contiki-cc13xx.a(contiki-watchdo)
 .text.watchdog_init
                0x00001508       0x1c contiki-cc13xx.a(contiki-watchdo)
                0x00001508                watchdog_init
 .text.watchdog_start
                0x00001524       0x30 contiki-cc13xx.a(contiki-watchdo)
                0x00001524                watchdog_start
 .text.watchdog_periodic
                0x00001554       0x1c contiki-cc13xx.a(contiki-watchdo)
                0x00001554                watchdog_periodic
 .text.putchar  0x00001570       0x10 contiki-cc13xx.a(putchar.o)
                0x00001570                putchar
 .text.puts     0x00001580       0x30 contiki-cc13xx.a(putchar.o)
                0x00001580                puts
 .text.dbg_send_bytes
                0x000015b0       0x40 contiki-cc13xx.a(putchar.o)
                0x000015b0                dbg_send_bytes
 .text.ieee_addr_cpy_to
                0x000015f0       0x40 contiki-cc13xx.a(ieee-addr.o)
                0x000015f0                ieee_addr_cpy_to
 .text.power_and_clock
                0x00001630       0x40 contiki-cc13xx.a(cc26xx-uart.o)
 .text.enable   0x00001670       0xf4 contiki-cc13xx.a(cc26xx-uart.o)
 .text.accessible
                0x00001764       0x24 contiki-cc13xx.a(cc26xx-uart.o)
 .text.lpm_drop_handler
                0x00001788       0xcc contiki-cc13xx.a(cc26xx-uart.o)
 .text.cc26xx_uart_init
                0x00001854       0x28 contiki-cc13xx.a(cc26xx-uart.o)
                0x00001854                cc26xx_uart_init
 .text.cc26xx_uart_write_byte
                0x0000187c       0x28 contiki-cc13xx.a(cc26xx-uart.o)
                0x0000187c                cc26xx_uart_write_byte
 .text.cc26xx_uart_set_input
                0x000018a4       0x64 contiki-cc13xx.a(cc26xx-uart.o)
                0x000018a4                cc26xx_uart_set_input
 .text.cc26xx_uart_busy
                0x00001908       0x18 contiki-cc13xx.a(cc26xx-uart.o)
                0x00001908                cc26xx_uart_busy
 .text.UART0IntHandler
                0x00001920       0x88 contiki-cc13xx.a(cc26xx-uart.o)
                0x00001920                UART0IntHandler
 .text.lpm_sleep
                0x000019a8       0x88 contiki-cc13xx.a(lpm.o)
                0x000019a8                lpm_sleep
 .text.lpm_register_module
                0x00001a30        0xc contiki-cc13xx.a(lpm.o)
                0x00001a30                lpm_register_module
 .text.lpm_init
                0x00001a3c        0xc contiki-cc13xx.a(lpm.o)
                0x00001a3c                lpm_init
 .text.lpm_pin_set_default_state
                0x00001a48       0x30 contiki-cc13xx.a(lpm.o)
                0x00001a48                lpm_pin_set_default_state
 .text.osc_interface_dis
                0x00001a78       0x28 contiki-cc13xx.a(oscillators.o)
 .text.osc_interface_en
                0x00001aa0       0x30 contiki-cc13xx.a(oscillators.o)
 .text.oscillators_select_lf_xosc
                0x00001ad0       0x50 contiki-cc13xx.a(oscillators.o)
                0x00001ad0                oscillators_select_lf_xosc
 .text.oscillators_request_hf_xosc
                0x00001b20       0x24 contiki-cc13xx.a(oscillators.o)
                0x00001b20                oscillators_request_hf_xosc
 .text.oscillators_switch_to_hf_xosc
                0x00001b44       0x28 contiki-cc13xx.a(oscillators.o)
                0x00001b44                oscillators_switch_to_hf_xosc
 .text.oscillators_switch_to_hf_rc
                0x00001b6c       0x2c contiki-cc13xx.a(oscillators.o)
                0x00001b6c                oscillators_switch_to_hf_rc
 .text.update_soft_time
                0x00001b98       0x44 contiki-cc13xx.a(netconfig.o)
                0x00001b98                update_soft_time
 .text.set_init_flag
                0x00001bdc        0xc contiki-cc13xx.a(netconfig.o)
                0x00001bdc                set_init_flag
 .text.get_init_flag
                0x00001be8        0xc contiki-cc13xx.a(netconfig.o)
                0x00001be8                get_init_flag
 .text.set_active_flag
                0x00001bf4       0x58 contiki-cc13xx.a(netconfig.o)
                0x00001bf4                set_active_flag
 .text.syn_update_timenow
                0x00001c4c       0x1c contiki-cc13xx.a(netconfig.o)
                0x00001c4c                syn_update_timenow
 .text.get_timenow
                0x00001c68       0x14 contiki-cc13xx.a(netconfig.o)
                0x00001c68                get_timenow
 .text.get_idle_time
                0x00001c7c       0xb0 contiki-cc13xx.a(netconfig.o)
                0x00001c7c                get_idle_time
 .text.get_active_flag
                0x00001d2c        0xc contiki-cc13xx.a(netconfig.o)
                0x00001d2c                get_active_flag
 .text.get_nowdays
                0x00001d38        0xc contiki-cc13xx.a(netconfig.o)
                0x00001d38                get_nowdays
 .text.set_autocal_info
                0x00001d44       0x20 contiki-cc13xx.a(netconfig.o)
                0x00001d44                set_autocal_info
 .text.get_cal_count
                0x00001d64        0xc contiki-cc13xx.a(netconfig.o)
                0x00001d64                get_cal_count
 .text.set_cal_countaddone
                0x00001d70       0x10 contiki-cc13xx.a(netconfig.o)
                0x00001d70                set_cal_countaddone
 .text.get_cal_offest
                0x00001d80        0xc contiki-cc13xx.a(netconfig.o)
                0x00001d80                get_cal_offest
 .text.get_cal_interval
                0x00001d8c        0xc contiki-cc13xx.a(netconfig.o)
                0x00001d8c                get_cal_interval
 .text.set_cal_countzero
                0x00001d98        0xc contiki-cc13xx.a(netconfig.o)
                0x00001d98                set_cal_countzero
 .text.process_thread_rf_core_process
                0x00001da4       0x58 contiki-cc13xx.a(rf-core.o)
 .text.rf_core_is_accessible.part.0
                0x00001dfc       0x1c contiki-cc13xx.a(rf-core.o)
 .text.rf_core_is_accessible
                0x00001e18       0x14 contiki-cc13xx.a(rf-core.o)
                0x00001e18                rf_core_is_accessible
 .text.rf_core_send_cmd
                0x00001e2c       0x94 contiki-cc13xx.a(rf-core.o)
                0x00001e2c                rf_core_send_cmd
 .text.rf_core_wait_cmd_done
                0x00001ec0       0x30 contiki-cc13xx.a(rf-core.o)
                0x00001ec0                rf_core_wait_cmd_done
 .text.rf_core_power_up
                0x00001ef0       0xc8 contiki-cc13xx.a(rf-core.o)
                0x00001ef0                rf_core_power_up
 .text.rf_core_power_down
                0x00001fb8       0xf0 contiki-cc13xx.a(rf-core.o)
                0x00001fb8                rf_core_power_down
 .text.rf_core_set_modesel
                0x000020a8       0x68 contiki-cc13xx.a(rf-core.o)
                0x000020a8                rf_core_set_modesel
 .text.rf_core_start_rat
                0x00002110       0x20 contiki-cc13xx.a(rf-core.o)
                0x00002110                rf_core_start_rat
 .text.rf_core_setup_interrupts
                0x00002130       0x74 contiki-cc13xx.a(rf-core.o)
                0x00002130                rf_core_setup_interrupts
 .text.rf_core_cmd_done_en
                0x000021a4       0x28 contiki-cc13xx.a(rf-core.o)
                0x000021a4                rf_core_cmd_done_en
 .text.rf_core_cmd_done_dis
                0x000021cc       0x10 contiki-cc13xx.a(rf-core.o)
                0x000021cc                rf_core_cmd_done_dis
 .text.rf_core_get_last_radio_op
                0x000021dc        0xc contiki-cc13xx.a(rf-core.o)
                0x000021dc                rf_core_get_last_radio_op
 .text.rf_core_primary_mode_register
                0x000021e8        0xc contiki-cc13xx.a(rf-core.o)
                0x000021e8                rf_core_primary_mode_register
 .text.RFCCPE1IntHandler
                0x000021f4       0x60 contiki-cc13xx.a(rf-core.o)
                0x000021f4                RFCCPE1IntHandler
 .text.RFCCPE0IntHandler
                0x00002254       0x84 contiki-cc13xx.a(rf-core.o)
                0x00002254                RFCCPE0IntHandler
 .text.rf_ble_is_active
                0x000022d8        0xc contiki-cc13xx.a(rf-ble.o)
                0x000022d8                rf_ble_is_active
 .text.write_str
                0x000022e4       0x14 contiki-cc13xx.a(dbg-printf.o)
 .text.printf   0x000022f8       0x24 contiki-cc13xx.a(dbg-printf.o)
                0x000022f8                printf
 .text.fill_space
                0x0000231c       0x3c contiki-cc13xx.a(strformat.o)
 .text.format_str_v
                0x00002358      0x95c contiki-cc13xx.a(strformat.o)
                0x00002358                format_str_v
 .text.autostart_start
                0x00002cb4       0x18 contiki-cc13xx.a(autostart.o)
                0x00002cb4                autostart_start
 .text.process_thread_ctimer_process
                0x00002ccc       0x94 contiki-cc13xx.a(ctimer.o)
 .text.ctimer_init
                0x00002d60       0x28 contiki-cc13xx.a(ctimer.o)
                0x00002d60                ctimer_init
 .text.ctimer_set_with_process
                0x00002d88       0x4c contiki-cc13xx.a(ctimer.o)
                0x00002d88                ctimer_set_with_process
 .text.ctimer_set
                0x00002dd4       0x18 contiki-cc13xx.a(ctimer.o)
                0x00002dd4                ctimer_set
 .text.ctimer_reset
                0x00002dec       0x38 contiki-cc13xx.a(ctimer.o)
                0x00002dec                ctimer_reset
 .text.ctimer_stop
                0x00002e24       0x34 contiki-cc13xx.a(ctimer.o)
                0x00002e24                ctimer_stop
 .text.energest_init
                0x00002e58       0x30 contiki-cc13xx.a(energest.o)
                0x00002e58                energest_init
 .text.energest_type_time
                0x00002e88       0x3c contiki-cc13xx.a(energest.o)
                0x00002e88                energest_type_time
 .text.energest_type_set
                0x00002ec4        0xc contiki-cc13xx.a(energest.o)
                0x00002ec4                energest_type_set
 .text.energest_flush
                0x00002ed0       0x50 contiki-cc13xx.a(energest.o)
                0x00002ed0                energest_flush
 .text.update_time
                0x00002f20       0x44 contiki-cc13xx.a(etimer.o)
 .text.process_thread_etimer_process
                0x00002f64       0xc8 contiki-cc13xx.a(etimer.o)
 .text.add_timer
                0x0000302c       0x54 contiki-cc13xx.a(etimer.o)
 .text.etimer_request_poll
                0x00003080        0xc contiki-cc13xx.a(etimer.o)
                0x00003080                etimer_request_poll
 .text.etimer_set
                0x0000308c       0x14 contiki-cc13xx.a(etimer.o)
                0x0000308c                etimer_set
 .text.etimer_reset
                0x000030a0       0x14 contiki-cc13xx.a(etimer.o)
                0x000030a0                etimer_reset
 .text.etimer_restart
                0x000030b4       0x14 contiki-cc13xx.a(etimer.o)
                0x000030b4                etimer_restart
 .text.etimer_expired
                0x000030c8        0xc contiki-cc13xx.a(etimer.o)
                0x000030c8                etimer_expired
 .text.etimer_pending
                0x000030d4       0x10 contiki-cc13xx.a(etimer.o)
                0x000030d4                etimer_pending
 .text.etimer_stop
                0x000030e4       0x4c contiki-cc13xx.a(etimer.o)
                0x000030e4                etimer_stop
 .text.exit_process
                0x00003130       0xb0 contiki-cc13xx.a(process.o)
 .text.call_process.part.0
                0x000031e0       0x38 contiki-cc13xx.a(process.o)
 .text.do_poll  0x00003218       0x3c contiki-cc13xx.a(process.o)
 .text.process_alloc_event
                0x00003254       0x10 contiki-cc13xx.a(process.o)
                0x00003254                process_alloc_event
 .text.process_exit
                0x00003264        0xc contiki-cc13xx.a(process.o)
                0x00003264                process_exit
 .text.process_init
                0x00003270       0x34 contiki-cc13xx.a(process.o)
                0x00003270                process_init
 .text.process_run
                0x000032a4       0xd8 contiki-cc13xx.a(process.o)
                0x000032a4                process_run
 .text.process_post
                0x0000337c       0x50 contiki-cc13xx.a(process.o)
                0x0000337c                process_post
 .text.process_post_synch
                0x000033cc       0x18 contiki-cc13xx.a(process.o)
                0x000033cc                process_post_synch
 .text.process_start
                0x000033e4       0x40 contiki-cc13xx.a(process.o)
                0x000033e4                process_start
 .text.process_poll
                0x00003424       0x18 contiki-cc13xx.a(process.o)
                0x00003424                process_poll
 .text.rtimer_init
                0x0000343c        0x4 contiki-cc13xx.a(rtimer.o)
                0x0000343c                rtimer_init
 .text.rtimer_set
                0x00003440       0x2c contiki-cc13xx.a(rtimer.o)
                0x00003440                rtimer_set
 .text.rtimer_run_next
                0x0000346c       0x28 contiki-cc13xx.a(rtimer.o)
                0x0000346c                rtimer_run_next
 .text.timer_set
                0x00003494       0x10 contiki-cc13xx.a(timer.o)
                0x00003494                timer_set
 .text.timer_reset
                0x000034a4        0xc contiki-cc13xx.a(timer.o)
                0x000034a4                timer_reset
 .text.timer_restart
                0x000034b0        0xc contiki-cc13xx.a(timer.o)
                0x000034b0                timer_restart
 .text.timer_expired
                0x000034bc       0x1c contiki-cc13xx.a(timer.o)
                0x000034bc                timer_expired
 .text.process_thread_serial_line_process
                0x000034d8       0xb4 contiki-cc13xx.a(serial-line.o)
 .text.serial_line_init
                0x0000358c       0x24 contiki-cc13xx.a(serial-line.o)
                0x0000358c                serial_line_init
 .text.serial_line_input_byte
                0x000035b0       0x54 contiki-cc13xx.a(serial-line.o)
                0x000035b0                serial_line_input_byte
 .text.list_init
                0x00003604        0x8 contiki-cc13xx.a(list.o)
                0x00003604                list_init
 .text.list_head
                0x0000360c        0x4 contiki-cc13xx.a(list.o)
                0x0000360c                list_head
 .text.list_add
                0x00003610       0x48 contiki-cc13xx.a(list.o)
                0x00003610                list_add
 .text.list_push
                0x00003658       0x40 contiki-cc13xx.a(list.o)
                0x00003658                list_push
 .text.list_remove
                0x00003698       0x2c contiki-cc13xx.a(list.o)
                0x00003698                list_remove
 .text.list_length
                0x000036c4       0x14 contiki-cc13xx.a(list.o)
                0x000036c4                list_length
 .text.list_item_next
                0x000036d8        0x8 contiki-cc13xx.a(list.o)
                0x000036d8                list_item_next
 .text.random_init
                0x000036e0        0x4 contiki-cc13xx.a(random.o)
                0x000036e0                random_init
 .text.random_rand
                0x000036e4        0xc contiki-cc13xx.a(random.o)
                0x000036e4                random_rand
 .text.ringbuf_init
                0x000036f0       0x10 contiki-cc13xx.a(ringbuf.o)
                0x000036f0                ringbuf_init
 .text.ringbuf_put
                0x00003700       0x30 contiki-cc13xx.a(ringbuf.o)
                0x00003700                ringbuf_put
 .text.ringbuf_get
                0x00003730       0x28 contiki-cc13xx.a(ringbuf.o)
                0x00003730                ringbuf_get
 .text.uip_ds6_list_loop
                0x00003758       0x60 contiki-cc13xx.a(uip-ds6.o)
                0x00003758                uip_ds6_list_loop
 .text.uip_ds6_prefix_add
                0x000037b8       0x6c contiki-cc13xx.a(uip-ds6.o)
                0x000037b8                uip_ds6_prefix_add
 .text.uip_ds6_is_addr_onlink
                0x00003824       0x3c contiki-cc13xx.a(uip-ds6.o)
                0x00003824                uip_ds6_is_addr_onlink
 .text.uip_ds6_addr_lookup
                0x00003860       0x30 contiki-cc13xx.a(uip-ds6.o)
                0x00003860                uip_ds6_addr_lookup
 .text.uip_ds6_get_link_local
                0x00003890       0x44 contiki-cc13xx.a(uip-ds6.o)
                0x00003890                uip_ds6_get_link_local
 .text.uip_ds6_maddr_add
                0x000038d4       0x50 contiki-cc13xx.a(uip-ds6.o)
                0x000038d4                uip_ds6_maddr_add
 .text.uip_ds6_addr_add
                0x00003924       0xa8 contiki-cc13xx.a(uip-ds6.o)
                0x00003924                uip_ds6_addr_add
 .text.uip_ds6_maddr_lookup
                0x000039cc       0x30 contiki-cc13xx.a(uip-ds6.o)
                0x000039cc                uip_ds6_maddr_lookup
 .text.uip_ds6_addr_rm
                0x000039fc       0x48 contiki-cc13xx.a(uip-ds6.o)
                0x000039fc                uip_ds6_addr_rm
 .text.uip_ds6_periodic
                0x00003a44       0x60 contiki-cc13xx.a(uip-ds6.o)
                0x00003a44                uip_ds6_periodic
 .text.uip_ds6_select_src
                0x00003aa4       0xf4 contiki-cc13xx.a(uip-ds6.o)
                0x00003aa4                uip_ds6_select_src
 .text.uip_ds6_set_addr_iid
                0x00003b98       0x14 contiki-cc13xx.a(uip-ds6.o)
                0x00003b98                uip_ds6_set_addr_iid
 .text.uip_ds6_compute_reachable_time
                0x00003bac       0x28 contiki-cc13xx.a(uip-ds6.o)
                0x00003bac                uip_ds6_compute_reachable_time
 .text.uip_ds6_init
                0x00003bd4       0xf8 contiki-cc13xx.a(uip-ds6.o)
                0x00003bd4                uip_ds6_init
 .text.call_route_callback
                0x00003ccc       0x48 contiki-cc13xx.a(uip-ds6-route.o)
 .text.uip_ds6_route_init
                0x00003d14       0x24 contiki-cc13xx.a(uip-ds6-route.o)
                0x00003d14                uip_ds6_route_init
 .text.uip_ds6_defrt_rm
                0x00003d38       0x48 contiki-cc13xx.a(uip-ds6-route.o)
                0x00003d38                uip_ds6_defrt_rm
 .text.uip_ds6_defrt_lookup
                0x00003d80       0x34 contiki-cc13xx.a(uip-ds6-route.o)
                0x00003d80                uip_ds6_defrt_lookup
 .text.uip_ds6_defrt_add
                0x00003db4       0x5c contiki-cc13xx.a(uip-ds6-route.o)
                0x00003db4                uip_ds6_defrt_add
 .text.uip_ds6_defrt_choose
                0x00003e10       0x34 contiki-cc13xx.a(uip-ds6-route.o)
                0x00003e10                uip_ds6_defrt_choose
 .text.uip_ds6_defrt_periodic
                0x00003e44       0x3c contiki-cc13xx.a(uip-ds6-route.o)
                0x00003e44                uip_ds6_defrt_periodic
 .text.chksum   0x00003e80       0x50 contiki-cc13xx.a(uip6.o)
 .text.upper_layer_chksum
                0x00003ed0       0x58 contiki-cc13xx.a(uip6.o)
 .text.ext_hdr_options_process
                0x00003f28       0x7c contiki-cc13xx.a(uip6.o)
 .text.uip_add32
                0x00003fa4       0x58 contiki-cc13xx.a(uip6.o)
                0x00003fa4                uip_add32
 .text.unlikely.uip_add_rcv_nxt
                0x00003ffc       0x2c contiki-cc13xx.a(uip6.o)
 .text.uip_icmp6chksum
                0x00004028        0x8 contiki-cc13xx.a(uip6.o)
                0x00004028                uip_icmp6chksum
 .text.uip_init
                0x00004030       0x64 contiki-cc13xx.a(uip6.o)
                0x00004030                uip_init
 .text.remove_ext_hdr
                0x00004094       0x60 contiki-cc13xx.a(uip6.o)
                0x00004094                remove_ext_hdr
 .text.uip_udp_new
                0x000040f4       0xd4 contiki-cc13xx.a(uip6.o)
                0x000040f4                uip_udp_new
 .text.uip_unlisten
                0x000041c8       0x44 contiki-cc13xx.a(uip6.o)
                0x000041c8                uip_unlisten
 .text.uip_process
                0x0000420c     0x1158 contiki-cc13xx.a(uip6.o)
                0x0000420c                uip_process
 .text.uip_ds6_nbr_rm
                0x00005364       0x20 contiki-cc13xx.a(uip-ds6-nbr.o)
                0x00005364                uip_ds6_nbr_rm
 .text.uip_ds6_neighbors_init
                0x00005384       0x14 contiki-cc13xx.a(uip-ds6-nbr.o)
                0x00005384                uip_ds6_neighbors_init
 .text.uip_ds6_nbr_add
                0x00005398       0x54 contiki-cc13xx.a(uip-ds6-nbr.o)
                0x00005398                uip_ds6_nbr_add
 .text.uip_ds6_nbr_get_ll
                0x000053ec       0x10 contiki-cc13xx.a(uip-ds6-nbr.o)
                0x000053ec                uip_ds6_nbr_get_ll
 .text.uip_ds6_nbr_num
                0x000053fc       0x28 contiki-cc13xx.a(uip-ds6-nbr.o)
                0x000053fc                uip_ds6_nbr_num
 .text.uip_ds6_nbr_lookup
                0x00005424       0x3c contiki-cc13xx.a(uip-ds6-nbr.o)
                0x00005424                uip_ds6_nbr_lookup
 .text.uip_ds6_nbr_ipaddr_from_lladdr
                0x00005460       0x10 contiki-cc13xx.a(uip-ds6-nbr.o)
                0x00005460                uip_ds6_nbr_ipaddr_from_lladdr
 .text.uip_ds6_nbr_lladdr_from_ipaddr
                0x00005470       0x1c contiki-cc13xx.a(uip-ds6-nbr.o)
                0x00005470                uip_ds6_nbr_lladdr_from_ipaddr
 .text.uip_ds6_link_neighbor_callback
                0x0000548c       0x64 contiki-cc13xx.a(uip-ds6-nbr.o)
                0x0000548c                uip_ds6_link_neighbor_callback
 .text.uip_ds6_neighbor_periodic
                0x000054f0       0x70 contiki-cc13xx.a(uip-ds6-nbr.o)
                0x000054f0                uip_ds6_neighbor_periodic
 .text.uip_nd6_init
                0x00005560        0x4 contiki-cc13xx.a(uip-nd6.o)
                0x00005560                uip_nd6_init
 .text.sicslowpan_init
                0x00005564       0x24 contiki-cc13xx.a(sicslowpan.o)
                0x00005564                sicslowpan_init
 .text.set_packet_attrs
                0x00005588       0x4c contiki-cc13xx.a(sicslowpan.o)
 .text.compress_addr_64
                0x000055d4       0x9c contiki-cc13xx.a(sicslowpan.o)
 .text.addr_context_lookup_by_prefix
                0x00005670       0x28 contiki-cc13xx.a(sicslowpan.o)
 .text.packet_sent
                0x00005698       0x28 contiki-cc13xx.a(sicslowpan.o)
 .text.uncompress_addr
                0x000056c0       0xb8 contiki-cc13xx.a(sicslowpan.o)
 .text.output   0x00005778      0x5ec contiki-cc13xx.a(sicslowpan.o)
 .text.input    0x00005d64      0x48c contiki-cc13xx.a(sicslowpan.o)
 .text.uip_debug_ipaddr_print
                0x000061f0       0xb0 contiki-cc13xx.a(uip-debug.o)
                0x000061f0                uip_debug_ipaddr_print
 .text.uip_udp_packet_sendto
                0x000062a0       0x58 contiki-cc13xx.a(uip-udp-packet.)
                0x000062a0                uip_udp_packet_sendto
 .text.uip_udp_received_data_preprocess
                0x000062f8       0x2c contiki-cc13xx.a(uip-udp-packet.)
                0x000062f8                uip_udp_received_data_preprocess
 .text.start_periodic_tcp_timer
                0x00006324       0x1c contiki-cc13xx.a(tcpip.o)
 .text.tcpip_set_outputfunc
                0x00006340        0xc contiki-cc13xx.a(tcpip.o)
                0x00006340                tcpip_set_outputfunc
 .text.udp_new  0x0000634c       0x18 contiki-cc13xx.a(tcpip.o)
                0x0000634c                udp_new
 .text.tcpip_icmp6_call
                0x00006364       0x28 contiki-cc13xx.a(tcpip.o)
                0x00006364                tcpip_icmp6_call
 .text.tcpip_input
                0x0000638c       0x24 contiki-cc13xx.a(tcpip.o)
                0x0000638c                tcpip_input
 .text.tcpip_ipv6_output
                0x000063b0       0xe8 contiki-cc13xx.a(tcpip.o)
                0x000063b0                tcpip_ipv6_output
 .text.process_thread_tcpip_process
                0x00006498      0x20c contiki-cc13xx.a(tcpip.o)
 .text.tcpip_uipcall
                0x000066a4       0x90 contiki-cc13xx.a(tcpip.o)
                0x000066a4                tcpip_uipcall
 .text.rpl_link_neighbor_callback
                0x00006734       0x78 contiki-cc13xx.a(rpl.o)
                0x00006734                rpl_link_neighbor_callback
 .text.rpl_ipv6_neighbor_callback
                0x000067ac       0x30 contiki-cc13xx.a(rpl.o)
                0x000067ac                rpl_ipv6_neighbor_callback
 .text.rpl_init
                0x000067dc       0x58 contiki-cc13xx.a(rpl.o)
                0x000067dc                rpl_init
 .text.reset    0x00006834        0x4 contiki-cc13xx.a(rpl-mrhof.o)
 .text.update_metric_container
                0x00006838        0x8 contiki-cc13xx.a(rpl-mrhof.o)
 .text.calculate_rank
                0x00006840       0x44 contiki-cc13xx.a(rpl-mrhof.o)
 .text.neighbor_link_callback
                0x00006884       0x60 contiki-cc13xx.a(rpl-mrhof.o)
 .text.best_dag
                0x000068e4       0x2c contiki-cc13xx.a(rpl-mrhof.o)
 .text.best_parent
                0x00006910       0x60 contiki-cc13xx.a(rpl-mrhof.o)
 .text.lollipop_greater_than
                0x00006970       0x3c contiki-cc13xx.a(rpl-dag.o)
 .text.rpl_set_preferred_parent
                0x000069ac       0x2c contiki-cc13xx.a(rpl-dag.o)
 .text.set_ip_from_prefix
                0x000069d8       0x2c contiki-cc13xx.a(rpl-dag.o)
 .text.check_prefix
                0x00006a04       0x78 contiki-cc13xx.a(rpl-dag.o)
 .text.find_parent_any_dag_any_instance
                0x00006a7c       0x1c contiki-cc13xx.a(rpl-dag.o)
 .text.rpl_get_nbr
                0x00006a98       0x28 contiki-cc13xx.a(rpl-dag.o)
                0x00006a98                rpl_get_nbr
 .text.rpl_dag_init
                0x00006ac0       0x14 contiki-cc13xx.a(rpl-dag.o)
                0x00006ac0                rpl_dag_init
 .text.rpl_get_parent_rank
                0x00006ad4       0x18 contiki-cc13xx.a(rpl-dag.o)
                0x00006ad4                rpl_get_parent_rank
 .text.rpl_get_parent_ipaddr
                0x00006aec       0x18 contiki-cc13xx.a(rpl-dag.o)
                0x00006aec                rpl_get_parent_ipaddr
 .text.rpl_set_prefix
                0x00006b04       0x98 contiki-cc13xx.a(rpl-dag.o)
                0x00006b04                rpl_set_prefix
 .text.rpl_set_default_route
                0x00006b9c       0x34 contiki-cc13xx.a(rpl-dag.o)
                0x00006b9c                rpl_set_default_route
 .text.rpl_alloc_instance
                0x00006bd0       0x2c contiki-cc13xx.a(rpl-dag.o)
                0x00006bd0                rpl_alloc_instance
 .text.rpl_alloc_dag
                0x00006bfc       0x5c contiki-cc13xx.a(rpl-dag.o)
                0x00006bfc                rpl_alloc_dag
 .text.rpl_add_parent
                0x00006c58       0x44 contiki-cc13xx.a(rpl-dag.o)
                0x00006c58                rpl_add_parent
 .text.rpl_find_parent_any_dag
                0x00006c9c       0x20 contiki-cc13xx.a(rpl-dag.o)
                0x00006c9c                rpl_find_parent_any_dag
 .text.rpl_select_parent
                0x00006cbc       0x84 contiki-cc13xx.a(rpl-dag.o)
                0x00006cbc                rpl_select_parent
 .text.rpl_select_dag
                0x00006d40      0x134 contiki-cc13xx.a(rpl-dag.o)
                0x00006d40                rpl_select_dag
 .text.rpl_nullify_parent
                0x00006e74       0x30 contiki-cc13xx.a(rpl-dag.o)
                0x00006e74                rpl_nullify_parent
 .text.rpl_remove_parent
                0x00006ea4       0x1c contiki-cc13xx.a(rpl-dag.o)
                0x00006ea4                rpl_remove_parent
 .text.nbr_callback
                0x00006ec0        0x4 contiki-cc13xx.a(rpl-dag.o)
 .text.remove_parents.constprop.4
                0x00006ec4       0x44 contiki-cc13xx.a(rpl-dag.o)
 .text.rpl_move_parent
                0x00006f08       0x40 contiki-cc13xx.a(rpl-dag.o)
                0x00006f08                rpl_move_parent
 .text.rpl_get_any_dag
                0x00006f48       0x18 contiki-cc13xx.a(rpl-dag.o)
                0x00006f48                rpl_get_any_dag
 .text.rpl_join_instance
                0x00006f60      0x120 contiki-cc13xx.a(rpl-dag.o)
                0x00006f60                rpl_join_instance
 .text.rpl_local_repair
                0x00007080       0x50 contiki-cc13xx.a(rpl-dag.o)
                0x00007080                rpl_local_repair
 .text.rpl_process_parent_event
                0x000070d0       0x60 contiki-cc13xx.a(rpl-dag.o)
                0x000070d0                rpl_process_parent_event
 .text.rpl_recalculate_ranks
                0x00007130       0x50 contiki-cc13xx.a(rpl-dag.o)
                0x00007130                rpl_recalculate_ranks
 .text.rpl_process_dio
                0x00007180      0x284 contiki-cc13xx.a(rpl-dag.o)
                0x00007180                rpl_process_dio
 .text.SetVddrLevel
                0x00007404       0xa4 contiki-cc13xx.a(setup.o)
                0x00007404                SetVddrLevel
 .text.HapiTrimDeviceShutDown
                0x000074a8      0x564 contiki-cc13xx.a(setup.o)
 .text.trimDevice
                0x00007a0c       0xfc contiki-cc13xx.a(setup.o)
                0x00007a0c                trimDevice
 .text.ChipInfo_GetSupportedProtocol_BV
                0x00007b08       0x10 contiki-cc13xx.a(chipinfo.o)
                0x00007b08                ChipInfo_GetSupportedProtocol_BV
 .text.ChipInfo_GetChipFamily
                0x00007b18       0x38 contiki-cc13xx.a(chipinfo.o)
                0x00007b18                ChipInfo_GetChipFamily
 .text.ChipInfo_GetHwRevision
                0x00007b50       0x98 contiki-cc13xx.a(chipinfo.o)
                0x00007b50                ChipInfo_GetHwRevision
 .text.ThisCodeIsBuiltForCC13xxHwRev20AndLater_HaltIfViolated
                0x00007be8       0x40 contiki-cc13xx.a(chipinfo.o)
                0x00007be8                ThisCodeIsBuiltForCC13xxHwRev20AndLater_HaltIfViolated
 .text.NOROM_CPUcpsid
                0x00007c28        0x8 contiki-cc13xx.a(cpu.o)
                0x00007c28                NOROM_CPUcpsid
 .text.NOROM_CPUcpsie
                0x00007c30        0x8 contiki-cc13xx.a(cpu.o)
                0x00007c30                NOROM_CPUcpsie
 .text.NOROM_OSCClockSourceSet
                0x00007c38       0x60 contiki-cc13xx.a(osc.o)
                0x00007c38                NOROM_OSCClockSourceSet
 .text.NOROM_OSCClockSourceGet
                0x00007c98       0x2c contiki-cc13xx.a(osc.o)
                0x00007c98                NOROM_OSCClockSourceGet
 .text.NOROM_OSCInterfaceEnable
                0x00007cc4       0x34 contiki-cc13xx.a(osc.o)
                0x00007cc4                NOROM_OSCInterfaceEnable
 .text.NOROM_AONRTCCurrentCompareValueGet
                0x00007cf8       0x24 contiki-cc13xx.a(aon_rtc.o)
                0x00007cf8                NOROM_AONRTCCurrentCompareValueGet
 .text.orpl_bitmap_current_rank
                0x00007d1c       0x14 contiki-cc13xx.a(orpl-bitmap.o)
                0x00007d1c                orpl_bitmap_current_rank
 .text.orpl_bitmap_root_rank
                0x00007d30       0x18 contiki-cc13xx.a(orpl-bitmap.o)
                0x00007d30                orpl_bitmap_root_rank
 .text.orpl_bitmap_satisfy_fwd
                0x00007d48       0x34 contiki-cc13xx.a(orpl-bitmap.o)
                0x00007d48                orpl_bitmap_satisfy_fwd
 .text.lladdr_from_ipaddr_uuid
                0x00007d7c       0x14 contiki-cc13xx.a(orpl-bitmap.o)
                0x00007d7c                lladdr_from_ipaddr_uuid
 .text.orpl_bitmap_duplicate_detect
                0x00007d90       0x4c contiki-cc13xx.a(orpl-bitmap.o)
                0x00007d90                orpl_bitmap_duplicate_detect
 .text.orpl_bitmap_duplicate_register
                0x00007ddc       0x44 contiki-cc13xx.a(orpl-bitmap.o)
                0x00007ddc                orpl_bitmap_duplicate_register
 .text.orpl_bitmap_get_current_seqno
                0x00007e20       0x30 contiki-cc13xx.a(orpl-bitmap.o)
                0x00007e20                orpl_bitmap_get_current_seqno
 .text.get_orpl_packet_seqno
                0x00007e50       0x20 contiki-cc13xx.a(orpl-bitmap.o)
                0x00007e50                get_orpl_packet_seqno
 .text.orpl_bitmap_init
                0x00007e70        0x4 contiki-cc13xx.a(orpl-bitmap.o)
                0x00007e70                orpl_bitmap_init
 .text.queuebuf_init
                0x00007e74       0x1c contiki-cc13xx.a(queuebuf.o)
                0x00007e74                queuebuf_init
 .text.queuebuf_new_from_packetbuf
                0x00007e90       0x48 contiki-cc13xx.a(queuebuf.o)
                0x00007e90                queuebuf_new_from_packetbuf
 .text.queuebuf_update_attr_from_packetbuf
                0x00007ed8        0xc contiki-cc13xx.a(queuebuf.o)
                0x00007ed8                queuebuf_update_attr_from_packetbuf
 .text.queuebuf_update_from_packetbuf
                0x00007ee4       0x1c contiki-cc13xx.a(queuebuf.o)
                0x00007ee4                queuebuf_update_from_packetbuf
 .text.queuebuf_free
                0x00007f00       0x2c contiki-cc13xx.a(queuebuf.o)
                0x00007f00                queuebuf_free
 .text.queuebuf_to_packetbuf
                0x00007f2c       0x30 contiki-cc13xx.a(queuebuf.o)
                0x00007f2c                queuebuf_to_packetbuf
 .text.queuebuf_attr
                0x00007f5c        0xc contiki-cc13xx.a(queuebuf.o)
                0x00007f5c                queuebuf_attr
 .text.nbr_set_bit
                0x00007f68       0x4c contiki-cc13xx.a(nbr-table.o)
 .text.index_from_lladdr
                0x00007fb4       0x50 contiki-cc13xx.a(nbr-table.o)
 .text.nbr_get_bit.constprop.0
                0x00008004       0x2c contiki-cc13xx.a(nbr-table.o)
 .text.nbr_table_register
                0x00008030       0x2c contiki-cc13xx.a(nbr-table.o)
                0x00008030                nbr_table_register
 .text.nbr_table_next
                0x0000805c       0x70 contiki-cc13xx.a(nbr-table.o)
                0x0000805c                nbr_table_next
 .text.nbr_table_head
                0x000080cc       0x58 contiki-cc13xx.a(nbr-table.o)
                0x000080cc                nbr_table_head
 .text.nbr_table_add_lladdr
                0x00008124      0x190 contiki-cc13xx.a(nbr-table.o)
                0x00008124                nbr_table_add_lladdr
 .text.nbr_table_get_from_lladdr
                0x000082b4       0x34 contiki-cc13xx.a(nbr-table.o)
                0x000082b4                nbr_table_get_from_lladdr
 .text.nbr_table_remove
                0x000082e8       0x2c contiki-cc13xx.a(nbr-table.o)
                0x000082e8                nbr_table_remove
 .text.nbr_table_lock
                0x00008314       0x14 contiki-cc13xx.a(nbr-table.o)
                0x00008314                nbr_table_lock
 .text.nbr_table_unlock
                0x00008328       0x14 contiki-cc13xx.a(nbr-table.o)
                0x00008328                nbr_table_unlock
 .text.nbr_table_get_lladdr
                0x0000833c       0x30 contiki-cc13xx.a(nbr-table.o)
                0x0000833c                nbr_table_get_lladdr
 .text.packetbuf_copyto
                0x0000836c       0x50 contiki-cc13xx.a(packetbuf.o)
                0x0000836c                packetbuf_copyto
 .text.packetbuf_hdralloc
                0x000083bc       0x48 contiki-cc13xx.a(packetbuf.o)
                0x000083bc                packetbuf_hdralloc
 .text.packetbuf_hdrreduce
                0x00008404       0x2c contiki-cc13xx.a(packetbuf.o)
                0x00008404                packetbuf_hdrreduce
 .text.packetbuf_set_datalen
                0x00008430        0xc contiki-cc13xx.a(packetbuf.o)
                0x00008430                packetbuf_set_datalen
 .text.packetbuf_dataptr
                0x0000843c       0x14 contiki-cc13xx.a(packetbuf.o)
                0x0000843c                packetbuf_dataptr
 .text.packetbuf_hdrptr
                0x00008450       0x14 contiki-cc13xx.a(packetbuf.o)
                0x00008450                packetbuf_hdrptr
 .text.packetbuf_datalen
                0x00008464        0xc contiki-cc13xx.a(packetbuf.o)
                0x00008464                packetbuf_datalen
 .text.packetbuf_totlen
                0x00008470       0x28 contiki-cc13xx.a(packetbuf.o)
                0x00008470                packetbuf_totlen
 .text.packetbuf_attr_clear
                0x00008498       0x38 contiki-cc13xx.a(packetbuf.o)
                0x00008498                packetbuf_attr_clear
 .text.packetbuf_clear
                0x000084d0       0x34 contiki-cc13xx.a(packetbuf.o)
                0x000084d0                packetbuf_clear
 .text.packetbuf_copyfrom
                0x00008504       0x2c contiki-cc13xx.a(packetbuf.o)
                0x00008504                packetbuf_copyfrom
 .text.packetbuf_attr_copyto
                0x00008530       0x44 contiki-cc13xx.a(packetbuf.o)
                0x00008530                packetbuf_attr_copyto
 .text.packetbuf_attr_copyfrom
                0x00008574       0x44 contiki-cc13xx.a(packetbuf.o)
                0x00008574                packetbuf_attr_copyfrom
 .text.packetbuf_set_attr
                0x000085b8       0x10 contiki-cc13xx.a(packetbuf.o)
                0x000085b8                packetbuf_set_attr
 .text.packetbuf_attr
                0x000085c8        0xc contiki-cc13xx.a(packetbuf.o)
                0x000085c8                packetbuf_attr
 .text.packetbuf_set_addr
                0x000085d4       0x18 contiki-cc13xx.a(packetbuf.o)
                0x000085d4                packetbuf_set_addr
 .text.packetbuf_addr
                0x000085ec       0x10 contiki-cc13xx.a(packetbuf.o)
                0x000085ec                packetbuf_addr
 .text.packetbuf_holds_broadcast
                0x000085fc       0x10 contiki-cc13xx.a(packetbuf.o)
                0x000085fc                packetbuf_holds_broadcast
 .text.netstack_init
                0x0000860c       0x38 contiki-cc13xx.a(netstack.o)
                0x0000860c                netstack_init
 .text.linkaddr_copy
                0x00008644        0xc contiki-cc13xx.a(linkaddr.o)
                0x00008644                linkaddr_copy
 .text.linkaddr_cmp
                0x00008650       0x10 contiki-cc13xx.a(linkaddr.o)
                0x00008650                linkaddr_cmp
 .text.parse    0x00008660       0x94 contiki-cc13xx.a(framer-802154.o)
 .text.create_frame.isra.0
                0x000086f4      0x128 contiki-cc13xx.a(framer-802154.o)
 .text.create   0x0000881c        0x8 contiki-cc13xx.a(framer-802154.o)
 .text.hdr_length
                0x00008824        0x8 contiki-cc13xx.a(framer-802154.o)
 .text.field_len
                0x0000882c       0x88 contiki-cc13xx.a(frame802154.o)
 .text.frame802154_hdrlen
                0x000088b4       0x54 contiki-cc13xx.a(frame802154.o)
                0x000088b4                frame802154_hdrlen
 .text.frame802154_create
                0x00008908      0x10c contiki-cc13xx.a(frame802154.o)
                0x00008908                frame802154_create
 .text.frame802154_parse
                0x00008a14      0x150 contiki-cc13xx.a(frame802154.o)
                0x00008a14                frame802154_parse
 .text.input_packet
                0x00008b64        0xc contiki-cc13xx.a(csma.o)
 .text.on       0x00008b70        0xc contiki-cc13xx.a(csma.o)
 .text.off      0x00008b7c        0xc contiki-cc13xx.a(csma.o)
 .text.channel_check_interval
                0x00008b88       0x10 contiki-cc13xx.a(csma.o)
 .text.transmit_packet_list
                0x00008b98       0x34 contiki-cc13xx.a(csma.o)
 .text.free_packet
                0x00008bcc       0x98 contiki-cc13xx.a(csma.o)
 .text.packet_sent
                0x00008c64      0x100 contiki-cc13xx.a(csma.o)
 .text.send_packet
                0x00008d64      0x164 contiki-cc13xx.a(csma.o)
 .text.init     0x00008ec8       0x24 contiki-cc13xx.a(csma.o)
 .text.duty_cycle
                0x00008eec       0x10 contiki-cc13xx.a(contikimac.o)
 .text.init     0x00008efc       0x64 contiki-cc13xx.a(contikimac.o)
 .text.on       0x00008f60       0x2c contiki-cc13xx.a(contikimac.o)
 .text.off      0x00008f8c       0x38 contiki-cc13xx.a(contikimac.o)
 .text.recv_burst_off
                0x00008fc4       0x14 contiki-cc13xx.a(contikimac.o)
 .text.input_packet
                0x00008fd8      0x104 contiki-cc13xx.a(contikimac.o)
 .text.powercycle_turn_radio_off.part.2
                0x000090dc       0x10 contiki-cc13xx.a(contikimac.o)
 .text.turn_off
                0x000090ec       0x48 contiki-cc13xx.a(contikimac.o)
 .text.turn_on  0x00009134       0x48 contiki-cc13xx.a(contikimac.o)
 .text.schedule_powercycle_fixed.part.5
                0x0000917c       0x2c contiki-cc13xx.a(contikimac.o)
 .text.send_packet.isra.7.constprop.9
                0x000091a8      0x244 contiki-cc13xx.a(contikimac.o)
 .text.qsend_packet
                0x000093ec       0x20 contiki-cc13xx.a(contikimac.o)
 .text.qsend_list
                0x0000940c       0xbc contiki-cc13xx.a(contikimac.o)
 .text.powercycle_wrapper
                0x000094c8      0x294 contiki-cc13xx.a(contikimac.o)
 .text.init     0x0000975c        0x4 contiki-cc13xx.a(nullsec.o)
 .text.input    0x00009760        0xc contiki-cc13xx.a(nullsec.o)
 .text.send     0x0000976c       0x20 contiki-cc13xx.a(nullsec.o)
 .text.node_id_burn
                0x0000978c        0xc contiki-cc13xx.a(node-id.o)
                0x0000978c                node_id_burn
 .text.normalbyte_rfchannel_burn
                0x00009798       0x28 contiki-cc13xx.a(node-id.o)
                0x00009798                normalbyte_rfchannel_burn
 .text.normalbyte_rfchannel_restore
                0x000097c0       0x4c contiki-cc13xx.a(node-id.o)
                0x000097c0                normalbyte_rfchannel_restore
 .text.restart_count_byte_burn
                0x0000980c       0x20 contiki-cc13xx.a(node-id.o)
                0x0000980c                restart_count_byte_burn
 .text.restart_count_byte_restore
                0x0000982c       0x2c contiki-cc13xx.a(node-id.o)
                0x0000982c                restart_count_byte_restore
 .text.random_delay
                0x00009858       0x20 contiki-cc13xx.a(udp-fragment.o)
 .text.udp_fragment_frag_send
                0x00009878      0x114 contiki-cc13xx.a(udp-fragment.o)
 .text.udp_fragment_packet_send
                0x0000998c       0xec contiki-cc13xx.a(udp-fragment.o)
                0x0000998c                udp_fragment_packet_send
 .text.udp_fragment_send_callback
                0x00009a78       0x38 contiki-cc13xx.a(udp-fragment.o)
                0x00009a78                udp_fragment_send_callback
 .text.udp_fragment_init
                0x00009ab0       0x20 contiki-cc13xx.a(udp-fragment.o)
                0x00009ab0                udp_fragment_init
 .text.update_new_schedule
                0x00009ad0       0x1c contiki-cc13xx.a(netsynch.o)
                0x00009ad0                update_new_schedule
 .text.random_delay
                0x00009aec       0x38 contiki-cc13xx.a(netsynch.o)
 .text.netsynch_send
                0x00009b24       0xd4 contiki-cc13xx.a(netsynch.o)
 .text.netsynch_set_authority_level.part.1
                0x00009bf8       0x1c contiki-cc13xx.a(netsynch.o)
 .text.schedule_bitmap_get
                0x00009c14       0x1c contiki-cc13xx.a(netsynch.o)
                0x00009c14                schedule_bitmap_get
 .text.netsynch_cal_offset
                0x00009c30       0x48 contiki-cc13xx.a(netsynch.o)
                0x00009c30                netsynch_cal_offset
 .text.process_thread_netsynch_process
                0x00009c78      0x35c contiki-cc13xx.a(netsynch.o)
 .text.netsynch_init
                0x00009fd4       0x58 contiki-cc13xx.a(netsynch.o)
                0x00009fd4                netsynch_init
 .text.netsync_compute_autocal_interval
                0x0000a02c       0x40 contiki-cc13xx.a(netsync-auto-ca)
 .text.netsync_cal_time_record
                0x0000a06c       0x28 contiki-cc13xx.a(netsync-auto-ca)
                0x0000a06c                netsync_cal_time_record
 .text.netsync_autocal_update
                0x0000a094       0xbc contiki-cc13xx.a(netsync-auto-ca)
                0x0000a094                netsync_autocal_update
 .text.netsync_autocal_init
                0x0000a150       0x20 contiki-cc13xx.a(netsync-auto-ca)
                0x0000a150                netsync_autocal_init
 .text.process_thread_task_schedule_process
                0x0000a170       0xa8 contiki-cc13xx.a(task-schedule.o)
 .text.get_Start_Time.part.0
                0x0000a218       0xc4 contiki-cc13xx.a(task-schedule.o)
 .text.task_schedule_init
                0x0000a2dc       0x28 contiki-cc13xx.a(task-schedule.o)
                0x0000a2dc                task_schedule_init
 .text.task_schedule_change
                0x0000a304       0xe0 contiki-cc13xx.a(task-schedule.o)
                0x0000a304                task_schedule_change
 .text.read_flash
                0x0000a3e4       0x3c contiki-cc13xx.a(flashdata.o)
                0x0000a3e4                read_flash
 .text.write_to_flash
                0x0000a420      0x118 contiki-cc13xx.a(flashdata.o)
                0x0000a420                write_to_flash
 .text.stimer_set
                0x0000a538       0x10 contiki-cc13xx.a(stimer.o)
                0x0000a538                stimer_set
 .text.stimer_expired
                0x0000a548       0x20 contiki-cc13xx.a(stimer.o)
                0x0000a548                stimer_expired
 .text.memb_init
                0x0000a568       0x24 contiki-cc13xx.a(memb.o)
                0x0000a568                memb_init
 .text.memb_alloc
                0x0000a58c       0x3c contiki-cc13xx.a(memb.o)
                0x0000a58c                memb_alloc
 .text.memb_free
                0x0000a5c8       0x44 contiki-cc13xx.a(memb.o)
                0x0000a5c8                memb_free
 .text.memb_inmemb
                0x0000a60c       0x1c contiki-cc13xx.a(memb.o)
                0x0000a60c                memb_inmemb
 .text.uip_icmp6_input
                0x0000a628       0x3c contiki-cc13xx.a(uip-icmp6.o)
                0x0000a628                uip_icmp6_input
 .text.uip_icmp6_register_input_handler
                0x0000a664        0xc contiki-cc13xx.a(uip-icmp6.o)
                0x0000a664                uip_icmp6_register_input_handler
 .text.uip_icmp6_send
                0x0000a670       0x84 contiki-cc13xx.a(uip-icmp6.o)
                0x0000a670                uip_icmp6_send
 .text.uip_icmp6_init
                0x0000a6f4        0x4 contiki-cc13xx.a(uip-icmp6.o)
                0x0000a6f4                uip_icmp6_init
 .text.get32    0x0000a6f8       0x20 contiki-cc13xx.a(rpl-icmp6.o)
 .text.dio_input
                0x0000a718      0x2b8 contiki-cc13xx.a(rpl-icmp6.o)
 .text.dis_output
                0x0000a9d0       0x58 contiki-cc13xx.a(rpl-icmp6.o)
                0x0000a9d0                dis_output
 .text.dio_output
                0x0000aa28      0x2e0 contiki-cc13xx.a(rpl-icmp6.o)
                0x0000aa28                dio_output
 .text.dis_input
                0x0000ad08       0x58 contiki-cc13xx.a(rpl-icmp6.o)
 .text.send_dio
                0x0000ad60       0x18 contiki-cc13xx.a(rpl-icmp6.o)
 .text.rpl_icmp6_register_handlers
                0x0000ad78       0x1c contiki-cc13xx.a(rpl-icmp6.o)
                0x0000ad78                rpl_icmp6_register_handlers
 .text.handle_periodic_timer
                0x0000ad94       0x34 contiki-cc13xx.a(rpl-timers.o)
 .text.handle_dio_timer
                0x0000adc8       0xd4 contiki-cc13xx.a(rpl-timers.o)
 .text.rpl_reset_periodic_timer
                0x0000ae9c       0x3c contiki-cc13xx.a(rpl-timers.o)
                0x0000ae9c                rpl_reset_periodic_timer
 .text.rpl_reset_dio_timer
                0x0000aed8       0x4c contiki-cc13xx.a(rpl-timers.o)
                0x0000aed8                rpl_reset_dio_timer
 .text.NOROM_VIMSModeGet
                0x0000af24       0x10 contiki-cc13xx.a(vims.o)
                0x0000af24                NOROM_VIMSModeGet
 .text.NOROM_FlashSectorErase
                0x0000af34       0x1c contiki-cc13xx.a(flash.o)
                0x0000af34                NOROM_FlashSectorErase
 .text.NOROM_FlashProgram
                0x0000af50       0x1c contiki-cc13xx.a(flash.o)
                0x0000af50                NOROM_FlashProgram
 .text.mac_call_sent_callback
                0x0000af6c       0x10 contiki-cc13xx.a(mac.o)
                0x0000af6c                mac_call_sent_callback
 .text          0x0000af7c       0x2c /opt/gcc-arm-none/bin/../lib/gcc/arm-none-eabi/4.9.3/armv7-m/libgcc.a(_aeabi_uldivmod.o)
                0x0000af7c                __aeabi_uldivmod
 .text          0x0000afa8       0x60 /opt/gcc-arm-none/bin/../lib/gcc/arm-none-eabi/4.9.3/armv7-m/libgcc.a(bpabi.o)
                0x0000afa8                __gnu_ldivmod_helper
                0x0000afd8                __gnu_uldivmod_helper
 .text          0x0000b008        0x4 /opt/gcc-arm-none/bin/../lib/gcc/arm-none-eabi/4.9.3/armv7-m/libgcc.a(_dvmd_tls.o)
                0x0000b008                __aeabi_ldiv0
                0x0000b008                __aeabi_idiv0
 .text          0x0000b00c      0x2ac /opt/gcc-arm-none/bin/../lib/gcc/arm-none-eabi/4.9.3/armv7-m/libgcc.a(_divdi3.o)
                0x0000b00c                __divdi3
 .text          0x0000b2b8      0x270 /opt/gcc-arm-none/bin/../lib/gcc/arm-none-eabi/4.9.3/armv7-m/libgcc.a(_udivdi3.o)
                0x0000b2b8                __udivdi3
 .text.memcmp   0x0000b528       0x64 /opt/gcc-arm-none/bin/../lib/gcc/arm-none-eabi/4.9.3/../../../../arm-none-eabi/lib/armv7-m/libc.a(lib_a-memcmp.o)
                0x0000b528                memcmp
 .text          0x0000b58c       0xec /opt/gcc-arm-none/bin/../lib/gcc/arm-none-eabi/4.9.3/../../../../arm-none-eabi/lib/armv7-m/libc.a(lib_a-memcpy.o)
                0x0000b58c                memcpy
 .text.memmove  0x0000b678       0xc8 /opt/gcc-arm-none/bin/../lib/gcc/arm-none-eabi/4.9.3/../../../../arm-none-eabi/lib/armv7-m/libc.a(lib_a-memmove.o)
                0x0000b678                memmove
 .text.memset   0x0000b740       0x9c /opt/gcc-arm-none/bin/../lib/gcc/arm-none-eabi/4.9.3/../../../../arm-none-eabi/lib/armv7-m/libc.a(lib_a-memset.o)
                0x0000b740                memset
 .text.srand    0x0000b7dc       0x14 /opt/gcc-arm-none/bin/../lib/gcc/arm-none-eabi/4.9.3/../../../../arm-none-eabi/lib/armv7-m/libc.a(lib_a-rand.o)
                0x0000b7dc                srand
 .text.rand     0x0000b7f0       0x40 /opt/gcc-arm-none/bin/../lib/gcc/arm-none-eabi/4.9.3/../../../../arm-none-eabi/lib/armv7-m/libc.a(lib_a-rand.o)
                0x0000b7f0                rand
 .text.strlen   0x0000b830       0x5c /opt/gcc-arm-none/bin/../lib/gcc/arm-none-eabi/4.9.3/../../../../arm-none-eabi/lib/armv7-m/libc.a(lib_a-strlen.o)
                0x0000b830                strlen
 .text.strncmp  0x0000b88c       0x94 /opt/gcc-arm-none/bin/../lib/gcc/arm-none-eabi/4.9.3/../../../../arm-none-eabi/lib/armv7-m/libc.a(lib_a-strncmp.o)
                0x0000b88c                strncmp
 *(SORT(.rodata*))
 .rodata.autostart_processes
                0x0000b920        0xc udp-sender.co
                0x0000b920                autostart_processes
 .rodata.str1.4
                0x0000b92c       0x8b udp-sender.co
                                 0x8c (size before relaxing)
 *fill*         0x0000b9b7        0x1 00000000
 .rodata.str1.4
                0x0000b9b8       0xd7 obj_cc13xx/collect-common.o
                                 0xdc (size before relaxing)
 *fill*         0x0000ba8f        0x1 00000000
 .rodata.str1.4
                0x0000ba90       0x85 contiki-cc13xx.a(contiki-main.o)
                                 0x88 (size before relaxing)
 *fill*         0x0000bb15        0x3 00000000
 .rodata.output_power
                0x0000bb18       0x80 contiki-cc13xx.a(prop-mode.o)
 .rodata.patchImage
                0x0000bb98      0x278 contiki-cc13xx.a(prop-mode.o)
 .rodata.prop_mode_driver
                0x0000be10       0x38 contiki-cc13xx.a(prop-mode.o)
                0x0000be10                prop_mode_driver
 .rodata.mode_prop
                0x0000be48        0x8 contiki-cc13xx.a(prop-mode.o)
 .rodata.str1.4
                0x0000be50       0x46 contiki-cc13xx.a(rf-core.o)
                                 0x48 (size before relaxing)
 *fill*         0x0000be96        0x2 00000000
 .rodata.str1.4
                0x0000be98       0x42 contiki-cc13xx.a(strformat.o)
                                 0x48 (size before relaxing)
 *fill*         0x0000beda        0x2 00000000
 .rodata.buffer.4019
                0x0000bedc       0x10 contiki-cc13xx.a(strformat.o)
 .rodata.buffer.4028
                0x0000beec       0x10 contiki-cc13xx.a(strformat.o)
 .rodata.str1.4
                0x0000befc        0xf contiki-cc13xx.a(ctimer.o)
                                 0x10 (size before relaxing)
 *fill*         0x0000bf0b        0x1 00000000
 .rodata.str1.4
                0x0000bf0c        0xc contiki-cc13xx.a(etimer.o)
 .rodata.str1.4
                0x0000bf18       0x1e contiki-cc13xx.a(serial-line.o)
                                 0x20 (size before relaxing)
 *fill*         0x0000bf36        0x2 00000000
 .rodata        0x0000bf38        0x4 contiki-cc13xx.a(sicslowpan.o)
 .rodata.ttl_values
                0x0000bf3c        0x4 contiki-cc13xx.a(sicslowpan.o)
 .rodata.unc_llconf
                0x0000bf40        0x4 contiki-cc13xx.a(sicslowpan.o)
                0x0000bf40                unc_llconf
 .rodata.llprefix
                0x0000bf44        0x4 contiki-cc13xx.a(sicslowpan.o)
                0x0000bf44                llprefix
 .rodata.sicslowpan_driver
                0x0000bf48        0xc contiki-cc13xx.a(sicslowpan.o)
                0x0000bf48                sicslowpan_driver
 .rodata.unc_mxconf
                0x0000bf54        0x4 contiki-cc13xx.a(sicslowpan.o)
                0x0000bf54                unc_mxconf
 .rodata.unc_ctxconf
                0x0000bf58        0x4 contiki-cc13xx.a(sicslowpan.o)
                0x0000bf58                unc_ctxconf
 .rodata.str1.4
                0x0000bf5c        0xb contiki-cc13xx.a(sicslowpan.o)
                                  0xc (size before relaxing)
 *fill*         0x0000bf67        0x1 00000000
 .rodata.str1.4
                0x0000bf68       0x41 contiki-cc13xx.a(uip-debug.o)
                                 0x44 (size before relaxing)
 *fill*         0x0000bfa9        0x3 00000000
 .rodata.str1.4
                0x0000bfac        0xd contiki-cc13xx.a(tcpip.o)
                                 0x10 (size before relaxing)
 *fill*         0x0000bfb9        0x3 00000000
 .rodata.linkaddr_null
                0x0000bfbc        0x8 contiki-cc13xx.a(linkaddr.o)
                0x0000bfbc                linkaddr_null
 .rodata.framer_802154
                0x0000bfc4        0xc contiki-cc13xx.a(framer-802154.o)
                0x0000bfc4                framer_802154
 .rodata.str1.4
                0x0000bfd0        0x5 contiki-cc13xx.a(csma.o)
                                  0x8 (size before relaxing)
 *fill*         0x0000bfd5        0x3 00000000
 .rodata.csma_driver
                0x0000bfd8       0x1c contiki-cc13xx.a(csma.o)
                0x0000bfd8                csma_driver
 .rodata.str1.4
                0x0000bff4       0x43 contiki-cc13xx.a(contikimac.o)
                                 0x44 (size before relaxing)
 *fill*         0x0000c037        0x1 00000000
 .rodata.contikimac_driver
                0x0000c038       0x20 contiki-cc13xx.a(contikimac.o)
                0x0000c038                contikimac_driver
 .rodata.str1.4
                0x0000c058        0x8 contiki-cc13xx.a(nullsec.o)
 .rodata.nullsec_driver
                0x0000c060       0x10 contiki-cc13xx.a(nullsec.o)
                0x0000c060                nullsec_driver
 .rodata.str1.4
                0x0000c070       0x31 contiki-cc13xx.a(node-id.o)
                                 0x34 (size before relaxing)
 *fill*         0x0000c0a1        0x3 00000000
 .rodata.str1.4
                0x0000c0a4       0x11 contiki-cc13xx.a(netsynch.o)
                                 0x14 (size before relaxing)
 *fill*         0x0000c0b5        0x3 00000000
 .rodata.str1.4
                0x0000c0b8       0x16 contiki-cc13xx.a(task-schedule.o)
                                 0x18 (size before relaxing)
 *fill*         0x0000c0ce        0x2 00000000
 .rodata.str1.4
                0x0000c0d0       0x8c contiki-cc13xx.a(flashdata.o)
 .rodata._ctype_
                0x0000c15c      0x104 /opt/gcc-arm-none/bin/../lib/gcc/arm-none-eabi/4.9.3/../../../../arm-none-eabi/lib/armv7-m/libc.a(lib_a-ctype_.o)
                0x0000c15c                _ctype_
 .rodata.str1.4
                0x0000c260        0x4 /opt/gcc-arm-none/bin/../lib/gcc/arm-none-eabi/4.9.3/../../../../arm-none-eabi/lib/armv7-m/libc.a(lib_a-impure.o)
                0x0000c264                _etext = .

.glue_7         0x0000c264        0x0
 .glue_7        0x00000000        0x0 linker stubs

.glue_7t        0x0000c264        0x0
 .glue_7t       0x00000000        0x0 linker stubs

.vfp11_veneer   0x0000c264        0x0
 .vfp11_veneer  0x00000000        0x0 linker stubs

.v4_bx          0x0000c264        0x0
 .v4_bx         0x00000000        0x0 linker stubs

.iplt           0x0000c264        0x0
 .iplt          0x00000000        0x0 obj_cc13xx/startup_gcc.o

.data           0x20000000      0x6b1 load address 0x0000c264
                0x20000000                _data = .
 *(SORT(vtable))
 *(SORT(.data*))
 .data.impure_data
                0x20000000      0x428 /opt/gcc-arm-none/bin/../lib/gcc/arm-none-eabi/4.9.3/../../../../arm-none-eabi/lib/armv7-m/libc.a(lib_a-impure.o)
 .data.udp_client_process
                0x20000428       0x10 udp-sender.co
                0x20000428                udp_client_process
 .data.collect_common_process
                0x20000438       0x10 obj_cc13xx/collect-common.o
                0x20000438                collect_common_process
 .data.send_active
                0x20000448        0x4 obj_cc13xx/collect-common.o
 .data.srf_module
                0x2000044c       0x14 contiki-cc13xx.a(board.o)
 .data.prop_lpm_module
                0x20000460       0x14 contiki-cc13xx.a(prop-mode.o)
 .data.tx_power_current
                0x20000474        0x4 contiki-cc13xx.a(prop-mode.o)
                0x20000474                tx_power_current
 .data.uart_module
                0x20000478       0x14 contiki-cc13xx.a(cc26xx-uart.o)
 .data.rf_core_process
                0x2000048c       0x10 contiki-cc13xx.a(rf-core.o)
                0x2000048c                rf_core_process
 .data.ctxt     0x2000049c        0x8 contiki-cc13xx.a(dbg-printf.o)
 .data.ctimer_process
                0x200004a4       0x10 contiki-cc13xx.a(ctimer.o)
                0x200004a4                ctimer_process
 .data.etimer_process
                0x200004b4       0x10 contiki-cc13xx.a(etimer.o)
                0x200004b4                etimer_process
 .data.serial_line_process
                0x200004c4       0x10 contiki-cc13xx.a(serial-line.o)
                0x200004c4                serial_line_process
 .data.defaultroutermemb
                0x200004d4        0xc contiki-cc13xx.a(uip-ds6-route.o)
 .data.ds6_neighbors
                0x200004e0        0x4 contiki-cc13xx.a(uip-ds6-nbr.o)
                0x200004e0                ds6_neighbors
 .data.ds6_neighbors_struct
                0x200004e4       0x10 contiki-cc13xx.a(uip-ds6-nbr.o)
 .data.tcpip_process
                0x200004f4       0x10 contiki-cc13xx.a(tcpip.o)
                0x200004f4                tcpip_process
 .data.rpl_mrhof
                0x20000504       0x1c contiki-cc13xx.a(rpl-mrhof.o)
                0x20000504                rpl_mrhof
 .data.rpl_parents
                0x20000520        0x4 contiki-cc13xx.a(rpl-dag.o)
                0x20000520                rpl_parents
 .data.rpl_parents_struct
                0x20000524       0x10 contiki-cc13xx.a(rpl-dag.o)
 .data.bufmem   0x20000534        0xc contiki-cc13xx.a(queuebuf.o)
 .data.buframmem
                0x20000540        0xc contiki-cc13xx.a(queuebuf.o)
 .data.neighbor_addr_mem
                0x2000054c        0xc contiki-cc13xx.a(nbr-table.o)
 .data.metadata_memb
                0x20000558        0xc contiki-cc13xx.a(csma.o)
 .data.neighbor_memb
                0x20000564        0xc contiki-cc13xx.a(csma.o)
 .data.packet_memb
                0x20000570        0xc contiki-cc13xx.a(csma.o)
 .data.netsynch_process
                0x2000057c       0x10 contiki-cc13xx.a(netsynch.o)
                0x2000057c                netsynch_process
 .data.authority_level
                0x2000058c        0x4 contiki-cc13xx.a(netsynch.o)
 .data.guard_time
                0x20000590        0x4 contiki-cc13xx.a(task-schedule.o)
 .data.task_schedule_process
                0x20000594       0x10 contiki-cc13xx.a(task-schedule.o)
                0x20000594                task_schedule_process
 .data.smartrf_settings_cmd_prop_rx_adv
                0x200005a4       0x30 contiki-cc13xx.a(smartrf-setting)
                0x200005a4                smartrf_settings_cmd_prop_rx_adv
 .data.smartrf_settings_cmd_fs
                0x200005d4       0x18 contiki-cc13xx.a(smartrf-setting)
                0x200005d4                smartrf_settings_cmd_fs
 .data.smartrf_settings_cmd_prop_radio_div_setup
                0x200005ec       0x28 contiki-cc13xx.a(smartrf-setting)
                0x200005ec                smartrf_settings_cmd_prop_radio_div_setup
 .data.smartrf_settings_cmd_prop_tx_adv
                0x20000614       0x20 contiki-cc13xx.a(smartrf-setting)
                0x20000614                smartrf_settings_cmd_prop_tx_adv
 .data.overrides
                0x20000634       0x54 contiki-cc13xx.a(smartrf-setting)
                0x20000634                overrides
 .data.dis_handler
                0x20000688        0xc contiki-cc13xx.a(rpl-icmp6.o)
 .data.dio_handler
                0x20000694        0xc contiki-cc13xx.a(rpl-icmp6.o)
 .data.__ctype_ptr__
                0x200006a0        0x4 /opt/gcc-arm-none/bin/../lib/gcc/arm-none-eabi/4.9.3/../../../../arm-none-eabi/lib/armv7-m/libc.a(lib_a-ctype_.o)
                0x200006a0                __ctype_ptr__
 .data._impure_ptr
                0x200006a4        0x4 /opt/gcc-arm-none/bin/../lib/gcc/arm-none-eabi/4.9.3/../../../../arm-none-eabi/lib/armv7-m/libc.a(lib_a-impure.o)
                0x200006a4                _impure_ptr
 .data.init_net_flag
                0x200006a8        0x2 contiki-cc13xx.a(netconfig.o)
 .data.rdc_channel_check_interval
                0x200006aa        0x2 contiki-cc13xx.a(contikimac.o)
 .data.rssi_threshold
                0x200006ac        0x1 contiki-cc13xx.a(prop-mode.o)
 .data.rdc_active_channel_check_rate
                0x200006ad        0x1 contiki-cc13xx.a(contikimac.o)
 .data.fragment_send_max_len
                0x200006ae        0x1 contiki-cc13xx.a(udp-fragment.o)
 .data.unfragment_send_max_len
                0x200006af        0x1 contiki-cc13xx.a(udp-fragment.o)
 .data.last_seqnum
                0x200006b0        0x1 contiki-cc13xx.a(netsynch.o)
                0x200006b1                _edata = .

.igot.plt       0x200006b4        0x0 load address 0x0000c915
 .igot.plt      0x00000000        0x0 obj_cc13xx/startup_gcc.o

.ARM.exidx      0x0000c918        0x8
 *(SORT(.ARM.exidx*))
 .ARM.exidx     0x0000c918        0x8 /opt/gcc-arm-none/bin/../lib/gcc/arm-none-eabi/4.9.3/armv7-m/libgcc.a(_divdi3.o)
 .ARM.exidx     0x0000c920        0x0 /opt/gcc-arm-none/bin/../lib/gcc/arm-none-eabi/4.9.3/armv7-m/libgcc.a(_udivdi3.o)
                                  0x8 (size before relaxing)

.bss            0x200006b8     0x2228
                0x200006b8                _bss = .
 *(SORT(.bss*))
 .bss.count     0x200006b8        0x8 contiki-cc13xx.a(clock.o)
 .bss.server_ipaddr
                0x200006c0       0x10 udp-sender.co
 .bss.client_conn
                0x200006d0        0x4 udp-sender.co
 .bss.wait_timer.5669
                0x200006d4       0x10 obj_cc13xx/collect-common.o
 .bss.time_offset
                0x200006e4        0x4 obj_cc13xx/collect-common.o
 .bss.period_timer.5668
                0x200006e8       0x10 obj_cc13xx/collect-common.o
 .bss.last_lpm.6233
                0x200006f8        0x4 contiki-cc13xx.a(collect-view.o)
 .bss.last_cpu.6232
                0x200006fc        0x4 contiki-cc13xx.a(collect-view.o)
 .bss.last_transmit.6234
                0x20000700        0x4 contiki-cc13xx.a(collect-view.o)
 .bss.last_listen.6235
                0x20000704        0x4 contiki-cc13xx.a(collect-view.o)
 .bss.rx_stats  0x20000708        0xc contiki-cc13xx.a(prop-mode.o)
 .bss.rx_data_queue
                0x20000714        0x8 contiki-cc13xx.a(prop-mode.o)
 .bss.rx_read_entry
                0x2000071c        0x4 contiki-cc13xx.a(prop-mode.o)
 .bss.tx_buf    0x20000720       0xb8 contiki-cc13xx.a(prop-mode.o)
 .bss.start.8450
                0x200007d8        0x4 contiki-cc13xx.a(prop-mode.o)
 .bss.rx_buf_0  0x200007dc       0x8c contiki-cc13xx.a(prop-mode.o)
 .bss.rx_buf_1  0x20000868       0x8c contiki-cc13xx.a(prop-mode.o)
 .bss.last_isr_time
                0x200008f4        0x4 contiki-cc13xx.a(soc-rtc.o)
 .bss.input_handler
                0x200008f8        0x4 contiki-cc13xx.a(cc26xx-uart.o)
 .bss.modules_list_list
                0x200008fc        0x4 contiki-cc13xx.a(lpm.o)
 .bss.irq_energest
                0x20000900        0x4 contiki-cc13xx.a(lpm.o)
 .bss.timenow   0x20000904        0x4 contiki-cc13xx.a(netconfig.o)
 .bss.cal_offest
                0x20000908        0x4 contiki-cc13xx.a(netconfig.o)
 .bss.cal_interval
                0x2000090c        0x4 contiki-cc13xx.a(netconfig.o)
 .bss.cal_count
                0x20000910        0x4 contiki-cc13xx.a(netconfig.o)
 .bss.schedule_bit
                0x20000914       0x14 contiki-cc13xx.a(netconfig.o)
 .bss.last_radio_op
                0x20000928        0x4 contiki-cc13xx.a(rf-core.o)
 .bss.primary_mode
                0x2000092c        0x4 contiki-cc13xx.a(rf-core.o)
 .bss.ctimer_list_list
                0x20000930        0x4 contiki-cc13xx.a(ctimer.o)
 .bss.timerlist
                0x20000934        0x4 contiki-cc13xx.a(etimer.o)
 .bss.next_expiration
                0x20000938        0x4 contiki-cc13xx.a(etimer.o)
 .bss.data.5128
                0x2000093c        0x4 contiki-cc13xx.a(process.o)
 .bss.p.5130    0x20000940        0x4 contiki-cc13xx.a(process.o)
 .bss.receiver.5129
                0x20000944        0x4 contiki-cc13xx.a(process.o)
 .bss.process_current
                0x20000948        0x4 contiki-cc13xx.a(process.o)
                0x20000948                process_current
 .bss.process_list
                0x2000094c        0x4 contiki-cc13xx.a(process.o)
                0x2000094c                process_list
 .bss.events    0x20000950      0x180 contiki-cc13xx.a(process.o)
 .bss.next_rtimer
                0x20000ad0        0x4 contiki-cc13xx.a(rtimer.o)
 .bss.buf.5477  0x20000ad4       0x80 contiki-cc13xx.a(serial-line.o)
 .bss.ptr.5478  0x20000b54        0x4 contiki-cc13xx.a(serial-line.o)
 .bss.rxbuf_data
                0x20000b58       0x80 contiki-cc13xx.a(serial-line.o)
 .bss.rxbuf     0x20000bd8        0x8 contiki-cc13xx.a(serial-line.o)
 .bss.locmaddr  0x20000be0        0x4 contiki-cc13xx.a(uip-ds6.o)
 .bss.locprefix
                0x20000be4        0x4 contiki-cc13xx.a(uip-ds6.o)
 .bss.locaddr   0x20000be8        0x4 contiki-cc13xx.a(uip-ds6.o)
 .bss.loc_fipaddr
                0x20000bec       0x10 contiki-cc13xx.a(uip-ds6.o)
 .bss.defaultroutermemb_memb_mem
                0x20000bfc       0x40 contiki-cc13xx.a(uip-ds6-route.o)
 .bss.defaultroutermemb_memb_count
                0x20000c3c        0x4 contiki-cc13xx.a(uip-ds6-route.o)
 .bss.defaultrouterlist_list
                0x20000c40        0x4 contiki-cc13xx.a(uip-ds6-route.o)
 .bss.notificationlist_list
                0x20000c44        0x4 contiki-cc13xx.a(uip-ds6-route.o)
 .bss.iss       0x20000c48        0x4 contiki-cc13xx.a(uip6.o)
 .bss._ds6_neighbors_mem
                0x20000c4c      0x320 contiki-cc13xx.a(uip-ds6-nbr.o)
 .bss.context   0x20000f6c        0x4 contiki-cc13xx.a(sicslowpan.o)
 .bss.last_rssi
                0x20000f70        0x4 contiki-cc13xx.a(sicslowpan.o)
 .bss.hc06_ptr  0x20000f74        0x4 contiki-cc13xx.a(sicslowpan.o)
 .bss.addr_contexts
                0x20000f78        0xc contiki-cc13xx.a(sicslowpan.o)
 .bss.packetbuf_ptr
                0x20000f84        0x4 contiki-cc13xx.a(sicslowpan.o)
 .bss.last_tx_status
                0x20000f88        0x4 contiki-cc13xx.a(sicslowpan.o)
 .bss.packetbuf_payload_len
                0x20000f8c        0x4 contiki-cc13xx.a(sicslowpan.o)
 .bss.callback  0x20000f90        0x4 contiki-cc13xx.a(sicslowpan.o)
 .bss.s         0x20000f94       0xa4 contiki-cc13xx.a(tcpip.o)
 .bss.periodic  0x20001038       0x10 contiki-cc13xx.a(tcpip.o)
 .bss.outputfunc
                0x20001048        0x4 contiki-cc13xx.a(tcpip.o)
 .bss._rpl_parents_mem
                0x2000104c      0x140 contiki-cc13xx.a(rpl-dag.o)
 .bss.received_orpl_bitmap_seqnos
                0x2000118c       0x30 contiki-cc13xx.a(orpl-bitmap.o)
 .bss.buframmem_memb_count
                0x200011bc        0x8 contiki-cc13xx.a(queuebuf.o)
 .bss.bufmem_memb_mem
                0x200011c4       0x20 contiki-cc13xx.a(queuebuf.o)
 .bss.buframmem_memb_mem
                0x200011e4      0x580 contiki-cc13xx.a(queuebuf.o)
 .bss.bufmem_memb_count
                0x20001764        0x8 contiki-cc13xx.a(queuebuf.o)
 .bss.neighbor_addr_mem_memb_count
                0x2000176c       0x14 contiki-cc13xx.a(nbr-table.o)
 .bss.locked_map
                0x20001780       0x14 contiki-cc13xx.a(nbr-table.o)
 .bss.nbr_table_keys_list
                0x20001794        0x4 contiki-cc13xx.a(nbr-table.o)
 .bss.neighbor_addr_mem_memb_mem
                0x20001798       0xf0 contiki-cc13xx.a(nbr-table.o)
 .bss.used_map  0x20001888       0x14 contiki-cc13xx.a(nbr-table.o)
 .bss.all_tables
                0x2000189c       0x20 contiki-cc13xx.a(nbr-table.o)
 .bss.num_tables
                0x200018bc        0x4 contiki-cc13xx.a(nbr-table.o)
 .bss.packetbufptr
                0x200018c0        0x4 contiki-cc13xx.a(packetbuf.o)
 .bss.packetbuf_aligned
                0x200018c4       0xb0 contiki-cc13xx.a(packetbuf.o)
 .bss.metadata_memb_memb_count
                0x20001974        0x8 contiki-cc13xx.a(csma.o)
 .bss.neighbor_memb_memb_mem
                0x2000197c       0x70 contiki-cc13xx.a(csma.o)
 .bss.metadata_memb_memb_mem
                0x200019ec       0x60 contiki-cc13xx.a(csma.o)
 .bss.neighbor_list_list
                0x20001a4c        0x4 contiki-cc13xx.a(csma.o)
 .bss.packet_memb_memb_mem
                0x20001a50       0x60 contiki-cc13xx.a(csma.o)
 .bss.neighbor_memb_memb_count
                0x20001ab0        0x4 contiki-cc13xx.a(csma.o)
 .bss.packet_memb_memb_count
                0x20001ab4        0x8 contiki-cc13xx.a(csma.o)
 .bss.cycle_start
                0x20001abc        0x4 contiki-cc13xx.a(contikimac.o)
 .bss.we_are_receiving_burst
                0x20001ac0        0x4 contiki-cc13xx.a(contikimac.o)
 .bss.rt        0x20001ac4        0xc contiki-cc13xx.a(contikimac.o)
 .bss.ct.8625   0x20001ad0       0x20 contiki-cc13xx.a(contikimac.o)
 .bss.CYCLE_TIME
                0x20001af0        0x4 contiki-cc13xx.a(contikimac.o)
 .bss.STROBE_TIME
                0x20001af4        0x4 contiki-cc13xx.a(contikimac.o)
 .bss.pt        0x20001af8        0x4 contiki-cc13xx.a(contikimac.o)
 .bss.start.8549
                0x20001afc        0x4 contiki-cc13xx.a(contikimac.o)
 .bss.udp_frag_data_info
                0x20001b00       0xa8 contiki-cc13xx.a(udp-fragment.o)
 .bss.udp_frag_send_timer
                0x20001ba8       0x20 contiki-cc13xx.a(udp-fragment.o)
 .bss.back_ct.7861
                0x20001bc8       0x20 contiki-cc13xx.a(netsynch.o)
 .bss.concentrator_ipv6addr
                0x20001be8       0x10 contiki-cc13xx.a(netsynch.o)
 .bss.netsyn_offset
                0x20001bf8        0x4 contiki-cc13xx.a(netsynch.o)
 .bss.schedule_bitmap_new
                0x20001bfc       0x14 contiki-cc13xx.a(netsynch.o)
 .bss.schedule_bitmap
                0x20001c10       0x14 contiki-cc13xx.a(netsynch.o)
 .bss.response  0x20001c24        0x4 contiki-cc13xx.a(netsynch.o)
 .bss.periodic  0x20001c28       0x10 contiki-cc13xx.a(netsynch.o)
 .bss.mcast_conn
                0x20001c38        0x4 contiki-cc13xx.a(netsynch.o)
 .bss.rev_msg   0x20001c3c       0x1c contiki-cc13xx.a(netsynch.o)
 .bss.send_netsync_ct
                0x20001c58       0x20 contiki-cc13xx.a(netsynch.o)
 .bss.new_netsyc_offset.5757
                0x20001c78        0x4 contiki-cc13xx.a(netsync-auto-ca)
 .bss.netsync_cal_info
                0x20001c7c       0x14 contiki-cc13xx.a(netsync-auto-ca)
 .bss.new_cal_interval.5756
                0x20001c90        0x4 contiki-cc13xx.a(netsync-auto-ca)
 .bss.task_schedule_list_list
                0x20001c94        0x4 contiki-cc13xx.a(task-schedule.o)
 .bss.input_handler_list_list
                0x20001c98        0x4 contiki-cc13xx.a(uip-icmp6.o)
 .bss.ct        0x20001c9c       0x20 contiki-cc13xx.a(rpl-icmp6.o)
 .bss.periodic_timer
                0x20001cbc       0x20 contiki-cc13xx.a(rpl-timers.o)
 .bss.days      0x20001cdc        0x2 contiki-cc13xx.a(netconfig.o)
 .bss.tmp16     0x20001cde        0x2 contiki-cc13xx.a(uip6.o)
 .bss.lastport  0x20001ce0        0x2 contiki-cc13xx.a(uip6.o)
 .bss.duplicate_count.7794
                0x20001ce2        0x2 contiki-cc13xx.a(tcpip.o)
 .bss.current_seqno
                0x20001ce4        0x2 contiki-cc13xx.a(orpl-bitmap.o)
 .bss.buflen    0x20001ce6        0x2 contiki-cc13xx.a(packetbuf.o)
 .bss.bufptr    0x20001ce8        0x2 contiki-cc13xx.a(packetbuf.o)
 .bss.seqno.6182
                0x20001cea        0x2 contiki-cc13xx.a(csma.o)
 .bss.rdc_channel_check_interval_count
                0x20001cec        0x2 contiki-cc13xx.a(contikimac.o)
 .bss.node_id   0x20001cee        0x2 contiki-cc13xx.a(node-id.o)
                0x20001cee                node_id
 .bss.next_dis  0x20001cf0        0x2 contiki-cc13xx.a(rpl-timers.o)
 .bss.seqno.7053
                0x20001cf2        0x1 udp-sender.co
 .bss.active_flag_one_second_before
                0x20001cf3        0x1 contiki-cc13xx.a(soc-rtc.o)
 .bss.active_flag
                0x20001cf4        0x1 contiki-cc13xx.a(netconfig.o)
 .bss.ble_mode_on
                0x20001cf5        0x1 contiki-cc13xx.a(rf-ble.o)
 .bss.initialized
                0x20001cf6        0x1 contiki-cc13xx.a(ctimer.o)
 .bss.fevent    0x20001cf7        0x1 contiki-cc13xx.a(process.o)
 .bss.nevents   0x20001cf8        0x1 contiki-cc13xx.a(process.o)
 .bss.poll_requested
                0x20001cf9        0x1 contiki-cc13xx.a(process.o)
 .bss.ev.5127   0x20001cfa        0x1 contiki-cc13xx.a(process.o)
 .bss.snum.5145
                0x20001cfb        0x1 contiki-cc13xx.a(process.o)
 .bss.lastevent
                0x20001cfc        0x1 contiki-cc13xx.a(process.o)
 .bss.overflow.5471
                0x20001cfd        0x1 contiki-cc13xx.a(serial-line.o)
 .bss.uip_ext_len
                0x20001cfe        0x1 contiki-cc13xx.a(uip6.o)
                0x20001cfe                uip_ext_len
 .bss.uip_ext_bitmap
                0x20001cff        0x1 contiki-cc13xx.a(uip6.o)
                0x20001cff                uip_ext_bitmap
 .bss.uip_ext_opt_offset
                0x20001d00        0x1 contiki-cc13xx.a(uip6.o)
                0x20001d00                uip_ext_opt_offset
 .bss.c         0x20001d01        0x1 contiki-cc13xx.a(uip6.o)
 .bss.opt       0x20001d02        0x1 contiki-cc13xx.a(uip6.o)
 .bss.uncomp_hdr_len
                0x20001d03        0x1 contiki-cc13xx.a(sicslowpan.o)
 .bss.packetbuf_hdr_len
                0x20001d04        0x1 contiki-cc13xx.a(sicslowpan.o)
 .bss.i.7762    0x20001d05        0x1 contiki-cc13xx.a(tcpip.o)
 .bss.i.7805    0x20001d06        0x1 contiki-cc13xx.a(tcpip.o)
 .bss.i.7817    0x20001d07        0x1 contiki-cc13xx.a(tcpip.o)
 .bss.init_seqno_flag
                0x20001d08        0x1 contiki-cc13xx.a(orpl-bitmap.o)
 .bss.hdrptr    0x20001d09        0x1 contiki-cc13xx.a(packetbuf.o)
 .bss.mac_dsn   0x20001d0a        0x1 contiki-cc13xx.a(framer-802154.o)
 .bss.initialized
                0x20001d0b        0x1 contiki-cc13xx.a(framer-802154.o)
 .bss.initialized.6181
                0x20001d0c        0x1 contiki-cc13xx.a(csma.o)
 .bss.packet_seen.8543
                0x20001d0d        0x1 contiki-cc13xx.a(contikimac.o)
 .bss.radio_is_on
                0x20001d0e        0x1 contiki-cc13xx.a(contikimac.o)
 .bss.periods.8551
                0x20001d0f        0x1 contiki-cc13xx.a(contikimac.o)
 .bss.we_are_sending
                0x20001d10        0x1 contiki-cc13xx.a(contikimac.o)
 .bss.contikimac_keep_radio_on
                0x20001d11        0x1 contiki-cc13xx.a(contikimac.o)
 .bss.count.8544
                0x20001d12        0x1 contiki-cc13xx.a(contikimac.o)
 .bss.silence_periods.8550
                0x20001d13        0x1 contiki-cc13xx.a(contikimac.o)
 .bss.contikimac_is_on
                0x20001d14        0x1 contiki-cc13xx.a(contikimac.o)
 .bss.next_frag_seqno
                0x20001d15        0x1 contiki-cc13xx.a(udp-fragment.o)
 .bss.initialized
                0x20001d16        0x1 contiki-cc13xx.a(task-schedule.o)
 .bss.dio_send_ok
                0x20001d17        0x1 contiki-cc13xx.a(rpl-timers.o)
 *(SORT(COMMON))
 COMMON         0x20001d18       0x26 contiki-cc13xx.a(contiki-main.o)
                0x20001d18                normal_byte
                0x20001d1a                channel_byte
                0x20001d1c                restart_count
                0x20001d20                cmd_read_meter
 *fill*         0x20001d3e        0x2 
 COMMON         0x20001d40       0x70 contiki-cc13xx.a(energest.o)
                0x20001d40                energest_total_time
                0x20001d70                energest_total_count
                0x20001d74                energest_current_mode
                0x20001d80                energest_current_time
 COMMON         0x20001db0      0x174 contiki-cc13xx.a(uip-ds6.o)
                0x20001db0                uip_ds6_timer_ra
                0x20001db8                uip_ds6_if
                0x20001eb0                uip_ds6_netif_addr_list_offset
                0x20001eb1                uip_ds6_addr_size
                0x20001eb4                uip_ds6_prefix_list
                0x20001f14                uip_ds6_timer_periodic
 COMMON         0x20001f24      0x87c contiki-cc13xx.a(uip6.o)
                0x20001f24                uip_len
                0x20001f28                uip_sappdata
                0x20001f2c                uip_acc32
                0x20001f30                uip_lladdr
                0x20001f38                uip_aligned_buf
                0x20002438                uip_flags
                0x2000243c                uip_next_hdr
                0x20002440                uip_udp_conn
                0x20002444                uip_appdata
                0x20002448                uip_conn
                0x2000244c                uip_conns
                0x2000262c                uip_icmp6_conns
                0x20002634                uip_listenports
                0x2000265c                uip_slen
                0x20002660                uip_udp_conns
 COMMON         0x200027a0       0xf4 contiki-cc13xx.a(rpl-dag.o)
                0x200027a0                default_instance
                0x200027a4                instance_table
 COMMON         0x20002894        0xe contiki-cc13xx.a(orpl-bitmap.o)
                0x20002894                bitmap_receive_info
                0x2000289c                bitmap_send_info
 *fill*         0x200028a2        0x2 
 COMMON         0x200028a4       0x2e contiki-cc13xx.a(packetbuf.o)
                0x200028a4                packetbuf_addrs
                0x200028b4                packetbuf_attrs
 *fill*         0x200028d2        0x2 
 COMMON         0x200028d4        0x8 contiki-cc13xx.a(linkaddr.o)
                0x200028d4                linkaddr_node_addr
 COMMON         0x200028dc        0x2 contiki-cc13xx.a(serial-line.o)
                0x200028dc                serial_line_event_message2
                0x200028dd                serial_line_event_message
 COMMON         0x200028de        0x2 contiki-cc13xx.a(tcpip.o)
                0x200028de                tcpip_event
                0x200028df                tcpip_icmp6_event
                0x200028e0                _ebss = .
                0x200028e0                _end = .
                0x200028e0                PROVIDE (end, _ebss)
                0x200028e0                PROVIDE (__HEAP_START, _end)

.flash_datacfg
 *(SORT(.flash_datacfg))

.ccfg           0x0001ffa8       0x58
 *(SORT(.ccfg))
 .ccfg          0x0001ffa8       0x58 obj_cc13xx/ccfg.o
                0x0001ffa8                __ccfg

.rel.dyn        0x00020000        0x0
 .rel.iplt      0x00000000        0x0 obj_cc13xx/startup_gcc.o

._user_heap_stack
                0x200028e0      0x100
                0x200028e0                . = ALIGN (0x4)
                0x200028e0                . = (. + _Min_Heap_Size)
                0x200029e0                . = (. + _Min_Stack_Size)
 *fill*         0x200028e0      0x100 
                0x200029e0                . = ALIGN (0x4)

.gpram
OUTPUT(udp-sender.elf elf32-littlearm)

.comment        0x00000000       0x70
 .comment       0x00000000       0x70 obj_cc13xx/fault-handlers.o
                                 0x71 (size before relaxing)
 .comment       0x00000000       0x71 obj_cc13xx/ccfg.o
 .comment       0x00000000       0x71 obj_cc13xx/startup_gcc.o
 .comment       0x00000000       0x71 udp-sender.co
 .comment       0x00000000       0x71 obj_cc13xx/collect-common.o
 .comment       0x00000000       0x71 contiki-cc13xx.a(collect-view.o)
 .comment       0x00000000       0x71 contiki-cc13xx.a(collect-view-te)
 .comment       0x00000000       0x71 contiki-cc13xx.a(contiki-main.o)
 .comment       0x00000000       0x71 contiki-cc13xx.a(board.o)
 .comment       0x00000000       0x71 contiki-cc13xx.a(prop-mode.o)
 .comment       0x00000000       0x71 contiki-cc13xx.a(clock.o)
 .comment       0x00000000       0x71 contiki-cc13xx.a(rtimer-arch.o)
 .comment       0x00000000       0x71 contiki-cc13xx.a(soc-rtc.o)
 .comment       0x00000000       0x71 contiki-cc13xx.a(contiki-watchdo)
 .comment       0x00000000       0x71 contiki-cc13xx.a(putchar.o)
 .comment       0x00000000       0x71 contiki-cc13xx.a(ieee-addr.o)
 .comment       0x00000000       0x71 contiki-cc13xx.a(cc26xx-uart.o)
 .comment       0x00000000       0x71 contiki-cc13xx.a(lpm.o)
 .comment       0x00000000       0x71 contiki-cc13xx.a(oscillators.o)
 .comment       0x00000000       0x71 contiki-cc13xx.a(netconfig.o)
 .comment       0x00000000       0x71 contiki-cc13xx.a(rf-core.o)
 .comment       0x00000000       0x71 contiki-cc13xx.a(rf-ble.o)
 .comment       0x00000000       0x71 contiki-cc13xx.a(dbg-printf.o)
 .comment       0x00000000       0x71 contiki-cc13xx.a(strformat.o)
 .comment       0x00000000       0x71 contiki-cc13xx.a(autostart.o)
 .comment       0x00000000       0x71 contiki-cc13xx.a(ctimer.o)
 .comment       0x00000000       0x71 contiki-cc13xx.a(energest.o)
 .comment       0x00000000       0x71 contiki-cc13xx.a(etimer.o)
 .comment       0x00000000       0x71 contiki-cc13xx.a(process.o)
 .comment       0x00000000       0x71 contiki-cc13xx.a(rtimer.o)
 .comment       0x00000000       0x71 contiki-cc13xx.a(timer.o)
 .comment       0x00000000       0x71 contiki-cc13xx.a(serial-line.o)
 .comment       0x00000000       0x71 contiki-cc13xx.a(list.o)
 .comment       0x00000000       0x71 contiki-cc13xx.a(random.o)
 .comment       0x00000000       0x71 contiki-cc13xx.a(ringbuf.o)
 .comment       0x00000000       0x71 contiki-cc13xx.a(uip-ds6.o)
 .comment       0x00000000       0x71 contiki-cc13xx.a(uip-ds6-route.o)
 .comment       0x00000000       0x71 contiki-cc13xx.a(uip6.o)
 .comment       0x00000000       0x71 contiki-cc13xx.a(uip-ds6-nbr.o)
 .comment       0x00000000       0x71 contiki-cc13xx.a(uip-nd6.o)
 .comment       0x00000000       0x71 contiki-cc13xx.a(sicslowpan.o)
 .comment       0x00000000       0x71 contiki-cc13xx.a(uip-debug.o)
 .comment       0x00000000       0x71 contiki-cc13xx.a(uip-udp-packet.)
 .comment       0x00000000       0x71 contiki-cc13xx.a(tcpip.o)
 .comment       0x00000000       0x71 contiki-cc13xx.a(rpl.o)
 .comment       0x00000000       0x71 contiki-cc13xx.a(rpl-mrhof.o)
 .comment       0x00000000       0x71 contiki-cc13xx.a(rpl-dag.o)
 .comment       0x00000000       0x71 contiki-cc13xx.a(setup.o)
 .comment       0x00000000       0x71 contiki-cc13xx.a(chipinfo.o)