Archive member included because of file (symbol)

contiki-cc13xx.a(task-schedule.o)
                              nodes-sender.co (task_schedule_set)
contiki-cc13xx.a(node_function.o)
                              nodes-sender.co (get_system_monitor_msg)
contiki-cc13xx.a(contiki-main.o)
                              obj_cc13xx/startup_gcc.o (main)
contiki-cc13xx.a(board.o)     contiki-cc13xx.a(contiki-main.o) (board_init)
contiki-cc13xx.a(node-id.o)   contiki-cc13xx.a(contiki-main.o) (node_id_burn)
contiki-cc13xx.a(bat-voltage.o)
                              contiki-cc13xx.a(node_function.o) (get_voltage)
contiki-cc13xx.a(prop-mode.o)
                              contiki-cc13xx.a(contiki-main.o) (prop_mode_driver)
contiki-cc13xx.a(prop-mode-tx-po)
                              contiki-cc13xx.a(prop-mode.o) (prop_mode_tx_power_431_527)
contiki-cc13xx.a(clock.o)     contiki-cc13xx.a(contiki-main.o) (clock_init)
contiki-cc13xx.a(rtimer-arch.o)
                              contiki-cc13xx.a(contiki-main.o) (rtimer_arch_now)
contiki-cc13xx.a(soc-rtc.o)   contiki-cc13xx.a(contiki-main.o) (soc_rtc_init)
contiki-cc13xx.a(contiki-watchdo)
                              contiki-cc13xx.a(contiki-main.o) (watchdog_init)
contiki-cc13xx.a(putchar.o)   nodes-sender.co (putchar)
contiki-cc13xx.a(ieee-addr.o)
                              contiki-cc13xx.a(contiki-main.o) (ieee_addr_cpy_to)
contiki-cc13xx.a(cc26xx-uart.o)
                              contiki-cc13xx.a(contiki-main.o) (cc26xx_uart_init)
contiki-cc13xx.a(lpm.o)       contiki-cc13xx.a(prop-mode.o) (lpm_sleep)
contiki-cc13xx.a(oscillators.o)
                              contiki-cc13xx.a(contiki-main.o) (oscillators_select_lf_xosc)
contiki-cc13xx.a(netconfig.o)
                              contiki-cc13xx.a(soc-rtc.o) (update_soft_time)
contiki-cc13xx.a(rf-core.o)   contiki-cc13xx.a(prop-mode.o) (rf_core_is_accessible)
contiki-cc13xx.a(rf-ble.o)    contiki-cc13xx.a(prop-mode.o) (rf_ble_is_active)
contiki-cc13xx.a(random.o)    nodes-sender.co (random_rand)
contiki-cc13xx.a(soc-trng.o)  contiki-cc13xx.a(random.o) (soc_trng_rand_synchronous)
contiki-cc13xx.a(dbg-printf.o)
                              contiki-cc13xx.a(task-schedule.o) (printf)
contiki-cc13xx.a(strformat.o)
                              contiki-cc13xx.a(dbg-printf.o) (format_str_v)
contiki-cc13xx.a(autostart.o)
                              contiki-cc13xx.a(contiki-main.o) (autostart_start)
contiki-cc13xx.a(ctimer.o)    contiki-cc13xx.a(contiki-main.o) (ctimer_init)
contiki-cc13xx.a(energest.o)  contiki-cc13xx.a(contiki-main.o) (energest_init)
contiki-cc13xx.a(etimer.o)    contiki-cc13xx.a(clock.o) (etimer_request_poll)
contiki-cc13xx.a(process.o)   contiki-cc13xx.a(soc-trng.o) (process_alloc_event)
contiki-cc13xx.a(rtimer.o)    contiki-cc13xx.a(contiki-main.o) (rtimer_init)
contiki-cc13xx.a(timer.o)     contiki-cc13xx.a(etimer.o) (timer_set)
contiki-cc13xx.a(serial-line.o)
                              nodes-sender.co (serial_line_event_message2)
contiki-cc13xx.a(leds.o)      contiki-cc13xx.a(board.o) (leds_init)
contiki-cc13xx.a(list.o)      contiki-cc13xx.a(task-schedule.o) (list_init)
contiki-cc13xx.a(ringbuf.o)   contiki-cc13xx.a(serial-line.o) (ringbuf_init)
contiki-cc13xx.a(uip-ds6.o)   nodes-sender.co (uip_ds6_if)
contiki-cc13xx.a(uip-ds6-route.o)
                              contiki-cc13xx.a(uip-ds6.o) (uip_ds6_route_init)
contiki-cc13xx.a(uip6.o)      nodes-sender.co (uip_appdata)
contiki-cc13xx.a(uip-ds6-nbr.o)
                              contiki-cc13xx.a(uip-ds6.o) (uip_ds6_neighbors_init)
contiki-cc13xx.a(uip-nd6.o)   contiki-cc13xx.a(uip6.o) (uip_nd6_init)
contiki-cc13xx.a(sicslowpan.o)
                              contiki-cc13xx.a(contiki-main.o) (sicslowpan_driver)
contiki-cc13xx.a(uip-debug.o)
                              nodes-sender.co (uip_debug_ipaddr_print)
contiki-cc13xx.a(uip-udp-packet.)
                              nodes-sender.co (uip_udp_packet_sendto)
contiki-cc13xx.a(tcpip.o)     contiki-cc13xx.a(sicslowpan.o) (tcpip_set_outputfunc)
contiki-cc13xx.a(rpl-dag.o)   contiki-cc13xx.a(node_function.o) (rpl_get_parent_ipaddr)
contiki-cc13xx.a(rpl-timers.o)
                              contiki-cc13xx.a(rpl-dag.o) (rpl_reset_dio_timer)
contiki-cc13xx.a(rpl.o)       contiki-cc13xx.a(uip-ds6-nbr.o) (rpl_link_neighbor_callback)
contiki-cc13xx.a(rpl-mrhof.o)
                              contiki-cc13xx.a(rpl-dag.o) (rpl_mrhof)
contiki-cc13xx.a(setup.o)     obj_cc13xx/startup_gcc.o (NOROM_SetupTrimDevice)
contiki-cc13xx.a(osc.o)       contiki-cc13xx.a(oscillators.o) (NOROM_OSCClockSourceSet)
contiki-cc13xx.a(setup_rom.o)
                              contiki-cc13xx.a(setup.o) (NOROM_SetupAfterColdResetWakeupFromShutDownCfg1)
contiki-cc13xx.a(cpu.o)       contiki-cc13xx.a(contiki-main.o) (NOROM_CPUcpsid)
contiki-cc13xx.a(ddi.o)       contiki-cc13xx.a(setup_rom.o) (NOROM_DDI32RegWrite)
contiki-cc13xx.a(rfc.o)       contiki-cc13xx.a(prop-mode.o) (NOROM_RFCRTrim)
[...]
Memory Configuration

Name             Origin             Length             Attributes
FLASH            0x00000000         0x0001e000         xr
FLASH_DATA       0x0001e000         0x00001000         xr
FLASH_CCFG       0x0001ffa8         0x00000058         xr
SRAM             0x20000000         0x00005000         xrw
GPRAM            0x11000000         0x00002000         xrw
*default*        0x00000000         0xffffffff

Linker script and memory map

LOAD obj_cc13xx/fault-handlers.o
LOAD obj_cc13xx/ccfg.o
LOAD obj_cc13xx/startup_gcc.o
LOAD nodes-sender.co
LOAD contiki-cc13xx.a
LOAD /opt/my1310ARM/toolchain/gcc-arm-none-eabi-4_9-2015q3/bin/../lib/gcc/arm-none-eabi/4.9.3/../../../../arm-none-eabi/lib/armv7-m/libm.a
START GROUP
LOAD /opt/my1310ARM/toolchain/gcc-arm-none-eabi-4_9-2015q3/bin/../lib/gcc/arm-none-eabi/4.9.3/armv7-m/libgcc.a
LOAD /opt/my1310ARM/toolchain/gcc-arm-none-eabi-4_9-2015q3/bin/../lib/gcc/arm-none-eabi/4.9.3/../../../../arm-none-eabi/lib/armv7-m/libc.a
END GROUP
START GROUP
LOAD /opt/my1310ARM/toolchain/gcc-arm-none-eabi-4_9-2015q3/bin/../lib/gcc/arm-none-eabi/4.9.3/armv7-m/libgcc.a
LOAD /opt/my1310ARM/toolchain/gcc-arm-none-eabi-4_9-2015q3/bin/../lib/gcc/arm-none-eabi/4.9.3/../../../../arm-none-eabi/lib/armv7-m/libc.a
LOAD /opt/my1310ARM/toolchain/gcc-arm-none-eabi-4_9-2015q3/bin/../lib/gcc/arm-none-eabi/4.9.3/../../../../arm-none-eabi/lib/armv7-m/libnosys.a
END GROUP
                0x20005000                _estack = (ORIGIN (SRAM) + 0x5000)
                0x00000000                _Min_Heap_Size = 0x0
                0x00000100                _Min_Stack_Size = 0x100

.text           0x00000000     0xfb38
                0x00000000                _text = .
 *(SORT(.vectors))
 .vectors       0x00000000       0xc8 obj_cc13xx/startup_gcc.o
                0x00000000                g_pfnVectors
 *(SORT(.text*))
 .text.FaultISR
                0x000000c8       0x18 obj_cc13xx/fault-handlers.o
                0x000000c8                FaultISR
 .text.NmiSRHandler
                0x000000e0        0x4 obj_cc13xx/startup_gcc.o
                0x000000e0                NmiSR
 .text.IntDefaultHandler
                0x000000e4        0x4 obj_cc13xx/startup_gcc.o
                0x000000e4                SSI0IntHandler
                0x000000e4                SWEvent0IntHandler
                0x000000e4                uDMAIntHandler
                0x000000e4                WatchdogIntHandler
                0x000000e4                RFCHardwareIntHandler
                0x000000e4                Timer1BIntHandler
                0x000000e4                I2SIntHandler
                0x000000e4                Timer2BIntHandler
                0x000000e4                Timer2AIntHandler
                0x000000e4                Timer1AIntHandler
                0x000000e4                GPIOIntHandler
                0x000000e4                AONIntHandler
                0x000000e4                AUXSWEvent0IntHandler
                0x000000e4                AUXADCIntHandler
                0x000000e4                PendSVIntHandler
                0x000000e4                AUXSWEvent1IntHandler
                0x000000e4                SVCallIntHandler
                0x000000e4                MPUFaultIntHandler
                0x000000e4                SysTickIntHandler
                0x000000e4                BusFaultIntHandler
                0x000000e4                AONProgIntHandler
                0x000000e4                AUXCompAIntHandler
                0x000000e4                SSI1IntHandler
                0x000000e4                FlashIntHandler
                0x000000e4                uDMAErrIntHandler
                0x000000e4                UsageFaultIntHandler
                0x000000e4                RFCCmdAckIntHandler
                0x000000e4                CryptoIntHandler
                0x000000e4                Timer0AIntHandler
                0x000000e4                I2CIntHandler
                0x000000e4                DebugMonIntHandler
                0x000000e4                Timer0BIntHandler
                0x000000e4                AUXCombEventIntHandler
                0x000000e4                Timer3AIntHandler
                0x000000e4                DynProgIntHandler
                0x000000e4                Timer3BIntHandler
 .text.ResetISR
                0x000000e8       0x5c obj_cc13xx/startup_gcc.o
                0x000000e8                ResetISR
 .text.auto_feedback
                0x00000144       0x44 nodes-sender.co
 .text.random_delay
                0x00000188       0x38 nodes-sender.co
 .text.msg_handler
                0x000001c0      0x108 nodes-sender.co
 .text.process_thread_udp_client_process
                0x000002c8      0x300 nodes-sender.co
 .text.system_monitor_msg_send
                0x000005c8       0x44 nodes-sender.co
                0x000005c8                system_monitor_msg_send
 .text.send_read_meter_cmd
                0x0000060c       0x60 nodes-sender.co
 .text.sendCmd  0x0000066c       0x54 nodes-sender.co
 .text.process_thread_task_schedule_process
                0x000006c0       0xa8 contiki-cc13xx.a(task-schedule.o)
 .text.get_Start_Time.part.0
                0x00000768      0x2b0 contiki-cc13xx.a(task-schedule.o)
 .text.task_schedule_reset
                0x00000a18       0x8c contiki-cc13xx.a(task-schedule.o)
 .text.task_schedule_init
                0x00000aa4       0x28 contiki-cc13xx.a(task-schedule.o)
                0x00000aa4                task_schedule_init
 .text.task_schedule_set
                0x00000acc       0x88 contiki-cc13xx.a(task-schedule.o)
                0x00000acc                task_schedule_set
 .text.task_schedule_change
                0x00000b54      0x104 contiki-cc13xx.a(task-schedule.o)
                0x00000b54                task_schedule_change
 .text.task_schedule_set_period
                0x00000c58       0x24 contiki-cc13xx.a(task-schedule.o)
                0x00000c58                task_schedule_set_period
 .text.get_system_monitor_msg
                0x00000c7c      0x4ac contiki-cc13xx.a(node_function.o)
                0x00000c7c                get_system_monitor_msg
 .text.setting_network_configuration1
                0x00001128       0x2c contiki-cc13xx.a(node_function.o)
                0x00001128                setting_network_configuration1
 .text.setting_network_configuration2
                0x00001154       0x1c contiki-cc13xx.a(node_function.o)
                0x00001154                setting_network_configuration2
 .text.NodeReboot
                0x00001170        0x4 contiki-cc13xx.a(node_function.o)
                0x00001170                NodeReboot
 .text.NodeReset
                0x00001174       0x14 contiki-cc13xx.a(node_function.o)
                0x00001174                NodeReset
 .text.startup.main
                0x00001188      0x230 contiki-cc13xx.a(contiki-main.o)
                0x00001188                main
 .text.wakeup_handler
                0x000013b8       0x20 contiki-cc13xx.a(board.o)
 .text.leds_arch_init
                0x000013d8       0x28 contiki-cc13xx.a(board.o)
                0x000013d8                leds_arch_init
 .text.leds_arch_set
                0x00001400       0x1c contiki-cc13xx.a(board.o)
                0x00001400                leds_arch_set
 .text.board_init
                0x0000141c       0xa4 contiki-cc13xx.a(board.o)
                0x0000141c                board_init
 .text.node_id_burn
                0x000014c0        0xc contiki-cc13xx.a(node-id.o)
                0x000014c0                node_id_burn
 .text.normalbyte_rfchannel_burn
                0x000014cc       0x40 contiki-cc13xx.a(node-id.o)
                0x000014cc                normalbyte_rfchannel_burn
 .text.normalbyte_rfchannel_restore
                0x0000150c       0x4c contiki-cc13xx.a(node-id.o)
                0x0000150c                normalbyte_rfchannel_restore
 .text.restore_meter_cmd
                0x00001558       0x14 contiki-cc13xx.a(node-id.o)
                0x00001558                restore_meter_cmd
 .text.print_cmd_array
                0x0000156c       0x24 contiki-cc13xx.a(node-id.o)
                0x0000156c                print_cmd_array
 .text.cmd_bytes_burn
                0x00001590       0x5c contiki-cc13xx.a(node-id.o)
                0x00001590                cmd_bytes_burn
 .text.restart_count_byte_burn
                0x000015ec       0x30 contiki-cc13xx.a(node-id.o)
                0x000015ec                restart_count_byte_burn
 .text.restart_count_byte_restore
                0x0000161c       0x30 contiki-cc13xx.a(node-id.o)
                0x0000161c                restart_count_byte_restore
 .text.get_voltage
                0x0000164c       0x40 contiki-cc13xx.a(bat-voltage.o)
                0x0000164c                get_voltage
 .text.get_object
                0x0000168c        0x4 contiki-cc13xx.a(prop-mode.o)
 .text.set_object
                0x00001690        0x4 contiki-cc13xx.a(prop-mode.o)
 .text.request  0x00001694       0x20 contiki-cc13xx.a(prop-mode.o)
 .text.soft_off_prop
                0x000016b4       0x3c contiki-cc13xx.a(prop-mode.o)
 .text.prepare  0x000016f0       0x1c contiki-cc13xx.a(prop-mode.o)
 .text.pending_packet
                0x0000170c       0x34 contiki-cc13xx.a(prop-mode.o)
 .text.read_frame
                0x00001740       0x50 contiki-cc13xx.a(prop-mode.o)
 .text.rx_on_prop
                0x00001790       0x84 contiki-cc13xx.a(prop-mode.o)
 .text.rx_off_prop
                0x00001814       0x80 contiki-cc13xx.a(prop-mode.o)
 .text.prop_div_radio_setup
                0x00001894       0x50 contiki-cc13xx.a(prop-mode.o)
 .text.prop_fs  0x000018e4       0x34 contiki-cc13xx.a(prop-mode.o)
 .text.on       0x00001918      0x1fc contiki-cc13xx.a(prop-mode.o)
 .text.soft_on_prop
                0x00001b14       0x20 contiki-cc13xx.a(prop-mode.o)
 .text.off      0x00001b34       0x58 contiki-cc13xx.a(prop-mode.o)
 .text.set_value
                0x00001b8c      0x19c contiki-cc13xx.a(prop-mode.o)
 .text.get_value
                0x00001d28      0x16c contiki-cc13xx.a(prop-mode.o)
 .text.transmit
                0x00001e94      0x144 contiki-cc13xx.a(prop-mode.o)
 .text.send     0x00001fd8       0x24 contiki-cc13xx.a(prop-mode.o)
 .text.channel_clear
                0x00001ffc       0x7c contiki-cc13xx.a(prop-mode.o)
 .text.receiving_packet
                0x00002078       0x28 contiki-cc13xx.a(prop-mode.o)
 .text.init     0x000020a0       0xa8 contiki-cc13xx.a(prop-mode.o)
 .text.get_cca_thr
                0x00002148        0xc contiki-cc13xx.a(prop-mode.o)
                0x00002148                get_cca_thr
 .text.power_domain_on
                0x00002154       0x20 contiki-cc13xx.a(clock.o)
 .text.update_clock_variable
                0x00002174       0x3c contiki-cc13xx.a(clock.o)
 .text.clock_init
                0x000021b0       0x98 contiki-cc13xx.a(clock.o)
                0x000021b0                clock_init
 .text.clock_time
                0x00002248       0x14 contiki-cc13xx.a(clock.o)
                0x00002248                clock_time
 .text.clock_update
                0x0000225c       0x28 contiki-cc13xx.a(clock.o)
                0x0000225c                clock_update
 .text.clock_seconds
                0x00002284       0x18 contiki-cc13xx.a(clock.o)
                0x00002284                clock_seconds
 .text.rtimer_arch_init
                0x0000229c        0x4 contiki-cc13xx.a(rtimer-arch.o)
                0x0000229c                rtimer_arch_init
 .text.rtimer_arch_schedule
                0x000022a0        0x8 contiki-cc13xx.a(rtimer-arch.o)
                0x000022a0                rtimer_arch_schedule
 .text.rtimer_arch_now
                0x000022a8        0x4 contiki-cc13xx.a(rtimer-arch.o)
                0x000022a8                rtimer_arch_now
 .text.soc_rtc_init
                0x000022ac       0xb8 contiki-cc13xx.a(soc-rtc.o)
                0x000022ac                soc_rtc_init
 .text.soc_rtc_schedule_one_shot
                0x00002364       0x4c contiki-cc13xx.a(soc-rtc.o)
                0x00002364                soc_rtc_schedule_one_shot
 .text.soc_rtc_last_isr_time
                0x000023b0        0xc contiki-cc13xx.a(soc-rtc.o)
                0x000023b0                soc_rtc_last_isr_time
 .text.AONRTCIntHandler
                0x000023bc      0x2ac contiki-cc13xx.a(soc-rtc.o)
                0x000023bc                AONRTCIntHandler
 .text.lock_config
                0x00002668       0x18 contiki-cc13xx.a(contiki-watchdo)
 .text.unlock_config
                0x00002680       0x2c contiki-cc13xx.a(contiki-watchdo)
 .text.watchdog_init
                0x000026ac       0x1c contiki-cc13xx.a(contiki-watchdo)
                0x000026ac                watchdog_init
 .text.watchdog_start
                0x000026c8       0x30 contiki-cc13xx.a(contiki-watchdo)
                0x000026c8                watchdog_start
 .text.watchdog_periodic
                0x000026f8       0x1c contiki-cc13xx.a(contiki-watchdo)
                0x000026f8                watchdog_periodic
 .text.watchdog_reboot
                0x00002714        0x8 contiki-cc13xx.a(contiki-watchdo)
                0x00002714                watchdog_reboot
 .text.putchar  0x0000271c       0x10 contiki-cc13xx.a(putchar.o)
                0x0000271c                putchar
 .text.puts     0x0000272c       0x30 contiki-cc13xx.a(putchar.o)
                0x0000272c                puts
 .text.dbg_send_bytes
                0x0000275c       0x40 contiki-cc13xx.a(putchar.o)
                0x0000275c                dbg_send_bytes
 .text.ieee_addr_cpy_to
                0x0000279c       0x40 contiki-cc13xx.a(ieee-addr.o)
                0x0000279c                ieee_addr_cpy_to
 .text.power_and_clock
                0x000027dc       0x40 contiki-cc13xx.a(cc26xx-uart.o)
 .text.enable   0x0000281c       0xf4 contiki-cc13xx.a(cc26xx-uart.o)
 .text.accessible
                0x00002910       0x24 contiki-cc13xx.a(cc26xx-uart.o)
 .text.lpm_drop_handler
                0x00002934       0xe4 contiki-cc13xx.a(cc26xx-uart.o)
 .text.cc26xx_uart_init
                0x00002a18       0x28 contiki-cc13xx.a(cc26xx-uart.o)
                0x00002a18                cc26xx_uart_init
 .text.cc26xx_uart_write_byte
                0x00002a40       0x28 contiki-cc13xx.a(cc26xx-uart.o)
                0x00002a40                cc26xx_uart_write_byte
 .text.cc26xx_uart_set_input
                0x00002a68       0x64 contiki-cc13xx.a(cc26xx-uart.o)
                0x00002a68                cc26xx_uart_set_input
 .text.cc26xx_uart_busy
                0x00002acc       0x18 contiki-cc13xx.a(cc26xx-uart.o)
                0x00002acc                cc26xx_uart_busy
 .text.UART0IntHandler
                0x00002ae4       0x90 contiki-cc13xx.a(cc26xx-uart.o)
                0x00002ae4                UART0IntHandler
 .text.lpm_sleep
                0x00002b74       0x9c contiki-cc13xx.a(lpm.o)
                0x00002b74                lpm_sleep
 .text.lpm_drop
                0x00002c10      0x2e4 contiki-cc13xx.a(lpm.o)
                0x00002c10                lpm_drop
 .text.lpm_register_module
                0x00002ef4        0xc contiki-cc13xx.a(lpm.o)
                0x00002ef4                lpm_register_module
 .text.lpm_unregister_module
                0x00002f00        0xc contiki-cc13xx.a(lpm.o)
                0x00002f00                lpm_unregister_module
 .text.lpm_init
                0x00002f0c        0xc contiki-cc13xx.a(lpm.o)
                0x00002f0c                lpm_init
 .text.lpm_pin_set_default_state
                0x00002f18       0x2c contiki-cc13xx.a(lpm.o)
                0x00002f18                lpm_pin_set_default_state
 .text.oscillators_select_lf_xosc
                0x00002f44       0x58 contiki-cc13xx.a(oscillators.o)
                0x00002f44                oscillators_select_lf_xosc
 .text.oscillators_request_hf_xosc
                0x00002f9c       0x30 contiki-cc13xx.a(oscillators.o)
                0x00002f9c                oscillators_request_hf_xosc
 .text.oscillators_switch_to_hf_xosc
                0x00002fcc       0x34 contiki-cc13xx.a(oscillators.o)
                0x00002fcc                oscillators_switch_to_hf_xosc
 .text.oscillators_switch_to_hf_rc
                0x00003000       0x38 contiki-cc13xx.a(oscillators.o)
                0x00003000                oscillators_switch_to_hf_rc
 .text.update_soft_time
                0x00003038       0x8c contiki-cc13xx.a(netconfig.o)
                0x00003038                update_soft_time
 .text.set_init_flag
                0x000030c4        0xc contiki-cc13xx.a(netconfig.o)
                0x000030c4                set_init_flag
 .text.get_init_flag
                0x000030d0        0xc contiki-cc13xx.a(netconfig.o)
                0x000030d0                get_init_flag
 .text.set_active_flag
                0x000030dc       0x74 contiki-cc13xx.a(netconfig.o)
                0x000030dc                set_active_flag
 .text.syn_update_timenow
                0x00003150       0x1c contiki-cc13xx.a(netconfig.o)
                0x00003150                syn_update_timenow
 .text.get_timenow
                0x0000316c       0x14 contiki-cc13xx.a(netconfig.o)
                0x0000316c                get_timenow
 .text.get_idle_time
                0x00003180       0xb0 contiki-cc13xx.a(netconfig.o)
                0x00003180                get_idle_time
 .text.get_active_bit_length
                0x00003230       0x8c contiki-cc13xx.a(netconfig.o)
                0x00003230                get_active_bit_length
 .text.get_active_flag
                0x000032bc        0xc contiki-cc13xx.a(netconfig.o)
                0x000032bc                get_active_flag
 .text.get_nowdays
                0x000032c8        0xc contiki-cc13xx.a(netconfig.o)
                0x000032c8                get_nowdays
 .text.set_autocal_info
                0x000032d4       0x20 contiki-cc13xx.a(netconfig.o)
                0x000032d4                set_autocal_info
 .text.get_cal_count
                0x000032f4        0xc contiki-cc13xx.a(netconfig.o)
                0x000032f4                get_cal_count
 .text.set_cal_countaddone
                0x00003300       0x10 contiki-cc13xx.a(netconfig.o)
                0x00003300                set_cal_countaddone
 .text.get_cal_offest
                0x00003310        0xc contiki-cc13xx.a(netconfig.o)
                0x00003310                get_cal_offest
 .text.get_cal_interval
                0x0000331c        0xc contiki-cc13xx.a(netconfig.o)
                0x0000331c                get_cal_interval
 .text.set_cal_countzero
                0x00003328        0xc contiki-cc13xx.a(netconfig.o)
                0x00003328                set_cal_countzero
 .text.process_thread_rf_core_process
                0x00003334       0x58 contiki-cc13xx.a(rf-core.o)
 .text.rf_core_is_accessible
                0x0000338c       0x10 contiki-cc13xx.a(rf-core.o)
                0x0000338c                rf_core_is_accessible
 .text.rf_core_send_cmd
                0x0000339c       0xa4 contiki-cc13xx.a(rf-core.o)
                0x0000339c                rf_core_send_cmd
 .text.rf_core_wait_cmd_done
                0x00003440       0x30 contiki-cc13xx.a(rf-core.o)
                0x00003440                rf_core_wait_cmd_done
 .text.rf_core_power_up
                0x00003470       0xcc contiki-cc13xx.a(rf-core.o)
                0x00003470                rf_core_power_up
 .text.rf_core_start_rat
                0x0000353c       0x68 contiki-cc13xx.a(rf-core.o)
                0x0000353c                rf_core_start_rat
 .text.rf_core_stop_rat
                0x000035a4       0x7c contiki-cc13xx.a(rf-core.o)
                0x000035a4                rf_core_stop_rat
 .text.rf_core_power_down
                0x00003620       0xec contiki-cc13xx.a(rf-core.o)
                0x00003620                rf_core_power_down
 .text.rf_core_set_modesel
                0x0000370c       0x44 contiki-cc13xx.a(rf-core.o)
                0x0000370c                rf_core_set_modesel
 .text.rf_core_setup_interrupts
                0x00003750       0x74 contiki-cc13xx.a(rf-core.o)
                0x00003750                rf_core_setup_interrupts
 .text.rf_core_cmd_done_en
                0x000037c4       0x28 contiki-cc13xx.a(rf-core.o)
                0x000037c4                rf_core_cmd_done_en
 .text.rf_core_cmd_done_dis
                0x000037ec       0x18 contiki-cc13xx.a(rf-core.o)
                0x000037ec                rf_core_cmd_done_dis
 .text.rf_core_get_last_radio_op
                0x00003804        0xc contiki-cc13xx.a(rf-core.o)
                0x00003804                rf_core_get_last_radio_op
 .text.rf_core_primary_mode_register
                0x00003810        0xc contiki-cc13xx.a(rf-core.o)
                0x00003810                rf_core_primary_mode_register
 .text.RFCCPE1IntHandler
                0x0000381c       0x64 contiki-cc13xx.a(rf-core.o)
                0x0000381c                RFCCPE1IntHandler
 .text.RFCCPE0IntHandler
                0x00003880       0x98 contiki-cc13xx.a(rf-core.o)
                0x00003880                RFCCPE0IntHandler
 .text.rf_ble_is_active
                0x00003918        0xc contiki-cc13xx.a(rf-ble.o)
                0x00003918                rf_ble_is_active
 .text.random_rand
                0x00003924        0xc contiki-cc13xx.a(random.o)
                0x00003924                random_rand
 .text.random_init
                0x00003930        0x4 contiki-cc13xx.a(random.o)
                0x00003930                random_init
 .text.power_up
                0x00003934       0x40 contiki-cc13xx.a(soc-trng.o)
 .text.request  0x00003974       0x14 contiki-cc13xx.a(soc-trng.o)
 .text.process_thread_soc_trng_process
                0x00003988       0x94 contiki-cc13xx.a(soc-trng.o)
 .text.accessible
                0x00003a1c       0x24 contiki-cc13xx.a(soc-trng.o)
 .text.soc_trng_rand_synchronous
                0x00003a40       0xc4 contiki-cc13xx.a(soc-trng.o)
                0x00003a40                soc_trng_rand_synchronous
 .text.TRNGIntHandler
                0x00003b04       0x90 contiki-cc13xx.a(soc-trng.o)
                0x00003b04                TRNGIntHandler
 .text.soc_trng_init
                0x00003b94       0x28 contiki-cc13xx.a(soc-trng.o)
                0x00003b94                soc_trng_init
 .text.write_str
                0x00003bbc       0x14 contiki-cc13xx.a(dbg-printf.o)
 .text.printf   0x00003bd0       0x24 contiki-cc13xx.a(dbg-printf.o)
                0x00003bd0                printf
 .text.fill_space
                0x00003bf4       0x3c contiki-cc13xx.a(strformat.o)
 .text.format_str_v
                0x00003c30      0x95c contiki-cc13xx.a(strformat.o)
                0x00003c30                format_str_v
 .text.autostart_start
                0x0000458c       0x18 contiki-cc13xx.a(autostart.o)
                0x0000458c                autostart_start
 .text.process_thread_ctimer_process
                0x000045a4       0x94 contiki-cc13xx.a(ctimer.o)
 .text.ctimer_init
                0x00004638       0x28 contiki-cc13xx.a(ctimer.o)
                0x00004638                ctimer_init
 .text.ctimer_set_with_process
                0x00004660       0x4c contiki-cc13xx.a(ctimer.o)
                0x00004660                ctimer_set_with_process
 .text.ctimer_set
                0x000046ac       0x18 contiki-cc13xx.a(ctimer.o)
                0x000046ac                ctimer_set
 .text.ctimer_reset
                0x000046c4       0x38 contiki-cc13xx.a(ctimer.o)
                0x000046c4                ctimer_reset
 .text.ctimer_stop
                0x000046fc       0x34 contiki-cc13xx.a(ctimer.o)
                0x000046fc                ctimer_stop
 .text.energest_init
                0x00004730       0x34 contiki-cc13xx.a(energest.o)
                0x00004730                energest_init
 .text.energest_type_time
                0x00004764       0x48 contiki-cc13xx.a(energest.o)
                0x00004764                energest_type_time
 .text.energest_type_set
                0x000047ac       0x10 contiki-cc13xx.a(energest.o)
                0x000047ac                energest_type_set
 .text.energest_flush
                0x000047bc       0x54 contiki-cc13xx.a(energest.o)
                0x000047bc                energest_flush
 .text.getUniCarriages
                0x00004810       0x28 contiki-cc13xx.a(energest.o)
                0x00004810                getUniCarriages
 .text.update_time
                0x00004838       0x44 contiki-cc13xx.a(etimer.o)
 .text.process_thread_etimer_process
                0x0000487c       0xc8 contiki-cc13xx.a(etimer.o)
 .text.add_timer
                0x00004944       0x54 contiki-cc13xx.a(etimer.o)
 .text.etimer_request_poll
                0x00004998        0xc contiki-cc13xx.a(etimer.o)
                0x00004998                etimer_request_poll
 .text.etimer_set
                0x000049a4       0x14 contiki-cc13xx.a(etimer.o)
                0x000049a4                etimer_set
 .text.etimer_reset
                0x000049b8       0x14 contiki-cc13xx.a(etimer.o)
                0x000049b8                etimer_reset
 .text.etimer_expired
                0x000049cc        0xc contiki-cc13xx.a(etimer.o)
                0x000049cc                etimer_expired
 .text.etimer_pending
                0x000049d8       0x10 contiki-cc13xx.a(etimer.o)
                0x000049d8                etimer_pending
 .text.etimer_next_expiration_time
                0x000049e8       0x14 contiki-cc13xx.a(etimer.o)
                0x000049e8                etimer_next_expiration_time
 .text.etimer_stop
                0x000049fc       0x4c contiki-cc13xx.a(etimer.o)
                0x000049fc                etimer_stop
 .text.exit_process
                0x00004a48       0xb0 contiki-cc13xx.a(process.o)
 .text.call_process.part.0
                0x00004af8       0x38 contiki-cc13xx.a(process.o)
 .text.do_poll  0x00004b30       0x3c contiki-cc13xx.a(process.o)
 .text.process_alloc_event
                0x00004b6c       0x10 contiki-cc13xx.a(process.o)
                0x00004b6c                process_alloc_event
 .text.process_init
                0x00004b7c       0x34 contiki-cc13xx.a(process.o)
                0x00004b7c                process_init
 .text.process_run
                0x00004bb0       0xd8 contiki-cc13xx.a(process.o)
                0x00004bb0                process_run
 .text.process_nevents
                0x00004c88       0x14 contiki-cc13xx.a(process.o)
                0x00004c88                process_nevents
 .text.process_post
                0x00004c9c       0x50 contiki-cc13xx.a(process.o)
                0x00004c9c                process_post
 .text.process_post_synch
                0x00004cec       0x18 contiki-cc13xx.a(process.o)
                0x00004cec                process_post_synch
 .text.process_start
                0x00004d04       0x40 contiki-cc13xx.a(process.o)
                0x00004d04                process_start
 .text.process_poll
                0x00004d44       0x18 contiki-cc13xx.a(process.o)
                0x00004d44                process_poll
 .text.rtimer_init
                0x00004d5c        0x4 contiki-cc13xx.a(rtimer.o)
                0x00004d5c                rtimer_init
 .text.rtimer_set
                0x00004d60       0x78 contiki-cc13xx.a(rtimer.o)
                0x00004d60                rtimer_set
 .text.rtimer_run_next
                0x00004dd8       0x28 contiki-cc13xx.a(rtimer.o)
                0x00004dd8                rtimer_run_next
 .text.timer_set
                0x00004e00       0x10 contiki-cc13xx.a(timer.o)
                0x00004e00                timer_set
 .text.timer_reset
                0x00004e10        0xc contiki-cc13xx.a(timer.o)
                0x00004e10                timer_reset
 .text.timer_expired
                0x00004e1c       0x1c contiki-cc13xx.a(timer.o)
                0x00004e1c                timer_expired
 .text.process_thread_serial_line_process2
                0x00004e38      0x11c contiki-cc13xx.a(serial-line.o)
 .text.serial_line_input_byte2
                0x00004f54       0x44 contiki-cc13xx.a(serial-line.o)
                0x00004f54                serial_line_input_byte2
 .text.serial_line_init2
                0x00004f98       0x24 contiki-cc13xx.a(serial-line.o)
                0x00004f98                serial_line_init2
 .text.show_leds
                0x00004fbc       0xf0 contiki-cc13xx.a(leds.o)
 .text.leds_init
                0x000050ac       0x14 contiki-cc13xx.a(leds.o)
                0x000050ac                leds_init
 .text.leds_off
                0x000050c0       0x10 contiki-cc13xx.a(leds.o)
                0x000050c0                leds_off
 .text.list_init
                0x000050d0        0x8 contiki-cc13xx.a(list.o)
                0x000050d0                list_init
 .text.list_head
                0x000050d8        0x4 contiki-cc13xx.a(list.o)
                0x000050d8                list_head
 .text.list_add
                0x000050dc       0x48 contiki-cc13xx.a(list.o)
                0x000050dc                list_add
 .text.list_push
                0x00005124       0x40 contiki-cc13xx.a(list.o)
                0x00005124                list_push
 .text.list_remove
                0x00005164       0x2c contiki-cc13xx.a(list.o)
                0x00005164                list_remove
 .text.list_length
                0x00005190       0x14 contiki-cc13xx.a(list.o)
                0x00005190                list_length
 .text.list_item_next
                0x000051a4        0x8 contiki-cc13xx.a(list.o)
                0x000051a4                list_item_next
 .text.ringbuf_init
                0x000051ac       0x10 contiki-cc13xx.a(ringbuf.o)
                0x000051ac                ringbuf_init
 .text.ringbuf_put
                0x000051bc       0x30 contiki-cc13xx.a(ringbuf.o)
                0x000051bc                ringbuf_put
 .text.ringbuf_get
                0x000051ec       0x28 contiki-cc13xx.a(ringbuf.o)
                0x000051ec                ringbuf_get
 .text.ringbuf_elements
                0x00005214        0xc contiki-cc13xx.a(ringbuf.o)
                0x00005214                ringbuf_elements
 .text.uip_ds6_list_loop
                0x00005220       0x60 contiki-cc13xx.a(uip-ds6.o)
                0x00005220                uip_ds6_list_loop
 .text.uip_ds6_prefix_add
                0x00005280       0x6c contiki-cc13xx.a(uip-ds6.o)
                0x00005280                uip_ds6_prefix_add
 .text.uip_ds6_is_addr_onlink
                0x000052ec       0x3c contiki-cc13xx.a(uip-ds6.o)
                0x000052ec                uip_ds6_is_addr_onlink
 .text.uip_ds6_addr_lookup
                0x00005328       0x30 contiki-cc13xx.a(uip-ds6.o)
                0x00005328                uip_ds6_addr_lookup
 .text.uip_ds6_get_link_local
                0x00005358       0x44 contiki-cc13xx.a(uip-ds6.o)
                0x00005358                uip_ds6_get_link_local
 .text.uip_ds6_maddr_add
                0x0000539c       0x50 contiki-cc13xx.a(uip-ds6.o)
                0x0000539c                uip_ds6_maddr_add
 .text.uip_ds6_addr_add
                0x000053ec       0xa8 contiki-cc13xx.a(uip-ds6.o)
                0x000053ec                uip_ds6_addr_add
 .text.uip_ds6_maddr_lookup
                0x00005494       0x30 contiki-cc13xx.a(uip-ds6.o)
                0x00005494                uip_ds6_maddr_lookup
 .text.uip_ds6_addr_rm
                0x000054c4       0x48 contiki-cc13xx.a(uip-ds6.o)
                0x000054c4                uip_ds6_addr_rm
 .text.uip_ds6_periodic
                0x0000550c       0x60 contiki-cc13xx.a(uip-ds6.o)
                0x0000550c                uip_ds6_periodic
 .text.uip_ds6_select_src
                0x0000556c       0xf4 contiki-cc13xx.a(uip-ds6.o)
                0x0000556c                uip_ds6_select_src
 .text.uip_ds6_set_addr_iid
                0x00005660       0x14 contiki-cc13xx.a(uip-ds6.o)
                0x00005660                uip_ds6_set_addr_iid
 .text.uip_ds6_compute_reachable_time
                0x00005674       0x28 contiki-cc13xx.a(uip-ds6.o)
                0x00005674                uip_ds6_compute_reachable_time
 .text.uip_ds6_init
                0x0000569c       0xf8 contiki-cc13xx.a(uip-ds6.o)
                0x0000569c                uip_ds6_init
 .text.call_route_callback
                0x00005794       0x48 contiki-cc13xx.a(uip-ds6-route.o)
 .text.uip_ds6_route_init
                0x000057dc       0x24 contiki-cc13xx.a(uip-ds6-route.o)
                0x000057dc                uip_ds6_route_init
 .text.uip_ds6_defrt_rm
                0x00005800       0x48 contiki-cc13xx.a(uip-ds6-route.o)
                0x00005800                uip_ds6_defrt_rm
 .text.uip_ds6_defrt_lookup
                0x00005848       0x34 contiki-cc13xx.a(uip-ds6-route.o)
                0x00005848                uip_ds6_defrt_lookup
 .text.uip_ds6_defrt_add
                0x0000587c       0x5c contiki-cc13xx.a(uip-ds6-route.o)
                0x0000587c                uip_ds6_defrt_add
 .text.uip_ds6_defrt_choose
                0x000058d8       0x34 contiki-cc13xx.a(uip-ds6-route.o)
                0x000058d8                uip_ds6_defrt_choose
 .text.uip_ds6_defrt_periodic
                0x0000590c       0x3c contiki-cc13xx.a(uip-ds6-route.o)
                0x0000590c                uip_ds6_defrt_periodic
 .text.chksum   0x00005948       0x50 contiki-cc13xx.a(uip6.o)
 .text.upper_layer_chksum
                0x00005998       0x58 contiki-cc13xx.a(uip6.o)
 .text.ext_hdr_options_process
                0x000059f0       0x7c contiki-cc13xx.a(uip6.o)
 .text.uip_icmp6chksum
                0x00005a6c        0x8 contiki-cc13xx.a(uip6.o)
                0x00005a6c                uip_icmp6chksum
 .text.uip_init
                0x00005a74       0x50 contiki-cc13xx.a(uip6.o)
                0x00005a74                uip_init
 .text.remove_ext_hdr
                0x00005ac4       0x60 contiki-cc13xx.a(uip6.o)
                0x00005ac4                remove_ext_hdr
 .text.uip_udp_new
                0x00005b24       0xd4 contiki-cc13xx.a(uip6.o)
                0x00005b24                uip_udp_new
 .text.uip_process
                0x00005bf8      0x4e4 contiki-cc13xx.a(uip6.o)
                0x00005bf8                uip_process
 .text.uip_htons
                0x000060dc        0x8 contiki-cc13xx.a(uip6.o)
                0x000060dc                uip_htons
 .text.uip_ds6_nbr_rm
                0x000060e4       0x20 contiki-cc13xx.a(uip-ds6-nbr.o)
                0x000060e4                uip_ds6_nbr_rm
 .text.uip_ds6_neighbors_init
                0x00006104       0x14 contiki-cc13xx.a(uip-ds6-nbr.o)
                0x00006104                uip_ds6_neighbors_init
 .text.uip_ds6_nbr_add
                0x00006118       0x54 contiki-cc13xx.a(uip-ds6-nbr.o)
                0x00006118                uip_ds6_nbr_add
 .text.uip_ds6_nbr_get_ll
                0x0000616c       0x10 contiki-cc13xx.a(uip-ds6-nbr.o)
                0x0000616c                uip_ds6_nbr_get_ll
 .text.uip_ds6_nbr_num
                0x0000617c       0x28 contiki-cc13xx.a(uip-ds6-nbr.o)
                0x0000617c                uip_ds6_nbr_num
 .text.uip_ds6_nbr_lookup
                0x000061a4       0x3c contiki-cc13xx.a(uip-ds6-nbr.o)
                0x000061a4                uip_ds6_nbr_lookup
 .text.uip_ds6_nbr_ipaddr_from_lladdr
                0x000061e0       0x10 contiki-cc13xx.a(uip-ds6-nbr.o)
                0x000061e0                uip_ds6_nbr_ipaddr_from_lladdr
 .text.uip_ds6_nbr_lladdr_from_ipaddr
                0x000061f0       0x1c contiki-cc13xx.a(uip-ds6-nbr.o)
                0x000061f0                uip_ds6_nbr_lladdr_from_ipaddr
 .text.uip_ds6_link_neighbor_callback
                0x0000620c       0xfc contiki-cc13xx.a(uip-ds6-nbr.o)
                0x0000620c                uip_ds6_link_neighbor_callback
 .text.uip_ds6_neighbor_periodic
                0x00006308       0x70 contiki-cc13xx.a(uip-ds6-nbr.o)
                0x00006308                uip_ds6_neighbor_periodic
 .text.uip_nd6_init
                0x00006378        0x4 contiki-cc13xx.a(uip-nd6.o)
                0x00006378                uip_nd6_init
 .text.sicslowpan_init
                0x0000637c       0x24 contiki-cc13xx.a(sicslowpan.o)
                0x0000637c                sicslowpan_init
 .text.set_packet_attrs
                0x000063a0       0x4c contiki-cc13xx.a(sicslowpan.o)
 .text.compress_addr_64
                0x000063ec       0x9c contiki-cc13xx.a(sicslowpan.o)
 .text.addr_context_lookup_by_prefix
                0x00006488       0x28 contiki-cc13xx.a(sicslowpan.o)
 .text.packet_sent
                0x000064b0       0x28 contiki-cc13xx.a(sicslowpan.o)
 .text.uncompress_addr
                0x000064d8       0xb8 contiki-cc13xx.a(sicslowpan.o)
 .text.output   0x00006590      0x600 contiki-cc13xx.a(sicslowpan.o)
 .text.input    0x00006b90      0x48c contiki-cc13xx.a(sicslowpan.o)
 .text.uip_debug_ipaddr_print
                0x0000701c       0xb0 contiki-cc13xx.a(uip-debug.o)
                0x0000701c                uip_debug_ipaddr_print
 .text.uip_udp_packet_sendto
                0x000070cc       0x58 contiki-cc13xx.a(uip-udp-packet.)
                0x000070cc                uip_udp_packet_sendto
 .text.uip_udp_received_data_preprocess
                0x00007124       0x2c contiki-cc13xx.a(uip-udp-packet.)
                0x00007124                uip_udp_received_data_preprocess
 .text.tcpip_output
                0x00007150       0x10 contiki-cc13xx.a(tcpip.o)
                0x00007150                tcpip_output
 .text.tcpip_set_outputfunc
                0x00007160        0xc contiki-cc13xx.a(tcpip.o)
                0x00007160                tcpip_set_outputfunc
 .text.udp_new  0x0000716c       0x18 contiki-cc13xx.a(tcpip.o)
                0x0000716c                udp_new
 .text.tcpip_icmp6_call
                0x00007184       0x28 contiki-cc13xx.a(tcpip.o)
                0x00007184                tcpip_icmp6_call
 .text.tcpip_input
                0x000071ac       0x24 contiki-cc13xx.a(tcpip.o)
                0x000071ac                tcpip_input
 .text.tcpip_ipv6_output
                0x000071d0       0xe8 contiki-cc13xx.a(tcpip.o)
                0x000071d0                tcpip_ipv6_output
 .text.process_thread_tcpip_process
                0x000072b8       0xf0 contiki-cc13xx.a(tcpip.o)
 .text.tcpip_uipcall
                0x000073a8       0x2c contiki-cc13xx.a(tcpip.o)
                0x000073a8                tcpip_uipcall
 .text.lollipop_greater_than
                0x000073d4       0x3c contiki-cc13xx.a(rpl-dag.o)
 .text.get_dag  0x00007410       0x3c contiki-cc13xx.a(rpl-dag.o)
 .text.rpl_set_preferred_parent
                0x0000744c       0x2c contiki-cc13xx.a(rpl-dag.o)
 .text.set_ip_from_prefix
                0x00007478       0x2c contiki-cc13xx.a(rpl-dag.o)
 .text.check_prefix
                0x000074a4       0x78 contiki-cc13xx.a(rpl-dag.o)
 .text.find_parent_any_dag_any_instance
                0x0000751c       0x1c contiki-cc13xx.a(rpl-dag.o)
 .text.rpl_get_nbr
                0x00007538       0x28 contiki-cc13xx.a(rpl-dag.o)
                0x00007538                rpl_get_nbr
 .text.rpl_dag_init
                0x00007560       0x14 contiki-cc13xx.a(rpl-dag.o)
                0x00007560                rpl_dag_init
 .text.rpl_get_parent_ipaddr
                0x00007574       0x18 contiki-cc13xx.a(rpl-dag.o)
                0x00007574                rpl_get_parent_ipaddr
 .text.rpl_get_dag
                0x0000758c        0x4 contiki-cc13xx.a(rpl-dag.o)
                0x0000758c                rpl_get_dag
 .text.rpl_set_prefix
                0x00007590       0x98 contiki-cc13xx.a(rpl-dag.o)
                0x00007590                rpl_set_prefix
 .text.rpl_set_default_route
                0x00007628       0x34 contiki-cc13xx.a(rpl-dag.o)
                0x00007628                rpl_set_default_route
 .text.rpl_alloc_instance
                0x0000765c       0x2c contiki-cc13xx.a(rpl-dag.o)
                0x0000765c                rpl_alloc_instance
 .text.rpl_alloc_dag
                0x00007688       0x5c contiki-cc13xx.a(rpl-dag.o)
                0x00007688                rpl_alloc_dag
 .text.rpl_add_parent
                0x000076e4       0x44 contiki-cc13xx.a(rpl-dag.o)
                0x000076e4                rpl_add_parent
 .text.rpl_find_parent_any_dag
                0x00007728       0x20 contiki-cc13xx.a(rpl-dag.o)
                0x00007728                rpl_find_parent_any_dag
 .text.rpl_select_parent
                0x00007748       0x84 contiki-cc13xx.a(rpl-dag.o)
                0x00007748                rpl_select_parent
 .text.rpl_select_dag
                0x000077cc      0x134 contiki-cc13xx.a(rpl-dag.o)
                0x000077cc                rpl_select_dag
 .text.rpl_nullify_parent
                0x00007900       0x40 contiki-cc13xx.a(rpl-dag.o)
                0x00007900                rpl_nullify_parent
 .text.rpl_remove_parent
                0x00007940       0x1c contiki-cc13xx.a(rpl-dag.o)
                0x00007940                rpl_remove_parent
 .text.nbr_callback
                0x0000795c        0x4 contiki-cc13xx.a(rpl-dag.o)
 .text.remove_parents.constprop.4
                0x00007960       0x44 contiki-cc13xx.a(rpl-dag.o)
 .text.rpl_free_dag
                0x000079a4       0x28 contiki-cc13xx.a(rpl-dag.o)
                0x000079a4                rpl_free_dag
 .text.rpl_free_instance
                0x000079cc       0x6c contiki-cc13xx.a(rpl-dag.o)
                0x000079cc                rpl_free_instance
 .text.rpl_move_parent
                0x00007a38       0x40 contiki-cc13xx.a(rpl-dag.o)
                0x00007a38                rpl_move_parent
 .text.rpl_get_any_dag
                0x00007a78       0x18 contiki-cc13xx.a(rpl-dag.o)
                0x00007a78                rpl_get_any_dag
 .text.rpl_get_instance
                0x00007a90       0x20 contiki-cc13xx.a(rpl-dag.o)
                0x00007a90                rpl_get_instance
 .text.rpl_join_instance
                0x00007ab0      0x130 contiki-cc13xx.a(rpl-dag.o)
                0x00007ab0                rpl_join_instance
 .text.rpl_local_repair
                0x00007be0       0x50 contiki-cc13xx.a(rpl-dag.o)
                0x00007be0                rpl_local_repair
 .text.rpl_process_parent_event
                0x00007c30       0x60 contiki-cc13xx.a(rpl-dag.o)
                0x00007c30                rpl_process_parent_event
 .text.rpl_recalculate_ranks
                0x00007c90       0x50 contiki-cc13xx.a(rpl-dag.o)
                0x00007c90                rpl_recalculate_ranks
 .text.rpl_process_dio
                0x00007ce0      0x298 contiki-cc13xx.a(rpl-dag.o)
                0x00007ce0                rpl_process_dio
 .text.handle_periodic_timer
                0x00007f78       0x34 contiki-cc13xx.a(rpl-timers.o)
 .text.handle_dio_timer
                0x00007fac       0xd4 contiki-cc13xx.a(rpl-timers.o)
 .text.rpl_reset_periodic_timer
                0x00008080       0x3c contiki-cc13xx.a(rpl-timers.o)
                0x00008080                rpl_reset_periodic_timer
 .text.rpl_reset_dio_timer
                0x000080bc       0x38 contiki-cc13xx.a(rpl-timers.o)
                0x000080bc                rpl_reset_dio_timer
 .text.rpl_link_neighbor_callback
                0x000080f4       0x78 contiki-cc13xx.a(rpl.o)
                0x000080f4                rpl_link_neighbor_callback
 .text.rpl_ipv6_neighbor_callback
                0x0000816c       0x30 contiki-cc13xx.a(rpl.o)
                0x0000816c                rpl_ipv6_neighbor_callback
 .text.rpl_init
                0x0000819c       0x58 contiki-cc13xx.a(rpl.o)
                0x0000819c                rpl_init
 .text.reset    0x000081f4        0x4 contiki-cc13xx.a(rpl-mrhof.o)
 .text.update_metric_container
                0x000081f8        0x8 contiki-cc13xx.a(rpl-mrhof.o)
 .text.calculate_rank
                0x00008200       0x44 contiki-cc13xx.a(rpl-mrhof.o)
 .text.neighbor_link_callback
                0x00008244       0x5c contiki-cc13xx.a(rpl-mrhof.o)
 .text.best_dag
                0x000082a0       0x2c contiki-cc13xx.a(rpl-mrhof.o)
 .text.best_parent
                0x000082cc       0x60 contiki-cc13xx.a(rpl-mrhof.o)
 .text.TrimAfterColdResetWakeupFromShutDown
                0x0000832c       0xd8 contiki-cc13xx.a(setup.o)
 .text.NOROM_SetupTrimDevice
                0x00008404       0xa4 contiki-cc13xx.a(setup.o)
                0x00008404                NOROM_SetupTrimDevice
 .text.NOROM_OSCClockSourceSet
                0x000084a8       0x60 contiki-cc13xx.a(osc.o)
                0x000084a8                NOROM_OSCClockSourceSet
 .text.NOROM_OSCClockSourceGet
                0x00008508       0x2c contiki-cc13xx.a(osc.o)
                0x00008508                NOROM_OSCClockSourceGet
 .text.NOROM_SetupGetTrimForXoscHfCtl.part.3
                0x00008534       0x20 contiki-cc13xx.a(setup_rom.o)
 .text.NOROM_SetupGetTrimForRadcExtCfg.part.4
                0x00008554       0x20 contiki-cc13xx.a(setup_rom.o)
 .text.NOROM_SetupSetVddrLevel
                0x00008574       0xa4 contiki-cc13xx.a(setup_rom.o)
                0x00008574                NOROM_SetupSetVddrLevel
 .text.NOROM_SetupAfterColdResetWakeupFromShutDownCfg1
                0x00008618       0xc0 contiki-cc13xx.a(setup_rom.o)
                0x00008618                NOROM_SetupAfterColdResetWakeupFromShutDownCfg1
 .text.NOROM_SetupAfterColdResetWakeupFromShutDownCfg3
                0x000086d8      0x194 contiki-cc13xx.a(setup_rom.o)
                0x000086d8                NOROM_SetupAfterColdResetWakeupFromShutDownCfg3
 .text.NOROM_SetupGetTrimForAnabypassValue1
                0x0000886c       0x64 contiki-cc13xx.a(setup_rom.o)
                0x0000886c                NOROM_SetupGetTrimForAnabypassValue1
 .text.NOROM_SetupGetTrimForAmpcompCtrl
                0x000088d0       0x74 contiki-cc13xx.a(setup_rom.o)
                0x000088d0                NOROM_SetupGetTrimForAmpcompCtrl
 .text.NOROM_SetupAfterColdResetWakeupFromShutDownCfg2
                0x00008944      0x19c contiki-cc13xx.a(setup_rom.o)
                0x00008944                NOROM_SetupAfterColdResetWakeupFromShutDownCfg2
 .text.NOROM_SetupSetCacheModeAccordingToCcfgSetting
                0x00008ae0       0x6c contiki-cc13xx.a(setup_rom.o)
                0x00008ae0                NOROM_SetupSetCacheModeAccordingToCcfgSetting
 .text.NOROM_CPUcpsid
                0x00008b4c        0x8 contiki-cc13xx.a(cpu.o)
                0x00008b4c                NOROM_CPUcpsid
 .text.NOROM_CPUcpsie
                0x00008b54        0x8 contiki-cc13xx.a(cpu.o)
                0x00008b54                NOROM_CPUcpsie
 .text.NOROM_DDI32RegWrite
                0x00008b5c       0x34 contiki-cc13xx.a(ddi.o)
                0x00008b5c                NOROM_DDI32RegWrite
 .text.NOROM_RFCRTrim
                0x00008b90      0x138 contiki-cc13xx.a(rfc.o)
                0x00008b90                NOROM_RFCRTrim
 .text.NOROM_RFCAdi3VcoLdoVoltageMode
                0x00008cc8       0x20 contiki-cc13xx.a(rfc.o)
                0x00008cc8                NOROM_RFCAdi3VcoLdoVoltageMode
 .text.NOROM_ChipInfo_GetChipFamily
                0x00008ce8       0x50 contiki-cc13xx.a(chipinfo.o)
                0x00008ce8                NOROM_ChipInfo_GetChipFamily
 .text.NOROM_ChipInfo_GetChipType
                0x00008d38       0x30 contiki-cc13xx.a(chipinfo.o)
                0x00008d38                NOROM_ChipInfo_GetChipType
 .text.NOROM_ChipInfo_GetHwRevision
                0x00008d68       0x70 contiki-cc13xx.a(chipinfo.o)
                0x00008d68                NOROM_ChipInfo_GetHwRevision
 .text.NOROM_ThisCodeIsBuiltForCC13xxHwRev20AndLater_HaltIfViolated
                0x00008dd8       0x18 contiki-cc13xx.a(chipinfo.o)
                0x00008dd8                NOROM_ThisCodeIsBuiltForCC13xxHwRev20AndLater_HaltIfViolated
 .text.SafeHapiVoid
                0x00008df0       0x2c contiki-cc13xx.a(adi.o)
                0x00008df0                SafeHapiVoid
 .text.NOROM_SysCtrlSetRechargeBeforePowerDown
                0x00008e1c      0x2b0 contiki-cc13xx.a(sys_ctrl.o)
                0x00008e1c                NOROM_SysCtrlSetRechargeBeforePowerDown
 .text.NOROM_SysCtrlAdjustRechargeAfterPowerDown
                0x000090cc       0x64 contiki-cc13xx.a(sys_ctrl.o)
                0x000090cc                NOROM_SysCtrlAdjustRechargeAfterPowerDown
 .text.NOROM_SysCtrl_DCDC_VoltageConditionalControl
                0x00009130       0x7c contiki-cc13xx.a(sys_ctrl.o)
                0x00009130                NOROM_SysCtrl_DCDC_VoltageConditionalControl
 .text.NOROM_PowerCtrlSourceSet
                0x000091ac       0x30 contiki-cc13xx.a(pwr_ctrl.o)
                0x000091ac                NOROM_PowerCtrlSourceSet
 .text.NOROM_TRNGConfigure
                0x000091dc       0x38 contiki-cc13xx.a(trng.o)
                0x000091dc                NOROM_TRNGConfigure
 .text.NOROM_AONRTCCurrentCompareValueGet
                0x00009214       0x24 contiki-cc13xx.a(aon_rtc.o)
                0x00009214                NOROM_AONRTCCurrentCompareValueGet
 .text.NOROM_AONBatMonTemperatureGetDegC
                0x00009238       0x30 contiki-cc13xx.a(aon_batmon.o)
                0x00009238                NOROM_AONBatMonTemperatureGetDegC
 .text.orpl_bitmap_current_rank
                0x00009268       0x14 contiki-cc13xx.a(orpl-bitmap.o)
                0x00009268                orpl_bitmap_current_rank
 .text.orpl_bitmap_root_rank
                0x0000927c       0x18 contiki-cc13xx.a(orpl-bitmap.o)
                0x0000927c                orpl_bitmap_root_rank
 .text.orpl_bitmap_satisfy_fwd
                0x00009294       0x34 contiki-cc13xx.a(orpl-bitmap.o)
                0x00009294                orpl_bitmap_satisfy_fwd
 .text.lladdr_from_ipaddr_uuid
                0x000092c8       0x14 contiki-cc13xx.a(orpl-bitmap.o)
                0x000092c8                lladdr_from_ipaddr_uuid
 .text.orpl_bitmap_duplicate_detect
                0x000092dc       0x4c contiki-cc13xx.a(orpl-bitmap.o)
                0x000092dc                orpl_bitmap_duplicate_detect
 .text.orpl_bitmap_duplicate_register
                0x00009328       0x54 contiki-cc13xx.a(orpl-bitmap.o)
                0x00009328                orpl_bitmap_duplicate_register
 .text.orpl_bitmap_get_current_seqno
                0x0000937c       0x30 contiki-cc13xx.a(orpl-bitmap.o)
                0x0000937c                orpl_bitmap_get_current_seqno
 .text.get_orpl_packet_seqno
                0x000093ac       0x20 contiki-cc13xx.a(orpl-bitmap.o)
                0x000093ac                get_orpl_packet_seqno
 .text.orpl_bitmap_init
                0x000093cc        0x4 contiki-cc13xx.a(orpl-bitmap.o)
                0x000093cc                orpl_bitmap_init
 .text.orpl_get_parent_ipaddr
                0x000093d0        0x4 contiki-cc13xx.a(orpl-bitmap.o)
                0x000093d0                orpl_get_parent_ipaddr
 .text.queuebuf_init
                0x000093d4       0x1c contiki-cc13xx.a(queuebuf.o)
                0x000093d4                queuebuf_init
 .text.queuebuf_new_from_packetbuf
                0x000093f0       0x48 contiki-cc13xx.a(queuebuf.o)
                0x000093f0                queuebuf_new_from_packetbuf
 .text.queuebuf_update_attr_from_packetbuf
                0x00009438        0xc contiki-cc13xx.a(queuebuf.o)
                0x00009438                queuebuf_update_attr_from_packetbuf
 .text.queuebuf_update_from_packetbuf
                0x00009444       0x1c contiki-cc13xx.a(queuebuf.o)
                0x00009444                queuebuf_update_from_packetbuf
 .text.queuebuf_free
                0x00009460       0x2c contiki-cc13xx.a(queuebuf.o)
                0x00009460                queuebuf_free
 .text.queuebuf_to_packetbuf
                0x0000948c       0x30 contiki-cc13xx.a(queuebuf.o)
                0x0000948c                queuebuf_to_packetbuf
 .text.queuebuf_attr
                0x000094bc        0xc contiki-cc13xx.a(queuebuf.o)
                0x000094bc                queuebuf_attr
 .text.nbr_set_bit
                0x000094c8       0x4c contiki-cc13xx.a(nbr-table.o)
 .text.index_from_lladdr
                0x00009514       0x50 contiki-cc13xx.a(nbr-table.o)
 .text.nbr_get_bit.constprop.0
                0x00009564       0x2c contiki-cc13xx.a(nbr-table.o)
 .text.nbr_table_register
                0x00009590       0x2c contiki-cc13xx.a(nbr-table.o)
                0x00009590                nbr_table_register
 .text.nbr_table_next
                0x000095bc       0x70 contiki-cc13xx.a(nbr-table.o)
                0x000095bc                nbr_table_next
 .text.nbr_table_head
                0x0000962c       0x58 contiki-cc13xx.a(nbr-table.o)
                0x0000962c                nbr_table_head
 .text.nbr_table_add_lladdr
                0x00009684      0x190 contiki-cc13xx.a(nbr-table.o)
                0x00009684                nbr_table_add_lladdr
 .text.nbr_table_get_from_lladdr
                0x00009814       0x34 contiki-cc13xx.a(nbr-table.o)
                0x00009814                nbr_table_get_from_lladdr
 .text.nbr_table_remove
                0x00009848       0x2c contiki-cc13xx.a(nbr-table.o)
                0x00009848                nbr_table_remove
 .text.nbr_table_lock
                0x00009874       0x14 contiki-cc13xx.a(nbr-table.o)
                0x00009874                nbr_table_lock
 .text.nbr_table_unlock
                0x00009888       0x14 contiki-cc13xx.a(nbr-table.o)
                0x00009888                nbr_table_unlock
 .text.nbr_table_get_lladdr
                0x0000989c       0x30 contiki-cc13xx.a(nbr-table.o)
                0x0000989c                nbr_table_get_lladdr
 .text.packetbuf_copyto
                0x000098cc       0x50 contiki-cc13xx.a(packetbuf.o)
                0x000098cc                packetbuf_copyto
 .text.packetbuf_hdralloc
                0x0000991c       0x48 contiki-cc13xx.a(packetbuf.o)
                0x0000991c                packetbuf_hdralloc
 .text.packetbuf_hdrreduce
                0x00009964       0x2c contiki-cc13xx.a(packetbuf.o)
                0x00009964                packetbuf_hdrreduce
 .text.packetbuf_set_datalen
                0x00009990        0xc contiki-cc13xx.a(packetbuf.o)
                0x00009990                packetbuf_set_datalen
 .text.packetbuf_dataptr
                0x0000999c       0x14 contiki-cc13xx.a(packetbuf.o)
                0x0000999c                packetbuf_dataptr
 .text.packetbuf_hdrptr
                0x000099b0       0x14 contiki-cc13xx.a(packetbuf.o)
                0x000099b0                packetbuf_hdrptr
 .text.packetbuf_datalen
                0x000099c4        0xc contiki-cc13xx.a(packetbuf.o)
                0x000099c4                packetbuf_datalen
 .text.packetbuf_totlen
                0x000099d0       0x28 contiki-cc13xx.a(packetbuf.o)
                0x000099d0                packetbuf_totlen
 .text.packetbuf_attr_clear
                0x000099f8       0x38 contiki-cc13xx.a(packetbuf.o)
                0x000099f8                packetbuf_attr_clear
 .text.packetbuf_clear
                0x00009a30       0x34 contiki-cc13xx.a(packetbuf.o)
                0x00009a30                packetbuf_clear
 .text.packetbuf_copyfrom
                0x00009a64       0x2c contiki-cc13xx.a(packetbuf.o)
                0x00009a64                packetbuf_copyfrom
 .text.packetbuf_attr_copyto
                0x00009a90       0x44 contiki-cc13xx.a(packetbuf.o)
                0x00009a90                packetbuf_attr_copyto
 .text.packetbuf_attr_copyfrom
                0x00009ad4       0x44 contiki-cc13xx.a(packetbuf.o)
                0x00009ad4                packetbuf_attr_copyfrom
 .text.packetbuf_set_attr
                0x00009b18       0x10 contiki-cc13xx.a(packetbuf.o)
                0x00009b18                packetbuf_set_attr
 .text.packetbuf_attr
                0x00009b28        0xc contiki-cc13xx.a(packetbuf.o)
                0x00009b28                packetbuf_attr
 .text.packetbuf_set_addr
                0x00009b34       0x18 contiki-cc13xx.a(packetbuf.o)
                0x00009b34                packetbuf_set_addr
 .text.packetbuf_addr
                0x00009b4c       0x10 contiki-cc13xx.a(packetbuf.o)
                0x00009b4c                packetbuf_addr
 .text.packetbuf_holds_broadcast
                0x00009b5c       0x10 contiki-cc13xx.a(packetbuf.o)
                0x00009b5c                packetbuf_holds_broadcast
 .text.netstack_init
                0x00009b6c       0x38 contiki-cc13xx.a(netstack.o)
                0x00009b6c                netstack_init
 .text.linkaddr_copy
                0x00009ba4        0xc contiki-cc13xx.a(linkaddr.o)
                0x00009ba4                linkaddr_copy
 .text.linkaddr_cmp
                0x00009bb0       0x10 contiki-cc13xx.a(linkaddr.o)
                0x00009bb0                linkaddr_cmp
 .text.parse    0x00009bc0       0x94 contiki-cc13xx.a(framer-802154.o)
 .text.create_frame.isra.0
                0x00009c54      0x128 contiki-cc13xx.a(framer-802154.o)
 .text.create   0x00009d7c        0x8 contiki-cc13xx.a(framer-802154.o)
 .text.hdr_length
                0x00009d84        0x8 contiki-cc13xx.a(framer-802154.o)
 .text.input_packet
                0x00009d8c        0xc contiki-cc13xx.a(csma.o)
 .text.on       0x00009d98        0xc contiki-cc13xx.a(csma.o)
 .text.off      0x00009da4        0xc contiki-cc13xx.a(csma.o)
 .text.channel_check_interval
                0x00009db0       0x10 contiki-cc13xx.a(csma.o)
 .text.transmit_packet_list
                0x00009dc0       0x34 contiki-cc13xx.a(csma.o)
 .text.free_packet
                0x00009df4       0x98 contiki-cc13xx.a(csma.o)
 .text.packet_sent
                0x00009e8c      0x108 contiki-cc13xx.a(csma.o)
 .text.send_packet
                0x00009f94      0x164 contiki-cc13xx.a(csma.o)
 .text.init     0x0000a0f8       0x24 contiki-cc13xx.a(csma.o)
 .text.field_len
                0x0000a11c       0x88 contiki-cc13xx.a(frame802154.o)
 .text.frame802154_hdrlen
                0x0000a1a4       0x54 contiki-cc13xx.a(frame802154.o)
                0x0000a1a4                frame802154_hdrlen
 .text.frame802154_create
                0x0000a1f8      0x10c contiki-cc13xx.a(frame802154.o)
                0x0000a1f8                frame802154_create
 .text.frame802154_parse
                0x0000a304      0x150 contiki-cc13xx.a(frame802154.o)
                0x0000a304                frame802154_parse
 .text.mac_call_sent_callback
                0x0000a454       0x10 contiki-cc13xx.a(mac.o)
                0x0000a454                mac_call_sent_callback
 .text.duty_cycle
                0x0000a464        0x4 contiki-cc13xx.a(contikimac-fcf.)
 .text.init     0x0000a468       0x70 contiki-cc13xx.a(contikimac-fcf.)
 .text.on       0x0000a4d8       0x2c contiki-cc13xx.a(contikimac-fcf.)
 .text.off      0x0000a504       0x38 contiki-cc13xx.a(contikimac-fcf.)
 .text.recv_burst_off
                0x0000a53c       0x14 contiki-cc13xx.a(contikimac-fcf.)
 .text.input_packet
                0x0000a550      0x180 contiki-cc13xx.a(contikimac-fcf.)
 .text.powercycle_turn_radio_off.part.2
                0x0000a6d0       0x10 contiki-cc13xx.a(contikimac-fcf.)
 .text.turn_off
                0x0000a6e0       0x48 contiki-cc13xx.a(contikimac-fcf.)
 .text.turn_on  0x0000a728       0x48 contiki-cc13xx.a(contikimac-fcf.)
 .text.schedule_powercycle_fixed.part.5
                0x0000a770       0x40 contiki-cc13xx.a(contikimac-fcf.)
 .text.send_packet.isra.7.constprop.9
                0x0000a7b0      0x47c contiki-cc13xx.a(contikimac-fcf.)
 .text.qsend_packet
                0x0000ac2c       0x40 contiki-cc13xx.a(contikimac-fcf.)
 .text.qsend_list
                0x0000ac6c       0xe8 contiki-cc13xx.a(contikimac-fcf.)
 .text.powercycle_wrapper
                0x0000ad54      0x320 contiki-cc13xx.a(contikimac-fcf.)
 .text.set_cycletime
                0x0000b074       0x30 contiki-cc13xx.a(contikimac-fcf.)
                0x0000b074                set_cycletime
 .text.get_cycle_time
                0x0000b0a4        0xc contiki-cc13xx.a(contikimac-fcf.)
                0x0000b0a4                get_cycle_time
 .text.reset_contikimac_rtimer
                0x0000b0b0       0x44 contiki-cc13xx.a(contikimac-fcf.)
                0x0000b0b0                reset_contikimac_rtimer
 .text.get_rdc_active_channel_check_rate
                0x0000b0f4        0xc contiki-cc13xx.a(contikimac-fcf.)
                0x0000b0f4                get_rdc_active_channel_check_rate
 .text.init     0x0000b100        0x4 contiki-cc13xx.a(nullsec.o)
 .text.input    0x0000b104        0xc contiki-cc13xx.a(nullsec.o)
 .text.send     0x0000b110       0x20 contiki-cc13xx.a(nullsec.o)
 .text.rnfd_root_input
                0x0000b130       0xb4 contiki-cc13xx.a(rnfd-root.o)
                0x0000b130                rnfd_root_input
 .text.rnfd_global
                0x0000b1e4        0x8 contiki-cc13xx.a(rnfd.o)
 .text.rnfd_info_get
                0x0000b1ec       0x44 contiki-cc13xx.a(rnfd.o)
 .text.rnfd_root_neighbor
                0x0000b230       0x44 contiki-cc13xx.a(rnfd.o)
 .text.rnfd_suspect_out
                0x0000b274       0x98 contiki-cc13xx.a(rnfd.o)
 .text.rnfd_offline_out
                0x0000b30c       0x54 contiki-cc13xx.a(rnfd.o)
 .text.rnfd_free_dag
                0x0000b360       0x74 contiki-cc13xx.a(rnfd.o)
 .text.get_rnfd_start_flag
                0x0000b3d4        0xc contiki-cc13xx.a(rnfd.o)
                0x0000b3d4                get_rnfd_start_flag
 .text.get_rnfd_offline_nodag
                0x0000b3e0        0xc contiki-cc13xx.a(rnfd.o)
                0x0000b3e0                get_rnfd_offline_nodag
 .text.rnfd_set_root_immediate_children
                0x0000b3ec        0xc contiki-cc13xx.a(rnfd.o)
                0x0000b3ec                rnfd_set_root_immediate_children
 .text.rnfd_info_enter_blacklist
                0x0000b3f8       0x48 contiki-cc13xx.a(rnfd.o)
                0x0000b3f8                rnfd_info_enter_blacklist
 .text.rnfd_info_add
                0x0000b440       0xb8 contiki-cc13xx.a(rnfd.o)
                0x0000b440                rnfd_info_add
 .text.rnfd_info_get_state
                0x0000b4f8       0x20 contiki-cc13xx.a(rnfd.o)
                0x0000b4f8                rnfd_info_get_state
 .text.rnfd_schdule_suspect_out
                0x0000b518       0x60 contiki-cc13xx.a(rnfd.o)
                0x0000b518                rnfd_schdule_suspect_out
 .text.rnfd_request_deal
                0x0000b578       0x2c contiki-cc13xx.a(rnfd.o)
                0x0000b578                rnfd_request_deal
 .text.rnfd_common_input
                0x0000b5a4      0x1b0 contiki-cc13xx.a(rnfd.o)
                0x0000b5a4                rnfd_common_input
 .text.rnfd_init
                0x0000b754       0x24 contiki-cc13xx.a(rnfd.o)
                0x0000b754                rnfd_init
 .text.random_delay
                0x0000b778       0x20 contiki-cc13xx.a(udp-fragment.o)
 .text.udp_fragment_frag_send
                0x0000b798      0x118 contiki-cc13xx.a(udp-fragment.o)
 .text.udp_fragment_packet_send
                0x0000b8b0      0x10c contiki-cc13xx.a(udp-fragment.o)
                0x0000b8b0                udp_fragment_packet_send
 .text.udp_fragment_send_callback
                0x0000b9bc       0x38 contiki-cc13xx.a(udp-fragment.o)
                0x0000b9bc                udp_fragment_send_callback
 .text.udp_fragment_init
                0x0000b9f4       0x20 contiki-cc13xx.a(udp-fragment.o)
                0x0000b9f4                udp_fragment_init
 .text.set_force_auto_sleep
                0x0000ba14       0x28 contiki-cc13xx.a(auto-sleep.o)
 .text.clear_force_auto_sleep
                0x0000ba3c        0xc contiki-cc13xx.a(auto-sleep.o)
                0x0000ba3c                clear_force_auto_sleep
 .text.get_force_auto_sleep
                0x0000ba48        0xc contiki-cc13xx.a(auto-sleep.o)
                0x0000ba48                get_force_auto_sleep
 .text.set_round_auto_sleep
                0x0000ba54        0xc contiki-cc13xx.a(auto-sleep.o)
                0x0000ba54                set_round_auto_sleep
 .text.get_round_auto_sleep
                0x0000ba60        0xc contiki-cc13xx.a(auto-sleep.o)
                0x0000ba60                get_round_auto_sleep
 .text.set_delay_auto_sleep
                0x0000ba6c       0x14 contiki-cc13xx.a(auto-sleep.o)
                0x0000ba6c                set_delay_auto_sleep
 .text.update_new_schedule
                0x0000ba80       0x44 contiki-cc13xx.a(netsynch.o)
                0x0000ba80                update_new_schedule
 .text.random_delay
                0x0000bac4       0x2c contiki-cc13xx.a(netsynch.o)
 .text.netsynch_send
                0x0000baf0       0xec contiki-cc13xx.a(netsynch.o)
 .text.netsynch_common_send
                0x0000bbdc       0x24 contiki-cc13xx.a(netsynch.o)
 .text.request_send
                0x0000bc00       0xb4 contiki-cc13xx.a(netsynch.o)
 .text.netsynch_is_synched
                0x0000bcb4       0x14 contiki-cc13xx.a(netsynch.o)
                0x0000bcb4                netsynch_is_synched
 .text.update_schedule
                0x0000bcc8       0x4c contiki-cc13xx.a(netsynch.o)
                0x0000bcc8                update_schedule
 .text.schedule_bitmap_get
                0x0000bd14       0x1c contiki-cc13xx.a(netsynch.o)
                0x0000bd14                schedule_bitmap_get
 .text.netsynch_cal_offset
                0x0000bd30       0x48 contiki-cc13xx.a(netsynch.o)
                0x0000bd30                netsynch_cal_offset
 .text.process_thread_netsynch_process
                0x0000bd78      0x3a8 contiki-cc13xx.a(netsynch.o)
 .text.netsynch_get_offset
                0x0000c120        0xc contiki-cc13xx.a(netsynch.o)
                0x0000c120                netsynch_get_offset
 .text.netsync_common_timesource
                0x0000c12c       0x74 contiki-cc13xx.a(netsynch.o)
                0x0000c12c                netsync_common_timesource
 .text.netsync_schedule_all_on
                0x0000c1a0       0x24 contiki-cc13xx.a(netsynch.o)
                0x0000c1a0                netsync_schedule_all_on
 .text.netsync_start_common_request
                0x0000c1c4       0x4c contiki-cc13xx.a(netsynch.o)
                0x0000c1c4                netsync_start_common_request
 .text.netsynch_init
                0x0000c210       0x5c contiki-cc13xx.a(netsynch.o)
                0x0000c210                netsynch_init
 .text.netsync_compute_autocal_interval
                0x0000c26c       0x40 contiki-cc13xx.a(netsync-auto-ca)
 .text.get_autocal_info
                0x0000c2ac        0x8 contiki-cc13xx.a(netsync-auto-ca)
                0x0000c2ac                get_autocal_info
 .text.netsync_cal_time_record
                0x0000c2b4       0x28 contiki-cc13xx.a(netsync-auto-ca)
                0x0000c2b4                netsync_cal_time_record
 .text.netsync_autocal_update
                0x0000c2dc       0xbc contiki-cc13xx.a(netsync-auto-ca)
                0x0000c2dc                netsync_autocal_update
 .text.netsync_autocal_init
                0x0000c398       0x20 contiki-cc13xx.a(netsync-auto-ca)
                0x0000c398                netsync_autocal_init
 .text.cache_wake_info
                0x0000c3b8       0x1c contiki-cc13xx.a(wake-common.o)
                0x0000c3b8                cache_wake_info
 .text.get_wake_info
                0x0000c3d4        0x8 contiki-cc13xx.a(wake-common.o)
                0x0000c3d4                get_wake_info
 .text.wake_sent_callback
                0x0000c3dc       0x80 contiki-cc13xx.a(wake-common.o)
                0x0000c3dc                wake_sent_callback
 .text.set_wake_send
                0x0000c45c        0xc contiki-cc13xx.a(wake-common.o)
                0x0000c45c                set_wake_send
 .text.get_wake_send
                0x0000c468        0xc contiki-cc13xx.a(wake-common.o)
                0x0000c468                get_wake_send
 .text.wake_common_init
                0x0000c474       0x28 contiki-cc13xx.a(wake-common.o)
                0x0000c474                wake_common_init
 .text.set_lowLatency_flag
                0x0000c49c       0xb0 contiki-cc13xx.a(low-latency.o)
                0x0000c49c                set_lowLatency_flag
 .text.get_lowLatency_flag
                0x0000c54c        0xc contiki-cc13xx.a(low-latency.o)
                0x0000c54c                get_lowLatency_flag
 .text.set_low_latency_channel_clear_flag
                0x0000c558        0xc contiki-cc13xx.a(low-latency.o)
                0x0000c558                set_low_latency_channel_clear_flag
 .text.set_low_latency_one_second_before
                0x0000c564        0xc contiki-cc13xx.a(low-latency.o)
                0x0000c564                set_low_latency_one_second_before
 .text.get_low_latency_one_second_before
                0x0000c570        0xc contiki-cc13xx.a(low-latency.o)
                0x0000c570                get_low_latency_one_second_before
 .text.read_flash
                0x0000c57c       0x3c contiki-cc13xx.a(flashdata.o)
                0x0000c57c                read_flash
 .text.write_to_flash
                0x0000c5b8      0x118 contiki-cc13xx.a(flashdata.o)
                0x0000c5b8                write_to_flash
 .text.aux_ctrl_power_up
                0x0000c6d0       0x28 contiki-cc13xx.a(aux-ctrl.o)
                0x0000c6d0                aux_ctrl_power_up
 .text.aux_ctrl_register_consumer
                0x0000c6f8       0x40 contiki-cc13xx.a(aux-ctrl.o)
                0x0000c6f8                aux_ctrl_register_consumer
 .text.aux_ctrl_power_down
                0x0000c738       0x6c contiki-cc13xx.a(aux-ctrl.o)
                0x0000c738                aux_ctrl_power_down
 .text.aux_ctrl_unregister_consumer
                0x0000c7a4       0x28 contiki-cc13xx.a(aux-ctrl.o)
                0x0000c7a4                aux_ctrl_unregister_consumer
 .text.init     0x0000c7cc       0x34 contiki-cc13xx.a(fcf.o)
 .text.mcast_fwd
                0x0000c800       0x28 contiki-cc13xx.a(fcf.o)
 .text.out      0x0000c828       0x58 contiki-cc13xx.a(fcf.o)
 .text.in       0x0000c880       0x8c contiki-cc13xx.a(fcf.o)
 .text.stimer_set
                0x0000c90c       0x10 contiki-cc13xx.a(stimer.o)
                0x0000c90c                stimer_set
 .text.stimer_expired
                0x0000c91c       0x20 contiki-cc13xx.a(stimer.o)
                0x0000c91c                stimer_expired
 .text.memb_init
                0x0000c93c       0x24 contiki-cc13xx.a(memb.o)
                0x0000c93c                memb_init
 .text.memb_alloc
                0x0000c960       0x3c contiki-cc13xx.a(memb.o)
                0x0000c960                memb_alloc
 .text.memb_free
                0x0000c99c       0x44 contiki-cc13xx.a(memb.o)
                0x0000c99c                memb_free
 .text.memb_inmemb
                0x0000c9e0       0x1c contiki-cc13xx.a(memb.o)
                0x0000c9e0                memb_inmemb
 .text.uip_icmp6_input
                0x0000c9fc       0x3c contiki-cc13xx.a(uip-icmp6.o)
                0x0000c9fc                uip_icmp6_input
 .text.uip_icmp6_register_input_handler
                0x0000ca38        0xc contiki-cc13xx.a(uip-icmp6.o)
                0x0000ca38                uip_icmp6_register_input_handler
 .text.uip_icmp6_send
                0x0000ca44       0x84 contiki-cc13xx.a(uip-icmp6.o)
                0x0000ca44                uip_icmp6_send
 .text.uip_icmp6_init
                0x0000cac8        0x4 contiki-cc13xx.a(uip-icmp6.o)
                0x0000cac8                uip_icmp6_init
 .text.get32    0x0000cacc       0x20 contiki-cc13xx.a(rpl-icmp6.o)
 .text.dio_input
                0x0000caec      0x2b8 contiki-cc13xx.a(rpl-icmp6.o)
 .text.dis_output
                0x0000cda4       0x58 contiki-cc13xx.a(rpl-icmp6.o)
                0x0000cda4                dis_output
 .text.dio_output
                0x0000cdfc      0x2f0 contiki-cc13xx.a(rpl-icmp6.o)
                0x0000cdfc                dio_output
 .text.dis_input
                0x0000d0ec       0x58 contiki-cc13xx.a(rpl-icmp6.o)
 .text.send_dio
                0x0000d144       0x28 contiki-cc13xx.a(rpl-icmp6.o)
 .text.rpl_icmp6_register_handlers
                0x0000d16c       0x1c contiki-cc13xx.a(rpl-icmp6.o)
                0x0000d16c                rpl_icmp6_register_handlers
 .text.NOROM_FlashSectorErase
                0x0000d188       0x1c contiki-cc13xx.a(flash.o)
                0x0000d188                NOROM_FlashSectorErase
 .text.NOROM_FlashProgram
                0x0000d1a4       0x1c contiki-cc13xx.a(flash.o)
                0x0000d1a4                NOROM_FlashProgram
 .text.NOROM_VIMSModeGet
                0x0000d1c0       0x10 contiki-cc13xx.a(vims.o)
                0x0000d1c0                NOROM_VIMSModeGet
 .text.mac_sequence_is_duplicate
                0x0000d1d0       0x3c contiki-cc13xx.a(mac-sequence.o)
                0x0000d1d0                mac_sequence_is_duplicate
 .text.mac_sequence_register_seqno
                0x0000d20c       0x70 contiki-cc13xx.a(mac-sequence.o)
                0x0000d20c                mac_sequence_register_seqno
 .text.rnfd_request_input
                0x0000d27c       0x48 contiki-cc13xx.a(rnfd-icmp6.o)
 .text.rnfd_input
                0x0000d2c4       0xa4 contiki-cc13xx.a(rnfd-icmp6.o)
 .text.rnfd_send
                0x0000d368       0xc0 contiki-cc13xx.a(rnfd-icmp6.o)
                0x0000d368                rnfd_send
 .text.rnfd_icmp6_register_handlers
                0x0000d428       0x1c contiki-cc13xx.a(rnfd-icmp6.o)
                0x0000d428                rnfd_icmp6_register_handlers
 .text.wake_dev_init
                0x0000d444       0x18 contiki-cc13xx.a(wake-dev.o)
                0x0000d444                wake_dev_init
 .text.wake_send
                0x0000d45c       0x64 contiki-cc13xx.a(wake-node.o)
                0x0000d45c                wake_send
 .text.process_thread_wake_node_process
                0x0000d4c0       0xcc contiki-cc13xx.a(wake-node.o)
 .text.wake_node_init
                0x0000d58c        0xc contiki-cc13xx.a(wake-node.o)
                0x0000d58c                wake_node_init
 .text          0x0000d598       0x30 /opt/my1310ARM/toolchain/gcc-arm-none-eabi-4_9-2015q3/bin/../lib/gcc/arm-none-eabi/4.9.3/armv7-m/libgcc.a(_aeabi_uldivmod.o)
                0x0000d598                __aeabi_uldivmod
 .text          0x0000d5c8       0x60 /opt/my1310ARM/toolchain/gcc-arm-none-eabi-4_9-2015q3/bin/../lib/gcc/arm-none-eabi/4.9.3/armv7-m/libgcc.a(bpabi.o)
                0x0000d5c8                __gnu_ldivmod_helper
                0x0000d5f8                __gnu_uldivmod_helper
 .text          0x0000d628        0x4 /opt/my1310ARM/toolchain/gcc-arm-none-eabi-4_9-2015q3/bin/../lib/gcc/arm-none-eabi/4.9.3/armv7-m/libgcc.a(_dvmd_tls.o)
                0x0000d628                __aeabi_ldiv0
                0x0000d628                __aeabi_idiv0
 .text          0x0000d62c      0x2ac /opt/my1310ARM/toolchain/gcc-arm-none-eabi-4_9-2015q3/bin/../lib/gcc/arm-none-eabi/4.9.3/armv7-m/libgcc.a(_divdi3.o)
                0x0000d62c                __divdi3
 .text          0x0000d8d8      0x270 /opt/my1310ARM/toolchain/gcc-arm-none-eabi-4_9-2015q3/bin/../lib/gcc/arm-none-eabi/4.9.3/armv7-m/libgcc.a(_udivdi3.o)
                0x0000d8d8                __udivdi3
 .text.malloc   0x0000db48       0x10 /opt/my1310ARM/toolchain/gcc-arm-none-eabi-4_9-2015q3/bin/../lib/gcc/arm-none-eabi/4.9.3/../../../../arm-none-eabi/lib/armv7-m/libc.a(lib_a-malloc.o)
                0x0000db48                malloc
 .text.free     0x0000db58       0x10 /opt/my1310ARM/toolchain/gcc-arm-none-eabi-4_9-2015q3/bin/../lib/gcc/arm-none-eabi/4.9.3/../../../../arm-none-eabi/lib/armv7-m/libc.a(lib_a-malloc.o)
                0x0000db58                free
 .text._malloc_r
                0x0000db68      0x50c /opt/my1310ARM/toolchain/gcc-arm-none-eabi-4_9-2015q3/bin/../lib/gcc/arm-none-eabi/4.9.3/../../../../arm-none-eabi/lib/armv7-m/libc.a(lib_a-mallocr.o)
                0x0000db68                _malloc_r
 .text.memcmp   0x0000e074       0x64 /opt/my1310ARM/toolchain/gcc-arm-none-eabi-4_9-2015q3/bin/../lib/gcc/arm-none-eabi/4.9.3/../../../../arm-none-eabi/lib/armv7-m/libc.a(lib_a-memcmp.o)
                0x0000e074                memcmp
 .text          0x0000e0d8       0xec /opt/my1310ARM/toolchain/gcc-arm-none-eabi-4_9-2015q3/bin/../lib/gcc/arm-none-eabi/4.9.3/../../../../arm-none-eabi/lib/armv7-m/libc.a(lib_a-memcpy.o)
                0x0000e0d8                memcpy
 .text.memmove  0x0000e1c4       0xc8 /opt/my1310ARM/toolchain/gcc-arm-none-eabi-4_9-2015q3/bin/../lib/gcc/arm-none-eabi/4.9.3/../../../../arm-none-eabi/lib/armv7-m/libc.a(lib_a-memmove.o)
                0x0000e1c4                memmove
 .text.memset   0x0000e28c       0x9c /opt/my1310ARM/toolchain/gcc-arm-none-eabi-4_9-2015q3/bin/../lib/gcc/arm-none-eabi/4.9.3/../../../../arm-none-eabi/lib/armv7-m/libc.a(lib_a-memset.o)
                0x0000e28c                memset
 .text.__malloc_lock
                0x0000e328        0x4 /opt/my1310ARM/toolchain/gcc-arm-none-eabi-4_9-2015q3/bin/../lib/gcc/arm-none-eabi/4.9.3/../../../../arm-none-eabi/lib/armv7-m/libc.a(lib_a-mlock.o)
                0x0000e328                __malloc_lock
 .text.__malloc_unlock
                0x0000e32c        0x4 /opt/my1310ARM/toolchain/gcc-arm-none-eabi-4_9-2015q3/bin/../lib/gcc/arm-none-eabi/4.9.3/../../../../arm-none-eabi/lib/armv7-m/libc.a(lib_a-mlock.o)
                0x0000e32c                __malloc_unlock
 .text._sbrk_r  0x0000e330       0x24 /opt/my1310ARM/toolchain/gcc-arm-none-eabi-4_9-2015q3/bin/../lib/gcc/arm-none-eabi/4.9.3/../../../../arm-none-eabi/lib/armv7-m/libc.a(lib_a-sbrkr.o)
                0x0000e330                _sbrk_r
 .text.strlen   0x0000e354       0x5c /opt/my1310ARM/toolchain/gcc-arm-none-eabi-4_9-2015q3/bin/../lib/gcc/arm-none-eabi/4.9.3/../../../../arm-none-eabi/lib/armv7-m/libc.a(lib_a-strlen.o)
                0x0000e354                strlen
 .text._malloc_trim_r
                0x0000e3b0       0x9c /opt/my1310ARM/toolchain/gcc-arm-none-eabi-4_9-2015q3/bin/../lib/gcc/arm-none-eabi/4.9.3/../../../../arm-none-eabi/lib/armv7-m/libc.a(lib_a-freer.o)
                0x0000e3b0                _malloc_trim_r
 .text._free_r  0x0000e44c      0x1b0 /opt/my1310ARM/toolchain/gcc-arm-none-eabi-4_9-2015q3/bin/../lib/gcc/arm-none-eabi/4.9.3/../../../../arm-none-eabi/lib/armv7-m/libc.a(lib_a-freer.o)
                0x0000e44c                _free_r
 .text._sbrk    0x0000e5fc       0x1c /opt/my1310ARM/toolchain/gcc-arm-none-eabi-4_9-2015q3/bin/../lib/gcc/arm-none-eabi/4.9.3/../../../../arm-none-eabi/lib/armv7-m/libnosys.a(sbrk.o)
                0x0000e5fc                _sbrk
 *(SORT(.rodata*))
 .rodata.autostart_processes
                0x0000e618        0x8 nodes-sender.co
                0x0000e618                autostart_processes
 .rodata.str1.4
                0x0000e620       0x77 nodes-sender.co
 *fill*         0x0000e697        0x1 00000000
 .rodata.str1.4
                0x0000e698       0xca contiki-cc13xx.a(task-schedule.o)
 *fill*         0x0000e762        0x2 00000000
 .rodata.str1.4
                0x0000e764       0x8e contiki-cc13xx.a(node_function.o)
 *fill*         0x0000e7f2        0x2 00000000
 .rodata.str1.4
                0x0000e7f4       0xa5 contiki-cc13xx.a(contiki-main.o)
 *fill*         0x0000e899        0x3 00000000
 .rodata        0x0000e89c       0x6c contiki-cc13xx.a(board.o)
 .rodata.str1.4
                0x0000e908       0xe2 contiki-cc13xx.a(node-id.o)
 *fill*         0x0000e9ea        0x2 00000000
 .rodata.mode_prop
                0x0000e9ec        0x8 contiki-cc13xx.a(prop-mode.o)
 .rodata.prop_mode_driver
                0x0000e9f4       0x38 contiki-cc13xx.a(prop-mode.o)
                0x0000e9f4                prop_mode_driver
 .rodata.patchGenfskRfe
                0x0000ea2c      0x6b4 contiki-cc13xx.a(prop-mode.o)
 .rodata.patchImageGenfsk
                0x0000f0e0      0x28c contiki-cc13xx.a(prop-mode.o)
 .rodata.prop_mode_tx_power_431_527
                0x0000f36c       0x30 contiki-cc13xx.a(prop-mode-tx-po)
                0x0000f36c                prop_mode_tx_power_431_527
 .rodata.str1.4
                0x0000f39c       0x8b contiki-cc13xx.a(soc-rtc.o)
 *fill*         0x0000f427        0x1 00000000
 .rodata.str1.4
                0x0000f428       0x1e contiki-cc13xx.a(netconfig.o)
 *fill*         0x0000f446        0x2 00000000
 .rodata.str1.4
                0x0000f448       0x46 contiki-cc13xx.a(rf-core.o)
 *fill*         0x0000f48e        0x2 00000000
 .rodata.str1.4
                0x0000f490       0x1b contiki-cc13xx.a(soc-trng.o)
 *fill*         0x0000f4ab        0x1 00000000
 .rodata.str1.4
                0x0000f4ac       0x3e contiki-cc13xx.a(strformat.o)
                                 0x46 (size before relaxing)
 *fill*         0x0000f4ea        0x2 00000000
 .rodata.buffer.4019
                0x0000f4ec       0x10 contiki-cc13xx.a(strformat.o)
 .rodata.buffer.4028
                0x0000f4fc       0x10 contiki-cc13xx.a(strformat.o)
 .rodata.str1.4
                0x0000f50c        0xf contiki-cc13xx.a(ctimer.o)
 *fill*         0x0000f51b        0x1 00000000
 .rodata.str1.4
                0x0000f51c        0xc contiki-cc13xx.a(etimer.o)
 .rodata.str1.4
                0x0000f528       0x1e contiki-cc13xx.a(serial-line.o)
 *fill*         0x0000f546        0x2 00000000
 .rodata        0x0000f548        0x2 contiki-cc13xx.a(sicslowpan.o)
 *fill*         0x0000f54a        0x2 00000000
 .rodata.ttl_values
                0x0000f54c        0x4 contiki-cc13xx.a(sicslowpan.o)
 .rodata.unc_llconf
                0x0000f550        0x4 contiki-cc13xx.a(sicslowpan.o)
                0x0000f550                unc_llconf
 .rodata.llprefix
                0x0000f554        0x2 contiki-cc13xx.a(sicslowpan.o)
                0x0000f554                llprefix
 *fill*         0x0000f556        0x2 00000000
 .rodata.sicslowpan_driver
                0x0000f558        0xc contiki-cc13xx.a(sicslowpan.o)
                0x0000f558                sicslowpan_driver
 .rodata.unc_ctxconf
                0x0000f564        0x4 contiki-cc13xx.a(sicslowpan.o)
                0x0000f564                unc_ctxconf
 .rodata.unc_mxconf
                0x0000f568        0x4 contiki-cc13xx.a(sicslowpan.o)
                0x0000f568                unc_mxconf
 .rodata.str1.4
                0x0000f56c        0xb contiki-cc13xx.a(sicslowpan.o)
 *fill*         0x0000f577        0x1 00000000
 .rodata.str1.4
                0x0000f578       0x41 contiki-cc13xx.a(uip-debug.o)
 *fill*         0x0000f5b9        0x3 00000000
 .rodata.str1.4
                0x0000f5bc        0xd contiki-cc13xx.a(tcpip.o)
 *fill*         0x0000f5c9        0x3 00000000
 .rodata.linkaddr_null
                0x0000f5cc        0x8 contiki-cc13xx.a(linkaddr.o)
                0x0000f5cc                linkaddr_null
 .rodata.framer_802154
                0x0000f5d4        0xc contiki-cc13xx.a(framer-802154.o)
                0x0000f5d4                framer_802154
 .rodata.str1.4
                0x0000f5e0        0x5 contiki-cc13xx.a(csma.o)
 *fill*         0x0000f5e5        0x3 00000000
 .rodata.csma_driver
                0x0000f5e8       0x1c contiki-cc13xx.a(csma.o)
                0x0000f5e8                csma_driver
 .rodata.contikimac_fcf_driver
                0x0000f604       0x20 contiki-cc13xx.a(contikimac-fcf.)
                0x0000f604                contikimac_fcf_driver
 .rodata.str1.4
                0x0000f624      0x297 contiki-cc13xx.a(contikimac-fcf.)
                                0x29b (size before relaxing)
 *fill*         0x0000f8bb        0x1 00000000
 .rodata.str1.4
                0x0000f8bc        0x8 contiki-cc13xx.a(nullsec.o)
 .rodata.nullsec_driver
                0x0000f8c4       0x10 contiki-cc13xx.a(nullsec.o)
                0x0000f8c4                nullsec_driver
 .rodata.str1.4
                0x0000f8d4       0x62 contiki-cc13xx.a(rnfd.o)
 *fill*         0x0000f936        0x2 00000000
 .rodata.str1.4
                0x0000f938       0x11 contiki-cc13xx.a(auto-sleep.o)
 *fill*         0x0000f949        0x3 00000000
 .rodata.str1.4
                0x0000f94c       0xc1 contiki-cc13xx.a(netsynch.o)
                                 0xc5 (size before relaxing)
 *fill*         0x0000fa0d        0x3 00000000
 .rodata.str1.4
                0x0000fa10       0x8c contiki-cc13xx.a(flashdata.o)
 .rodata.str1.4
                0x0000fa9c        0x4 contiki-cc13xx.a(fcf.o)
 .rodata.fcf_driver
                0x0000faa0       0x10 contiki-cc13xx.a(fcf.o)
                0x0000faa0                fcf_driver
 .rodata.str1.4
                0x0000fab0       0x2b contiki-cc13xx.a(rnfd-icmp6.o)
 *fill*         0x0000fadb        0x1 00000000
 .rodata.str1.4
                0x0000fadc       0x56 contiki-cc13xx.a(wake-node.o)
 *fill*         0x0000fb32        0x2 00000000
 .rodata.str1.4
                0x0000fb34        0x4 /opt/my1310ARM/toolchain/gcc-arm-none-eabi-4_9-2015q3/bin/../lib/gcc/arm-none-eabi/4.9.3/../../../../arm-none-eabi/lib/armv7-m/libc.a(lib_a-impure.o)
                                  0x2 (size before relaxing)
                0x0000fb38                _etext = .

.glue_7         0x0000fb38        0x0
 .glue_7        0x00000000        0x0 linker stubs

.glue_7t        0x0000fb38        0x0
 .glue_7t       0x00000000        0x0 linker stubs

.vfp11_veneer   0x0000fb38        0x0
 .vfp11_veneer  0x00000000        0x0 linker stubs

.v4_bx          0x0000fb38        0x0
 .v4_bx         0x00000000        0x0 linker stubs

.iplt           0x0000fb38        0x0
 .iplt          0x00000000        0x0 obj_cc13xx/startup_gcc.o

.data           0x20000000      0xb7d load address 0x0000fb38
                0x20000000                _data = .
 *(SORT(vtable))
 *(SORT(.data*))
 .data.impure_data
                0x20000000      0x428 /opt/my1310ARM/toolchain/gcc-arm-none-eabi-4_9-2015q3/bin/../lib/gcc/arm-none-eabi/4.9.3/../../../../arm-none-eabi/lib/armv7-m/libc.a(lib_a-impure.o)
 .data.udp_client_process
                0x20000428       0x10 nodes-sender.co
                0x20000428                udp_client_process
 .data.msg_da   0x20000438       0x6e nodes-sender.co
 *fill*         0x200004a6        0x2 
 .data.guard_time
                0x200004a8        0x4 contiki-cc13xx.a(task-schedule.o)
 .data.task_schedule_process
                0x200004ac       0x10 contiki-cc13xx.a(task-schedule.o)
                0x200004ac                task_schedule_process
 .data.srf_module
                0x200004bc       0x14 contiki-cc13xx.a(board.o)
 .data.prop_lpm_module
                0x200004d0       0x14 contiki-cc13xx.a(prop-mode.o)
 .data.tx_power_current
                0x200004e4        0x4 contiki-cc13xx.a(prop-mode.o)
                0x200004e4                tx_power_current
 .data.uart_module
                0x200004e8       0x14 contiki-cc13xx.a(cc26xx-uart.o)
 .data.rf_core_process
                0x200004fc       0x10 contiki-cc13xx.a(rf-core.o)
                0x200004fc                rf_core_process
 .data.rng_module
                0x2000050c       0x14 contiki-cc13xx.a(soc-trng.o)
 .data.soc_trng_process
                0x20000520       0x10 contiki-cc13xx.a(soc-trng.o)
                0x20000520                soc_trng_process
 .data.ctxt     0x20000530        0x8 contiki-cc13xx.a(dbg-printf.o)
 .data.ctimer_process
                0x20000538       0x10 contiki-cc13xx.a(ctimer.o)
                0x20000538                ctimer_process
 .data.etimer_process
                0x20000548       0x10 contiki-cc13xx.a(etimer.o)
                0x20000548                etimer_process
 .data.serial_line_process2
                0x20000558       0x10 contiki-cc13xx.a(serial-line.o)
                0x20000558                serial_line_process2
 .data.defaultroutermemb
                0x20000568        0xc contiki-cc13xx.a(uip-ds6-route.o)
 .data.ds6_neighbors
                0x20000574        0x4 contiki-cc13xx.a(uip-ds6-nbr.o)
                0x20000574                ds6_neighbors
 .data.ds6_neighbors_struct
                0x20000578       0x10 contiki-cc13xx.a(uip-ds6-nbr.o)
 .data.tcpip_process
                0x20000588       0x10 contiki-cc13xx.a(tcpip.o)
                0x20000588                tcpip_process
 .data.rpl_parents
                0x20000598        0x4 contiki-cc13xx.a(rpl-dag.o)
                0x20000598                rpl_parents
 .data.rpl_parents_struct
                0x2000059c       0x10 contiki-cc13xx.a(rpl-dag.o)
 .data.rpl_mrhof
                0x200005ac       0x1c contiki-cc13xx.a(rpl-mrhof.o)
                0x200005ac                rpl_mrhof
 .data.bufmem   0x200005c8        0xc contiki-cc13xx.a(queuebuf.o)
 .data.buframmem
                0x200005d4        0xc contiki-cc13xx.a(queuebuf.o)
 .data.neighbor_addr_mem
                0x200005e0        0xc contiki-cc13xx.a(nbr-table.o)
 .data.metadata_memb
                0x200005ec        0xc contiki-cc13xx.a(csma.o)
 .data.neighbor_memb
                0x200005f8        0xc contiki-cc13xx.a(csma.o)
 .data.packet_memb
                0x20000604        0xc contiki-cc13xx.a(csma.o)
 .data.round_auto_sleep
                0x20000610        0x4 contiki-cc13xx.a(auto-sleep.o)
 .data.netsynch_process
                0x20000614       0x10 contiki-cc13xx.a(netsynch.o)
                0x20000614                netsynch_process
 .data.authority_level
                0x20000624        0x4 contiki-cc13xx.a(netsynch.o)
 .data.smartrf_settings_cmd_prop_rx_adv
                0x20000628       0x30 contiki-cc13xx.a(smartrf-setting)
                0x20000628                smartrf_settings_cmd_prop_rx_adv
 .data.smartrf_settings_cmd_fs
                0x20000658       0x18 contiki-cc13xx.a(smartrf-setting)
                0x20000658                smartrf_settings_cmd_fs
 .data.smartrf_settings_cmd_prop_radio_div_setup
                0x20000670       0x28 contiki-cc13xx.a(smartrf-setting)
                0x20000670                smartrf_settings_cmd_prop_radio_div_setup
 .data.smartrf_settings_cmd_prop_tx_adv
                0x20000698       0x20 contiki-cc13xx.a(smartrf-setting)
                0x20000698                smartrf_settings_cmd_prop_tx_adv
 .data.overrides
                0x200006b8       0x60 contiki-cc13xx.a(smartrf-setting)
 .data.dis_handler
                0x20000718        0xc contiki-cc13xx.a(rpl-icmp6.o)
 .data.dio_handler
                0x20000724        0xc contiki-cc13xx.a(rpl-icmp6.o)
 .data.rnfd_request_handler
                0x20000730        0xc contiki-cc13xx.a(rnfd-icmp6.o)
 .data.rnfd_msg_handler
                0x2000073c        0xc contiki-cc13xx.a(rnfd-icmp6.o)
 .data.wake_node_process
                0x20000748       0x10 contiki-cc13xx.a(wake-node.o)
                0x20000748                wake_node_process
 .data.__malloc_av_
                0x20000758      0x408 /opt/my1310ARM/toolchain/gcc-arm-none-eabi-4_9-2015q3/bin/../lib/gcc/arm-none-eabi/4.9.3/../../../../arm-none-eabi/lib/armv7-m/libc.a(lib_a-mallocr.o)
                0x20000758                __malloc_av_
 .data.__malloc_trim_threshold
                0x20000b60        0x4 /opt/my1310ARM/toolchain/gcc-arm-none-eabi-4_9-2015q3/bin/../lib/gcc/arm-none-eabi/4.9.3/../../../../arm-none-eabi/lib/armv7-m/libc.a(lib_a-mallocr.o)
                0x20000b60                __malloc_trim_threshold
 .data.__malloc_sbrk_base
                0x20000b64        0x4 /opt/my1310ARM/toolchain/gcc-arm-none-eabi-4_9-2015q3/bin/../lib/gcc/arm-none-eabi/4.9.3/../../../../arm-none-eabi/lib/armv7-m/libc.a(lib_a-mallocr.o)
                0x20000b64                __malloc_sbrk_base
 .data._impure_ptr
                0x20000b68        0x4 /opt/my1310ARM/toolchain/gcc-arm-none-eabi-4_9-2015q3/bin/../lib/gcc/arm-none-eabi/4.9.3/../../../../arm-none-eabi/lib/armv7-m/libc.a(lib_a-impure.o)
                0x20000b68                _impure_ptr
 .data.init_net_flag
                0x20000b6c        0x2 contiki-cc13xx.a(netconfig.o)
 .data.netDataPeriod
                0x20000b6e        0x1 contiki-cc13xx.a(node_function.o)
 .data.last_rssi
                0x20000b6f        0x1 contiki-cc13xx.a(prop-mode.o)
 .data.rssi_threshold
                0x20000b70        0x1 contiki-cc13xx.a(prop-mode.o)
 .data.active_flag
                0x20000b71        0x1 contiki-cc13xx.a(netconfig.o)
 .data.rng_ready_event
                0x20000b72        0x1 contiki-cc13xx.a(soc-trng.o)
 .data.app_send_flag
                0x20000b73        0x1 contiki-cc13xx.a(sicslowpan.o)
                0x20000b73                app_send_flag
 .data.rdc_active_channel_check_rate
                0x20000b74        0x1 contiki-cc13xx.a(contikimac-fcf.)
 .data.rnfd_start_flag
                0x20000b75        0x1 contiki-cc13xx.a(rnfd.o)
 .data.fragment_send_max_len
                0x20000b76        0x1 contiki-cc13xx.a(udp-fragment.o)
 .data.unfragment_send_max_len
                0x20000b77        0x1 contiki-cc13xx.a(udp-fragment.o)
 .data.last_seqnum
                0x20000b78        0x1 contiki-cc13xx.a(netsynch.o)
 .data.low_latency_active_second
                0x20000b79        0x1 contiki-cc13xx.a(low-latency.o)
 .data.low_latency_channel_clear_flag
                0x20000b7a        0x1 contiki-cc13xx.a(low-latency.o)
 .data.low_latency_interval
                0x20000b7b        0x1 contiki-cc13xx.a(low-latency.o)
 .data.previous_index
                0x20000b7c        0x1 contiki-cc13xx.a(low-latency.o)
                0x20000b7d                _edata = .

.igot.plt       0x20000b80        0x0 load address 0x000106b5
 .igot.plt      0x00000000        0x0 obj_cc13xx/startup_gcc.o

.ARM.exidx      0x000106b8        0x8
 *(SORT(.ARM.exidx*))