Archive member included because of file (symbol)

contiki-trxeb1120.a(netsynch.o)
                              obj_trxeb1120/contiki-exp5438-main.o (netsynch_init)
contiki-trxeb1120.a(collect-view.o)
                              udp-sender.co (collect_view_construct_message)
contiki-trxeb1120.a(collect-view-te)
                              contiki-trxeb1120.a(collect-view.o) (collect_view_arch_read_sensors)
contiki-trxeb1120.a(msp430.o)
                              obj_trxeb1120/collect-common.o (w_memcpy)
contiki-trxeb1120.a(leds.o)   obj_trxeb1120/contiki-exp5438-main.o (leds_init)
contiki-trxeb1120.a(watchdog.o)
                              obj_trxeb1120/contiki-exp5438-main.o (watchdog_start)
contiki-trxeb1120.a(cc1120.o)
                              obj_trxeb1120/contiki-exp5438-main.o (cc1120_channel_set)
contiki-trxeb1120.a(cc1120-msp-arch)
                              contiki-trxeb1120.a(cc1120.o) (cc1120_arch_spi_enable)
contiki-trxeb1120.a(rtimer-arch.o)
                              obj_trxeb1120/contiki-exp5438-main.o (rtimer_arch_now)
contiki-trxeb1120.a(node-id.o)
                              obj_trxeb1120/contiki-exp5438-main.o (node_id_restore)
contiki-trxeb1120.a(leds-arch.o)
                              contiki-trxeb1120.a(leds.o) (leds_arch_init)
contiki-trxeb1120.a(uart1x.o)
                              udp-sender.co (uart1_set_input)
contiki-trxeb1120.a(uart0x.o)
                              obj_trxeb1120/contiki-exp5438-main.o (uart0_active)
contiki-trxeb1120.a(duty-cycle-scro)
                              obj_trxeb1120/contiki-exp5438-main.o (duty_cycle_scroller_start)
contiki-trxeb1120.a(hal-pmm.o)
                              contiki-trxeb1120.a(msp430.o) (SetVCore)
contiki-trxeb1120.a(rimestats.o)
                              contiki-trxeb1120.a(cc1120.o) (rimestats)
contiki-trxeb1120.a(uart1-putchar.o)
                              udp-sender.co (putchar)
contiki-trxeb1120.a(flash.o)  contiki-trxeb1120.a(node-id.o) (flash_setup)
contiki-trxeb1120.a(clock.o)  contiki-trxeb1120.a(collect-view.o) (clock_time)
contiki-trxeb1120.a(scf.o)    udp-sender.co (scf_driver)
contiki-trxeb1120.a(uip-mcast6-rout)
                              contiki-trxeb1120.a(scf.o) (uip_mcast6_route_init)
contiki-trxeb1120.a(autostart.o)
                              obj_trxeb1120/contiki-exp5438-main.o (autostart_start)
contiki-trxeb1120.a(ctimer.o)
                              obj_trxeb1120/contiki-exp5438-main.o (ctimer_init)
contiki-trxeb1120.a(energest.o)
                              obj_trxeb1120/contiki-exp5438-main.o (energest_init)
contiki-trxeb1120.a(etimer.o)
                              contiki-trxeb1120.a(clock.o) (etimer_request_poll)
contiki-trxeb1120.a(process.o)
                              udp-sender.co (process_current)
contiki-trxeb1120.a(rtimer.o)
                              obj_trxeb1120/contiki-exp5438-main.o (rtimer_init)
contiki-trxeb1120.a(timer.o)  contiki-trxeb1120.a(cc1120.o) (timer_set)
contiki-trxeb1120.a(serial-line.o)
                              obj_trxeb1120/collect-common.o (serial_line_event_message)
contiki-trxeb1120.a(list.o)   contiki-trxeb1120.a(uip-mcast6-rout) (list_init)
contiki-trxeb1120.a(memb.o)   contiki-trxeb1120.a(uip-mcast6-rout) (memb_init)
contiki-trxeb1120.a(random.o)
                              obj_trxeb1120/contiki-exp5438-main.o (random_init)
contiki-trxeb1120.a(ringbuf.o)
                              contiki-trxeb1120.a(serial-line.o) (ringbuf_init)
contiki-trxeb1120.a(uip6.o)   contiki-trxeb1120.a(scf.o) (uip_aligned_buf)
contiki-trxeb1120.a(uip-ds6.o)
                              contiki-trxeb1120.a(uip6.o) (uip_ds6_is_addr_onlink)
contiki-trxeb1120.a(uip-ds6-nbr.o)
                              contiki-trxeb1120.a(uip-ds6.o) (uip_ds6_neighbors_init)
contiki-trxeb1120.a(uip-ds6-route.o)
                              contiki-trxeb1120.a(uip-ds6.o) (uip_ds6_route_init)
contiki-trxeb1120.a(uip-icmp6.o)
                              contiki-trxeb1120.a(uip6.o) (uip_icmp6_input)
contiki-trxeb1120.a(uip-nd6.o)
                              contiki-trxeb1120.a(uip-ds6-nbr.o) (uip_nd6_ns_output)
contiki-trxeb1120.a(tcpip.o)  contiki-trxeb1120.a(scf.o) (tcpip_output)
contiki-trxeb1120.a(uip-debug.o)
                              udp-sender.co (uip_debug_ipaddr_print)
contiki-trxeb1120.a(uip-udp-packet.)
                              udp-sender.co (uip_udp_packet_sendto)
contiki-trxeb1120.a(rpl.o)    contiki-trxeb1120.a(uip-ds6-nbr.o) (rpl_link_neighbor_callback)
contiki-trxeb1120.a(rpl-dag.o)
                              contiki-trxeb1120.a(rpl.o) (rpl_dag_init)
contiki-trxeb1120.a(rpl-ext-header.)
                              contiki-trxeb1120.a(uip6.o) (rpl_verify_header)
contiki-trxeb1120.a(rpl-icmp6.o)
                              contiki-trxeb1120.a(rpl.o) (dao_output_target)
contiki-trxeb1120.a(rpl-mrhof.o)
                              contiki-trxeb1120.a(rpl.o) (rpl_mrhof)
contiki-trxeb1120.a(rpl-timers.o)
[...]
Memory Configuration

Name             Origin             Length             Attributes
sfr              0x00000000         0x00000010
peripheral_8bit  0x00000010         0x000000f0
peripheral_16bit 0x00000100         0x00000100
bsl              0x00001000         0x00000800
infomem          0x00001800         0x00000200
infod            0x00001800         0x00000080
infoc            0x00001880         0x00000080
infob            0x00001900         0x00000080
infoa            0x00001980         0x00000080
ram              0x00001c00         0x00004000         xw
rom              0x00005c00         0x0000a380         xr
vectors          0x0000ff80         0x00000080
far_rom          0x00010000         0x00015c00
ram2             0x00000000         0x00000000         xw
ram_mirror       0x00000000         0x00000000         xw
usbram           0x00000000         0x00000000         xw
*default*        0x00000000         0xffffffff

Linker script and memory map

LOAD /opt/msp430/bin/../lib/gcc/msp430/4.7.0/mcpu-430x/mmpy-16/msr20/mc20/crt0ivtbl64.o
LOAD udp-sender.co
LOAD obj_trxeb1120/collect-common.o
LOAD obj_trxeb1120/contiki-exp5438-main.o
LOAD contiki-trxeb1120.a
LOAD /opt/msp430/bin/../lib/gcc/msp430/4.7.0/mcpu-430x/mmpy-16/msr20/mc20/libgcc.a
LOAD /opt/msp430/bin/../lib/gcc/msp430/4.7.0/../../../../msp430/lib/mcpu-430x/mmpy-16/msr20/mc20/libc.a
LOAD /opt/msp430/bin/../lib/gcc/msp430/4.7.0/mcpu-430x/mmpy-16/msr20/mc20/libgcc.a
LOAD /opt/msp430/bin/../lib/gcc/msp430/4.7.0/mcpu-430x/mmpy-16/msr20/mc20/libcrt0.a
                0x00000080                PROVIDE (__info_segment_size, 0x80)
                0x00001800                PROVIDE (__infod, 0x1800)
                0x00001880                PROVIDE (__infoc, 0x1880)
                0x00001900                PROVIDE (__infob, 0x1900)
                0x00001980                PROVIDE (__infoa, 0x1980)
                0x00000700                __ADC12CTL0_L = 0x700
                0x00000701                __ADC12CTL0_H = 0x701
                0x00000700                __ADC12CTL0 = 0x700
                0x00000702                __ADC12CTL1_L = 0x702
                0x00000703                __ADC12CTL1_H = 0x703
                0x00000702                __ADC12CTL1 = 0x702
                0x00000704                __ADC12CTL2_L = 0x704
                0x00000705                __ADC12CTL2_H = 0x705
                0x00000704                __ADC12CTL2 = 0x704
                0x0000070a                __ADC12IFG_L = 0x70a
                0x0000070b                __ADC12IFG_H = 0x70b
                0x0000070a                __ADC12IFG = 0x70a
                0x0000070c                __ADC12IE_L = 0x70c
                0x0000070d                __ADC12IE_H = 0x70d
                0x0000070c                __ADC12IE = 0x70c
                0x0000070e                __ADC12IV_L = 0x70e
                0x0000070f                __ADC12IV_H = 0x70f
                0x0000070e                __ADC12IV = 0x70e
                0x00000720                __ADC12MEM0_L = 0x720
                0x00000721                __ADC12MEM0_H = 0x721
                0x00000720                __ADC12MEM0 = 0x720
                0x00000722                __ADC12MEM1_L = 0x722
                0x00000723                __ADC12MEM1_H = 0x723
                0x00000722                __ADC12MEM1 = 0x722
                0x00000724                __ADC12MEM2_L = 0x724
                0x00000725                __ADC12MEM2_H = 0x725
                0x00000724                __ADC12MEM2 = 0x724
                0x00000726                __ADC12MEM3_L = 0x726
                0x00000727                __ADC12MEM3_H = 0x727
                0x00000726                __ADC12MEM3 = 0x726
                0x00000728                __ADC12MEM4_L = 0x728
                0x00000729                __ADC12MEM4_H = 0x729
                0x00000728                __ADC12MEM4 = 0x728
                0x0000072a                __ADC12MEM5_L = 0x72a
                0x0000072b                __ADC12MEM5_H = 0x72b
                0x0000072a                __ADC12MEM5 = 0x72a
                0x0000072c                __ADC12MEM6_L = 0x72c
                0x0000072d                __ADC12MEM6_H = 0x72d
                0x0000072c                __ADC12MEM6 = 0x72c
                0x0000072e                __ADC12MEM7_L = 0x72e
                0x0000072f                __ADC12MEM7_H = 0x72f
                0x0000072e                __ADC12MEM7 = 0x72e
                0x00000730                __ADC12MEM8_L = 0x730
                0x00000731                __ADC12MEM8_H = 0x731
                0x00000730                __ADC12MEM8 = 0x730
                0x00000732                __ADC12MEM9_L = 0x732
                0x00000733                __ADC12MEM9_H = 0x733
                0x00000732                __ADC12MEM9 = 0x732
                0x00000734                __ADC12MEM10_L = 0x734
                0x00000735                __ADC12MEM10_H = 0x735
                0x00000734                __ADC12MEM10 = 0x734
                0x00000736                __ADC12MEM11_L = 0x736
                0x00000737                __ADC12MEM11_H = 0x737
                0x00000736                __ADC12MEM11 = 0x736
                0x00000738                __ADC12MEM12_L = 0x738
                0x00000739                __ADC12MEM12_H = 0x739
                0x00000738                __ADC12MEM12 = 0x738
                0x0000073a                __ADC12MEM13_L = 0x73a
                0x0000073b                __ADC12MEM13_H = 0x73b
                0x0000073a                __ADC12MEM13 = 0x73a
                0x0000073c                __ADC12MEM14_L = 0x73c
                0x0000073d                __ADC12MEM14_H = 0x73d
                0x0000073c                __ADC12MEM14 = 0x73c
                0x0000073e                __ADC12MEM15_L = 0x73e
                0x0000073f                __ADC12MEM15_H = 0x73f
                0x0000073e                __ADC12MEM15 = 0x73e
                0x00000710                __ADC12MCTL0 = 0x710
                0x00000711                __ADC12MCTL1 = 0x711
                0x00000712                __ADC12MCTL2 = 0x712
                0x00000713                __ADC12MCTL3 = 0x713
                0x00000714                __ADC12MCTL4 = 0x714
                0x00000715                __ADC12MCTL5 = 0x715
                0x00000716                __ADC12MCTL6 = 0x716
                0x00000717                __ADC12MCTL7 = 0x717
                0x00000718                __ADC12MCTL8 = 0x718
                0x00000719                __ADC12MCTL9 = 0x719
                0x0000071a                __ADC12MCTL10 = 0x71a
                0x0000071b                __ADC12MCTL11 = 0x71b
                0x0000071c                __ADC12MCTL12 = 0x71c
                0x0000071d                __ADC12MCTL13 = 0x71d
                0x0000071e                __ADC12MCTL14 = 0x71e
                0x0000071f                __ADC12MCTL15 = 0x71f
                0x00000150                __CRCDI_L = 0x150
                0x00000151                __CRCDI_H = 0x151
                0x00000150                __CRCDI = 0x150
                0x00000154                __CRCINIRES_L = 0x154
                0x00000155                __CRCINIRES_H = 0x155
                0x00000154                __CRCINIRES = 0x154
                0x00000500                __DMACTL0_L = 0x500
                0x00000501                __DMACTL0_H = 0x501
                0x00000500                __DMACTL0 = 0x500
                0x00000502                __DMACTL1_L = 0x502
                0x00000503                __DMACTL1_H = 0x503
                0x00000502                __DMACTL1 = 0x502
                0x00000504                __DMACTL2_L = 0x504
                0x00000505                __DMACTL2_H = 0x505
                0x00000504                __DMACTL2 = 0x504
                0x00000506                __DMACTL3_L = 0x506
                0x00000507                __DMACTL3_H = 0x507
                0x00000506                __DMACTL3 = 0x506
                0x00000508                __DMACTL4_L = 0x508
                0x00000509                __DMACTL4_H = 0x509
                0x00000508                __DMACTL4 = 0x508
                0x0000050e                __DMAIV_L = 0x50e
                0x0000050f                __DMAIV_H = 0x50f
                0x0000050e                __DMAIV = 0x50e
                0x00000510                __DMA0CTL_L = 0x510
                0x00000511                __DMA0CTL_H = 0x511
                0x00000510                __DMA0CTL = 0x510
                0x00000512                __DMA0SA = 0x512
                0x00000516                __DMA0DA = 0x516
                0x0000051a                __DMA0SZ = 0x51a
                0x00000520                __DMA1CTL_L = 0x520
                0x00000521                __DMA1CTL_H = 0x521
                0x00000520                __DMA1CTL = 0x520
                0x00000522                __DMA1SA = 0x522
                0x00000526                __DMA1DA = 0x526
                0x0000052a                __DMA1SZ = 0x52a
                0x00000530                __DMA2CTL_L = 0x530
                0x00000531                __DMA2CTL_H = 0x531
                0x00000530                __DMA2CTL = 0x530
                0x00000532                __DMA2SA = 0x532
                0x00000536                __DMA2DA = 0x536
                0x0000053a                __DMA2SZ = 0x53a
                0x00000140                __FCTL1_L = 0x140
                0x00000141                __FCTL1_H = 0x141
                0x00000140                __FCTL1 = 0x140
                0x00000144                __FCTL3_L = 0x144
                0x00000145                __FCTL3_H = 0x145
                0x00000144                __FCTL3 = 0x144
                0x00000146                __FCTL4_L = 0x146
                0x00000147                __FCTL4_H = 0x147
                0x00000146                __FCTL4 = 0x146
                0x000004c0                __MPY_L = 0x4c0
                0x000004c1                __MPY_H = 0x4c1
                0x000004c0                __MPY = 0x4c0
                0x000004c2                __MPYS_L = 0x4c2
                0x000004c3                __MPYS_H = 0x4c3
                0x000004c2                __MPYS = 0x4c2
                0x000004c4                __MAC_L = 0x4c4
                0x000004c5                __MAC_H = 0x4c5
                0x000004c4                __MAC = 0x4c4
                0x000004c6                __MACS_L = 0x4c6
                0x000004c7                __MACS_H = 0x4c7
                0x000004c6                __MACS = 0x4c6
                0x000004c8                __OP2_L = 0x4c8
                0x000004c9                __OP2_H = 0x4c9
                0x000004c8                __OP2 = 0x4c8
                0x000004ca                __RESLO_L = 0x4ca
                0x000004cb                __RESLO_H = 0x4cb
                0x000004ca                __RESLO = 0x4ca
                0x000004cc                __RESHI_L = 0x4cc
                0x000004cd                __RESHI_H = 0x4cd
                0x000004cc                __RESHI = 0x4cc
                0x000004ce                __SUMEXT_L = 0x4ce
                0x000004cf                __SUMEXT_H = 0x4cf
                0x000004ce                __SUMEXT = 0x4ce
                0x000004d0                __MPY32L_L = 0x4d0
                0x000004d1                __MPY32L_H = 0x4d1
                0x000004d0                __MPY32L = 0x4d0
                0x000004d2                __MPY32H_L = 0x4d2
                0x000004d3                __MPY32H_H = 0x4d3
                0x000004d2                __MPY32H = 0x4d2
                0x000004d4                __MPYS32L_L = 0x4d4
                0x000004d5                __MPYS32L_H = 0x4d5
                0x000004d4                __MPYS32L = 0x4d4
                0x000004d6                __MPYS32H_L = 0x4d6
                0x000004d7                __MPYS32H_H = 0x4d7
                0x000004d6                __MPYS32H = 0x4d6
                0x000004d8                __MAC32L_L = 0x4d8
                0x000004d9                __MAC32L_H = 0x4d9
                0x000004d8                __MAC32L = 0x4d8
                0x000004da                __MAC32H_L = 0x4da
                0x000004db                __MAC32H_H = 0x4db
                0x000004da                __MAC32H = 0x4da
                0x000004dc                __MACS32L_L = 0x4dc
                0x000004dd                __MACS32L_H = 0x4dd
                0x000004dc                __MACS32L = 0x4dc
                0x000004de                __MACS32H_L = 0x4de
                0x000004df                __MACS32H_H = 0x4df
                0x000004de                __MACS32H = 0x4de
                0x000004e0                __OP2L_L = 0x4e0
                0x000004e1                __OP2L_H = 0x4e1
                0x000004e0                __OP2L = 0x4e0
                0x000004e2                __OP2H_L = 0x4e2
                0x000004e3                __OP2H_H = 0x4e3
                0x000004e2                __OP2H = 0x4e2
                0x000004e4                __RES0_L = 0x4e4
                0x000004e5                __RES0_H = 0x4e5
                0x000004e4                __RES0 = 0x4e4
                0x000004e6                __RES1_L = 0x4e6
                0x000004e7                __RES1_H = 0x4e7
                0x000004e6                __RES1 = 0x4e6
                0x000004e8                __RES2_L = 0x4e8
                0x000004e9                __RES2_H = 0x4e9
                0x000004e8                __RES2 = 0x4e8
                0x000004ea                __RES3_L = 0x4ea
                0x000004eb                __RES3_H = 0x4eb
                0x000004ea                __RES3 = 0x4ea
                0x000004ec                __MPY32CTL0_L = 0x4ec
                0x000004ed                __MPY32CTL0_H = 0x4ed
                0x000004ec                __MPY32CTL0 = 0x4ec
                0x00000200                __PAIN_L = 0x200
                0x00000201                __PAIN_H = 0x201
                0x00000200                __PAIN = 0x200
                0x00000202                __PAOUT_L = 0x202
                0x00000203                __PAOUT_H = 0x203
                0x00000202                __PAOUT = 0x202
                0x00000204                __PADIR_L = 0x204
                0x00000205                __PADIR_H = 0x205
                0x00000204                __PADIR = 0x204
                0x00000206                __PAREN_L = 0x206
                0x00000207                __PAREN_H = 0x207
                0x00000206                __PAREN = 0x206
                0x00000208                __PADS_L = 0x208
                0x00000209                __PADS_H = 0x209
                0x00000208                __PADS = 0x208
                0x0000020a                __PASEL_L = 0x20a
                0x0000020b                __PASEL_H = 0x20b
                0x0000020a                __PASEL = 0x20a
                0x00000218                __PAIES_L = 0x218
                0x00000219                __PAIES_H = 0x219
                0x00000218                __PAIES = 0x218
                0x0000021a                __PAIE_L = 0x21a
                0x0000021b                __PAIE_H = 0x21b
                0x0000021a                __PAIE = 0x21a
                0x0000021c                __PAIFG_L = 0x21c
                0x0000021d                __PAIFG_H = 0x21d
                0x0000021c                __PAIFG = 0x21c
                0x0000020e                __P1IV = 0x20e
                0x0000021e                __P2IV = 0x21e
                0x00000220                __PBIN_L = 0x220
                0x00000221                __PBIN_H = 0x221
                0x00000220                __PBIN = 0x220
                0x00000222                __PBOUT_L = 0x222
                0x00000223                __PBOUT_H = 0x223
                0x00000222                __PBOUT = 0x222
                0x00000224                __PBDIR_L = 0x224
                0x00000225                __PBDIR_H = 0x225
                0x00000224                __PBDIR = 0x224
                0x00000226                __PBREN_L = 0x226
                0x00000227                __PBREN_H = 0x227
                0x00000226                __PBREN = 0x226
                0x00000228                __PBDS_L = 0x228
                0x00000229                __PBDS_H = 0x229
                0x00000228                __PBDS = 0x228
                0x0000022a                __PBSEL_L = 0x22a
                0x0000022b                __PBSEL_H = 0x22b
                0x0000022a                __PBSEL = 0x22a
                0x00000240                __PCIN_L = 0x240
                0x00000241                __PCIN_H = 0x241
                0x00000240                __PCIN = 0x240
                0x00000242                __PCOUT_L = 0x242
                0x00000243                __PCOUT_H = 0x243
                0x00000242                __PCOUT = 0x242
                0x00000244                __PCDIR_L = 0x244
                0x00000245                __PCDIR_H = 0x245
                0x00000244                __PCDIR = 0x244
                0x00000246                __PCREN_L = 0x246
                0x00000247                __PCREN_H = 0x247
                0x00000246                __PCREN = 0x246
                0x00000248                __PCDS_L = 0x248
                0x00000249                __PCDS_H = 0x249
                0x00000248                __PCDS = 0x248
                0x0000024a                __PCSEL_L = 0x24a
                0x0000024b                __PCSEL_H = 0x24b
                0x0000024a                __PCSEL = 0x24a
                0x00000260                __PDIN_L = 0x260
                0x00000261                __PDIN_H = 0x261
                0x00000260                __PDIN = 0x260
                0x00000262                __PDOUT_L = 0x262
                0x00000263                __PDOUT_H = 0x263
                0x00000262                __PDOUT = 0x262
                0x00000264                __PDDIR_L = 0x264
                0x00000265                __PDDIR_H = 0x265
                0x00000264                __PDDIR = 0x264
                0x00000266                __PDREN_L = 0x266
                0x00000267                __PDREN_H = 0x267
                0x00000266                __PDREN = 0x266
                0x00000268                __PDDS_L = 0x268
                0x00000269                __PDDS_H = 0x269
                0x00000268                __PDDS = 0x268
                0x0000026a                __PDSEL_L = 0x26a
                0x0000026b                __PDSEL_H = 0x26b
                0x0000026a                __PDSEL = 0x26a
                0x00000280                __PEIN_L = 0x280
                0x00000281                __PEIN_H = 0x281
                0x00000280                __PEIN = 0x280
                0x00000282                __PEOUT_L = 0x282
                0x00000283                __PEOUT_H = 0x283
                0x00000282                __PEOUT = 0x282
                0x00000284                __PEDIR_L = 0x284
                0x00000285                __PEDIR_H = 0x285
                0x00000284                __PEDIR = 0x284
                0x00000286                __PEREN_L = 0x286
                0x00000287                __PEREN_H = 0x287
                0x00000286                __PEREN = 0x286
                0x00000288                __PEDS_L = 0x288
                0x00000289                __PEDS_H = 0x289
                0x00000288                __PEDS = 0x288
                0x0000028a                __PESEL_L = 0x28a
                0x0000028b                __PESEL_H = 0x28b
                0x0000028a                __PESEL = 0x28a
                0x000002a0                __PFIN_L = 0x2a0
                0x000002a1                __PFIN_H = 0x2a1
                0x000002a0                __PFIN = 0x2a0
                0x000002a2                __PFOUT_L = 0x2a2
                0x000002a3                __PFOUT_H = 0x2a3
                0x000002a2                __PFOUT = 0x2a2
                0x000002a4                __PFDIR_L = 0x2a4
                0x000002a5                __PFDIR_H = 0x2a5
                0x000002a4                __PFDIR = 0x2a4
                0x000002a6                __PFREN_L = 0x2a6
                0x000002a7                __PFREN_H = 0x2a7
                0x000002a6                __PFREN = 0x2a6
                0x000002a8                __PFDS_L = 0x2a8
                0x000002a9                __PFDS_H = 0x2a9
                0x000002a8                __PFDS = 0x2a8
                0x000002aa                __PFSEL_L = 0x2aa
                0x000002ab                __PFSEL_H = 0x2ab
                0x000002aa                __PFSEL = 0x2aa
                0x00000320                __PJIN_L = 0x320
                0x00000321                __PJIN_H = 0x321
                0x00000320                __PJIN = 0x320
                0x00000322                __PJOUT_L = 0x322
                0x00000323                __PJOUT_H = 0x323
                0x00000322                __PJOUT = 0x322
                0x00000324                __PJDIR_L = 0x324
                0x00000325                __PJDIR_H = 0x325
                0x00000324                __PJDIR = 0x324
                0x00000326                __PJREN_L = 0x326
                0x00000327                __PJREN_H = 0x327
                0x00000326                __PJREN = 0x326
                0x00000328                __PJDS_L = 0x328
                0x00000329                __PJDS_H = 0x329
                0x00000328                __PJDS = 0x328
                0x00000120                __PMMCTL0_L = 0x120
                0x00000121                __PMMCTL0_H = 0x121
                0x00000120                __PMMCTL0 = 0x120
                0x00000122                __PMMCTL1_L = 0x122
                0x00000123                __PMMCTL1_H = 0x123
                0x00000122                __PMMCTL1 = 0x122
                0x00000124                __SVSMHCTL_L = 0x124
                0x00000125                __SVSMHCTL_H = 0x125
                0x00000124                __SVSMHCTL = 0x124
                0x00000126                __SVSMLCTL_L = 0x126
                0x00000127                __SVSMLCTL_H = 0x127
                0x00000126                __SVSMLCTL = 0x126
                0x00000128                __SVSMIO_L = 0x128
                0x00000129                __SVSMIO_H = 0x129
                0x00000128                __SVSMIO = 0x128
                0x0000012c                __PMMIFG_L = 0x12c
                0x0000012d                __PMMIFG_H = 0x12d
                0x0000012c                __PMMIFG = 0x12c
                0x0000012e                __PMMRIE_L = 0x12e
                0x0000012f                __PMMRIE_H = 0x12f
                0x0000012e                __PMMRIE = 0x12e
                0x00000158                __RCCTL0_L = 0x158
                0x00000159                __RCCTL0_H = 0x159
                0x00000158                __RCCTL0 = 0x158
                0x000004a0                __RTCCTL01_L = 0x4a0
                0x000004a1                __RTCCTL01_H = 0x4a1
                0x000004a0                __RTCCTL01 = 0x4a0
                0x000004a2                __RTCCTL23_L = 0x4a2
                0x000004a3                __RTCCTL23_H = 0x4a3
                0x000004a2                __RTCCTL23 = 0x4a2
                0x000004a8                __RTCPS0CTL_L = 0x4a8
                0x000004a9                __RTCPS0CTL_H = 0x4a9
                0x000004a8                __RTCPS0CTL = 0x4a8
                0x000004aa                __RTCPS1CTL_L = 0x4aa
                0x000004ab                __RTCPS1CTL_H = 0x4ab
                0x000004aa                __RTCPS1CTL = 0x4aa
                0x000004ac                __RTCPS_L = 0x4ac
                0x000004ad                __RTCPS_H = 0x4ad
                0x000004ac                __RTCPS = 0x4ac
                0x000004ae                __RTCIV = 0x4ae
                0x000004b0                __RTCTIM0_L = 0x4b0
                0x000004b1                __RTCTIM0_H = 0x4b1
                0x000004b0                __RTCTIM0 = 0x4b0
                0x000004b2                __RTCTIM1_L = 0x4b2
                0x000004b3                __RTCTIM1_H = 0x4b3
                0x000004b2                __RTCTIM1 = 0x4b2
                0x000004b4                __RTCDATE_L = 0x4b4
                0x000004b5                __RTCDATE_H = 0x4b5
                0x000004b4                __RTCDATE = 0x4b4
                0x000004b6                __RTCYEAR_L = 0x4b6
                0x000004b7                __RTCYEAR_H = 0x4b7
                0x000004b6                __RTCYEAR = 0x4b6
                0x000004b8                __RTCAMINHR_L = 0x4b8
                0x000004b9                __RTCAMINHR_H = 0x4b9
                0x000004b8                __RTCAMINHR = 0x4b8
                0x000004ba                __RTCADOWDAY_L = 0x4ba
                0x000004bb                __RTCADOWDAY_H = 0x4bb
                0x000004ba                __RTCADOWDAY = 0x4ba
                0x00000100                __SFRIE1_L = 0x100
                0x00000101                __SFRIE1_H = 0x101
                0x00000100                __SFRIE1 = 0x100
                0x00000102                __SFRIFG1_L = 0x102
                0x00000103                __SFRIFG1_H = 0x103
                0x00000102                __SFRIFG1 = 0x102
                0x00000104                __SFRRPCR_L = 0x104
                0x00000105                __SFRRPCR_H = 0x105
                0x00000104                __SFRRPCR = 0x104
                0x00000180                __SYSCTL_L = 0x180
                0x00000181                __SYSCTL_H = 0x181
                0x00000180                __SYSCTL = 0x180
                0x00000182                __SYSBSLC_L = 0x182
                0x00000183                __SYSBSLC_H = 0x183
                0x00000182                __SYSBSLC = 0x182
                0x00000186                __SYSJMBC_L = 0x186
                0x00000187                __SYSJMBC_H = 0x187
                0x00000186                __SYSJMBC = 0x186
                0x00000188                __SYSJMBI0_L = 0x188
                0x00000189                __SYSJMBI0_H = 0x189
                0x00000188                __SYSJMBI0 = 0x188
                0x0000018a                __SYSJMBI1_L = 0x18a
                0x0000018b                __SYSJMBI1_H = 0x18b
                0x0000018a                __SYSJMBI1 = 0x18a
                0x0000018c                __SYSJMBO0_L = 0x18c
                0x0000018d                __SYSJMBO0_H = 0x18d
                0x0000018c                __SYSJMBO0 = 0x18c
                0x0000018e                __SYSJMBO1_L = 0x18e
                0x0000018f                __SYSJMBO1_H = 0x18f
                0x0000018e                __SYSJMBO1 = 0x18e
                0x0000019a                __SYSUNIV_L = 0x19a
                0x0000019b                __SYSUNIV_H = 0x19b
                0x0000019a                __SYSUNIV = 0x19a
                0x0000019c                __SYSSNIV_L = 0x19c
                0x0000019d                __SYSSNIV_H = 0x19d
                0x0000019c                __SYSSNIV = 0x19c
                0x0000019e                __SYSRSTIV_L = 0x19e
                0x0000019f                __SYSRSTIV_H = 0x19f
                0x0000019e                __SYSRSTIV = 0x19e
                0x00000340                __TA0CTL = 0x340
                0x00000342                __TA0CCTL0 = 0x342
                0x00000344                __TA0CCTL1 = 0x344
                0x00000346                __TA0CCTL2 = 0x346
                0x00000348                __TA0CCTL3 = 0x348
                0x0000034a                __TA0CCTL4 = 0x34a
                0x00000350                __TA0R = 0x350
                0x00000352                __TA0CCR0 = 0x352
                0x00000354                __TA0CCR1 = 0x354
                0x00000356                __TA0CCR2 = 0x356
                0x00000358                __TA0CCR3 = 0x358
                0x0000035a                __TA0CCR4 = 0x35a
                0x0000036e                __TA0IV = 0x36e
                0x00000360                __TA0EX0 = 0x360
                0x00000380                __TA1CTL = 0x380
                0x00000382                __TA1CCTL0 = 0x382
                0x00000384                __TA1CCTL1 = 0x384
                0x00000386                __TA1CCTL2 = 0x386
                0x00000390                __TA1R = 0x390
                0x00000392                __TA1CCR0 = 0x392
                0x00000394                __TA1CCR1 = 0x394
                0x00000396                __TA1CCR2 = 0x396
                0x000003ae                __TA1IV = 0x3ae
                0x000003a0                __TA1EX0 = 0x3a0
                0x000003c0                __TB0CTL = 0x3c0
                0x000003c2                __TB0CCTL0 = 0x3c2
                0x000003c4                __TB0CCTL1 = 0x3c4
                0x000003c6                __TB0CCTL2 = 0x3c6
                0x000003c8                __TB0CCTL3 = 0x3c8
                0x000003ca                __TB0CCTL4 = 0x3ca
                0x000003cc                __TB0CCTL5 = 0x3cc
                0x000003ce                __TB0CCTL6 = 0x3ce
                0x000003d0                __TB0R = 0x3d0
                0x000003d2                __TB0CCR0 = 0x3d2
                0x000003d4                __TB0CCR1 = 0x3d4
                0x000003d6                __TB0CCR2 = 0x3d6
                0x000003d8                __TB0CCR3 = 0x3d8
                0x000003da                __TB0CCR4 = 0x3da
                0x000003dc                __TB0CCR5 = 0x3dc
                0x000003de                __TB0CCR6 = 0x3de
                0x000003e0                __TB0EX0 = 0x3e0
                0x000003ee                __TB0IV = 0x3ee
                0x00000160                __UCSCTL0_L = 0x160
                0x00000161                __UCSCTL0_H = 0x161
                0x00000160                __UCSCTL0 = 0x160
                0x00000162                __UCSCTL1_L = 0x162
                0x00000163                __UCSCTL1_H = 0x163
                0x00000162                __UCSCTL1 = 0x162
                0x00000164                __UCSCTL2_L = 0x164
                0x00000165                __UCSCTL2_H = 0x165
                0x00000164                __UCSCTL2 = 0x164
                0x00000166                __UCSCTL3_L = 0x166
                0x00000167                __UCSCTL3_H = 0x167
                0x00000166                __UCSCTL3 = 0x166
                0x00000168                __UCSCTL4_L = 0x168
                0x00000169                __UCSCTL4_H = 0x169
                0x00000168                __UCSCTL4 = 0x168
                0x0000016a                __UCSCTL5_L = 0x16a
                0x0000016b                __UCSCTL5_H = 0x16b
                0x0000016a                __UCSCTL5 = 0x16a
                0x0000016c                __UCSCTL6_L = 0x16c
                0x0000016d                __UCSCTL6_H = 0x16d
                0x0000016c                __UCSCTL6 = 0x16c
                0x0000016e                __UCSCTL7_L = 0x16e
                0x0000016f                __UCSCTL7_H = 0x16f
                0x0000016e                __UCSCTL7 = 0x16e
                0x00000170                __UCSCTL8_L = 0x170
                0x00000171                __UCSCTL8_H = 0x171
                0x00000170                __UCSCTL8 = 0x170
                0x000005c0                __UCA0CTLW0_L = 0x5c0
                0x000005c1                __UCA0CTLW0_H = 0x5c1
                0x000005c0                __UCA0CTLW0 = 0x5c0
                0x000005c6                __UCA0BRW_L = 0x5c6
                0x000005c7                __UCA0BRW_H = 0x5c7
                0x000005c6                __UCA0BRW = 0x5c6
                0x000005c8                __UCA0MCTL = 0x5c8
                0x000005ca                __UCA0STAT = 0x5ca
                0x000005cc                __UCA0RXBUF = 0x5cc
                0x000005ce                __UCA0TXBUF = 0x5ce
                0x000005d0                __UCA0ABCTL = 0x5d0
                0x000005d2                __UCA0IRCTL_L = 0x5d2
                0x000005d3                __UCA0IRCTL_H = 0x5d3
                0x000005d2                __UCA0IRCTL = 0x5d2
                0x000005dc                __UCA0ICTL_L = 0x5dc
                0x000005dd                __UCA0ICTL_H = 0x5dd
                0x000005dc                __UCA0ICTL = 0x5dc
                0x000005de                __UCA0IV = 0x5de
                0x000005e0                __UCB0CTLW0_L = 0x5e0
                0x000005e1                __UCB0CTLW0_H = 0x5e1
                0x000005e0                __UCB0CTLW0 = 0x5e0
                0x000005e6                __UCB0BRW_L = 0x5e6
                0x000005e7                __UCB0BRW_H = 0x5e7
                0x000005e6                __UCB0BRW = 0x5e6
                0x000005ea                __UCB0STAT = 0x5ea
                0x000005ec                __UCB0RXBUF = 0x5ec
                0x000005ee                __UCB0TXBUF = 0x5ee
                0x000005f0                __UCB0I2COA_L = 0x5f0
                0x000005f1                __UCB0I2COA_H = 0x5f1
                0x000005f0                __UCB0I2COA = 0x5f0
                0x000005f2                __UCB0I2CSA_L = 0x5f2
                0x000005f3                __UCB0I2CSA_H = 0x5f3
                0x000005f2                __UCB0I2CSA = 0x5f2
                0x000005fc                __UCB0ICTL_L = 0x5fc
                0x000005fd                __UCB0ICTL_H = 0x5fd
                0x000005fc                __UCB0ICTL = 0x5fc
                0x000005fe                __UCB0IV = 0x5fe
                0x00000600                __UCA1CTLW0_L = 0x600
                0x00000601                __UCA1CTLW0_H = 0x601
                0x00000600                __UCA1CTLW0 = 0x600
                0x00000606                __UCA1BRW_L = 0x606
                0x00000607                __UCA1BRW_H = 0x607
                0x00000606                __UCA1BRW = 0x606
                0x00000608                __UCA1MCTL = 0x608
                0x0000060a                __UCA1STAT = 0x60a
                0x0000060c                __UCA1RXBUF = 0x60c
                0x0000060e                __UCA1TXBUF = 0x60e
                0x00000610                __UCA1ABCTL = 0x610
                0x00000612                __UCA1IRCTL_L = 0x612
                0x00000613                __UCA1IRCTL_H = 0x613
                0x00000612                __UCA1IRCTL = 0x612
                0x0000061c                __UCA1ICTL_L = 0x61c
                0x0000061d                __UCA1ICTL_H = 0x61d
                0x0000061c                __UCA1ICTL = 0x61c
                0x0000061e                __UCA1IV = 0x61e
                0x00000620                __UCB1CTLW0_L = 0x620
                0x00000621                __UCB1CTLW0_H = 0x621
                0x00000620                __UCB1CTLW0 = 0x620
                0x00000626                __UCB1BRW_L = 0x626
                0x00000627                __UCB1BRW_H = 0x627
                0x00000626                __UCB1BRW = 0x626
                0x0000062a                __UCB1STAT = 0x62a
                0x0000062c                __UCB1RXBUF = 0x62c
                0x0000062e                __UCB1TXBUF = 0x62e
                0x00000630                __UCB1I2COA_L = 0x630
                0x00000631                __UCB1I2COA_H = 0x631
                0x00000630                __UCB1I2COA = 0x630
                0x00000632                __UCB1I2CSA_L = 0x632
                0x00000633                __UCB1I2CSA_H = 0x633
                0x00000632                __UCB1I2CSA = 0x632
                0x0000063c                __UCB1ICTL_L = 0x63c
                0x0000063d                __UCB1ICTL_H = 0x63d
                0x0000063c                __UCB1ICTL = 0x63c
                0x0000063e                __UCB1IV = 0x63e
                0x0000015c                __WDTCTL_L = 0x15c
                0x0000015d                __WDTCTL_H = 0x15d
                0x0000015c                __WDTCTL = 0x15c

.hash
 *(.hash)

.dynsym
 *(.dynsym)

.dynstr
 *(.dynstr)

.gnu.version
 *(.gnu.version)

.gnu.version_d
 *(.gnu.version_d)

.gnu.version_r
 *(.gnu.version_r)

.rel.init
 *(.rel.init)

.rela.init
 *(.rela.init)

.rel.fini
 *(.rel.fini)

.rela.fini
 *(.rela.fini)

.rel.text
 *(.rel.text .rel.text.* .rel.gnu.linkonce.t.*)

.rela.text
 *(.rela.text .rela.text.* .rela.gnu.linkonce.t.*)

.rel.rodata
 *(.rel.rodata .rel.rodata.* .rel.gnu.linkonce.r.*)

.rela.rodata
 *(.rela.rodata .rela.rodata.* .rela.gnu.linkonce.r.*)

.rel.data
 *(.rel.data .rel.data.* .rel.gnu.linkonce.d.*)

.rela.data
 *(.rela.data .rela.data.* .rela.gnu.linkonce.d.*)

.rel.bss
 *(.rel.bss .rel.bss.* .rel.gnu.linkonce.b.*)

.rela.bss
 *(.rela.bss .rela.bss.* .rela.gnu.linkonce.b.*)

.rel.ctors
 *(.rel.ctors)

.rela.ctors
 *(.rela.ctors)

.rel.dtors
 *(.rel.dtors)

.rela.dtors
 *(.rela.dtors)

.rel.got
 *(.rel.got)

.rela.got
 *(.rela.got)

.rel.plt
 *(.rel.plt)

.rela.plt
 *(.rela.plt)

.text           0x00005c00     0x9c9c
                0x00005c00                . = ALIGN (0x2)
 *(.init .init.*)
 *(.init0)
 .init0         0x00005c00        0x0 /opt/msp430/bin/../lib/gcc/msp430/4.7.0/mcpu-430x/mmpy-16/msr20/mc20/libcrt0.a(_reset_vector__.o)
                0x00005c00                _reset_vector__
 *(.init1)
 .init1         0x00005c00        0xc /opt/msp430/bin/../lib/gcc/msp430/4.7.0/mcpu-430x/mmpy-16/msr20/mc20/libcrt0.a(__watchdog_support.o)
                0x00005c00                __watchdog_support
 *(.init2)
 .init2         0x00005c0c        0x4 /opt/msp430/bin/../lib/gcc/msp430/4.7.0/mcpu-430x/mmpy-16/msr20/mc20/libcrt0.a(__init_stack.o)
                0x00005c0c                __init_stack
 *(.init3)
 .init3         0x00005c10        0x0 /opt/msp430/bin/../lib/gcc/msp430/4.7.0/mcpu-430x/mmpy-16/msr20/mc20/libcrt0.a(__low_level_init.o)
                0x00005c10                __low_level_init
 *(.init4)
 .init4         0x00005c10       0x18 /opt/msp430/bin/../lib/gcc/msp430/4.7.0/mcpu-430x/mmpy-16/msr20/mc20/libcrt0.a(_copy_data.o)
                0x00005c10                __do_copy_data
 .init4         0x00005c28       0x16 /opt/msp430/bin/../lib/gcc/msp430/4.7.0/mcpu-430x/mmpy-16/msr20/mc20/libcrt0.a(_clear_bss.o)
                0x00005c28                __do_clear_bss
 *(.init5)
 *(.init6)
 *(.init7)
 *(.init8)
 *(.init9)
 .init9         0x00005c3e      0x25a obj_trxeb1120/contiki-exp5438-main.o
                0x00005c3e                main
 *(.fini9)
 .fini9         0x00005e98        0x0 /opt/msp430/bin/../lib/gcc/msp430/4.7.0/mcpu-430x/mmpy-16/msr20/mc20/libcrt0.a(__stop_progExec__.o)
                0x00005e98                __stop_progExec__
 *(.fini8)
 *(.fini7)
 *(.fini6)
 *(.fini5)
 *(.fini4)
 *(.fini3)
 *(.fini2)
 *(.fini1)
 *(.fini0)
 .fini0         0x00005e98        0x6 /opt/msp430/bin/../lib/gcc/msp430/4.7.0/mcpu-430x/mmpy-16/msr20/mc20/libcrt0.a(_endless_loop__.o)
                0x00005e98                _endless_loop__
 *(.fini .fini.*)
                0x00005e9e                . = ALIGN (0x2)
                0x00005e9e                __ctors_start = .
 *(.ctors)
                0x00005e9e                __ctors_end = .
                0x00005e9e                __dtors_start = .
 *(.dtors)
                0x00005e9e                __dtors_end = .
                0x00005e9e                . = ALIGN (0x2)
 *(.text .text.* .gnu.linkonce.t.*)
 .text          0x00005e9e        0x4 /opt/msp430/bin/../lib/gcc/msp430/4.7.0/mcpu-430x/mmpy-16/msr20/mc20/crt0ivtbl64.o
                0x00005e9e                __isr_37
                0x00005e9e                __isr_51
                0x00005e9e                __isr_33
                0x00005e9e                __isr_32
                0x00005e9e                __isr_54
                0x00005e9e                __isr_42
                0x00005e9e                __isr_59
                0x00005e9e                __isr_39
                0x00005e9e                __isr_53
                0x00005e9e                __isr_60
                0x00005e9e                __isr_36
                0x00005e9e                __isr_34
                0x00005e9e                __isr_44
                0x00005e9e                __isr_61
                0x00005e9e                __isr_55
                0x00005e9e                __isr_43
                0x00005e9e                __isr_50
                0x00005e9e                __isr_56
                0x00005e9e                __isr_38
                0x00005e9e                __isr_35
                0x00005e9e                __isr_45
                0x00005e9e                __isr_62
                0x00005e9e                __isr_52
                0x00005e9e                __isr_40
 .text.libgcc   0x00005ea2       0x20 /opt/msp430/bin/../lib/gcc/msp430/4.7.0/mcpu-430x/mmpy-16/msr20/mc20/libgcc.a(_udivmod8.o)
                0x00005ea2                __ext_udivmod8
                0x00005ea2                __udivqi3
                0x00005eba                __umodqi3
 .text.libgcc   0x00005ec2       0x22 /opt/msp430/bin/../lib/gcc/msp430/4.7.0/mcpu-430x/mmpy-16/msr20/mc20/libgcc.a(_udivmod16.o)
                0x00005ec2                __udivhi3
                0x00005ec2                __ext_udivmod16
                0x00005edc                __umodhi3
 .text.libgcc   0x00005ee4       0x3a /opt/msp430/bin/../lib/gcc/msp430/4.7.0/mcpu-430x/mmpy-16/msr20/mc20/libgcc.a(_divmod16.o)
                0x00005ee4                __ext_divmod16
                0x00005ee4                __divhi3
                0x00005f16                __modhi3
 .text.libgcc   0x00005f1e       0x38 /opt/msp430/bin/../lib/gcc/msp430/4.7.0/mcpu-430x/mmpy-16/msr20/mc20/libgcc.a(_udivmod32.o)
                0x00005f1e                __udivsi3
                0x00005f1e                __ext_udivmod32
                0x00005f4c                __umodsi3
 .text.libgcc   0x00005f56       0x4c /opt/msp430/bin/../lib/gcc/msp430/4.7.0/mcpu-430x/mmpy-16/msr20/mc20/libgcc.a(_divmod32.o)
                0x00005f56                __ext_divmod32
                0x00005f56                __divsi3
                0x00005f98                __modsi3
 .text.printf   0x00005fa2       0x10 /opt/msp430/bin/../lib/gcc/msp430/4.7.0/../../../../msp430/lib/mcpu-430x/mmpy-16/msr20/mc20/libc.a(printf.o)
                0x00005fa2                printf
 .text.print_field
                0x00005fb2      0x176 /opt/msp430/bin/../lib/gcc/msp430/4.7.0/../../../../msp430/lib/mcpu-430x/mmpy-16/msr20/mc20/libc.a(vuprintf.o)
 .text.vuprintf
                0x00006128      0x74c /opt/msp430/bin/../lib/gcc/msp430/4.7.0/../../../../msp430/lib/mcpu-430x/mmpy-16/msr20/mc20/libc.a(vuprintf.o)
                0x00006128                vuprintf
 .text.puts     0x00006874       0x2c /opt/msp430/bin/../lib/gcc/msp430/4.7.0/../../../../msp430/lib/mcpu-430x/mmpy-16/msr20/mc20/libc.a(puts.o)
                0x00006874                puts
 .text.rand     0x000068a0       0x26 /opt/msp430/bin/../lib/gcc/msp430/4.7.0/../../../../msp430/lib/mcpu-430x/mmpy-16/msr20/mc20/libc.a(rand.o)
                0x000068a0                rand
 .text.srand    0x000068c6        0xa /opt/msp430/bin/../lib/gcc/msp430/4.7.0/../../../../msp430/lib/mcpu-430x/mmpy-16/msr20/mc20/libc.a(rand.o)
                0x000068c6                srand
 .text.strncmp  0x000068d0       0x2a /opt/msp430/bin/../lib/gcc/msp430/4.7.0/../../../../msp430/lib/mcpu-430x/mmpy-16/msr20/mc20/libc.a(strncmp.o)
                0x000068d0                strncmp
 .text.memcmp   0x000068fa       0x2c /opt/msp430/bin/../lib/gcc/msp430/4.7.0/../../../../msp430/lib/mcpu-430x/mmpy-16/msr20/mc20/libc.a(memcmp.o)
                0x000068fa                memcmp
 .text.memcpy   0x00006926       0xe8 /opt/msp430/bin/../lib/gcc/msp430/4.7.0/../../../../msp430/lib/mcpu-430x/mmpy-16/msr20/mc20/libc.a(memcpy.o)
                0x00006926                memcpy
 .text.memmove  0x00006a0e       0xe8 /opt/msp430/bin/../lib/gcc/msp430/4.7.0/../../../../msp430/lib/mcpu-430x/mmpy-16/msr20/mc20/libc.a(memmove.o)
                0x00006a0e                memmove
 .text.libgcc   0x00006af6       0x26 /opt/msp430/bin/../lib/gcc/msp430/4.7.0/mcpu-430x/mmpy-16/msr20/mc20/libgcc.a(_mulsi3.o)
                0x00006af6                __mulsi3
 .text.libgcc   0x00006b1c       0xbc /opt/msp430/bin/../lib/gcc/msp430/4.7.0/mcpu-430x/mmpy-16/msr20/mc20/libgcc.a(_udivmod64.o)
                0x00006b1c                __xabi_udivmod64
                0x00006b6e                __udivdi3
                0x00006b88                __umoddi3
                0x00006baa                __udivmoddi4
 .text.crt0     0x00006bd8        0x2 /opt/msp430/bin/../lib/gcc/msp430/4.7.0/mcpu-430x/mmpy-16/msr20/mc20/libcrt0.a(_unexpected_.o)
                0x00006bd8                _unexpected_
 *(.near.text .near.text.*)
 .near.text.watchdog_interrupt
                0x00006bda        0x6 contiki-trxeb1120.a(watchdog.o)
                0x00006bda                watchdog_interrupt
                0x00006bda                __isr_58
 .near.text.cc1120_port1_interrupt
                0x00006be0       0x5e contiki-trxeb1120.a(cc1120-msp-arch)
                0x00006be0                __isr_47
                0x00006be0                cc1120_port1_interrupt
 .near.text.timera0
                0x00006c3e       0x5c contiki-trxeb1120.a(rtimer-arch.o)
                0x00006c3e                __isr_49
                0x00006c3e                timera0
 .near.text.uart1_rx_interrupt
                0x00006c9a       0x32 contiki-trxeb1120.a(uart1x.o)
                0x00006c9a                __isr_46
                0x00006c9a                uart1_rx_interrupt
 .near.text.uart0_rx_interrupt
                0x00006ccc       0x32 contiki-trxeb1120.a(uart0x.o)
                0x00006ccc                __isr_57
                0x00006ccc                uart0_rx_interrupt
 .near.text.timera1
                0x00006cfe       0xee contiki-trxeb1120.a(clock.o)
                0x00006cfe                __isr_48
                0x00006cfe                timera1
 .near.text.rtcisr
                0x00006dec       0x5a contiki-trxeb1120.a(clock.o)
                0x00006dec                __isr_41
                0x00006dec                rtcisr
 .any.text.collect_common_set_sink
                0x00006e46        0x2 udp-sender.co
                0x00006e46                collect_common_set_sink
 .any.text.collect_common_net_print
                0x00006e48       0x52 udp-sender.co
                0x00006e48                collect_common_net_print
 .any.text.collect_common_send
                0x00006e9a       0xf0 udp-sender.co
                0x00006e9a                collect_common_send
 .any.text.process_thread_udp_client_process
                0x00006f8a      0x32e udp-sender.co
 .any.text.collect_common_net_init
                0x000072b8        0xe udp-sender.co
                0x000072b8                collect_common_net_init
 .any.text.process_thread_collect_common_process
                0x000072c6      0x200 obj_trxeb1120/collect-common.o
 .any.text.netsynch_send
                0x000074c6       0xc8 contiki-trxeb1120.a(netsynch.o)
 .any.text.netsynch_set_authority_level
                0x0000758e       0x20 contiki-trxeb1120.a(netsynch.o)
                0x0000758e                netsynch_set_authority_level
 .any.text.schedule_bitmap_set
                0x000075ae       0x10 contiki-trxeb1120.a(netsynch.o)
                0x000075ae                schedule_bitmap_set
 .any.text.process_thread_netsynch_process
                0x000075be      0x440 contiki-trxeb1120.a(netsynch.o)
 .any.text.schedule_bitmap_get
                0x000079fe        0xe contiki-trxeb1120.a(netsynch.o)
                0x000079fe                schedule_bitmap_get
 .any.text.netsynch_init
                0x00007a0c       0x22 contiki-trxeb1120.a(netsynch.o)
                0x00007a0c                netsynch_init
 .any.text.collect_view_construct_message
                0x00007a2e      0x128 contiki-trxeb1120.a(collect-view.o)
                0x00007a2e                collect_view_construct_message
 .any.text.collect_view_arch_read_sensors
                0x00007b56        0xa contiki-trxeb1120.a(collect-view-te)
                0x00007b56                collect_view_arch_read_sensors
 .any.text.w_memcpy
                0x00007b60       0x1c contiki-trxeb1120.a(msp430.o)
                0x00007b60                w_memcpy
 .any.text.w_memset
                0x00007b7c       0x12 contiki-trxeb1120.a(msp430.o)
                0x00007b7c                w_memset
 .any.text.msp430_set_dco_speed
                0x00007b8e       0xfc contiki-trxeb1120.a(msp430.o)
                0x00007b8e                msp430_set_dco_speed
 .any.text.msp430_quick_synch_dco
                0x00007c8a        0xe contiki-trxeb1120.a(msp430.o)
                0x00007c8a                msp430_quick_synch_dco
 .any.text.lowpower_init_ports
                0x00007c98       0xce contiki-trxeb1120.a(msp430.o)
                0x00007c98                lowpower_init_ports
 .any.text.msp430_cpu_init
                0x00007d66       0x9a contiki-trxeb1120.a(msp430.o)
                0x00007d66                msp430_cpu_init
 .any.text.splhigh_
                0x00007e00        0x8 contiki-trxeb1120.a(msp430.o)
                0x00007e00                splhigh_
 .any.text.show_leds
                0x00007e08       0xe8 contiki-trxeb1120.a(leds.o)
 .any.text.leds_init
                0x00007ef0        0xa contiki-trxeb1120.a(leds.o)
                0x00007ef0                leds_init
 .any.text.leds_on
                0x00007efa        0xa contiki-trxeb1120.a(leds.o)
                0x00007efa                leds_on
 .any.text.leds_off
                0x00007f04        0xe contiki-trxeb1120.a(leds.o)
                0x00007f04                leds_off
 .any.text.watchdog_start
                0x00007f12       0x14 contiki-trxeb1120.a(watchdog.o)
                0x00007f12                watchdog_start
 .any.text.watchdog_periodic
                0x00007f26       0x12 contiki-trxeb1120.a(watchdog.o)
                0x00007f26                watchdog_periodic
 .any.text.watchdog_stop
                0x00007f38       0x16 contiki-trxeb1120.a(watchdog.o)
                0x00007f38                watchdog_stop
 .any.text.watchdog_init
                0x00007f4e       0x12 contiki-trxeb1120.a(watchdog.o)
                0x00007f4e                watchdog_init
 .any.text.get_object
                0x00007f60        0x4 contiki-trxeb1120.a(cc1120.o)
 .any.text.set_object
                0x00007f64        0x4 contiki-trxeb1120.a(cc1120.o)
 .any.text.burst_read
                0x00007f68       0x42 contiki-trxeb1120.a(cc1120.o)
 .any.text.state
                0x00007faa       0x18 contiki-trxeb1120.a(cc1120.o)
 .any.text.txbytes
                0x00007fc2       0x14 contiki-trxeb1120.a(cc1120.o)
 .any.text.read_rxbytes
                0x00007fd6       0x14 contiki-trxeb1120.a(cc1120.o)
 .any.text.strobe
                0x00007fea       0x28 contiki-trxeb1120.a(cc1120.o)
 .any.text.burst_write
                0x00008012       0x42 contiki-trxeb1120.a(cc1120.o)
 .any.text.write_txfifo
                0x00008054       0xde contiki-trxeb1120.a(cc1120.o)
 .any.text.single_write
                0x00008132       0x38 contiki-trxeb1120.a(cc1120.o)
 .any.text.off  0x0000816a       0x7e contiki-trxeb1120.a(cc1120.o)
 .any.text.check_txfifo
                0x000081e8       0x3e contiki-trxeb1120.a(cc1120.o)
 .any.text.flushrx
                0x00008226       0x60 contiki-trxeb1120.a(cc1120.o)
 .any.text.on   0x00008286       0x64 contiki-trxeb1120.a(cc1120.o)
 .any.text.set_value
                0x000082ea       0x30 contiki-trxeb1120.a(cc1120.o)
 .any.text.read_rssi.part.4
                0x0000831a       0x96 contiki-trxeb1120.a(cc1120.o)
 .any.text.get_value
                0x000083b0       0x5a contiki-trxeb1120.a(cc1120.o)
 .any.text.channel_clear
                0x0000840a       0x7a contiki-trxeb1120.a(cc1120.o)
 .any.text.init
                0x00008484      0x412 contiki-trxeb1120.a(cc1120.o)
 .any.text.transmit
                0x00008896      0x1a8 contiki-trxeb1120.a(cc1120.o)
 .any.text.read_packet
                0x00008a3e       0xa6 contiki-trxeb1120.a(cc1120.o)
 .any.text.prepare
                0x00008ae4       0x30 contiki-trxeb1120.a(cc1120.o)
 .any.text.send_packet
                0x00008b14       0x1c contiki-trxeb1120.a(cc1120.o)
 .any.text.is_receiving
                0x00008b30       0x24 contiki-trxeb1120.a(cc1120.o)
 .any.text.receiving_packet
                0x00008b54       0x18 contiki-trxeb1120.a(cc1120.o)
 .any.text.input_byte
                0x00008b6c      0x298 contiki-trxeb1120.a(cc1120.o)
 .any.text.cc1120_rx_interrupt
                0x00008e04      0x11c contiki-trxeb1120.a(cc1120.o)
                0x00008e04                cc1120_rx_interrupt
 .any.text.pending_packet
                0x00008f20       0x1e contiki-trxeb1120.a(cc1120.o)
 .any.text.process_thread_cc1120_process
                0x00008f3e       0x74 contiki-trxeb1120.a(cc1120.o)
 .any.text.cc1120_channel_set
                0x00008fb2        0x2 contiki-trxeb1120.a(cc1120.o)
                0x00008fb2                cc1120_channel_set
 .any.text.packet_not_for_us
                0x00008fb4       0x12 contiki-trxeb1120.a(cc1120.o)
                0x00008fb4                packet_not_for_us
 .any.text.cc1120_arch_spi_enable
                0x00008fc6        0xc contiki-trxeb1120.a(cc1120-msp-arch)
                0x00008fc6                cc1120_arch_spi_enable
 .any.text.cc1120_arch_spi_disable
                0x00008fd2        0x6 contiki-trxeb1120.a(cc1120-msp-arch)
                0x00008fd2                cc1120_arch_spi_disable
 .any.text.cc1120_arch_spi_rw_byte
                0x00008fd8       0x1e contiki-trxeb1120.a(cc1120-msp-arch)
                0x00008fd8                cc1120_arch_spi_rw_byte
 .any.text.cc1120_arch_spi_rw
                0x00008ff6       0x88 contiki-trxeb1120.a(cc1120-msp-arch)
                0x00008ff6                cc1120_arch_spi_rw
 .any.text.cc1120_arch_init
                0x0000907e       0x52 contiki-trxeb1120.a(cc1120-msp-arch)
                0x0000907e                cc1120_arch_init
 .any.text.cc1120_arch_interrupt_enable
                0x000090d0        0xa contiki-trxeb1120.a(cc1120-msp-arch)
                0x000090d0                cc1120_arch_interrupt_enable
 .any.text.rtimer_arch_init
                0x000090da        0xe contiki-trxeb1120.a(rtimer-arch.o)
                0x000090da                rtimer_arch_init
 .any.text.rtimer_arch_now
                0x000090e8        0xe contiki-trxeb1120.a(rtimer-arch.o)
                0x000090e8                rtimer_arch_now
 .any.text.rtimer_arch_schedule
                0x000090f6        0x6 contiki-trxeb1120.a(rtimer-arch.o)
                0x000090f6                rtimer_arch_schedule
 .any.text.node_id_restore
                0x000090fc       0x78 contiki-trxeb1120.a(node-id.o)
                0x000090fc                node_id_restore
 .any.text.leds_arch_init
                0x00009174        0x8 contiki-trxeb1120.a(leds-arch.o)
                0x00009174                leds_arch_init
 .any.text.leds_arch_set
                0x0000917c       0x1c contiki-trxeb1120.a(leds-arch.o)
                0x0000917c                leds_arch_set
 .any.text.uart1_set_input
                0x00009198        0x6 contiki-trxeb1120.a(uart1x.o)
                0x00009198                uart1_set_input
 .any.text.uart0_active
                0x0000919e        0xe contiki-trxeb1120.a(uart0x.o)
                0x0000919e                uart0_active
 .any.text.uart0_writeb
                0x000091ac       0x16 contiki-trxeb1120.a(uart0x.o)
                0x000091ac                uart0_writeb
 .any.text.uart0_init
                0x000091c2       0x42 contiki-trxeb1120.a(uart0x.o)
                0x000091c2                uart0_init
 .any.text.process_thread_duty_cycle_scroller_process
                0x00009204       0x8e contiki-trxeb1120.a(duty-cycle-scro)
 .any.text.duty_cycle_scroller_start
                0x00009292       0x14 contiki-trxeb1120.a(duty-cycle-scro)
                0x00009292                duty_cycle_scroller_start
 .any.text.SetVCore
                0x000092a6      0x194 contiki-trxeb1120.a(hal-pmm.o)
                0x000092a6                SetVCore
 .any.text.putchar
                0x0000943a       0x10 contiki-trxeb1120.a(uart1-putchar.o)
                0x0000943a                putchar
 .any.text.clock_time
                0x0000944a       0x1a contiki-trxeb1120.a(clock.o)
                0x0000944a                clock_time
 .any.text.clock_init
                0x00009464       0x28 contiki-trxeb1120.a(clock.o)
                0x00009464                clock_init
 .any.text.clock_delay
                0x0000948c        0x6 contiki-trxeb1120.a(clock.o)
                0x0000948c                clock_delay
 .any.text.clock_seconds
                0x00009492       0x1a contiki-trxeb1120.a(clock.o)
                0x00009492                clock_seconds
 .any.text.rtc_init
                0x000094ac       0x32 contiki-trxeb1120.a(clock.o)
                0x000094ac                rtc_init
 .any.text.get_flag
                0x000094de       0x72 contiki-trxeb1120.a(clock.o)
                0x000094de                get_flag
 .any.text.update_soft_time
                0x00009550       0x36 contiki-trxeb1120.a(clock.o)
                0x00009550                update_soft_time
 .any.text.syn_update_timenow
                0x00009586       0x16 contiki-trxeb1120.a(clock.o)
                0x00009586                syn_update_timenow
 .any.text.get_timenow
                0x0000959c       0x16 contiki-trxeb1120.a(clock.o)
                0x0000959c                get_timenow
 .any.text.mcast_fwd
                0x000095b2       0x2a contiki-trxeb1120.a(scf.o)
 .any.text.random_fwd_delay
                0x000095dc       0x5e contiki-trxeb1120.a(scf.o)
 .any.text.out  0x0000963a       0xd0 contiki-trxeb1120.a(scf.o)
 .any.text.init
                0x0000970a       0x22 contiki-trxeb1120.a(scf.o)
 .any.text.in   0x0000972c      0x166 contiki-trxeb1120.a(scf.o)
 .any.text.uip_mcast6_route_lookup
                0x00009892       0x3c contiki-trxeb1120.a(uip-mcast6-rout)
                0x00009892                uip_mcast6_route_lookup
 .any.text.uip_mcast6_route_add
                0x000098ce       0x46 contiki-trxeb1120.a(uip-mcast6-rout)
                0x000098ce                uip_mcast6_route_add
 .any.text.uip_mcast6_route_rm
                0x00009914       0x3c contiki-trxeb1120.a(uip-mcast6-rout)
                0x00009914                uip_mcast6_route_rm
 .any.text.uip_mcast6_route_list_head
                0x00009950        0xa contiki-trxeb1120.a(uip-mcast6-rout)
                0x00009950                uip_mcast6_route_list_head
 .any.text.uip_mcast6_route_init
                0x0000995a       0x12 contiki-trxeb1120.a(uip-mcast6-rout)
                0x0000995a                uip_mcast6_route_init
 .any.text.autostart_start
                0x0000996c       0x16 contiki-trxeb1120.a(autostart.o)
                0x0000996c                autostart_start
 .any.text.process_thread_ctimer_process
                0x00009982       0xa0 contiki-trxeb1120.a(ctimer.o)
 .any.text.ctimer_init
                0x00009a22       0x18 contiki-trxeb1120.a(ctimer.o)
                0x00009a22                ctimer_init
 .any.text.ctimer_set
                0x00009a3a       0x48 contiki-trxeb1120.a(ctimer.o)
                0x00009a3a                ctimer_set
 .any.text.ctimer_reset
                0x00009a82       0x2c contiki-trxeb1120.a(ctimer.o)
                0x00009a82                ctimer_reset
 .any.text.ctimer_stop
                0x00009aae       0x28 contiki-trxeb1120.a(ctimer.o)
                0x00009aae                ctimer_stop
 .any.text.ctimer_expired
                0x00009ad6       0x30 contiki-trxeb1120.a(ctimer.o)
                0x00009ad6                ctimer_expired
 .any.text.energest_init
                0x00009b06       0x24 contiki-trxeb1120.a(energest.o)
                0x00009b06                energest_init
 .any.text.energest_type_time
                0x00009b2a       0x3c contiki-trxeb1120.a(energest.o)
                0x00009b2a                energest_type_time
 .any.text.energest_type_set
                0x00009b66        0xc contiki-trxeb1120.a(energest.o)
                0x00009b66                energest_type_set
 .any.text.energest_flush
                0x00009b72       0x38 contiki-trxeb1120.a(energest.o)
                0x00009b72                energest_flush
 .any.text.update_time
                0x00009baa       0x70 contiki-trxeb1120.a(etimer.o)
 .any.text.etimer_request_poll
                0x00009c1a        0xa contiki-trxeb1120.a(etimer.o)
                0x00009c1a                etimer_request_poll
 .any.text.process_thread_etimer_process
                0x00009c24       0xc4 contiki-trxeb1120.a(etimer.o)
 .any.text.add_timer
                0x00009ce8       0x40 contiki-trxeb1120.a(etimer.o)
 .any.text.etimer_set
                0x00009d28       0x12 contiki-trxeb1120.a(etimer.o)
                0x00009d28                etimer_set
 .any.text.etimer_reset
                0x00009d3a       0x12 contiki-trxeb1120.a(etimer.o)
                0x00009d3a                etimer_reset
 .any.text.etimer_expired
                0x00009d4c        0xe contiki-trxeb1120.a(etimer.o)
                0x00009d4c                etimer_expired
 .any.text.etimer_expiration_time
                0x00009d5a       0x14 contiki-trxeb1120.a(etimer.o)
                0x00009d5a                etimer_expiration_time
 .any.text.etimer_pending
                0x00009d6e        0xc contiki-trxeb1120.a(etimer.o)
                0x00009d6e                etimer_pending
 .any.text.etimer_next_expiration_time
                0x00009d7a       0x16 contiki-trxeb1120.a(etimer.o)
                0x00009d7a                etimer_next_expiration_time
 .any.text.etimer_stop
                0x00009d90       0x3e contiki-trxeb1120.a(etimer.o)
                0x00009d90                etimer_stop
 .any.text.call_process
                0x00009dce       0x40 contiki-trxeb1120.a(process.o)
 .any.text.exit_process
                0x00009e0e       0x88 contiki-trxeb1120.a(process.o)
 .any.text.do_poll
                0x00009e96       0x30 contiki-trxeb1120.a(process.o)
 .any.text.process_alloc_event
                0x00009ec6        0xe contiki-trxeb1120.a(process.o)
                0x00009ec6                process_alloc_event
 .any.text.process_exit
                0x00009ed4        0xa contiki-trxeb1120.a(process.o)
                0x00009ed4                process_exit
 .any.text.process_init
                0x00009ede       0x1c contiki-trxeb1120.a(process.o)
                0x00009ede                process_init
 .any.text.process_run
                0x00009efa       0xa4 contiki-trxeb1120.a(process.o)
                0x00009efa                process_run
 .any.text.process_nevents
                0x00009f9e        0xe contiki-trxeb1120.a(process.o)
                0x00009f9e                process_nevents
 .any.text.process_post
                0x00009fac       0x50 contiki-trxeb1120.a(process.o)
                0x00009fac                process_post
 .any.text.process_post_synch
                0x00009ffc       0x12 contiki-trxeb1120.a(process.o)
                0x00009ffc                process_post_synch
 .any.text.process_start
                0x0000a00e       0x36 contiki-trxeb1120.a(process.o)
                0x0000a00e                process_start
 .any.text.process_poll
                0x0000a044       0x18 contiki-trxeb1120.a(process.o)
                0x0000a044                process_poll
 .any.text.rtimer_init
                0x0000a05c        0x6 contiki-trxeb1120.a(rtimer.o)
                0x0000a05c                rtimer_init
 .any.text.rtimer_set
                0x0000a062       0x24 contiki-trxeb1120.a(rtimer.o)
                0x0000a062                rtimer_set
 .any.text.rtimer_run_next
                0x0000a086       0x26 contiki-trxeb1120.a(rtimer.o)
                0x0000a086                rtimer_run_next
 .any.text.timer_set
                0x0000a0ac       0x1c contiki-trxeb1120.a(timer.o)
                0x0000a0ac                timer_set
 .any.text.timer_reset
                0x0000a0c8        0xe contiki-trxeb1120.a(timer.o)
                0x0000a0c8                timer_reset
 .any.text.timer_expired
                0x0000a0d6       0x2a contiki-trxeb1120.a(timer.o)
                0x0000a0d6                timer_expired
 .any.text.process_thread_serial_line_process
                0x0000a100       0x9e contiki-trxeb1120.a(serial-line.o)
 .any.text.serial_line_init
                0x0000a19e       0x1c contiki-trxeb1120.a(serial-line.o)
                0x0000a19e                serial_line_init
 .any.text.serial_line_input_byte
                0x0000a1ba       0x4a contiki-trxeb1120.a(serial-line.o)
                0x0000a1ba                serial_line_input_byte
 .any.text.list_init
                0x0000a204        0x6 contiki-trxeb1120.a(list.o)
                0x0000a204                list_init
 .any.text.list_head
                0x0000a20a        0x4 contiki-trxeb1120.a(list.o)
                0x0000a20a                list_head
 .any.text.list_tail
                0x0000a20e       0x12 contiki-trxeb1120.a(list.o)
                0x0000a20e                list_tail
 .any.text.list_remove
                0x0000a220       0x34 contiki-trxeb1120.a(list.o)
                0x0000a220                list_remove
 .any.text.list_push
                0x0000a254       0x16 contiki-trxeb1120.a(list.o)
                0x0000a254                list_push
 .any.text.list_add
                0x0000a26a       0x26 contiki-trxeb1120.a(list.o)
                0x0000a26a                list_add
 .any.text.list_length
                0x0000a290       0x10 contiki-trxeb1120.a(list.o)
                0x0000a290                list_length
 .any.text.list_item_next
                0x0000a2a0        0xc contiki-trxeb1120.a(list.o)
                0x0000a2a0                list_item_next
 .any.text.memb_init
                0x0000a2ac       0x36 contiki-trxeb1120.a(memb.o)
                0x0000a2ac                memb_init
 .any.text.memb_alloc
                0x0000a2e2       0x3e contiki-trxeb1120.a(memb.o)
                0x0000a2e2                memb_alloc
 .any.text.memb_free
                0x0000a320       0x3a contiki-trxeb1120.a(memb.o)
                0x0000a320                memb_free
 .any.text.memb_inmemb
                0x0000a35a       0x2a contiki-trxeb1120.a(memb.o)
                0x0000a35a                memb_inmemb
 .any.text.memb_numfree
                0x0000a384       0x26 contiki-trxeb1120.a(memb.o)
                0x0000a384                memb_numfree
 .any.text.random_init
                0x0000a3aa        0x6 contiki-trxeb1120.a(random.o)
                0x0000a3aa                random_init
 .any.text.random_rand
                0x0000a3b0        0x6 contiki-trxeb1120.a(random.o)
                0x0000a3b0                random_rand
 .any.text.ringbuf_init
                0x0000a3b6       0x14 contiki-trxeb1120.a(ringbuf.o)
                0x0000a3b6                ringbuf_init
 .any.text.ringbuf_put
                0x0000a3ca       0x38 contiki-trxeb1120.a(ringbuf.o)
                0x0000a3ca                ringbuf_put
 .any.text.ringbuf_get
                0x0000a402       0x2e contiki-trxeb1120.a(ringbuf.o)
                0x0000a402                ringbuf_get
 .any.text.chksum
                0x0000a430       0x32 contiki-trxeb1120.a(uip6.o)
 .any.text.upper_layer_chksum
                0x0000a462       0x56 contiki-trxeb1120.a(uip6.o)
 .any.text.ext_hdr_options_process
                0x0000a4b8       0xc2 contiki-trxeb1120.a(uip6.o)
 .any.text.uip_icmp6chksum
                0x0000a57a        0xa contiki-trxeb1120.a(uip6.o)
                0x0000a57a                uip_icmp6chksum
 .any.text.uip_udpchksum
                0x0000a584        0xa contiki-trxeb1120.a(uip6.o)
                0x0000a584                uip_udpchksum
 .any.text.uip_init
                0x0000a58e       0x3a contiki-trxeb1120.a(uip6.o)
                0x0000a58e                uip_init
 .any.text.remove_ext_hdr
                0x0000a5c8       0x54 contiki-trxeb1120.a(uip6.o)
                0x0000a5c8                remove_ext_hdr
 .any.text.uip_udp_new
                0x0000a61c       0xb8 contiki-trxeb1120.a(uip6.o)
                0x0000a61c                uip_udp_new
 .any.text.uip_process
                0x0000a6d4      0x4ac contiki-trxeb1120.a(uip6.o)
                0x0000a6d4                uip_process
 .any.text.uip_htons
                0x0000ab80        0xc contiki-trxeb1120.a(uip6.o)
                0x0000ab80                uip_htons
 .any.text.uip_htonl
                0x0000ab8c       0x2a contiki-trxeb1120.a(uip6.o)
                0x0000ab8c                uip_htonl
 .any.text.uip_ds6_list_loop
                0x0000abb6       0x66 contiki-trxeb1120.a(uip-ds6.o)
                0x0000abb6                uip_ds6_list_loop
 .any.text.uip_ds6_prefix_add
                0x0000ac1c       0x70 contiki-trxeb1120.a(uip-ds6.o)
                0x0000ac1c                uip_ds6_prefix_add
 .any.text.uip_ds6_is_addr_onlink
                0x0000ac8c       0x42 contiki-trxeb1120.a(uip-ds6.o)
                0x0000ac8c                uip_ds6_is_addr_onlink
 .any.text.uip_ds6_addr_lookup
                0x0000acce       0x2a contiki-trxeb1120.a(uip-ds6.o)
                0x0000acce                uip_ds6_addr_lookup
 .any.text.uip_ds6_get_link_local
                0x0000acf8       0x3e contiki-trxeb1120.a(uip-ds6.o)
                0x0000acf8                uip_ds6_get_link_local
 .any.text.uip_ds6_maddr_add
                0x0000ad36       0x48 contiki-trxeb1120.a(uip-ds6.o)
                0x0000ad36                uip_ds6_maddr_add
 .any.text.uip_ds6_addr_add
                0x0000ad7e       0xb4 contiki-trxeb1120.a(uip-ds6.o)
                0x0000ad7e                uip_ds6_addr_add
 .any.text.uip_ds6_maddr_rm
                0x0000ae32        0xa contiki-trxeb1120.a(uip-ds6.o)
                0x0000ae32                uip_ds6_maddr_rm
 .any.text.uip_ds6_maddr_lookup
                0x0000ae3c       0x2a contiki-trxeb1120.a(uip-ds6.o)
                0x0000ae3c                uip_ds6_maddr_lookup
 .any.text.uip_ds6_addr_rm
                0x0000ae66       0x54 contiki-trxeb1120.a(uip-ds6.o)
                0x0000ae66                uip_ds6_addr_rm
 .any.text.uip_ds6_periodic
                0x0000aeba       0x4a contiki-trxeb1120.a(uip-ds6.o)
                0x0000aeba                uip_ds6_periodic
 .any.text.uip_ds6_set_addr_iid
                0x0000af04       0x14 contiki-trxeb1120.a(uip-ds6.o)
                0x0000af04                uip_ds6_set_addr_iid
 .any.text.get_match_length
                0x0000af18       0x3c contiki-trxeb1120.a(uip-ds6.o)
                0x0000af18                get_match_length
 .any.text.uip_ds6_select_src
                0x0000af54       0x9a contiki-trxeb1120.a(uip-ds6.o)
                0x0000af54                uip_ds6_select_src
 .any.text.uip_ds6_compute_reachable_time
                0x0000afee       0x36 contiki-trxeb1120.a(uip-ds6.o)
                0x0000afee                uip_ds6_compute_reachable_time
 .any.text.uip_ds6_init
                0x0000b024      0x138 contiki-trxeb1120.a(uip-ds6.o)
                0x0000b024                uip_ds6_init
 .any.text.uip_ds6_nbr_rm
                0x0000b15c       0x1a contiki-trxeb1120.a(uip-ds6-nbr.o)
                0x0000b15c                uip_ds6_nbr_rm
 .any.text.uip_ds6_neighbors_init
                0x0000b176        0xe contiki-trxeb1120.a(uip-ds6-nbr.o)
                0x0000b176                uip_ds6_neighbors_init
 .any.text.uip_ds6_nbr_add
                0x0000b184       0x54 contiki-trxeb1120.a(uip-ds6-nbr.o)
                0x0000b184                uip_ds6_nbr_add
 .any.text.uip_ds6_nbr_get_ll
                0x0000b1d8        0xc contiki-trxeb1120.a(uip-ds6-nbr.o)
                0x0000b1d8                uip_ds6_nbr_get_ll
 .any.text.uip_ds6_nbr_num
                0x0000b1e4       0x24 contiki-trxeb1120.a(uip-ds6-nbr.o)
                0x0000b1e4                uip_ds6_nbr_num
 .any.text.uip_ds6_nbr_lookup
                0x0000b208       0x3e contiki-trxeb1120.a(uip-ds6-nbr.o)
                0x0000b208                uip_ds6_nbr_lookup
 .any.text.uip_ds6_nbr_ll_lookup
                0x0000b246        0xc contiki-trxeb1120.a(uip-ds6-nbr.o)
                0x0000b246                uip_ds6_nbr_ll_lookup
 .any.text.uip_ds6_nbr_ipaddr_from_lladdr
                0x0000b252        0x6 contiki-trxeb1120.a(uip-ds6-nbr.o)
                0x0000b252                uip_ds6_nbr_ipaddr_from_lladdr
 .any.text.uip_ds6_nbr_lladdr_from_ipaddr
                0x0000b258       0x12 contiki-trxeb1120.a(uip-ds6-nbr.o)
                0x0000b258                uip_ds6_nbr_lladdr_from_ipaddr
 .any.text.uip_ds6_link_neighbor_callback
                0x0000b26a       0x26 contiki-trxeb1120.a(uip-ds6-nbr.o)
                0x0000b26a                uip_ds6_link_neighbor_callback
 .any.text.uip_ds6_neighbor_periodic
                0x0000b290      0x11e contiki-trxeb1120.a(uip-ds6-nbr.o)
                0x0000b290                uip_ds6_neighbor_periodic
 .any.text.call_route_callback
                0x0000b3ae       0x40 contiki-trxeb1120.a(uip-ds6-route.o)
 .any.text.uip_ds6_route_init
                0x0000b3ee       0x36 contiki-trxeb1120.a(uip-ds6-route.o)
                0x0000b3ee                uip_ds6_route_init
 .any.text.uip_ds6_route_nexthop
                0x0000b424       0x1a contiki-trxeb1120.a(uip-ds6-route.o)
                0x0000b424                uip_ds6_route_nexthop
 .any.text.uip_ds6_route_head
                0x0000b43e        0xa contiki-trxeb1120.a(uip-ds6-route.o)
                0x0000b43e                uip_ds6_route_head
 .any.text.uip_ds6_route_next
                0x0000b448        0xe contiki-trxeb1120.a(uip-ds6-route.o)
                0x0000b448                uip_ds6_route_next
 .any.text.uip_ds6_route_lookup
                0x0000b456       0x6e contiki-trxeb1120.a(uip-ds6-route.o)
                0x0000b456                uip_ds6_route_lookup
 .any.text.uip_ds6_route_rm
                0x0000b4c4       0xa2 contiki-trxeb1120.a(uip-ds6-route.o)
                0x0000b4c4                uip_ds6_route_rm
 .any.text.rm_routelist
                0x0000b566       0x34 contiki-trxeb1120.a(uip-ds6-route.o)
 .any.text.rm_routelist_callback
                0x0000b59a        0x6 contiki-trxeb1120.a(uip-ds6-route.o)
 .any.text.uip_ds6_route_add
                0x0000b5a0       0xf4 contiki-trxeb1120.a(uip-ds6-route.o)
                0x0000b5a0                uip_ds6_route_add
 .any.text.uip_ds6_defrt_rm
                0x0000b694       0x44 contiki-trxeb1120.a(uip-ds6-route.o)
                0x0000b694                uip_ds6_defrt_rm
 .any.text.uip_ds6_defrt_lookup
                0x0000b6d8       0x32 contiki-trxeb1120.a(uip-ds6-route.o)
                0x0000b6d8                uip_ds6_defrt_lookup
 .any.text.uip_ds6_defrt_add
                0x0000b70a       0x68 contiki-trxeb1120.a(uip-ds6-route.o)
                0x0000b70a                uip_ds6_defrt_add
 .any.text.uip_ds6_defrt_choose
                0x0000b772       0x36 contiki-trxeb1120.a(uip-ds6-route.o)
                0x0000b772                uip_ds6_defrt_choose
 .any.text.uip_ds6_defrt_periodic
                0x0000b7a8       0x38 contiki-trxeb1120.a(uip-ds6-route.o)
                0x0000b7a8                uip_ds6_defrt_periodic
 .any.text.echo_reply_input
                0x0000b7e0      0x108 contiki-trxeb1120.a(uip-icmp6.o)
 .any.text.echo_request_input
                0x0000b8e8      0x128 contiki-trxeb1120.a(uip-icmp6.o)
 .any.text.uip_icmp6_input
                0x0000ba10       0x44 contiki-trxeb1120.a(uip-icmp6.o)
                0x0000ba10                uip_icmp6_input
 .any.text.uip_icmp6_register_input_handler
                0x0000ba54        0xc contiki-trxeb1120.a(uip-icmp6.o)
                0x0000ba54                uip_icmp6_register_input_handler
 .any.text.uip_icmp6_error_output
                0x0000ba60      0x16c contiki-trxeb1120.a(uip-icmp6.o)
                0x0000ba60                uip_icmp6_error_output
 .any.text.uip_icmp6_send
                0x0000bbcc       0x84 contiki-trxeb1120.a(uip-icmp6.o)
                0x0000bbcc                uip_icmp6_send
 .any.text.uip_icmp6_init
                0x0000bc50       0x12 contiki-trxeb1120.a(uip-icmp6.o)
                0x0000bc50                uip_icmp6_init
 .any.text.na_input
                0x0000bc62      0x1a2 contiki-trxeb1120.a(uip-nd6.o)
 .any.text.create_llao
                0x0000be04       0x2c contiki-trxeb1120.a(uip-nd6.o)
 .any.text.ns_input
                0x0000be30      0x232 contiki-trxeb1120.a(uip-nd6.o)
 .any.text.uip_nd6_ns_output
                0x0000c062      0x154 contiki-trxeb1120.a(uip-nd6.o)
                0x0000c062                uip_nd6_ns_output
 .any.text.uip_nd6_init
                0x0000c1b6       0x12 contiki-trxeb1120.a(uip-nd6.o)
                0x0000c1b6                uip_nd6_init
 .any.text.tcpip_output
                0x0000c1c8       0x10 contiki-trxeb1120.a(tcpip.o)
                0x0000c1c8                tcpip_output
 .any.text.tcpip_set_outputfunc
                0x0000c1d8        0x6 contiki-trxeb1120.a(tcpip.o)
                0x0000c1d8                tcpip_set_outputfunc
 .any.text.udp_new
                0x0000c1de       0x1a contiki-trxeb1120.a(tcpip.o)
                0x0000c1de                udp_new
 .any.text.tcpip_input
                0x0000c1f8       0x16 contiki-trxeb1120.a(tcpip.o)
                0x0000c1f8                tcpip_input
 .any.text.tcpip_ipv6_output
                0x0000c20e      0x14e contiki-trxeb1120.a(tcpip.o)
                0x0000c20e                tcpip_ipv6_output
 .any.text.process_thread_tcpip_process
                0x0000c35c       0xce contiki-trxeb1120.a(tcpip.o)
 .any.text.tcpip_uipcall
                0x0000c42a       0x2a contiki-trxeb1120.a(tcpip.o)
                0x0000c42a                tcpip_uipcall
 .any.text.uip_debug_ipaddr_print
                0x0000c454       0x72 contiki-trxeb1120.a(uip-debug.o)
                0x0000c454                uip_debug_ipaddr_print
 .any.text.uip_udp_packet_send
                0x0000c4c6       0x4a contiki-trxeb1120.a(uip-udp-packet.)
                0x0000c4c6                uip_udp_packet_send
 .any.text.uip_udp_packet_sendto
                0x0000c510       0x56 contiki-trxeb1120.a(uip-udp-packet.)
                0x0000c510                uip_udp_packet_sendto
 .any.text.rpl_get_mode
                0x0000c566        0x6 contiki-trxeb1120.a(rpl.o)
                0x0000c566                rpl_get_mode
 .any.text.rpl_purge_routes
                0x0000c56c       0xca contiki-trxeb1120.a(rpl.o)
                0x0000c56c                rpl_purge_routes
 .any.text.rpl_remove_routes
                0x0000c636       0x3c contiki-trxeb1120.a(rpl.o)
                0x0000c636                rpl_remove_routes
 .any.text.rpl_remove_routes_by_nexthop
                0x0000c672       0x3e contiki-trxeb1120.a(rpl.o)
                0x0000c672                rpl_remove_routes_by_nexthop
 .any.text.rpl_add_route
                0x0000c6b0       0x48 contiki-trxeb1120.a(rpl.o)
                0x0000c6b0                rpl_add_route
 .any.text.rpl_link_neighbor_callback
                0x0000c6f8       0x66 contiki-trxeb1120.a(rpl.o)
                0x0000c6f8                rpl_link_neighbor_callback
 .any.text.rpl_ipv6_neighbor_callback
                0x0000c75e       0x1e contiki-trxeb1120.a(rpl.o)
                0x0000c75e                rpl_ipv6_neighbor_callback
 .any.text.rpl_init
                0x0000c77c       0x4a contiki-trxeb1120.a(rpl.o)
                0x0000c77c                rpl_init
 .any.text.lollipop_greater_than
                0x0000c7c6       0x3c contiki-trxeb1120.a(rpl-dag.o)
 .any.text.find_parent_any_dag_any_instance
                0x0000c802       0x14 contiki-trxeb1120.a(rpl-dag.o)
 .any.text.rpl_set_preferred_parent
                0x0000c816       0x2c contiki-trxeb1120.a(rpl-dag.o)
 .any.text.set_ip_from_prefix
                0x0000c842       0x30 contiki-trxeb1120.a(rpl-dag.o)
 .any.text.check_prefix
                0x0000c872       0x70 contiki-trxeb1120.a(rpl-dag.o)
 .any.text.rpl_get_nbr
                0x0000c8e2       0x1e contiki-trxeb1120.a(rpl-dag.o)
                0x0000c8e2                rpl_get_nbr
 .any.text.rpl_dag_init
                0x0000c900        0xe contiki-trxeb1120.a(rpl-dag.o)
                0x0000c900                rpl_dag_init
 .any.text.rpl_get_parent
                0x0000c90e        0xc contiki-trxeb1120.a(rpl-dag.o)
                0x0000c90e                rpl_get_parent
 .any.text.rpl_get_parent_rank
                0x0000c91a       0x18 contiki-trxeb1120.a(rpl-dag.o)
                0x0000c91a                rpl_get_parent_rank
 .any.text.rpl_get_parent_ipaddr
                0x0000c932       0x10 contiki-trxeb1120.a(rpl-dag.o)
                0x0000c932                rpl_get_parent_ipaddr
 .any.text.rpl_set_prefix
                0x0000c942       0x74 contiki-trxeb1120.a(rpl-dag.o)
                0x0000c942                rpl_set_prefix
 .any.text.rpl_set_default_route
                0x0000c9b6       0x60 contiki-trxeb1120.a(rpl-dag.o)
                0x0000c9b6                rpl_set_default_route
 .any.text.rpl_alloc_instance
                0x0000ca16       0x30 contiki-trxeb1120.a(rpl-dag.o)
                0x0000ca16                rpl_alloc_instance
 .any.text.rpl_add_parent
                0x0000ca46       0x4e contiki-trxeb1120.a(rpl-dag.o)
                0x0000ca46                rpl_add_parent
 .any.text.rpl_find_parent
                0x0000ca94       0x1c contiki-trxeb1120.a(rpl-dag.o)
                0x0000ca94                rpl_find_parent
 .any.text.rpl_find_parent_any_dag
                0x0000cab0       0x24 contiki-trxeb1120.a(rpl-dag.o)
                0x0000cab0                rpl_find_parent_any_dag
 .any.text.rpl_select_parent
                0x0000cad4       0x5a contiki-trxeb1120.a(rpl-dag.o)
                0x0000cad4                rpl_select_parent
 .any.text.rpl_select_dag
                0x0000cb2e      0x196 contiki-trxeb1120.a(rpl-dag.o)
                0x0000cb2e                rpl_select_dag
 .any.text.rpl_nullify_parent
                0x0000ccc4       0x50 contiki-trxeb1120.a(rpl-dag.o)
                0x0000ccc4                rpl_nullify_parent
 .any.text.rpl_remove_parent
                0x0000cd14       0x16 contiki-trxeb1120.a(rpl-dag.o)
                0x0000cd14                rpl_remove_parent
 .any.text.nbr_callback
                0x0000cd2a        0x6 contiki-trxeb1120.a(rpl-dag.o)
 .any.text.remove_parents.constprop.5
                0x0000cd30       0x2e contiki-trxeb1120.a(rpl-dag.o)
 .any.text.rpl_free_dag
                0x0000cd5e       0x34 contiki-trxeb1120.a(rpl-dag.o)
                0x0000cd5e                rpl_free_dag
 .any.text.rpl_free_instance
                0x0000cd92       0x5e contiki-trxeb1120.a(rpl-dag.o)
                0x0000cd92                rpl_free_instance
 .any.text.rpl_move_parent
                0x0000cdf0       0x52 contiki-trxeb1120.a(rpl-dag.o)
                0x0000cdf0                rpl_move_parent
 .any.text.rpl_get_any_dag
                0x0000ce42       0x16 contiki-trxeb1120.a(rpl-dag.o)
                0x0000ce42                rpl_get_any_dag
 .any.text.rpl_get_instance
                0x0000ce58       0x16 contiki-trxeb1120.a(rpl-dag.o)
                0x0000ce58                rpl_get_instance
 .any.text.get_dag
                0x0000ce6e       0x50 contiki-trxeb1120.a(rpl-dag.o)
 .any.text.rpl_alloc_dag
                0x0000cebe       0x62 contiki-trxeb1120.a(rpl-dag.o)
                0x0000cebe                rpl_alloc_dag
 .any.text.rpl_repair_root
                0x0000cf20       0x4c contiki-trxeb1120.a(rpl-dag.o)
                0x0000cf20                rpl_repair_root
 .any.text.rpl_find_of
                0x0000cf6c       0x10 contiki-trxeb1120.a(rpl-dag.o)
                0x0000cf6c                rpl_find_of
 .any.text.rpl_join_instance
                0x0000cf7c      0x128 contiki-trxeb1120.a(rpl-dag.o)
                0x0000cf7c                rpl_join_instance
 .any.text.rpl_local_repair
                0x0000d0a4       0x68 contiki-trxeb1120.a(rpl-dag.o)
                0x0000d0a4                rpl_local_repair
 .any.text.rpl_process_parent_event
                0x0000d10c       0x6c contiki-trxeb1120.a(rpl-dag.o)
                0x0000d10c                rpl_process_parent_event
 .any.text.rpl_recalculate_ranks
                0x0000d178       0x46 contiki-trxeb1120.a(rpl-dag.o)
                0x0000d178                rpl_recalculate_ranks
 .any.text.rpl_add_dag
                0x0000d1be      0x102 contiki-trxeb1120.a(rpl-dag.o)
                0x0000d1be                rpl_add_dag
 .any.text.rpl_process_dio
                0x0000d2c0      0x2a4 contiki-trxeb1120.a(rpl-dag.o)
                0x0000d2c0                rpl_process_dio
 .any.text.rpl_lock_parent
                0x0000d564        0xc contiki-trxeb1120.a(rpl-dag.o)
                0x0000d564                rpl_lock_parent
 .any.text.rpl_verify_header
                0x0000d570       0xae contiki-trxeb1120.a(rpl-ext-header.)
                0x0000d570                rpl_verify_header
 .any.text.rpl_update_header_empty
                0x0000d61e      0x154 contiki-trxeb1120.a(rpl-ext-header.)
                0x0000d61e                rpl_update_header_empty
 .any.text.rpl_update_header_final
                0x0000d772       0x90 contiki-trxeb1120.a(rpl-ext-header.)
                0x0000d772                rpl_update_header_final
 .any.text.rpl_invert_header
                0x0000d802       0x74 contiki-trxeb1120.a(rpl-ext-header.)
                0x0000d802                rpl_invert_header
 .any.text.rpl_insert_header
                0x0000d876       0x12 contiki-trxeb1120.a(rpl-ext-header.)
                0x0000d876                rpl_insert_header
 .any.text.get32
                0x0000d888       0x3e contiki-trxeb1120.a(rpl-icmp6.o)
 .any.text.set32
                0x0000d8c6       0x2a contiki-trxeb1120.a(rpl-icmp6.o)
 .any.text.get16
                0x0000d8f0        0xe contiki-trxeb1120.a(rpl-icmp6.o)
 .any.text.set16
                0x0000d8fe       0x10 contiki-trxeb1120.a(rpl-icmp6.o)
 .any.text.dao_ack_input
                0x0000d90e        0x6 contiki-trxeb1120.a(rpl-icmp6.o)
 .any.text.dio_input
                0x0000d914      0x2b0 contiki-trxeb1120.a(rpl-icmp6.o)
 .any.text.dis_output
                0x0000dbc4       0x50 contiki-trxeb1120.a(rpl-icmp6.o)
                0x0000dbc4                dis_output
 .any.text.dio_output
                0x0000dc14      0x23e contiki-trxeb1120.a(rpl-icmp6.o)
                0x0000dc14                dio_output
 .any.text.dis_input
                0x0000de52       0x28 contiki-trxeb1120.a(rpl-icmp6.o)
 .any.text.dao_output_target
                0x0000de7a       0xd0 contiki-trxeb1120.a(rpl-icmp6.o)
                0x0000de7a                dao_output_target
 .any.text.dao_output
                0x0000df4a       0x68 contiki-trxeb1120.a(rpl-icmp6.o)
                0x0000df4a                dao_output
 .any.text.dao_ack_output
                0x0000dfb2       0x32 contiki-trxeb1120.a(rpl-icmp6.o)
                0x0000dfb2                dao_ack_output
 .any.text.dao_input
                0x0000dfe4      0x2dc contiki-trxeb1120.a(rpl-icmp6.o)
 .any.text.rpl_icmp6_register_handlers
                0x0000e2c0       0x22 contiki-trxeb1120.a(rpl-icmp6.o)
                0x0000e2c0                rpl_icmp6_register_handlers
 .any.text.reset
                0x0000e2e2        0x2 contiki-trxeb1120.a(rpl-mrhof.o)
 .any.text.update_metric_container
                0x0000e2e4        0x6 contiki-trxeb1120.a(rpl-mrhof.o)
 .any.text.calculate_rank
                0x0000e2ea       0x3e contiki-trxeb1120.a(rpl-mrhof.o)
 .any.text.neighbor_link_callback
                0x0000e328       0x82 contiki-trxeb1120.a(rpl-mrhof.o)
 .any.text.best_dag
                0x0000e3aa       0x2e contiki-trxeb1120.a(rpl-mrhof.o)
 .any.text.best_parent
                0x0000e3d8       0x68 contiki-trxeb1120.a(rpl-mrhof.o)
 .any.text.set_dao_lifetime_timer
                0x0000e440       0x60 contiki-trxeb1120.a(rpl-timers.o)
 .any.text.new_dio_interval
                0x0000e4a0       0x96 contiki-trxeb1120.a(rpl-timers.o)
 .any.text.handle_dao_timer
                0x0000e536       0xee contiki-trxeb1120.a(rpl-timers.o)
 .any.text.handle_periodic_timer
                0x0000e624       0x2e contiki-trxeb1120.a(rpl-timers.o)
 .any.text.schedule_dao
                0x0000e652       0x72 contiki-trxeb1120.a(rpl-timers.o)
 .any.text.handle_dio_timer
                0x0000e6c4       0x86 contiki-trxeb1120.a(rpl-timers.o)
 .any.text.rpl_reset_periodic_timer
                0x0000e74a       0x44 contiki-trxeb1120.a(rpl-timers.o)
                0x0000e74a                rpl_reset_periodic_timer
 .any.text.rpl_reset_dio_timer
                0x0000e78e       0x18 contiki-trxeb1120.a(rpl-timers.o)
                0x0000e78e                rpl_reset_dio_timer
 .any.text.rpl_schedule_dao
                0x0000e7a6        0xc contiki-trxeb1120.a(rpl-timers.o)
                0x0000e7a6                rpl_schedule_dao
 .any.text.linkaddr_copy
                0x0000e7b2        0x8 contiki-trxeb1120.a(linkaddr.o)
                0x0000e7b2                linkaddr_copy
 .any.text.linkaddr_cmp
                0x0000e7ba       0x12 contiki-trxeb1120.a(linkaddr.o)
                0x0000e7ba                linkaddr_cmp
 .any.text.linkaddr_set_node_addr
                0x0000e7cc        0xc contiki-trxeb1120.a(linkaddr.o)
                0x0000e7cc                linkaddr_set_node_addr
 .any.text.item_from_index
                0x0000e7d8       0x2a contiki-trxeb1120.a(nbr-table.o)
 .any.text.index_from_key
                0x0000e802       0x26 contiki-trxeb1120.a(nbr-table.o)
 .any.text.index_from_item
                0x0000e828       0x1e contiki-trxeb1120.a(nbr-table.o)
 .any.text.nbr_set_bit
                0x0000e846       0x50 contiki-trxeb1120.a(nbr-table.o)
 .any.text.index_from_lladdr
                0x0000e896       0x3e contiki-trxeb1120.a(nbr-table.o)
 .any.text.nbr_get_bit.constprop.0
                0x0000e8d4       0x2c contiki-trxeb1120.a(nbr-table.o)
 .any.text.nbr_table_register
                0x0000e900       0x26 contiki-trxeb1120.a(nbr-table.o)
                0x0000e900                nbr_table_register
 .any.text.nbr_table_next
                0x0000e926       0x4c contiki-trxeb1120.a(nbr-table.o)
                0x0000e926                nbr_table_next
 .any.text.nbr_table_head
                0x0000e972       0x36 contiki-trxeb1120.a(nbr-table.o)
                0x0000e972                nbr_table_head
 .any.text.nbr_table_add_lladdr
                0x0000e9a8      0x110 contiki-trxeb1120.a(nbr-table.o)
                0x0000e9a8                nbr_table_add_lladdr
 .any.text.nbr_table_get_from_lladdr
                0x0000eab8       0x28 contiki-trxeb1120.a(nbr-table.o)
                0x0000eab8                nbr_table_get_from_lladdr
 .any.text.nbr_table_remove
                0x0000eae0       0x2a contiki-trxeb1120.a(nbr-table.o)
                0x0000eae0                nbr_table_remove
 .any.text.nbr_table_lock
                0x0000eb0a       0x10 contiki-trxeb1120.a(nbr-table.o)
                0x0000eb0a                nbr_table_lock
 .any.text.nbr_table_unlock
                0x0000eb1a       0x10 contiki-trxeb1120.a(nbr-table.o)
                0x0000eb1a                nbr_table_unlock
 .any.text.nbr_table_get_lladdr
                0x0000eb2a       0x20 contiki-trxeb1120.a(nbr-table.o)
                0x0000eb2a                nbr_table_get_lladdr
 .any.text.netstack_init
                0x0000eb4a       0x12 contiki-trxeb1120.a(netstack.o)
                0x0000eb4a                netstack_init
 .any.text.packetbuf_copyto_hdr
                0x0000eb5c       0x22 contiki-trxeb1120.a(packetbuf.o)
                0x0000eb5c                packetbuf_copyto_hdr
 .any.text.packetbuf_copyto
                0x0000eb7e       0x58 contiki-trxeb1120.a(packetbuf.o)
                0x0000eb7e                packetbuf_copyto
 .any.text.packetbuf_hdrreduce
                0x0000ebd6       0x1a contiki-trxeb1120.a(packetbuf.o)
                0x0000ebd6                packetbuf_hdrreduce
 .any.text.packetbuf_set_datalen
                0x0000ebf0        0x6 contiki-trxeb1120.a(packetbuf.o)
                0x0000ebf0                packetbuf_set_datalen
 .any.text.packetbuf_dataptr
                0x0000ebf6        0xe contiki-trxeb1120.a(packetbuf.o)
                0x0000ebf6                packetbuf_dataptr
 .any.text.packetbuf_hdrptr
                0x0000ec04        0xa contiki-trxeb1120.a(packetbuf.o)
                0x0000ec04                packetbuf_hdrptr
 .any.text.packetbuf_is_reference