Archive member included because of file (symbol)

contiki-trxeb1120.a(netsynch.o)
                              obj_trxeb1120/contiki-exp5438-main.o (netsynch_init)
contiki-trxeb1120.a(task-schedule.o)
                              obj_trxeb1120/contiki-exp5438-main.o (task_schedule_init)
contiki-trxeb1120.a(correct_time.o)
                              obj_trxeb1120/contiki-exp5438-main.o (correct_time_init)
contiki-trxeb1120.a(msp430.o)
                              border-router.co (w_memcpy)
contiki-trxeb1120.a(leds.o)   obj_trxeb1120/contiki-exp5438-main.o (leds_init)
contiki-trxeb1120.a(watchdog.o)
                              obj_trxeb1120/contiki-exp5438-main.o (watchdog_start)
contiki-trxeb1120.a(cc1120.o)
                              obj_trxeb1120/contiki-exp5438-main.o (cc1120_channel_set)
contiki-trxeb1120.a(cc1120-msp-arch)
                              contiki-trxeb1120.a(cc1120.o) (cc1120_arch_spi_enable)
contiki-trxeb1120.a(rtimer-arch.o)
                              obj_trxeb1120/contiki-exp5438-main.o (rtimer_arch_now)
contiki-trxeb1120.a(node-id.o)
                              obj_trxeb1120/contiki-exp5438-main.o (node_id_restore)
contiki-trxeb1120.a(leds-arch.o)
                              contiki-trxeb1120.a(leds.o) (leds_arch_init)
contiki-trxeb1120.a(hal-pmm.o)
                              contiki-trxeb1120.a(msp430.o) (SetVCore)
contiki-trxeb1120.a(uart0x.o)
                              obj_trxeb1120/contiki-exp5438-main.o (uart0_active)
contiki-trxeb1120.a(slip_uart0.o)
                              obj_trxeb1120/slip-bridge.o (slip_arch_writeb)
contiki-trxeb1120.a(slip.o)   obj_trxeb1120/slip-bridge.o (slip_process)
contiki-trxeb1120.a(flash.o)  contiki-trxeb1120.a(node-id.o) (flash_setup)
contiki-trxeb1120.a(clock.o)  obj_trxeb1120/contiki-exp5438-main.o (clock_init)
contiki-trxeb1120.a(autostart.o)
                              obj_trxeb1120/contiki-exp5438-main.o (autostart_start)
contiki-trxeb1120.a(ctimer.o)
                              obj_trxeb1120/contiki-exp5438-main.o (ctimer_init)
contiki-trxeb1120.a(energest.o)
                              obj_trxeb1120/contiki-exp5438-main.o (energest_init)
contiki-trxeb1120.a(etimer.o)
                              contiki-trxeb1120.a(clock.o) (etimer_request_poll)
contiki-trxeb1120.a(process.o)
                              border-router.co (process_current)
contiki-trxeb1120.a(rtimer.o)
                              obj_trxeb1120/contiki-exp5438-main.o (rtimer_init)
contiki-trxeb1120.a(timer.o)  obj_trxeb1120/httpd-simple.o (timer_set)
contiki-trxeb1120.a(sensors.o)
                              border-router.co (sensors_event)
contiki-trxeb1120.a(list.o)   contiki-trxeb1120.a(task-schedule.o) (list_init)
contiki-trxeb1120.a(memb.o)   obj_trxeb1120/httpd-simple.o (memb_init)
contiki-trxeb1120.a(random.o)
                              obj_trxeb1120/contiki-exp5438-main.o (random_init)
contiki-trxeb1120.a(uip-ds6.o)
                              border-router.co (uip_ds6_addr_lookup)
contiki-trxeb1120.a(uip-ds6-route.o)
                              contiki-trxeb1120.a(uip-ds6.o) (uip_ds6_route_init)
contiki-trxeb1120.a(uip6.o)   border-router.co (uip_aligned_buf)
contiki-trxeb1120.a(uip-ds6-nbr.o)
                              border-router.co (ds6_neighbors)
contiki-trxeb1120.a(uip-nd6.o)
                              contiki-trxeb1120.a(uip6.o) (uip_nd6_init)
contiki-trxeb1120.a(uip-debug.o)
                              border-router.co (uip_debug_ipaddr_print)
contiki-trxeb1120.a(uip-udp-packet.)
                              border-router.co (uip_udp_packet_send)
contiki-trxeb1120.a(psock.o)  border-router.co (psock_send)
contiki-trxeb1120.a(tcpip.o)  obj_trxeb1120/httpd-simple.o (tcp_listen)
contiki-trxeb1120.a(rpl-dag.o)
                              contiki-trxeb1120.a(task-schedule.o) (rpl_get_parent_rank)
contiki-trxeb1120.a(rpl-timers.o)
                              contiki-trxeb1120.a(rpl-dag.o) (rpl_reset_dio_timer)
contiki-trxeb1120.a(rpl.o)    contiki-trxeb1120.a(rpl-timers.o) (rpl_get_mode)
contiki-trxeb1120.a(rpl-mrhof.o)
                              contiki-trxeb1120.a(rpl-dag.o) (rpl_mrhof)
contiki-trxeb1120.a(orpl-routing-se)
                              contiki-trxeb1120.a(tcpip.o) (orpl_routing_set_contains_ipv6)
contiki-trxeb1120.a(orpl-bitmap.o)
                              contiki-trxeb1120.a(tcpip.o) (lladdr_from_ipaddr_uuid)
contiki-trxeb1120.a(queuebuf.o)
                              obj_trxeb1120/contiki-exp5438-main.o (queuebuf_init)
contiki-trxeb1120.a(nbr-table.o)
                              contiki-trxeb1120.a(uip-ds6-route.o) (nbr_table_register)
contiki-trxeb1120.a(packetbuf.o)
                              contiki-trxeb1120.a(queuebuf.o) (packetbuf_copyto)
contiki-trxeb1120.a(netstack.o)
                              obj_trxeb1120/contiki-exp5438-main.o (netstack_init)
contiki-trxeb1120.a(linkaddr.o)
                              contiki-trxeb1120.a(nbr-table.o) (linkaddr_copy)
[...]
Memory Configuration

Name             Origin             Length             Attributes
sfr              0x00000000         0x00000010
peripheral_8bit  0x00000010         0x000000f0
peripheral_16bit 0x00000100         0x00000100
bsl              0x00001000         0x00000800
infomem          0x00001800         0x00000200
infod            0x00001800         0x00000080
infoc            0x00001880         0x00000080
infob            0x00001900         0x00000080
infoa            0x00001980         0x00000080
ram              0x00001c00         0x00004000         xw
rom              0x00005c00         0x0000a380         xr
vectors          0x0000ff80         0x00000080
far_rom          0x00010000         0x00015c00
ram2             0x00000000         0x00000000         xw
ram_mirror       0x00000000         0x00000000         xw
usbram           0x00000000         0x00000000         xw
*default*        0x00000000         0xffffffff

Linker script and memory map

LOAD /opt/mspgccx/bin/../lib/gcc/msp430/4.7.0/mcpu-430x/mmpy-16/msr20/mc20/crt0ivtbl64.o
LOAD border-router.co
LOAD obj_trxeb1120/slip-bridge.o
LOAD obj_trxeb1120/httpd-simple.o
LOAD obj_trxeb1120/contiki-exp5438-main.o
LOAD contiki-trxeb1120.a
LOAD /opt/mspgccx/bin/../lib/gcc/msp430/4.7.0/mcpu-430x/mmpy-16/msr20/mc20/libgcc.a
LOAD /opt/mspgccx/bin/../lib/gcc/msp430/4.7.0/../../../../msp430/lib/mcpu-430x/mmpy-16/msr20/mc20/libc.a
LOAD /opt/mspgccx/bin/../lib/gcc/msp430/4.7.0/mcpu-430x/mmpy-16/msr20/mc20/libgcc.a
LOAD /opt/mspgccx/bin/../lib/gcc/msp430/4.7.0/mcpu-430x/mmpy-16/msr20/mc20/libcrt0.a
                0x00000080                PROVIDE (__info_segment_size, 0x80)
                0x00001800                PROVIDE (__infod, 0x1800)
                0x00001880                PROVIDE (__infoc, 0x1880)
                0x00001900                PROVIDE (__infob, 0x1900)
                0x00001980                PROVIDE (__infoa, 0x1980)
                0x00000700                __ADC12CTL0_L = 0x700
                0x00000701                __ADC12CTL0_H = 0x701
                0x00000700                __ADC12CTL0 = 0x700
                0x00000702                __ADC12CTL1_L = 0x702
                0x00000703                __ADC12CTL1_H = 0x703
                0x00000702                __ADC12CTL1 = 0x702
                0x00000704                __ADC12CTL2_L = 0x704
                0x00000705                __ADC12CTL2_H = 0x705
                0x00000704                __ADC12CTL2 = 0x704
                0x0000070a                __ADC12IFG_L = 0x70a
                0x0000070b                __ADC12IFG_H = 0x70b
                0x0000070a                __ADC12IFG = 0x70a
                0x0000070c                __ADC12IE_L = 0x70c
                0x0000070d                __ADC12IE_H = 0x70d
                0x0000070c                __ADC12IE = 0x70c
                0x0000070e                __ADC12IV_L = 0x70e
                0x0000070f                __ADC12IV_H = 0x70f
                0x0000070e                __ADC12IV = 0x70e
                0x00000720                __ADC12MEM0_L = 0x720
                0x00000721                __ADC12MEM0_H = 0x721
                0x00000720                __ADC12MEM0 = 0x720
                0x00000722                __ADC12MEM1_L = 0x722
                0x00000723                __ADC12MEM1_H = 0x723
                0x00000722                __ADC12MEM1 = 0x722
                0x00000724                __ADC12MEM2_L = 0x724
                0x00000725                __ADC12MEM2_H = 0x725
                0x00000724                __ADC12MEM2 = 0x724
                0x00000726                __ADC12MEM3_L = 0x726
                0x00000727                __ADC12MEM3_H = 0x727
                0x00000726                __ADC12MEM3 = 0x726
                0x00000728                __ADC12MEM4_L = 0x728
                0x00000729                __ADC12MEM4_H = 0x729
                0x00000728                __ADC12MEM4 = 0x728
                0x0000072a                __ADC12MEM5_L = 0x72a
                0x0000072b                __ADC12MEM5_H = 0x72b
                0x0000072a                __ADC12MEM5 = 0x72a
                0x0000072c                __ADC12MEM6_L = 0x72c
                0x0000072d                __ADC12MEM6_H = 0x72d
                0x0000072c                __ADC12MEM6 = 0x72c
                0x0000072e                __ADC12MEM7_L = 0x72e
                0x0000072f                __ADC12MEM7_H = 0x72f
                0x0000072e                __ADC12MEM7 = 0x72e
                0x00000730                __ADC12MEM8_L = 0x730
                0x00000731                __ADC12MEM8_H = 0x731
                0x00000730                __ADC12MEM8 = 0x730
                0x00000732                __ADC12MEM9_L = 0x732
                0x00000733                __ADC12MEM9_H = 0x733
                0x00000732                __ADC12MEM9 = 0x732
                0x00000734                __ADC12MEM10_L = 0x734
                0x00000735                __ADC12MEM10_H = 0x735
                0x00000734                __ADC12MEM10 = 0x734
                0x00000736                __ADC12MEM11_L = 0x736
                0x00000737                __ADC12MEM11_H = 0x737
                0x00000736                __ADC12MEM11 = 0x736
                0x00000738                __ADC12MEM12_L = 0x738
                0x00000739                __ADC12MEM12_H = 0x739
                0x00000738                __ADC12MEM12 = 0x738
                0x0000073a                __ADC12MEM13_L = 0x73a
                0x0000073b                __ADC12MEM13_H = 0x73b
                0x0000073a                __ADC12MEM13 = 0x73a
                0x0000073c                __ADC12MEM14_L = 0x73c
                0x0000073d                __ADC12MEM14_H = 0x73d
                0x0000073c                __ADC12MEM14 = 0x73c
                0x0000073e                __ADC12MEM15_L = 0x73e
                0x0000073f                __ADC12MEM15_H = 0x73f
                0x0000073e                __ADC12MEM15 = 0x73e
                0x00000710                __ADC12MCTL0 = 0x710
                0x00000711                __ADC12MCTL1 = 0x711
                0x00000712                __ADC12MCTL2 = 0x712
                0x00000713                __ADC12MCTL3 = 0x713
                0x00000714                __ADC12MCTL4 = 0x714
                0x00000715                __ADC12MCTL5 = 0x715
                0x00000716                __ADC12MCTL6 = 0x716
                0x00000717                __ADC12MCTL7 = 0x717
                0x00000718                __ADC12MCTL8 = 0x718
                0x00000719                __ADC12MCTL9 = 0x719
                0x0000071a                __ADC12MCTL10 = 0x71a
                0x0000071b                __ADC12MCTL11 = 0x71b
                0x0000071c                __ADC12MCTL12 = 0x71c
                0x0000071d                __ADC12MCTL13 = 0x71d
                0x0000071e                __ADC12MCTL14 = 0x71e
                0x0000071f                __ADC12MCTL15 = 0x71f
                0x00000150                __CRCDI_L = 0x150
                0x00000151                __CRCDI_H = 0x151
                0x00000150                __CRCDI = 0x150
                0x00000154                __CRCINIRES_L = 0x154
                0x00000155                __CRCINIRES_H = 0x155
                0x00000154                __CRCINIRES = 0x154
                0x00000500                __DMACTL0_L = 0x500
                0x00000501                __DMACTL0_H = 0x501
                0x00000500                __DMACTL0 = 0x500
                0x00000502                __DMACTL1_L = 0x502
                0x00000503                __DMACTL1_H = 0x503
                0x00000502                __DMACTL1 = 0x502
                0x00000504                __DMACTL2_L = 0x504
                0x00000505                __DMACTL2_H = 0x505
                0x00000504                __DMACTL2 = 0x504
                0x00000506                __DMACTL3_L = 0x506
                0x00000507                __DMACTL3_H = 0x507
                0x00000506                __DMACTL3 = 0x506
                0x00000508                __DMACTL4_L = 0x508
                0x00000509                __DMACTL4_H = 0x509
                0x00000508                __DMACTL4 = 0x508
                0x0000050e                __DMAIV_L = 0x50e
                0x0000050f                __DMAIV_H = 0x50f
                0x0000050e                __DMAIV = 0x50e
                0x00000510                __DMA0CTL_L = 0x510
                0x00000511                __DMA0CTL_H = 0x511
                0x00000510                __DMA0CTL = 0x510
                0x00000512                __DMA0SA = 0x512
                0x00000516                __DMA0DA = 0x516
                0x0000051a                __DMA0SZ = 0x51a
                0x00000520                __DMA1CTL_L = 0x520
                0x00000521                __DMA1CTL_H = 0x521
                0x00000520                __DMA1CTL = 0x520
                0x00000522                __DMA1SA = 0x522
                0x00000526                __DMA1DA = 0x526
                0x0000052a                __DMA1SZ = 0x52a
                0x00000530                __DMA2CTL_L = 0x530
                0x00000531                __DMA2CTL_H = 0x531
                0x00000530                __DMA2CTL = 0x530
                0x00000532                __DMA2SA = 0x532
                0x00000536                __DMA2DA = 0x536
                0x0000053a                __DMA2SZ = 0x53a
                0x00000140                __FCTL1_L = 0x140
                0x00000141                __FCTL1_H = 0x141
                0x00000140                __FCTL1 = 0x140
                0x00000144                __FCTL3_L = 0x144
                0x00000145                __FCTL3_H = 0x145
                0x00000144                __FCTL3 = 0x144
                0x00000146                __FCTL4_L = 0x146
                0x00000147                __FCTL4_H = 0x147
                0x00000146                __FCTL4 = 0x146
                0x000004c0                __MPY_L = 0x4c0
                0x000004c1                __MPY_H = 0x4c1
                0x000004c0                __MPY = 0x4c0
                0x000004c2                __MPYS_L = 0x4c2
                0x000004c3                __MPYS_H = 0x4c3
                0x000004c2                __MPYS = 0x4c2
                0x000004c4                __MAC_L = 0x4c4
                0x000004c5                __MAC_H = 0x4c5
                0x000004c4                __MAC = 0x4c4
                0x000004c6                __MACS_L = 0x4c6
                0x000004c7                __MACS_H = 0x4c7
                0x000004c6                __MACS = 0x4c6
                0x000004c8                __OP2_L = 0x4c8
                0x000004c9                __OP2_H = 0x4c9
                0x000004c8                __OP2 = 0x4c8
                0x000004ca                __RESLO_L = 0x4ca
                0x000004cb                __RESLO_H = 0x4cb
                0x000004ca                __RESLO = 0x4ca
                0x000004cc                __RESHI_L = 0x4cc
                0x000004cd                __RESHI_H = 0x4cd
                0x000004cc                __RESHI = 0x4cc
                0x000004ce                __SUMEXT_L = 0x4ce
                0x000004cf                __SUMEXT_H = 0x4cf
                0x000004ce                __SUMEXT = 0x4ce
                0x000004d0                __MPY32L_L = 0x4d0
                0x000004d1                __MPY32L_H = 0x4d1
                0x000004d0                __MPY32L = 0x4d0
                0x000004d2                __MPY32H_L = 0x4d2
                0x000004d3                __MPY32H_H = 0x4d3
                0x000004d2                __MPY32H = 0x4d2
                0x000004d4                __MPYS32L_L = 0x4d4
                0x000004d5                __MPYS32L_H = 0x4d5
                0x000004d4                __MPYS32L = 0x4d4
                0x000004d6                __MPYS32H_L = 0x4d6
                0x000004d7                __MPYS32H_H = 0x4d7
                0x000004d6                __MPYS32H = 0x4d6
                0x000004d8                __MAC32L_L = 0x4d8
                0x000004d9                __MAC32L_H = 0x4d9
                0x000004d8                __MAC32L = 0x4d8
                0x000004da                __MAC32H_L = 0x4da
                0x000004db                __MAC32H_H = 0x4db
                0x000004da                __MAC32H = 0x4da
                0x000004dc                __MACS32L_L = 0x4dc
                0x000004dd                __MACS32L_H = 0x4dd
                0x000004dc                __MACS32L = 0x4dc
                0x000004de                __MACS32H_L = 0x4de
                0x000004df                __MACS32H_H = 0x4df
                0x000004de                __MACS32H = 0x4de
                0x000004e0                __OP2L_L = 0x4e0
                0x000004e1                __OP2L_H = 0x4e1
                0x000004e0                __OP2L = 0x4e0
                0x000004e2                __OP2H_L = 0x4e2
                0x000004e3                __OP2H_H = 0x4e3
                0x000004e2                __OP2H = 0x4e2
                0x000004e4                __RES0_L = 0x4e4
                0x000004e5                __RES0_H = 0x4e5
                0x000004e4                __RES0 = 0x4e4
                0x000004e6                __RES1_L = 0x4e6
                0x000004e7                __RES1_H = 0x4e7
                0x000004e6                __RES1 = 0x4e6
                0x000004e8                __RES2_L = 0x4e8
                0x000004e9                __RES2_H = 0x4e9
                0x000004e8                __RES2 = 0x4e8
                0x000004ea                __RES3_L = 0x4ea
                0x000004eb                __RES3_H = 0x4eb
                0x000004ea                __RES3 = 0x4ea
                0x000004ec                __MPY32CTL0_L = 0x4ec
                0x000004ed                __MPY32CTL0_H = 0x4ed
                0x000004ec                __MPY32CTL0 = 0x4ec
                0x00000200                __PAIN_L = 0x200
                0x00000201                __PAIN_H = 0x201
                0x00000200                __PAIN = 0x200
                0x00000202                __PAOUT_L = 0x202
                0x00000203                __PAOUT_H = 0x203
                0x00000202                __PAOUT = 0x202
                0x00000204                __PADIR_L = 0x204
                0x00000205                __PADIR_H = 0x205
                0x00000204                __PADIR = 0x204
                0x00000206                __PAREN_L = 0x206
                0x00000207                __PAREN_H = 0x207
                0x00000206                __PAREN = 0x206
                0x00000208                __PADS_L = 0x208
                0x00000209                __PADS_H = 0x209
                0x00000208                __PADS = 0x208
                0x0000020a                __PASEL_L = 0x20a
                0x0000020b                __PASEL_H = 0x20b
                0x0000020a                __PASEL = 0x20a
                0x00000218                __PAIES_L = 0x218
                0x00000219                __PAIES_H = 0x219
                0x00000218                __PAIES = 0x218
                0x0000021a                __PAIE_L = 0x21a
                0x0000021b                __PAIE_H = 0x21b
                0x0000021a                __PAIE = 0x21a
                0x0000021c                __PAIFG_L = 0x21c
                0x0000021d                __PAIFG_H = 0x21d
                0x0000021c                __PAIFG = 0x21c
                0x0000020e                __P1IV = 0x20e
                0x0000021e                __P2IV = 0x21e
                0x00000220                __PBIN_L = 0x220
                0x00000221                __PBIN_H = 0x221
                0x00000220                __PBIN = 0x220
                0x00000222                __PBOUT_L = 0x222
                0x00000223                __PBOUT_H = 0x223
                0x00000222                __PBOUT = 0x222
                0x00000224                __PBDIR_L = 0x224
                0x00000225                __PBDIR_H = 0x225
                0x00000224                __PBDIR = 0x224
                0x00000226                __PBREN_L = 0x226
                0x00000227                __PBREN_H = 0x227
                0x00000226                __PBREN = 0x226
                0x00000228                __PBDS_L = 0x228
                0x00000229                __PBDS_H = 0x229
                0x00000228                __PBDS = 0x228
                0x0000022a                __PBSEL_L = 0x22a
                0x0000022b                __PBSEL_H = 0x22b
                0x0000022a                __PBSEL = 0x22a
                0x00000240                __PCIN_L = 0x240
                0x00000241                __PCIN_H = 0x241
                0x00000240                __PCIN = 0x240
                0x00000242                __PCOUT_L = 0x242
                0x00000243                __PCOUT_H = 0x243
                0x00000242                __PCOUT = 0x242
                0x00000244                __PCDIR_L = 0x244
                0x00000245                __PCDIR_H = 0x245
                0x00000244                __PCDIR = 0x244
                0x00000246                __PCREN_L = 0x246
                0x00000247                __PCREN_H = 0x247
                0x00000246                __PCREN = 0x246
                0x00000248                __PCDS_L = 0x248
                0x00000249                __PCDS_H = 0x249
                0x00000248                __PCDS = 0x248
                0x0000024a                __PCSEL_L = 0x24a
                0x0000024b                __PCSEL_H = 0x24b
                0x0000024a                __PCSEL = 0x24a
                0x00000260                __PDIN_L = 0x260
                0x00000261                __PDIN_H = 0x261
                0x00000260                __PDIN = 0x260
                0x00000262                __PDOUT_L = 0x262
                0x00000263                __PDOUT_H = 0x263
                0x00000262                __PDOUT = 0x262
                0x00000264                __PDDIR_L = 0x264
                0x00000265                __PDDIR_H = 0x265
                0x00000264                __PDDIR = 0x264
                0x00000266                __PDREN_L = 0x266
                0x00000267                __PDREN_H = 0x267
                0x00000266                __PDREN = 0x266
                0x00000268                __PDDS_L = 0x268
                0x00000269                __PDDS_H = 0x269
                0x00000268                __PDDS = 0x268
                0x0000026a                __PDSEL_L = 0x26a
                0x0000026b                __PDSEL_H = 0x26b
                0x0000026a                __PDSEL = 0x26a
                0x00000280                __PEIN_L = 0x280
                0x00000281                __PEIN_H = 0x281
                0x00000280                __PEIN = 0x280
                0x00000282                __PEOUT_L = 0x282
                0x00000283                __PEOUT_H = 0x283
                0x00000282                __PEOUT = 0x282
                0x00000284                __PEDIR_L = 0x284
                0x00000285                __PEDIR_H = 0x285
                0x00000284                __PEDIR = 0x284
                0x00000286                __PEREN_L = 0x286
                0x00000287                __PEREN_H = 0x287
                0x00000286                __PEREN = 0x286
                0x00000288                __PEDS_L = 0x288
                0x00000289                __PEDS_H = 0x289
                0x00000288                __PEDS = 0x288
                0x0000028a                __PESEL_L = 0x28a
                0x0000028b                __PESEL_H = 0x28b
                0x0000028a                __PESEL = 0x28a
                0x000002a0                __PFIN_L = 0x2a0
                0x000002a1                __PFIN_H = 0x2a1
                0x000002a0                __PFIN = 0x2a0
                0x000002a2                __PFOUT_L = 0x2a2
                0x000002a3                __PFOUT_H = 0x2a3
                0x000002a2                __PFOUT = 0x2a2
                0x000002a4                __PFDIR_L = 0x2a4
                0x000002a5                __PFDIR_H = 0x2a5
                0x000002a4                __PFDIR = 0x2a4
                0x000002a6                __PFREN_L = 0x2a6
                0x000002a7                __PFREN_H = 0x2a7
                0x000002a6                __PFREN = 0x2a6
                0x000002a8                __PFDS_L = 0x2a8
                0x000002a9                __PFDS_H = 0x2a9
                0x000002a8                __PFDS = 0x2a8
                0x000002aa                __PFSEL_L = 0x2aa
                0x000002ab                __PFSEL_H = 0x2ab
                0x000002aa                __PFSEL = 0x2aa
                0x00000320                __PJIN_L = 0x320
                0x00000321                __PJIN_H = 0x321
                0x00000320                __PJIN = 0x320
                0x00000322                __PJOUT_L = 0x322
                0x00000323                __PJOUT_H = 0x323
                0x00000322                __PJOUT = 0x322
                0x00000324                __PJDIR_L = 0x324
                0x00000325                __PJDIR_H = 0x325
                0x00000324                __PJDIR = 0x324
                0x00000326                __PJREN_L = 0x326
                0x00000327                __PJREN_H = 0x327
                0x00000326                __PJREN = 0x326
                0x00000328                __PJDS_L = 0x328
                0x00000329                __PJDS_H = 0x329
                0x00000328                __PJDS = 0x328
                0x00000120                __PMMCTL0_L = 0x120
                0x00000121                __PMMCTL0_H = 0x121
                0x00000120                __PMMCTL0 = 0x120
                0x00000122                __PMMCTL1_L = 0x122
                0x00000123                __PMMCTL1_H = 0x123
                0x00000122                __PMMCTL1 = 0x122
                0x00000124                __SVSMHCTL_L = 0x124
                0x00000125                __SVSMHCTL_H = 0x125
                0x00000124                __SVSMHCTL = 0x124
                0x00000126                __SVSMLCTL_L = 0x126
                0x00000127                __SVSMLCTL_H = 0x127
                0x00000126                __SVSMLCTL = 0x126
                0x00000128                __SVSMIO_L = 0x128
                0x00000129                __SVSMIO_H = 0x129
                0x00000128                __SVSMIO = 0x128
                0x0000012c                __PMMIFG_L = 0x12c
                0x0000012d                __PMMIFG_H = 0x12d
                0x0000012c                __PMMIFG = 0x12c
                0x0000012e                __PMMRIE_L = 0x12e
                0x0000012f                __PMMRIE_H = 0x12f
                0x0000012e                __PMMRIE = 0x12e
                0x00000158                __RCCTL0_L = 0x158
                0x00000159                __RCCTL0_H = 0x159
                0x00000158                __RCCTL0 = 0x158
                0x000004a0                __RTCCTL01_L = 0x4a0
                0x000004a1                __RTCCTL01_H = 0x4a1
                0x000004a0                __RTCCTL01 = 0x4a0
                0x000004a2                __RTCCTL23_L = 0x4a2
                0x000004a3                __RTCCTL23_H = 0x4a3
                0x000004a2                __RTCCTL23 = 0x4a2
                0x000004a8                __RTCPS0CTL_L = 0x4a8
                0x000004a9                __RTCPS0CTL_H = 0x4a9
                0x000004a8                __RTCPS0CTL = 0x4a8
                0x000004aa                __RTCPS1CTL_L = 0x4aa
                0x000004ab                __RTCPS1CTL_H = 0x4ab
                0x000004aa                __RTCPS1CTL = 0x4aa
                0x000004ac                __RTCPS_L = 0x4ac
                0x000004ad                __RTCPS_H = 0x4ad
                0x000004ac                __RTCPS = 0x4ac
                0x000004ae                __RTCIV = 0x4ae
                0x000004b0                __RTCTIM0_L = 0x4b0
                0x000004b1                __RTCTIM0_H = 0x4b1
                0x000004b0                __RTCTIM0 = 0x4b0
                0x000004b2                __RTCTIM1_L = 0x4b2
                0x000004b3                __RTCTIM1_H = 0x4b3
                0x000004b2                __RTCTIM1 = 0x4b2
                0x000004b4                __RTCDATE_L = 0x4b4
                0x000004b5                __RTCDATE_H = 0x4b5
                0x000004b4                __RTCDATE = 0x4b4
                0x000004b6                __RTCYEAR_L = 0x4b6
                0x000004b7                __RTCYEAR_H = 0x4b7
                0x000004b6                __RTCYEAR = 0x4b6
                0x000004b8                __RTCAMINHR_L = 0x4b8
                0x000004b9                __RTCAMINHR_H = 0x4b9
                0x000004b8                __RTCAMINHR = 0x4b8
                0x000004ba                __RTCADOWDAY_L = 0x4ba
                0x000004bb                __RTCADOWDAY_H = 0x4bb
                0x000004ba                __RTCADOWDAY = 0x4ba
                0x00000100                __SFRIE1_L = 0x100
                0x00000101                __SFRIE1_H = 0x101
                0x00000100                __SFRIE1 = 0x100
                0x00000102                __SFRIFG1_L = 0x102
                0x00000103                __SFRIFG1_H = 0x103
                0x00000102                __SFRIFG1 = 0x102
                0x00000104                __SFRRPCR_L = 0x104
                0x00000105                __SFRRPCR_H = 0x105
                0x00000104                __SFRRPCR = 0x104
                0x00000180                __SYSCTL_L = 0x180
                0x00000181                __SYSCTL_H = 0x181
                0x00000180                __SYSCTL = 0x180
                0x00000182                __SYSBSLC_L = 0x182
                0x00000183                __SYSBSLC_H = 0x183
                0x00000182                __SYSBSLC = 0x182
                0x00000186                __SYSJMBC_L = 0x186
                0x00000187                __SYSJMBC_H = 0x187
                0x00000186                __SYSJMBC = 0x186
                0x00000188                __SYSJMBI0_L = 0x188
                0x00000189                __SYSJMBI0_H = 0x189
                0x00000188                __SYSJMBI0 = 0x188
                0x0000018a                __SYSJMBI1_L = 0x18a
                0x0000018b                __SYSJMBI1_H = 0x18b
                0x0000018a                __SYSJMBI1 = 0x18a
                0x0000018c                __SYSJMBO0_L = 0x18c
                0x0000018d                __SYSJMBO0_H = 0x18d
                0x0000018c                __SYSJMBO0 = 0x18c
                0x0000018e                __SYSJMBO1_L = 0x18e
                0x0000018f                __SYSJMBO1_H = 0x18f
                0x0000018e                __SYSJMBO1 = 0x18e
                0x0000019a                __SYSUNIV_L = 0x19a
                0x0000019b                __SYSUNIV_H = 0x19b
                0x0000019a                __SYSUNIV = 0x19a
                0x0000019c                __SYSSNIV_L = 0x19c
                0x0000019d                __SYSSNIV_H = 0x19d
                0x0000019c                __SYSSNIV = 0x19c
                0x0000019e                __SYSRSTIV_L = 0x19e
                0x0000019f                __SYSRSTIV_H = 0x19f
                0x0000019e                __SYSRSTIV = 0x19e
                0x00000340                __TA0CTL = 0x340
                0x00000342                __TA0CCTL0 = 0x342
                0x00000344                __TA0CCTL1 = 0x344
                0x00000346                __TA0CCTL2 = 0x346
                0x00000348                __TA0CCTL3 = 0x348
                0x0000034a                __TA0CCTL4 = 0x34a
                0x00000350                __TA0R = 0x350
                0x00000352                __TA0CCR0 = 0x352
                0x00000354                __TA0CCR1 = 0x354
                0x00000356                __TA0CCR2 = 0x356
                0x00000358                __TA0CCR3 = 0x358
                0x0000035a                __TA0CCR4 = 0x35a
                0x0000036e                __TA0IV = 0x36e
                0x00000360                __TA0EX0 = 0x360
                0x00000380                __TA1CTL = 0x380
                0x00000382                __TA1CCTL0 = 0x382
                0x00000384                __TA1CCTL1 = 0x384
                0x00000386                __TA1CCTL2 = 0x386
                0x00000390                __TA1R = 0x390
                0x00000392                __TA1CCR0 = 0x392
                0x00000394                __TA1CCR1 = 0x394
                0x00000396                __TA1CCR2 = 0x396
                0x000003ae                __TA1IV = 0x3ae
                0x000003a0                __TA1EX0 = 0x3a0
                0x000003c0                __TB0CTL = 0x3c0
                0x000003c2                __TB0CCTL0 = 0x3c2
                0x000003c4                __TB0CCTL1 = 0x3c4
                0x000003c6                __TB0CCTL2 = 0x3c6
                0x000003c8                __TB0CCTL3 = 0x3c8
                0x000003ca                __TB0CCTL4 = 0x3ca
                0x000003cc                __TB0CCTL5 = 0x3cc
                0x000003ce                __TB0CCTL6 = 0x3ce
                0x000003d0                __TB0R = 0x3d0
                0x000003d2                __TB0CCR0 = 0x3d2
                0x000003d4                __TB0CCR1 = 0x3d4
                0x000003d6                __TB0CCR2 = 0x3d6
                0x000003d8                __TB0CCR3 = 0x3d8
                0x000003da                __TB0CCR4 = 0x3da
                0x000003dc                __TB0CCR5 = 0x3dc
                0x000003de                __TB0CCR6 = 0x3de
                0x000003e0                __TB0EX0 = 0x3e0
                0x000003ee                __TB0IV = 0x3ee
                0x00000160                __UCSCTL0_L = 0x160
                0x00000161                __UCSCTL0_H = 0x161
                0x00000160                __UCSCTL0 = 0x160
                0x00000162                __UCSCTL1_L = 0x162
                0x00000163                __UCSCTL1_H = 0x163
                0x00000162                __UCSCTL1 = 0x162
                0x00000164                __UCSCTL2_L = 0x164
                0x00000165                __UCSCTL2_H = 0x165
                0x00000164                __UCSCTL2 = 0x164
                0x00000166                __UCSCTL3_L = 0x166
                0x00000167                __UCSCTL3_H = 0x167
                0x00000166                __UCSCTL3 = 0x166
                0x00000168                __UCSCTL4_L = 0x168
                0x00000169                __UCSCTL4_H = 0x169
                0x00000168                __UCSCTL4 = 0x168
                0x0000016a                __UCSCTL5_L = 0x16a
                0x0000016b                __UCSCTL5_H = 0x16b
                0x0000016a                __UCSCTL5 = 0x16a
                0x0000016c                __UCSCTL6_L = 0x16c
                0x0000016d                __UCSCTL6_H = 0x16d
                0x0000016c                __UCSCTL6 = 0x16c
                0x0000016e                __UCSCTL7_L = 0x16e
                0x0000016f                __UCSCTL7_H = 0x16f
                0x0000016e                __UCSCTL7 = 0x16e
                0x00000170                __UCSCTL8_L = 0x170
                0x00000171                __UCSCTL8_H = 0x171
                0x00000170                __UCSCTL8 = 0x170
                0x000005c0                __UCA0CTLW0_L = 0x5c0
                0x000005c1                __UCA0CTLW0_H = 0x5c1
                0x000005c0                __UCA0CTLW0 = 0x5c0
                0x000005c6                __UCA0BRW_L = 0x5c6
                0x000005c7                __UCA0BRW_H = 0x5c7
                0x000005c6                __UCA0BRW = 0x5c6
                0x000005c8                __UCA0MCTL = 0x5c8
                0x000005ca                __UCA0STAT = 0x5ca
                0x000005cc                __UCA0RXBUF = 0x5cc
                0x000005ce                __UCA0TXBUF = 0x5ce
                0x000005d0                __UCA0ABCTL = 0x5d0
                0x000005d2                __UCA0IRCTL_L = 0x5d2
                0x000005d3                __UCA0IRCTL_H = 0x5d3
                0x000005d2                __UCA0IRCTL = 0x5d2
                0x000005dc                __UCA0ICTL_L = 0x5dc
                0x000005dd                __UCA0ICTL_H = 0x5dd
                0x000005dc                __UCA0ICTL = 0x5dc
                0x000005de                __UCA0IV = 0x5de
                0x000005e0                __UCB0CTLW0_L = 0x5e0
                0x000005e1                __UCB0CTLW0_H = 0x5e1
                0x000005e0                __UCB0CTLW0 = 0x5e0
                0x000005e6                __UCB0BRW_L = 0x5e6
                0x000005e7                __UCB0BRW_H = 0x5e7
                0x000005e6                __UCB0BRW = 0x5e6
                0x000005ea                __UCB0STAT = 0x5ea
                0x000005ec                __UCB0RXBUF = 0x5ec
                0x000005ee                __UCB0TXBUF = 0x5ee
                0x000005f0                __UCB0I2COA_L = 0x5f0
                0x000005f1                __UCB0I2COA_H = 0x5f1
                0x000005f0                __UCB0I2COA = 0x5f0
                0x000005f2                __UCB0I2CSA_L = 0x5f2
                0x000005f3                __UCB0I2CSA_H = 0x5f3
                0x000005f2                __UCB0I2CSA = 0x5f2
                0x000005fc                __UCB0ICTL_L = 0x5fc
                0x000005fd                __UCB0ICTL_H = 0x5fd
                0x000005fc                __UCB0ICTL = 0x5fc
                0x000005fe                __UCB0IV = 0x5fe
                0x00000600                __UCA1CTLW0_L = 0x600
                0x00000601                __UCA1CTLW0_H = 0x601
                0x00000600                __UCA1CTLW0 = 0x600
                0x00000606                __UCA1BRW_L = 0x606
                0x00000607                __UCA1BRW_H = 0x607
                0x00000606                __UCA1BRW = 0x606
                0x00000608                __UCA1MCTL = 0x608
                0x0000060a                __UCA1STAT = 0x60a
                0x0000060c                __UCA1RXBUF = 0x60c
                0x0000060e                __UCA1TXBUF = 0x60e
                0x00000610                __UCA1ABCTL = 0x610
                0x00000612                __UCA1IRCTL_L = 0x612
                0x00000613                __UCA1IRCTL_H = 0x613
                0x00000612                __UCA1IRCTL = 0x612
                0x0000061c                __UCA1ICTL_L = 0x61c
                0x0000061d                __UCA1ICTL_H = 0x61d
                0x0000061c                __UCA1ICTL = 0x61c
                0x0000061e                __UCA1IV = 0x61e
                0x00000620                __UCB1CTLW0_L = 0x620
                0x00000621                __UCB1CTLW0_H = 0x621
                0x00000620                __UCB1CTLW0 = 0x620
                0x00000626                __UCB1BRW_L = 0x626
                0x00000627                __UCB1BRW_H = 0x627
                0x00000626                __UCB1BRW = 0x626
                0x0000062a                __UCB1STAT = 0x62a
                0x0000062c                __UCB1RXBUF = 0x62c
                0x0000062e                __UCB1TXBUF = 0x62e
                0x00000630                __UCB1I2COA_L = 0x630
                0x00000631                __UCB1I2COA_H = 0x631
                0x00000630                __UCB1I2COA = 0x630
                0x00000632                __UCB1I2CSA_L = 0x632
                0x00000633                __UCB1I2CSA_H = 0x633
                0x00000632                __UCB1I2CSA = 0x632
                0x0000063c                __UCB1ICTL_L = 0x63c
                0x0000063d                __UCB1ICTL_H = 0x63d
                0x0000063c                __UCB1ICTL = 0x63c
                0x0000063e                __UCB1IV = 0x63e
                0x0000015c                __WDTCTL_L = 0x15c
                0x0000015d                __WDTCTL_H = 0x15d
                0x0000015c                __WDTCTL = 0x15c

.hash
 *(.hash)

.dynsym
 *(.dynsym)

.dynstr
 *(.dynstr)

.gnu.version
 *(.gnu.version)

.gnu.version_d
 *(.gnu.version_d)

.gnu.version_r
 *(.gnu.version_r)

.rel.init
 *(.rel.init)

.rela.init
 *(.rela.init)

.rel.fini
 *(.rel.fini)

.rela.fini
 *(.rela.fini)

.rel.text
 *(.rel.text .rel.text.* .rel.gnu.linkonce.t.*)

.rela.text
 *(.rela.text .rela.text.* .rela.gnu.linkonce.t.*)

.rel.rodata
 *(.rel.rodata .rel.rodata.* .rel.gnu.linkonce.r.*)

.rela.rodata
 *(.rela.rodata .rela.rodata.* .rela.gnu.linkonce.r.*)

.rel.data
 *(.rel.data .rel.data.* .rel.gnu.linkonce.d.*)

.rela.data
 *(.rela.data .rela.data.* .rela.gnu.linkonce.d.*)

.rel.bss
 *(.rel.bss .rel.bss.* .rel.gnu.linkonce.b.*)

.rela.bss
 *(.rela.bss .rela.bss.* .rela.gnu.linkonce.b.*)

.rel.ctors
 *(.rel.ctors)

.rela.ctors
 *(.rela.ctors)

.rel.dtors
 *(.rel.dtors)

.rela.dtors
 *(.rela.dtors)

.rel.got
 *(.rel.got)

.rela.got
 *(.rela.got)

.rel.plt
 *(.rel.plt)

.rela.plt
 *(.rela.plt)

.text           0x00005c00     0x9a8c
                0x00005c00                . = ALIGN (0x2)
 *(.init .init.*)
 *(.init0)
 .init0         0x00005c00        0x0 /opt/mspgccx/bin/../lib/gcc/msp430/4.7.0/mcpu-430x/mmpy-16/msr20/mc20/libcrt0.a(_reset_vector__.o)
                0x00005c00                _reset_vector__
 *(.init1)
 .init1         0x00005c00        0xc /opt/mspgccx/bin/../lib/gcc/msp430/4.7.0/mcpu-430x/mmpy-16/msr20/mc20/libcrt0.a(__watchdog_support.o)
                0x00005c00                __watchdog_support
 *(.init2)
 .init2         0x00005c0c        0x4 /opt/mspgccx/bin/../lib/gcc/msp430/4.7.0/mcpu-430x/mmpy-16/msr20/mc20/libcrt0.a(__init_stack.o)
                0x00005c0c                __init_stack
 *(.init3)
 .init3         0x00005c10        0x0 /opt/mspgccx/bin/../lib/gcc/msp430/4.7.0/mcpu-430x/mmpy-16/msr20/mc20/libcrt0.a(__low_level_init.o)
                0x00005c10                __low_level_init
 *(.init4)
 .init4         0x00005c10       0x18 /opt/mspgccx/bin/../lib/gcc/msp430/4.7.0/mcpu-430x/mmpy-16/msr20/mc20/libcrt0.a(_copy_data.o)
                0x00005c10                __do_copy_data
 .init4         0x00005c28       0x16 /opt/mspgccx/bin/../lib/gcc/msp430/4.7.0/mcpu-430x/mmpy-16/msr20/mc20/libcrt0.a(_clear_bss.o)
                0x00005c28                __do_clear_bss
 *(.init5)
 *(.init6)
 *(.init7)
 *(.init8)
 *(.init9)
 .init9         0x00005c3e      0x252 obj_trxeb1120/contiki-exp5438-main.o
                0x00005c3e                main
 *(.fini9)
 .fini9         0x00005e90        0x0 /opt/mspgccx/bin/../lib/gcc/msp430/4.7.0/mcpu-430x/mmpy-16/msr20/mc20/libcrt0.a(__stop_progExec__.o)
                0x00005e90                __stop_progExec__
 *(.fini8)
 *(.fini7)
 *(.fini6)
 *(.fini5)
 *(.fini4)
 *(.fini3)
 *(.fini2)
 *(.fini1)
 *(.fini0)
 .fini0         0x00005e90        0x6 /opt/mspgccx/bin/../lib/gcc/msp430/4.7.0/mcpu-430x/mmpy-16/msr20/mc20/libcrt0.a(_endless_loop__.o)
                0x00005e90                _endless_loop__
 *(.fini .fini.*)
                0x00005e96                . = ALIGN (0x2)
                0x00005e96                __ctors_start = .
 *(.ctors)
                0x00005e96                __ctors_end = .
                0x00005e96                __dtors_start = .
 *(.dtors)
                0x00005e96                __dtors_end = .
                0x00005e96                . = ALIGN (0x2)
 *(.text .text.* .gnu.linkonce.t.*)
 .text          0x00005e96        0x4 /opt/mspgccx/bin/../lib/gcc/msp430/4.7.0/mcpu-430x/mmpy-16/msr20/mc20/crt0ivtbl64.o
                0x00005e96                __isr_37
                0x00005e96                __isr_51
                0x00005e96                __isr_33
                0x00005e96                __isr_32
                0x00005e96                __isr_54
                0x00005e96                __isr_42
                0x00005e96                __isr_59
                0x00005e96                __isr_39
                0x00005e96                __isr_46
                0x00005e96                __isr_53
                0x00005e96                __isr_60
                0x00005e96                __isr_36
                0x00005e96                __isr_34
                0x00005e96                __isr_44
                0x00005e96                __isr_61
                0x00005e96                __isr_55
                0x00005e96                __isr_43
                0x00005e96                __isr_50
                0x00005e96                __isr_56
                0x00005e96                __isr_38
                0x00005e96                __isr_35
                0x00005e96                __isr_45
                0x00005e96                __isr_62
                0x00005e96                __isr_52
                0x00005e96                __isr_40
 .text.libgcc   0x00005e9a       0x22 /opt/mspgccx/bin/../lib/gcc/msp430/4.7.0/mcpu-430x/mmpy-16/msr20/mc20/libgcc.a(_udivmod16.o)
                0x00005e9a                __udivhi3
                0x00005e9a                __ext_udivmod16
                0x00005eb4                __umodhi3
 .text.libgcc   0x00005ebc       0x3a /opt/mspgccx/bin/../lib/gcc/msp430/4.7.0/mcpu-430x/mmpy-16/msr20/mc20/libgcc.a(_divmod16.o)
                0x00005ebc                __ext_divmod16
                0x00005ebc                __divhi3
                0x00005eee                __modhi3
 .text.libgcc   0x00005ef6       0x38 /opt/mspgccx/bin/../lib/gcc/msp430/4.7.0/mcpu-430x/mmpy-16/msr20/mc20/libgcc.a(_udivmod32.o)
                0x00005ef6                __udivsi3
                0x00005ef6                __ext_udivmod32
                0x00005f24                __umodsi3
 .text          0x00005f2e       0x3c /opt/mspgccx/bin/../lib/gcc/msp430/4.7.0/mcpu-430x/mmpy-16/msr20/mc20/libgcc.a(_fixunssfsi.o)
                0x00005f2e                __fixunssfsi
 .text          0x00005f6a      0x2f0 /opt/mspgccx/bin/../lib/gcc/msp430/4.7.0/mcpu-430x/mmpy-16/msr20/mc20/libgcc.a(_addsub_sf.o)
                0x000061be                __addsf3
                0x0000620a                __subsf3
 .text          0x0000625a      0x1f2 /opt/mspgccx/bin/../lib/gcc/msp430/4.7.0/mcpu-430x/mmpy-16/msr20/mc20/libgcc.a(_mul_sf.o)
                0x0000625a                __mulsf3
 .text          0x0000644c       0x4e /opt/mspgccx/bin/../lib/gcc/msp430/4.7.0/mcpu-430x/mmpy-16/msr20/mc20/libgcc.a(_ge_sf.o)
                0x0000644c                __gesf2
 .text          0x0000649a       0x8c /opt/mspgccx/bin/../lib/gcc/msp430/4.7.0/mcpu-430x/mmpy-16/msr20/mc20/libgcc.a(_sf_to_si.o)
                0x0000649a                __fixsfsi
 .text          0x00006526       0xe4 /opt/mspgccx/bin/../lib/gcc/msp430/4.7.0/mcpu-430x/mmpy-16/msr20/mc20/libgcc.a(_usi_to_sf.o)
                0x00006526                __floatunsisf
 .text          0x0000660a       0x6a /opt/mspgccx/bin/../lib/gcc/msp430/4.7.0/mcpu-430x/mmpy-16/msr20/mc20/libgcc.a(_clzsi2.o)
                0x0000660a                __clzsi2
 .text          0x00006674      0x1c8 /opt/mspgccx/bin/../lib/gcc/msp430/4.7.0/mcpu-430x/mmpy-16/msr20/mc20/libgcc.a(_pack_sf.o)
                0x00006674                __pack_f
 .text          0x0000683c      0x10c /opt/mspgccx/bin/../lib/gcc/msp430/4.7.0/mcpu-430x/mmpy-16/msr20/mc20/libgcc.a(_unpack_sf.o)
                0x0000683c                __unpack_f
 .text          0x00006948       0xa4 /opt/mspgccx/bin/../lib/gcc/msp430/4.7.0/mcpu-430x/mmpy-16/msr20/mc20/libgcc.a(_fpcmp_parts_sf.o)
                0x00006948                __fpcmp_parts_f
 .text.printf   0x000069ec       0x10 /opt/mspgccx/bin/../lib/gcc/msp430/4.7.0/../../../../msp430/lib/mcpu-430x/mmpy-16/msr20/mc20/libc.a(printf.o)
                0x000069ec                printf
 .text.append   0x000069fc       0x22 /opt/mspgccx/bin/../lib/gcc/msp430/4.7.0/../../../../msp430/lib/mcpu-430x/mmpy-16/msr20/mc20/libc.a(sprintf.o)
 .text.call_vuprintf
                0x00006a1e       0x36 /opt/mspgccx/bin/../lib/gcc/msp430/4.7.0/../../../../msp430/lib/mcpu-430x/mmpy-16/msr20/mc20/libc.a(sprintf.o)
 .text.snprintf
                0x00006a54       0x1c /opt/mspgccx/bin/../lib/gcc/msp430/4.7.0/../../../../msp430/lib/mcpu-430x/mmpy-16/msr20/mc20/libc.a(sprintf.o)
                0x00006a54                snprintf
 .text.print_field
                0x00006a70      0x176 /opt/mspgccx/bin/../lib/gcc/msp430/4.7.0/../../../../msp430/lib/mcpu-430x/mmpy-16/msr20/mc20/libc.a(vuprintf.o)
 .text.vuprintf
                0x00006be6      0x74c /opt/mspgccx/bin/../lib/gcc/msp430/4.7.0/../../../../msp430/lib/mcpu-430x/mmpy-16/msr20/mc20/libc.a(vuprintf.o)
                0x00006be6                vuprintf
 .text.puts     0x00007332       0x2c /opt/mspgccx/bin/../lib/gcc/msp430/4.7.0/../../../../msp430/lib/mcpu-430x/mmpy-16/msr20/mc20/libc.a(puts.o)
                0x00007332                puts
 .text.rand     0x0000735e       0x26 /opt/mspgccx/bin/../lib/gcc/msp430/4.7.0/../../../../msp430/lib/mcpu-430x/mmpy-16/msr20/mc20/libc.a(rand.o)
                0x0000735e                rand
 .text.srand    0x00007384        0xa /opt/mspgccx/bin/../lib/gcc/msp430/4.7.0/../../../../msp430/lib/mcpu-430x/mmpy-16/msr20/mc20/libc.a(rand.o)
                0x00007384                srand
 .text.strncmp  0x0000738e       0x2a /opt/mspgccx/bin/../lib/gcc/msp430/4.7.0/../../../../msp430/lib/mcpu-430x/mmpy-16/msr20/mc20/libc.a(strncmp.o)
                0x0000738e                strncmp
 .text.memcmp   0x000073b8       0x2c /opt/mspgccx/bin/../lib/gcc/msp430/4.7.0/../../../../msp430/lib/mcpu-430x/mmpy-16/msr20/mc20/libc.a(memcmp.o)
                0x000073b8                memcmp
 .text.strcpy   0x000073e4       0x14 /opt/mspgccx/bin/../lib/gcc/msp430/4.7.0/../../../../msp430/lib/mcpu-430x/mmpy-16/msr20/mc20/libc.a(strcpy.o)
                0x000073e4                strcpy
 .text.strncpy  0x000073f8       0x2a /opt/mspgccx/bin/../lib/gcc/msp430/4.7.0/../../../../msp430/lib/mcpu-430x/mmpy-16/msr20/mc20/libc.a(strncpy.o)
                0x000073f8                strncpy
 .text.memcpy   0x00007422       0xe8 /opt/mspgccx/bin/../lib/gcc/msp430/4.7.0/../../../../msp430/lib/mcpu-430x/mmpy-16/msr20/mc20/libc.a(memcpy.o)
                0x00007422                memcpy
 .text.memmove  0x0000750a       0xe8 /opt/mspgccx/bin/../lib/gcc/msp430/4.7.0/../../../../msp430/lib/mcpu-430x/mmpy-16/msr20/mc20/libc.a(memmove.o)
                0x0000750a                memmove
 .text.libgcc   0x000075f2       0x26 /opt/mspgccx/bin/../lib/gcc/msp430/4.7.0/mcpu-430x/mmpy-16/msr20/mc20/libgcc.a(_mulsi3.o)
                0x000075f2                __mulsi3
 .text.libgcc   0x00007618       0xbc /opt/mspgccx/bin/../lib/gcc/msp430/4.7.0/mcpu-430x/mmpy-16/msr20/mc20/libgcc.a(_udivmod64.o)
                0x00007618                __xabi_udivmod64
                0x0000766a                __udivdi3
                0x00007684                __umoddi3
                0x000076a6                __udivmoddi4
 .text.crt0     0x000076d4        0x2 /opt/mspgccx/bin/../lib/gcc/msp430/4.7.0/mcpu-430x/mmpy-16/msr20/mc20/libcrt0.a(_unexpected_.o)
                0x000076d4                _unexpected_
 *(.near.text .near.text.*)
 .near.text.watchdog_interrupt
                0x000076d6        0x6 contiki-trxeb1120.a(watchdog.o)
                0x000076d6                watchdog_interrupt
                0x000076d6                __isr_58
 .near.text.cc1120_port1_interrupt
                0x000076dc       0x5e contiki-trxeb1120.a(cc1120-msp-arch)
                0x000076dc                __isr_47
                0x000076dc                cc1120_port1_interrupt
 .near.text.timera0
                0x0000773a       0x5c contiki-trxeb1120.a(rtimer-arch.o)
                0x0000773a                __isr_49
                0x0000773a                timera0
 .near.text.uart0_rx_interrupt
                0x00007796       0x32 contiki-trxeb1120.a(uart0x.o)
                0x00007796                __isr_57
                0x00007796                uart0_rx_interrupt
 .near.text.timera1
                0x000077c8       0xe2 contiki-trxeb1120.a(clock.o)
                0x000077c8                __isr_48
                0x000077c8                timera1
 .near.text.rtcisr
                0x000078aa       0x72 contiki-trxeb1120.a(clock.o)
                0x000078aa                __isr_41
                0x000078aa                rtcisr
 .any.text.process_thread_webserver_nogui_process
                0x0000791c       0x40 border-router.co
 .any.text.multicast_send
                0x0000795c       0x26 border-router.co
 .any.text.ipaddr_add
                0x00007982       0xb6 border-router.co
 .any.text.generate_routes
                0x00007a38      0x288 border-router.co
 .any.text.httpd_simple_get_script
                0x00007cc0        0x6 border-router.co
                0x00007cc0                httpd_simple_get_script
 .any.text.request_prefix
                0x00007cc6       0x1e border-router.co
                0x00007cc6                request_prefix
 .any.text.process_thread_border_router_process
                0x00007ce4      0x290 border-router.co
 .any.text.set_prefix_64
                0x00007f74       0x5e border-router.co
                0x00007f74                set_prefix_64
 .any.text.init
                0x00007fd2       0x1e obj_trxeb1120/slip-bridge.o
 .any.text.slip_input_callback
                0x00007ff0       0xd0 obj_trxeb1120/slip-bridge.o
 .any.text.output
                0x000080c0       0x48 obj_trxeb1120/slip-bridge.o
 .any.text.putchar
                0x00008108       0x3c obj_trxeb1120/slip-bridge.o
                0x00008108                putchar
 .any.text.handle_input
                0x00008144       0xee obj_trxeb1120/httpd-simple.o
 .any.text.send_headers
                0x00008232       0x6a obj_trxeb1120/httpd-simple.o
 .any.text.handle_output
                0x0000829c       0xf8 obj_trxeb1120/httpd-simple.o
 .any.text.httpd_appcall
                0x00008394       0xd2 obj_trxeb1120/httpd-simple.o
                0x00008394                httpd_appcall
 .any.text.httpd_init
                0x00008466       0x12 obj_trxeb1120/httpd-simple.o
                0x00008466                httpd_init
 .any.text.update_new_schedule
                0x00008478       0x12 contiki-trxeb1120.a(netsynch.o)
                0x00008478                update_new_schedule
 .any.text.process_thread_netsynch_process
                0x0000848a      0x1ea contiki-trxeb1120.a(netsynch.o)
 .any.text.netsynch_is_synched
                0x00008674        0xe contiki-trxeb1120.a(netsynch.o)
                0x00008674                netsynch_is_synched
 .any.text.schedule_bitmap_get
                0x00008682        0xe contiki-trxeb1120.a(netsynch.o)
                0x00008682                schedule_bitmap_get
 .any.text.netsynch_init
                0x00008690       0x4a contiki-trxeb1120.a(netsynch.o)
                0x00008690                netsynch_init
 .any.text.process_thread_task_schedule_process
                0x000086da       0xa4 contiki-trxeb1120.a(task-schedule.o)
 .any.text.get_Start_Time
                0x0000877e      0x280 contiki-trxeb1120.a(task-schedule.o)
 .any.text.task_schedule_reset
                0x000089fe       0x72 contiki-trxeb1120.a(task-schedule.o)
 .any.text.task_schedule_init
                0x00008a70       0x18 contiki-trxeb1120.a(task-schedule.o)
                0x00008a70                task_schedule_init
 .any.text.task_schedule_set
                0x00008a88       0x7c contiki-trxeb1120.a(task-schedule.o)
                0x00008a88                task_schedule_set
 .any.text.task_schedule_change
                0x00008b04       0x52 contiki-trxeb1120.a(task-schedule.o)
                0x00008b04                task_schedule_change
 .any.text.process_thread_correct_time_process
                0x00008b56       0x9c contiki-trxeb1120.a(correct_time.o)
 .any.text.correct_time_init
                0x00008bf2       0x14 contiki-trxeb1120.a(correct_time.o)
                0x00008bf2                correct_time_init
 .any.text.w_memcpy
                0x00008c06       0x1c contiki-trxeb1120.a(msp430.o)
                0x00008c06                w_memcpy
 .any.text.w_memset
                0x00008c22       0x12 contiki-trxeb1120.a(msp430.o)
                0x00008c22                w_memset
 .any.text.msp430_set_dco_speed
                0x00008c34      0x120 contiki-trxeb1120.a(msp430.o)
                0x00008c34                msp430_set_dco_speed
 .any.text.msp430_quick_synch_dco
                0x00008d54        0xe contiki-trxeb1120.a(msp430.o)
                0x00008d54                msp430_quick_synch_dco
 .any.text.msp430_cpu_init
                0x00008d62      0x184 contiki-trxeb1120.a(msp430.o)
                0x00008d62                msp430_cpu_init
 .any.text.splhigh_
                0x00008ee6        0x8 contiki-trxeb1120.a(msp430.o)
                0x00008ee6                splhigh_
 .any.text.show_leds
                0x00008eee       0xe8 contiki-trxeb1120.a(leds.o)
 .any.text.leds_init
                0x00008fd6        0xa contiki-trxeb1120.a(leds.o)
                0x00008fd6                leds_init
 .any.text.leds_on
                0x00008fe0        0xa contiki-trxeb1120.a(leds.o)
                0x00008fe0                leds_on
 .any.text.leds_off
                0x00008fea        0xe contiki-trxeb1120.a(leds.o)
                0x00008fea                leds_off
 .any.text.leds_toggle
                0x00008ff8        0xa contiki-trxeb1120.a(leds.o)
                0x00008ff8                leds_toggle
 .any.text.watchdog_start
                0x00009002       0x14 contiki-trxeb1120.a(watchdog.o)
                0x00009002                watchdog_start
 .any.text.watchdog_periodic
                0x00009016       0x12 contiki-trxeb1120.a(watchdog.o)
                0x00009016                watchdog_periodic
 .any.text.watchdog_stop
                0x00009028       0x16 contiki-trxeb1120.a(watchdog.o)
                0x00009028                watchdog_stop
 .any.text.watchdog_init
                0x0000903e       0x12 contiki-trxeb1120.a(watchdog.o)
                0x0000903e                watchdog_init
 .any.text.get_object
                0x00009050        0x4 contiki-trxeb1120.a(cc1120.o)
 .any.text.set_object
                0x00009054        0x4 contiki-trxeb1120.a(cc1120.o)
 .any.text.single_write
                0x00009058       0x38 contiki-trxeb1120.a(cc1120.o)
 .any.text.strobe
                0x00009090       0x28 contiki-trxeb1120.a(cc1120.o)
 .any.text.burst_read
                0x000090b8       0x42 contiki-trxeb1120.a(cc1120.o)
 .any.text.state
                0x000090fa       0x18 contiki-trxeb1120.a(cc1120.o)
 .any.text.txbytes
                0x00009112       0x14 contiki-trxeb1120.a(cc1120.o)
 .any.text.read_rxbytes
                0x00009126       0x14 contiki-trxeb1120.a(cc1120.o)
 .any.text.burst_write
                0x0000913a       0x42 contiki-trxeb1120.a(cc1120.o)
 .any.text.write_txfifo
                0x0000917c       0xde contiki-trxeb1120.a(cc1120.o)
 .any.text.off  0x0000925a       0x7e contiki-trxeb1120.a(cc1120.o)
 .any.text.check_txfifo
                0x000092d8       0x3e contiki-trxeb1120.a(cc1120.o)
 .any.text.flushrx
                0x00009316       0x60 contiki-trxeb1120.a(cc1120.o)
 .any.text.on   0x00009376       0x64 contiki-trxeb1120.a(cc1120.o)
 .any.text.init
                0x000093da      0x412 contiki-trxeb1120.a(cc1120.o)
 .any.text.read_rssi.part.2
                0x000097ec       0x96 contiki-trxeb1120.a(cc1120.o)
 .any.text.get_value
                0x00009882       0x62 contiki-trxeb1120.a(cc1120.o)
 .any.text.channel_clear
                0x000098e4       0x90 contiki-trxeb1120.a(cc1120.o)
 .any.text.transmit
                0x00009974      0x1a0 contiki-trxeb1120.a(cc1120.o)
 .any.text.read_packet
                0x00009b14       0x9e contiki-trxeb1120.a(cc1120.o)
 .any.text.prepare
                0x00009bb2       0x30 contiki-trxeb1120.a(cc1120.o)
 .any.text.send_packet
                0x00009be2       0x1c contiki-trxeb1120.a(cc1120.o)
 .any.text.is_receiving
                0x00009bfe       0x24 contiki-trxeb1120.a(cc1120.o)
 .any.text.receiving_packet
                0x00009c22       0x18 contiki-trxeb1120.a(cc1120.o)
 .any.text.channel_set
                0x00009c3a      0x152 contiki-trxeb1120.a(cc1120.o)
 .any.text.set_value
                0x00009d8c       0x36 contiki-trxeb1120.a(cc1120.o)
 .any.text.input_byte
                0x00009dc2      0x2c4 contiki-trxeb1120.a(cc1120.o)
 .any.text.packet_is_for_us
                0x0000a086       0x12 contiki-trxeb1120.a(cc1120.o)
                0x0000a086                packet_is_for_us
 .any.text.cc1120_rx_interrupt
                0x0000a098      0x11c contiki-trxeb1120.a(cc1120.o)
                0x0000a098                cc1120_rx_interrupt
 .any.text.pending_packet
                0x0000a1b4       0x1e contiki-trxeb1120.a(cc1120.o)
 .any.text.process_thread_cc1120_process
                0x0000a1d2       0x7c contiki-trxeb1120.a(cc1120.o)
 .any.text.cc1120_channel_set
                0x0000a24e        0x6 contiki-trxeb1120.a(cc1120.o)
                0x0000a24e                cc1120_channel_set
 .any.text.cc1120_arch_spi_enable
                0x0000a254        0xc contiki-trxeb1120.a(cc1120-msp-arch)
                0x0000a254                cc1120_arch_spi_enable
 .any.text.cc1120_arch_spi_disable
                0x0000a260        0x6 contiki-trxeb1120.a(cc1120-msp-arch)
                0x0000a260                cc1120_arch_spi_disable
 .any.text.cc1120_arch_spi_rw_byte
                0x0000a266       0x1e contiki-trxeb1120.a(cc1120-msp-arch)
                0x0000a266                cc1120_arch_spi_rw_byte
 .any.text.cc1120_arch_spi_rw
                0x0000a284       0x88 contiki-trxeb1120.a(cc1120-msp-arch)
                0x0000a284                cc1120_arch_spi_rw
 .any.text.cc1120_arch_init
                0x0000a30c       0x52 contiki-trxeb1120.a(cc1120-msp-arch)
                0x0000a30c                cc1120_arch_init
 .any.text.cc1120_arch_interrupt_enable
                0x0000a35e        0xa contiki-trxeb1120.a(cc1120-msp-arch)
                0x0000a35e                cc1120_arch_interrupt_enable
 .any.text.rtimer_arch_init
                0x0000a368        0xe contiki-trxeb1120.a(rtimer-arch.o)
                0x0000a368                rtimer_arch_init
 .any.text.rtimer_arch_now
                0x0000a376        0xe contiki-trxeb1120.a(rtimer-arch.o)
                0x0000a376                rtimer_arch_now
 .any.text.rtimer_arch_schedule
                0x0000a384        0x6 contiki-trxeb1120.a(rtimer-arch.o)
                0x0000a384                rtimer_arch_schedule
 .any.text.node_id_restore
                0x0000a38a       0x56 contiki-trxeb1120.a(node-id.o)
                0x0000a38a                node_id_restore
 .any.text.leds_arch_init
                0x0000a3e0        0x8 contiki-trxeb1120.a(leds-arch.o)
                0x0000a3e0                leds_arch_init
 .any.text.leds_arch_set
                0x0000a3e8       0x1c contiki-trxeb1120.a(leds-arch.o)
                0x0000a3e8                leds_arch_set
 .any.text.SetVCore
                0x0000a404      0x194 contiki-trxeb1120.a(hal-pmm.o)
                0x0000a404                SetVCore
 .any.text.uart0_active
                0x0000a598        0xe contiki-trxeb1120.a(uart0x.o)
                0x0000a598                uart0_active
 .any.text.uart0_set_input
                0x0000a5a6        0x6 contiki-trxeb1120.a(uart0x.o)
                0x0000a5a6                uart0_set_input
 .any.text.uart0_writeb
                0x0000a5ac       0x16 contiki-trxeb1120.a(uart0x.o)
                0x0000a5ac                uart0_writeb
 .any.text.uart0_init
                0x0000a5c2       0x40 contiki-trxeb1120.a(uart0x.o)
                0x0000a5c2                uart0_init
 .any.text.slip_arch_writeb
                0x0000a602        0x6 contiki-trxeb1120.a(slip_uart0.o)
                0x0000a602                slip_arch_writeb
 .any.text.slip_arch_init
                0x0000a608        0xa contiki-trxeb1120.a(slip_uart0.o)
                0x0000a608                slip_arch_init
 .any.text.process_thread_slip_process
                0x0000a612      0x15c contiki-trxeb1120.a(slip.o)
 .any.text.slip_set_input_callback
                0x0000a76e        0x6 contiki-trxeb1120.a(slip.o)
                0x0000a76e                slip_set_input_callback
 .any.text.slip_send
                0x0000a774       0x5a contiki-trxeb1120.a(slip.o)
                0x0000a774                slip_send
 .any.text.slip_input_byte
                0x0000a7ce       0xbc contiki-trxeb1120.a(slip.o)
                0x0000a7ce                slip_input_byte
 .any.text.clock_time
                0x0000a88a       0x1a contiki-trxeb1120.a(clock.o)
                0x0000a88a                clock_time
 .any.text.clock_init
                0x0000a8a4       0x28 contiki-trxeb1120.a(clock.o)
                0x0000a8a4                clock_init
 .any.text.clock_delay
                0x0000a8cc        0x6 contiki-trxeb1120.a(clock.o)
                0x0000a8cc                clock_delay
 .any.text.clock_seconds
                0x0000a8d2       0x1a contiki-trxeb1120.a(clock.o)
                0x0000a8d2                clock_seconds
 .any.text.rtc_init
                0x0000a8ec       0x30 contiki-trxeb1120.a(clock.o)
                0x0000a8ec                rtc_init
 .any.text.get_flag
                0x0000a91c       0x72 contiki-trxeb1120.a(clock.o)
                0x0000a91c                get_flag
 .any.text.syn_update_timenow
                0x0000a98e       0x16 contiki-trxeb1120.a(clock.o)
                0x0000a98e                syn_update_timenow
 .any.text.get_timenow
                0x0000a9a4       0x16 contiki-trxeb1120.a(clock.o)
                0x0000a9a4                get_timenow
 .any.text.get_idle_time
                0x0000a9ba       0xf4 contiki-trxeb1120.a(clock.o)
                0x0000a9ba                get_idle_time
 .any.text.get_active_flag
                0x0000aaae        0x6 contiki-trxeb1120.a(clock.o)
                0x0000aaae                get_active_flag
 .any.text.autostart_start
                0x0000aab4       0x16 contiki-trxeb1120.a(autostart.o)
                0x0000aab4                autostart_start
 .any.text.process_thread_ctimer_process
                0x0000aaca       0xa0 contiki-trxeb1120.a(ctimer.o)
 .any.text.ctimer_init
                0x0000ab6a       0x18 contiki-trxeb1120.a(ctimer.o)
                0x0000ab6a                ctimer_init
 .any.text.ctimer_set_with_process
                0x0000ab82       0x4a contiki-trxeb1120.a(ctimer.o)
                0x0000ab82                ctimer_set_with_process
 .any.text.ctimer_set
                0x0000abcc       0x10 contiki-trxeb1120.a(ctimer.o)
                0x0000abcc                ctimer_set
 .any.text.ctimer_reset
                0x0000abdc       0x2c contiki-trxeb1120.a(ctimer.o)
                0x0000abdc                ctimer_reset
 .any.text.ctimer_stop
                0x0000ac08       0x28 contiki-trxeb1120.a(ctimer.o)
                0x0000ac08                ctimer_stop
 .any.text.ctimer_expired
                0x0000ac30       0x30 contiki-trxeb1120.a(ctimer.o)
                0x0000ac30                ctimer_expired
 .any.text.energest_init
                0x0000ac60       0x24 contiki-trxeb1120.a(energest.o)
                0x0000ac60                energest_init
 .any.text.energest_type_time
                0x0000ac84       0x3c contiki-trxeb1120.a(energest.o)
                0x0000ac84                energest_type_time
 .any.text.energest_type_set
                0x0000acc0        0xc contiki-trxeb1120.a(energest.o)
                0x0000acc0                energest_type_set
 .any.text.energest_flush
                0x0000accc       0x38 contiki-trxeb1120.a(energest.o)
                0x0000accc                energest_flush
 .any.text.update_time
                0x0000ad04       0x70 contiki-trxeb1120.a(etimer.o)
 .any.text.etimer_request_poll
                0x0000ad74        0xa contiki-trxeb1120.a(etimer.o)
                0x0000ad74                etimer_request_poll
 .any.text.process_thread_etimer_process
                0x0000ad7e       0xc4 contiki-trxeb1120.a(etimer.o)
 .any.text.add_timer
                0x0000ae42       0x40 contiki-trxeb1120.a(etimer.o)
 .any.text.etimer_set
                0x0000ae82       0x12 contiki-trxeb1120.a(etimer.o)
                0x0000ae82                etimer_set
 .any.text.etimer_reset
                0x0000ae94       0x12 contiki-trxeb1120.a(etimer.o)
                0x0000ae94                etimer_reset
 .any.text.etimer_restart
                0x0000aea6       0x12 contiki-trxeb1120.a(etimer.o)
                0x0000aea6                etimer_restart
 .any.text.etimer_expired
                0x0000aeb8        0xe contiki-trxeb1120.a(etimer.o)
                0x0000aeb8                etimer_expired
 .any.text.etimer_expiration_time
                0x0000aec6       0x14 contiki-trxeb1120.a(etimer.o)
                0x0000aec6                etimer_expiration_time
 .any.text.etimer_pending
                0x0000aeda        0xc contiki-trxeb1120.a(etimer.o)
                0x0000aeda                etimer_pending
 .any.text.etimer_next_expiration_time
                0x0000aee6       0x16 contiki-trxeb1120.a(etimer.o)
                0x0000aee6                etimer_next_expiration_time
 .any.text.etimer_stop
                0x0000aefc       0x3e contiki-trxeb1120.a(etimer.o)
                0x0000aefc                etimer_stop
 .any.text.call_process
                0x0000af3a       0x40 contiki-trxeb1120.a(process.o)
 .any.text.exit_process
                0x0000af7a       0x88 contiki-trxeb1120.a(process.o)
 .any.text.do_poll
                0x0000b002       0x30 contiki-trxeb1120.a(process.o)
 .any.text.process_alloc_event
                0x0000b032        0xe contiki-trxeb1120.a(process.o)
                0x0000b032                process_alloc_event
 .any.text.process_init
                0x0000b040       0x1c contiki-trxeb1120.a(process.o)
                0x0000b040                process_init
 .any.text.process_run
                0x0000b05c       0xa4 contiki-trxeb1120.a(process.o)
                0x0000b05c                process_run
 .any.text.process_nevents
                0x0000b100        0xe contiki-trxeb1120.a(process.o)
                0x0000b100                process_nevents
 .any.text.process_post
                0x0000b10e       0x50 contiki-trxeb1120.a(process.o)
                0x0000b10e                process_post
 .any.text.process_post_synch
                0x0000b15e       0x12 contiki-trxeb1120.a(process.o)
                0x0000b15e                process_post_synch
 .any.text.process_start
                0x0000b170       0x36 contiki-trxeb1120.a(process.o)
                0x0000b170                process_start
 .any.text.process_poll
                0x0000b1a6       0x18 contiki-trxeb1120.a(process.o)
                0x0000b1a6                process_poll
 .any.text.rtimer_init
                0x0000b1be        0x6 contiki-trxeb1120.a(rtimer.o)
                0x0000b1be                rtimer_init
 .any.text.rtimer_set
                0x0000b1c4       0x24 contiki-trxeb1120.a(rtimer.o)
                0x0000b1c4                rtimer_set
 .any.text.rtimer_run_next
                0x0000b1e8       0x26 contiki-trxeb1120.a(rtimer.o)
                0x0000b1e8                rtimer_run_next
 .any.text.timer_set
                0x0000b20e       0x1c contiki-trxeb1120.a(timer.o)
                0x0000b20e                timer_set
 .any.text.timer_reset
                0x0000b22a        0xe contiki-trxeb1120.a(timer.o)
                0x0000b22a                timer_reset
 .any.text.timer_restart
                0x0000b238       0x14 contiki-trxeb1120.a(timer.o)
                0x0000b238                timer_restart
 .any.text.timer_expired
                0x0000b24c       0x2a contiki-trxeb1120.a(timer.o)
                0x0000b24c                timer_expired
 .any.text.list_init
                0x0000b276        0x6 contiki-trxeb1120.a(list.o)
                0x0000b276                list_init
 .any.text.list_head
                0x0000b27c        0x4 contiki-trxeb1120.a(list.o)
                0x0000b27c                list_head
 .any.text.list_tail
                0x0000b280       0x12 contiki-trxeb1120.a(list.o)
                0x0000b280                list_tail
 .any.text.list_remove
                0x0000b292       0x34 contiki-trxeb1120.a(list.o)
                0x0000b292                list_remove
 .any.text.list_push
                0x0000b2c6       0x16 contiki-trxeb1120.a(list.o)
                0x0000b2c6                list_push
 .any.text.list_add
                0x0000b2dc       0x26 contiki-trxeb1120.a(list.o)
                0x0000b2dc                list_add
 .any.text.list_length
                0x0000b302       0x10 contiki-trxeb1120.a(list.o)
                0x0000b302                list_length
 .any.text.list_item_next
                0x0000b312        0xc contiki-trxeb1120.a(list.o)
                0x0000b312                list_item_next
 .any.text.memb_init
                0x0000b31e       0x36 contiki-trxeb1120.a(memb.o)
                0x0000b31e                memb_init
 .any.text.memb_alloc
                0x0000b354       0x3e contiki-trxeb1120.a(memb.o)
                0x0000b354                memb_alloc
 .any.text.memb_free
                0x0000b392       0x3a contiki-trxeb1120.a(memb.o)
                0x0000b392                memb_free
 .any.text.memb_inmemb
                0x0000b3cc       0x2a contiki-trxeb1120.a(memb.o)
                0x0000b3cc                memb_inmemb
 .any.text.memb_numfree
                0x0000b3f6       0x26 contiki-trxeb1120.a(memb.o)
                0x0000b3f6                memb_numfree
 .any.text.random_init
                0x0000b41c        0x6 contiki-trxeb1120.a(random.o)
                0x0000b41c                random_init
 .any.text.random_rand
                0x0000b422        0x6 contiki-trxeb1120.a(random.o)
                0x0000b422                random_rand
 .any.text.uip_ds6_list_loop
                0x0000b428       0x66 contiki-trxeb1120.a(uip-ds6.o)
                0x0000b428                uip_ds6_list_loop
 .any.text.uip_ds6_prefix_add
                0x0000b48e       0x70 contiki-trxeb1120.a(uip-ds6.o)
                0x0000b48e                uip_ds6_prefix_add
 .any.text.uip_ds6_is_addr_onlink
                0x0000b4fe       0x42 contiki-trxeb1120.a(uip-ds6.o)
                0x0000b4fe                uip_ds6_is_addr_onlink
 .any.text.uip_ds6_addr_lookup
                0x0000b540       0x2a contiki-trxeb1120.a(uip-ds6.o)
                0x0000b540                uip_ds6_addr_lookup
 .any.text.uip_ds6_get_link_local
                0x0000b56a       0x3e contiki-trxeb1120.a(uip-ds6.o)
                0x0000b56a                uip_ds6_get_link_local
 .any.text.uip_ds6_maddr_add
                0x0000b5a8       0x48 contiki-trxeb1120.a(uip-ds6.o)
                0x0000b5a8                uip_ds6_maddr_add
 .any.text.uip_ds6_addr_add
                0x0000b5f0       0xb4 contiki-trxeb1120.a(uip-ds6.o)
                0x0000b5f0                uip_ds6_addr_add
 .any.text.uip_ds6_maddr_rm
                0x0000b6a4        0xa contiki-trxeb1120.a(uip-ds6.o)
                0x0000b6a4                uip_ds6_maddr_rm
 .any.text.uip_ds6_maddr_lookup
                0x0000b6ae       0x2a contiki-trxeb1120.a(uip-ds6.o)
                0x0000b6ae                uip_ds6_maddr_lookup
 .any.text.uip_ds6_addr_rm
                0x0000b6d8       0x54 contiki-trxeb1120.a(uip-ds6.o)
                0x0000b6d8                uip_ds6_addr_rm
 .any.text.uip_ds6_periodic
                0x0000b72c       0x4a contiki-trxeb1120.a(uip-ds6.o)
                0x0000b72c                uip_ds6_periodic
 .any.text.uip_ds6_set_addr_iid
                0x0000b776       0x14 contiki-trxeb1120.a(uip-ds6.o)
                0x0000b776                uip_ds6_set_addr_iid
 .any.text.get_match_length
                0x0000b78a       0x3c contiki-trxeb1120.a(uip-ds6.o)
                0x0000b78a                get_match_length
 .any.text.uip_ds6_select_src
                0x0000b7c6       0x9a contiki-trxeb1120.a(uip-ds6.o)
                0x0000b7c6                uip_ds6_select_src
 .any.text.uip_ds6_compute_reachable_time
                0x0000b860       0x36 contiki-trxeb1120.a(uip-ds6.o)
                0x0000b860                uip_ds6_compute_reachable_time
 .any.text.uip_ds6_init
                0x0000b896      0x13a contiki-trxeb1120.a(uip-ds6.o)
                0x0000b896                uip_ds6_init
 .any.text.call_route_callback
                0x0000b9d0       0x40 contiki-trxeb1120.a(uip-ds6-route.o)
 .any.text.uip_ds6_route_init
                0x0000ba10       0x36 contiki-trxeb1120.a(uip-ds6-route.o)
                0x0000ba10                uip_ds6_route_init
 .any.text.uip_ds6_route_nexthop
                0x0000ba46       0x1a contiki-trxeb1120.a(uip-ds6-route.o)
                0x0000ba46                uip_ds6_route_nexthop
 .any.text.uip_ds6_route_head
                0x0000ba60        0xa contiki-trxeb1120.a(uip-ds6-route.o)
                0x0000ba60                uip_ds6_route_head
 .any.text.uip_ds6_route_next
                0x0000ba6a        0xe contiki-trxeb1120.a(uip-ds6-route.o)
                0x0000ba6a                uip_ds6_route_next
 .any.text.uip_ds6_route_lookup
                0x0000ba78       0x6e contiki-trxeb1120.a(uip-ds6-route.o)
                0x0000ba78                uip_ds6_route_lookup
 .any.text.uip_ds6_route_rm
                0x0000bae6       0xa2 contiki-trxeb1120.a(uip-ds6-route.o)
                0x0000bae6                uip_ds6_route_rm
 .any.text.rm_routelist
                0x0000bb88       0x34 contiki-trxeb1120.a(uip-ds6-route.o)
 .any.text.rm_routelist_callback
                0x0000bbbc        0x6 contiki-trxeb1120.a(uip-ds6-route.o)
 .any.text.uip_ds6_route_add
                0x0000bbc2      0x102 contiki-trxeb1120.a(uip-ds6-route.o)
                0x0000bbc2                uip_ds6_route_add
 .any.text.uip_ds6_defrt_rm
                0x0000bcc4       0x44 contiki-trxeb1120.a(uip-ds6-route.o)
                0x0000bcc4                uip_ds6_defrt_rm
 .any.text.uip_ds6_defrt_lookup
                0x0000bd08       0x32 contiki-trxeb1120.a(uip-ds6-route.o)
                0x0000bd08                uip_ds6_defrt_lookup
 .any.text.uip_ds6_defrt_add
                0x0000bd3a       0x68 contiki-trxeb1120.a(uip-ds6-route.o)
                0x0000bd3a                uip_ds6_defrt_add
 .any.text.uip_ds6_defrt_choose
                0x0000bda2       0x36 contiki-trxeb1120.a(uip-ds6-route.o)
                0x0000bda2                uip_ds6_defrt_choose
 .any.text.uip_ds6_defrt_periodic
                0x0000bdd8       0x38 contiki-trxeb1120.a(uip-ds6-route.o)
                0x0000bdd8                uip_ds6_defrt_periodic
 .any.text.chksum
                0x0000be10       0x32 contiki-trxeb1120.a(uip6.o)
 .any.text.upper_layer_chksum
                0x0000be42       0x56 contiki-trxeb1120.a(uip6.o)
 .any.text.ext_hdr_options_process
                0x0000be98       0xaa contiki-trxeb1120.a(uip6.o)
 .any.text.uip_add32
                0x0000bf42       0x60 contiki-trxeb1120.a(uip6.o)
                0x0000bf42                uip_add32
 .any.text.uip_add_rcv_nxt
                0x0000bfa2       0x2e contiki-trxeb1120.a(uip6.o)
 .any.text.uip_icmp6chksum
                0x0000bfd0        0xa contiki-trxeb1120.a(uip6.o)
                0x0000bfd0                uip_icmp6chksum
 .any.text.uip_tcpchksum
                0x0000bfda        0xa contiki-trxeb1120.a(uip6.o)
                0x0000bfda                uip_tcpchksum
 .any.text.uip_udpchksum
                0x0000bfe4        0xa contiki-trxeb1120.a(uip6.o)
                0x0000bfe4                uip_udpchksum
 .any.text.uip_init
                0x0000bfee       0x66 contiki-trxeb1120.a(uip6.o)
                0x0000bfee                uip_init
 .any.text.remove_ext_hdr
                0x0000c054       0x50 contiki-trxeb1120.a(uip6.o)
                0x0000c054                remove_ext_hdr
 .any.text.uip_udp_new
                0x0000c0a4       0xb8 contiki-trxeb1120.a(uip6.o)
                0x0000c0a4                uip_udp_new
 .any.text.uip_unlisten
                0x0000c15c       0x2a contiki-trxeb1120.a(uip6.o)
                0x0000c15c                uip_unlisten
 .any.text.uip_listen
                0x0000c186       0x2c contiki-trxeb1120.a(uip6.o)
                0x0000c186                uip_listen
 .any.text.uip_process
                0x0000c1b2      0xe22 contiki-trxeb1120.a(uip6.o)
                0x0000c1b2                uip_process
 .any.text.uip_htonl
                0x0000cfd4       0x2a contiki-trxeb1120.a(uip6.o)
                0x0000cfd4                uip_htonl
 .any.text.uip_send
                0x0000cffe       0x48 contiki-trxeb1120.a(uip6.o)
                0x0000cffe                uip_send
 .any.text.uip_ds6_nbr_rm
                0x0000d046       0x1a contiki-trxeb1120.a(uip-ds6-nbr.o)
                0x0000d046                uip_ds6_nbr_rm
 .any.text.uip_ds6_neighbors_init
                0x0000d060        0xe contiki-trxeb1120.a(uip-ds6-nbr.o)
                0x0000d060                uip_ds6_neighbors_init
 .any.text.uip_ds6_nbr_add
                0x0000d06e       0x54 contiki-trxeb1120.a(uip-ds6-nbr.o)
                0x0000d06e                uip_ds6_nbr_add
 .any.text.uip_ds6_nbr_get_ll
                0x0000d0c2        0xc contiki-trxeb1120.a(uip-ds6-nbr.o)
                0x0000d0c2                uip_ds6_nbr_get_ll
 .any.text.uip_ds6_nbr_lookup
                0x0000d0ce       0x3e contiki-trxeb1120.a(uip-ds6-nbr.o)
                0x0000d0ce                uip_ds6_nbr_lookup
 .any.text.uip_ds6_nbr_ll_lookup
                0x0000d10c        0xc contiki-trxeb1120.a(uip-ds6-nbr.o)
                0x0000d10c                uip_ds6_nbr_ll_lookup
 .any.text.uip_ds6_nbr_ipaddr_from_lladdr
                0x0000d118        0x6 contiki-trxeb1120.a(uip-ds6-nbr.o)
                0x0000d118                uip_ds6_nbr_ipaddr_from_lladdr
 .any.text.uip_ds6_nbr_lladdr_from_ipaddr
                0x0000d11e       0x12 contiki-trxeb1120.a(uip-ds6-nbr.o)
                0x0000d11e                uip_ds6_nbr_lladdr_from_ipaddr
 .any.text.uip_ds6_link_neighbor_callback
                0x0000d130       0x42 contiki-trxeb1120.a(uip-ds6-nbr.o)
                0x0000d130                uip_ds6_link_neighbor_callback
 .any.text.uip_ds6_neighbor_periodic
                0x0000d172       0x5c contiki-trxeb1120.a(uip-ds6-nbr.o)
                0x0000d172                uip_ds6_neighbor_periodic
 .any.text.uip_nd6_init
                0x0000d1ce        0x2 contiki-trxeb1120.a(uip-nd6.o)
                0x0000d1ce                uip_nd6_init
 .any.text.uip_debug_ipaddr_print
                0x0000d1d0       0xbc contiki-trxeb1120.a(uip-debug.o)
                0x0000d1d0                uip_debug_ipaddr_print
 .any.text.uip_udp_packet_send
                0x0000d28c       0x88 contiki-trxeb1120.a(uip-udp-packet.)
                0x0000d28c                uip_udp_packet_send
 .any.text.uip_udp_packet_sendto
                0x0000d314       0x56 contiki-trxeb1120.a(uip-udp-packet.)
                0x0000d314                uip_udp_packet_sendto
 .any.text.psock_send
                0x0000d36a       0xae contiki-trxeb1120.a(psock.o)
                0x0000d36a                psock_send
 .any.text.psock_datalen
                0x0000d418        0xc contiki-trxeb1120.a(psock.o)
                0x0000d418                psock_datalen
 .any.text.psock_newdata
                0x0000d424       0x24 contiki-trxeb1120.a(psock.o)
                0x0000d424                psock_newdata
 .any.text.psock_readto
                0x0000d448       0xb4 contiki-trxeb1120.a(psock.o)
                0x0000d448                psock_readto
 .any.text.psock_init
                0x0000d4fc       0x22 contiki-trxeb1120.a(psock.o)
                0x0000d4fc                psock_init
 .any.text.start_periodic_tcp_timer
                0x0000d51e       0x16 contiki-trxeb1120.a(tcpip.o)
 .any.text.tcpip_output
                0x0000d534       0x10 contiki-trxeb1120.a(tcpip.o)
                0x0000d534                tcpip_output
 .any.text.tcpip_set_outputfunc
                0x0000d544        0x6 contiki-trxeb1120.a(tcpip.o)
                0x0000d544                tcpip_set_outputfunc
 .any.text.tcp_listen
                0x0000d54a       0x3a contiki-trxeb1120.a(tcpip.o)
                0x0000d54a                tcp_listen
 .any.text.tcp_attach
                0x0000d584        0xc contiki-trxeb1120.a(tcpip.o)
                0x0000d584                tcp_attach
 .any.text.udp_new
                0x0000d590       0x1a contiki-trxeb1120.a(tcpip.o)
                0x0000d590                udp_new
 .any.text.tcpip_input
                0x0000d5aa       0x16 contiki-trxeb1120.a(tcpip.o)
                0x0000d5aa                tcpip_input
 .any.text.tcpip_ipv6_output
                0x0000d5c0      0x16e contiki-trxeb1120.a(tcpip.o)
                0x0000d5c0                tcpip_ipv6_output
 .any.text.process_thread_tcpip_process
                0x0000d72e      0x1c2 contiki-trxeb1120.a(tcpip.o)
 .any.text.tcpip_uipcall
                0x0000d8f0       0x70 contiki-trxeb1120.a(tcpip.o)
                0x0000d8f0                tcpip_uipcall
 .any.text.lollipop_greater_than
                0x0000d960       0x3c contiki-trxeb1120.a(rpl-dag.o)
 .any.text.find_parent_any_dag_any_instance
                0x0000d99c       0x14 contiki-trxeb1120.a(rpl-dag.o)
 .any.text.rpl_set_preferred_parent
                0x0000d9b0       0x2c contiki-trxeb1120.a(rpl-dag.o)
 .any.text.set_ip_from_prefix
                0x0000d9dc       0x30 contiki-trxeb1120.a(rpl-dag.o)
 .any.text.check_prefix
                0x0000da0c       0x70 contiki-trxeb1120.a(rpl-dag.o)
 .any.text.rpl_get_nbr
                0x0000da7c       0x1e contiki-trxeb1120.a(rpl-dag.o)
                0x0000da7c                rpl_get_nbr
 .any.text.rpl_dag_init
                0x0000da9a        0xe contiki-trxeb1120.a(rpl-dag.o)
                0x0000da9a                rpl_dag_init
 .any.text.rpl_get_parent_rank
                0x0000daa8       0x18 contiki-trxeb1120.a(rpl-dag.o)
                0x0000daa8                rpl_get_parent_rank
 .any.text.rpl_get_parent_ipaddr
                0x0000dac0       0x10 contiki-trxeb1120.a(rpl-dag.o)
                0x0000dac0                rpl_get_parent_ipaddr
 .any.text.rpl_set_prefix
                0x0000dad0       0x74 contiki-trxeb1120.a(rpl-dag.o)
                0x0000dad0                rpl_set_prefix
 .any.text.rpl_set_default_route
                0x0000db44       0x60 contiki-trxeb1120.a(rpl-dag.o)
                0x0000db44                rpl_set_default_route
 .any.text.rpl_alloc_instance
                0x0000dba4       0x30 contiki-trxeb1120.a(rpl-dag.o)
                0x0000dba4                rpl_alloc_instance
 .any.text.rpl_add_parent
                0x0000dbd4       0x4e contiki-trxeb1120.a(rpl-dag.o)
                0x0000dbd4                rpl_add_parent
 .any.text.rpl_find_parent
                0x0000dc22       0x1a contiki-trxeb1120.a(rpl-dag.o)
                0x0000dc22                rpl_find_parent
 .any.text.rpl_find_parent_any_dag
                0x0000dc3c       0x22 contiki-trxeb1120.a(rpl-dag.o)
                0x0000dc3c                rpl_find_parent_any_dag
 .any.text.rpl_select_parent
                0x0000dc5e       0x74 contiki-trxeb1120.a(rpl-dag.o)
                0x0000dc5e                rpl_select_parent
 .any.text.rpl_select_dag
                0x0000dcd2      0x190 contiki-trxeb1120.a(rpl-dag.o)
                0x0000dcd2                rpl_select_dag
 .any.text.rpl_nullify_parent
                0x0000de62       0x4e contiki-trxeb1120.a(rpl-dag.o)
                0x0000de62                rpl_nullify_parent
 .any.text.rpl_remove_parent
                0x0000deb0       0x16 contiki-trxeb1120.a(rpl-dag.o)
                0x0000deb0                rpl_remove_parent
 .any.text.nbr_callback
                0x0000dec6        0x6 contiki-trxeb1120.a(rpl-dag.o)
 .any.text.remove_parents.constprop.5
                0x0000decc       0x2c contiki-trxeb1120.a(rpl-dag.o)
 .any.text.rpl_free_dag
                0x0000def8       0x34 contiki-trxeb1120.a(rpl-dag.o)
                0x0000def8                rpl_free_dag
 .any.text.rpl_move_parent
                0x0000df2c       0x52 contiki-trxeb1120.a(rpl-dag.o)
                0x0000df2c                rpl_move_parent
 .any.text.rpl_get_any_dag
                0x0000df7e       0x16 contiki-trxeb1120.a(rpl-dag.o)
                0x0000df7e                rpl_get_any_dag
 .any.text.rpl_get_instance
                0x0000df94       0x16 contiki-trxeb1120.a(rpl-dag.o)
                0x0000df94                rpl_get_instance
 .any.text.rpl_alloc_dag
                0x0000dfaa       0x60 contiki-trxeb1120.a(rpl-dag.o)
                0x0000dfaa                rpl_alloc_dag
 .any.text.rpl_repair_root
                0x0000e00a       0x4c contiki-trxeb1120.a(rpl-dag.o)
                0x0000e00a                rpl_repair_root
 .any.text.rpl_set_root
                0x0000e056      0x116 contiki-trxeb1120.a(rpl-dag.o)
                0x0000e056                rpl_set_root
 .any.text.rpl_find_of
                0x0000e16c       0x10 contiki-trxeb1120.a(rpl-dag.o)
                0x0000e16c                rpl_find_of
 .any.text.rpl_join_instance
                0x0000e17c      0x122 contiki-trxeb1120.a(rpl-dag.o)
                0x0000e17c                rpl_join_instance
 .any.text.rpl_local_repair
                0x0000e29e       0x62 contiki-trxeb1120.a(rpl-dag.o)
                0x0000e29e                rpl_local_repair
 .any.text.rpl_process_parent_event
                0x0000e300       0x6a contiki-trxeb1120.a(rpl-dag.o)
                0x0000e300                rpl_process_parent_event
 .any.text.rpl_recalculate_ranks
                0x0000e36a       0x44 contiki-trxeb1120.a(rpl-dag.o)
                0x0000e36a                rpl_recalculate_ranks
 .any.text.rpl_add_dag
                0x0000e3ae      0x10a contiki-trxeb1120.a(rpl-dag.o)
                0x0000e3ae                rpl_add_dag
 .any.text.rpl_process_dio
                0x0000e4b8      0x312 contiki-trxeb1120.a(rpl-dag.o)
                0x0000e4b8                rpl_process_dio
 .any.text.set_dao_lifetime_timer
                0x0000e7ca       0x66 contiki-trxeb1120.a(rpl-timers.o)
 .any.text.new_dio_interval
                0x0000e830       0x9e contiki-trxeb1120.a(rpl-timers.o)
 .any.text.handle_periodic_timer
                0x0000e8ce       0x2e contiki-trxeb1120.a(rpl-timers.o)
 .any.text.schedule_dao
                0x0000e8fc       0x72 contiki-trxeb1120.a(rpl-timers.o)
 .any.text.handle_dio_timer
                0x0000e96e       0x88 contiki-trxeb1120.a(rpl-timers.o)
 .any.text.handle_dao_timer
                0x0000e9f6       0x64 contiki-trxeb1120.a(rpl-timers.o)
 .any.text.rpl_reset_periodic_timer
                0x0000ea5a       0x46 contiki-trxeb1120.a(rpl-timers.o)
                0x0000ea5a                rpl_reset_periodic_timer
 .any.text.rpl_reset_dio_timer
                0x0000eaa0       0x18 contiki-trxeb1120.a(rpl-timers.o)
                0x0000eaa0                rpl_reset_dio_timer
 .any.text.rpl_schedule_dao
                0x0000eab8        0xc contiki-trxeb1120.a(rpl-timers.o)
                0x0000eab8                rpl_schedule_dao
 .any.text.rpl_get_mode
                0x0000eac4        0x6 contiki-trxeb1120.a(rpl.o)
                0x0000eac4                rpl_get_mode
 .any.text.rpl_remove_routes
                0x0000eaca       0x22 contiki-trxeb1120.a(rpl.o)
                0x0000eaca                rpl_remove_routes
 .any.text.rpl_remove_routes_by_nexthop
                0x0000eaec       0x3e contiki-trxeb1120.a(rpl.o)
                0x0000eaec                rpl_remove_routes_by_nexthop
 .any.text.rpl_add_route
                0x0000eb2a       0x48 contiki-trxeb1120.a(rpl.o)
                0x0000eb2a                rpl_add_route
 .any.text.rpl_link_neighbor_callback
                0x0000eb72       0x74 contiki-trxeb1120.a(rpl.o)
                0x0000eb72                rpl_link_neighbor_callback
 .any.text.rpl_ipv6_neighbor_callback
                0x0000ebe6       0x1e contiki-trxeb1120.a(rpl.o)
                0x0000ebe6                rpl_ipv6_neighbor_callback
 .any.text.rpl_purge_dags
                0x0000ec04       0x60 contiki-trxeb1120.a(rpl.o)
                0x0000ec04                rpl_purge_dags
 .any.text.rpl_init
                0x0000ec64       0x4a contiki-trxeb1120.a(rpl.o)
                0x0000ec64                rpl_init
 .any.text.reset
                0x0000ecae        0x2 contiki-trxeb1120.a(rpl-mrhof.o)
 .any.text.update_metric_container
                0x0000ecb0        0x6 contiki-trxeb1120.a(rpl-mrhof.o)
 .any.text.calculate_rank
                0x0000ecb6       0x3e contiki-trxeb1120.a(rpl-mrhof.o)
 .any.text.neighbor_link_callback
                0x0000ecf4       0x98 contiki-trxeb1120.a(rpl-mrhof.o)
 .any.text.best_dag
                0x0000ed8c       0x2e contiki-trxeb1120.a(rpl-mrhof.o)
 .any.text.best_parent
                0x0000edba       0x66 contiki-trxeb1120.a(rpl-mrhof.o)
 .any.text.orpl_routing_set_init
                0x0000ee20       0x14 contiki-trxeb1120.a(orpl-routing-se)
                0x0000ee20                orpl_routing_set_init
 .any.text.orpl_routing_set_get_active
                0x0000ee34       0x10 contiki-trxeb1120.a(orpl-routing-se)
                0x0000ee34                orpl_routing_set_get_active
 .any.text.orpl_routing_set_insert
                0x0000ee44       0x22 contiki-trxeb1120.a(orpl-routing-se)
                0x0000ee44                orpl_routing_set_insert
 .any.text.orpl_routing_set_merge
                0x0000ee66       0x1e contiki-trxeb1120.a(orpl-routing-se)
                0x0000ee66                orpl_routing_set_merge
 .any.text.orpl_routing_set_contains_ipv6
                0x0000ee84       0x2a contiki-trxeb1120.a(orpl-routing-se)
                0x0000ee84                orpl_routing_set_contains_ipv6
 .any.text.orpl_routing_set_contains_lladdr
                0x0000eeae       0x2a contiki-trxeb1120.a(orpl-routing-se)
                0x0000eeae                orpl_routing_set_contains_lladdr
 .any.text.orpl_routing_set_count_bits
                0x0000eed8       0x38 contiki-trxeb1120.a(orpl-routing-se)
                0x0000eed8                orpl_routing_set_count_bits
 .any.text.handle_orpl_bitmap_timer
                0x0000ef10        0xe contiki-trxeb1120.a(orpl-bitmap.o)
 .any.text.lladdr_from_ipaddr_uuid
                0x0000ef1e       0x14 contiki-trxeb1120.a(orpl-bitmap.o)
                0x0000ef1e                lladdr_from_ipaddr_uuid
 .any.text.orpl_bitmap_limit_networking
                0x0000ef32       0x24 contiki-trxeb1120.a(orpl-bitmap.o)
                0x0000ef32                orpl_bitmap_limit_networking
 .any.text.orpl_schedule_bitmap
                0x0000ef56       0x2c contiki-trxeb1120.a(orpl-bitmap.o)
                0x0000ef56                orpl_schedule_bitmap
 .any.text.orpl_bitmap_current_rank
                0x0000ef82       0x12 contiki-trxeb1120.a(orpl-bitmap.o)
                0x0000ef82                orpl_bitmap_current_rank
 .any.text.orpl_bitmap_root_rank
                0x0000ef94       0x16 contiki-trxeb1120.a(orpl-bitmap.o)
                0x0000ef94                orpl_bitmap_root_rank
 .any.text.orpl_bitmap_satisfy_fwd
                0x0000efaa       0x54 contiki-trxeb1120.a(orpl-bitmap.o)
                0x0000efaa                orpl_bitmap_satisfy_fwd
 .any.text.orpl_bitmap_duplicate_detect
                0x0000effe       0x42 contiki-trxeb1120.a(orpl-bitmap.o)
                0x0000effe                orpl_bitmap_duplicate_detect
 .any.text.orpl_bitmap_duplicate_register
                0x0000f040       0x52 contiki-trxeb1120.a(orpl-bitmap.o)
                0x0000f040                orpl_bitmap_duplicate_register
 .any.text.orpl_bitmap_get_current_seqno
                0x0000f092       0x28 contiki-trxeb1120.a(orpl-bitmap.o)
                0x0000f092                orpl_bitmap_get_current_seqno
 .any.text.orpl_bitmap_init
                0x0000f0ba        0xa contiki-trxeb1120.a(orpl-bitmap.o)
                0x0000f0ba                orpl_bitmap_init
 .any.text.queuebuf_init
                0x0000f0c4       0x12 contiki-trxeb1120.a(queuebuf.o)
                0x0000f0c4                queuebuf_init
 .any.text.queuebuf_numfree
                0x0000f0d6        0xa contiki-trxeb1120.a(queuebuf.o)
                0x0000f0d6                queuebuf_numfree
 .any.text.queuebuf_new_from_packetbuf
                0x0000f0e0       0x4e contiki-trxeb1120.a(queuebuf.o)
                0x0000f0e0                queuebuf_new_from_packetbuf
 .any.text.queuebuf_update_attr_from_packetbuf
                0x0000f12e       0x12 contiki-trxeb1120.a(queuebuf.o)
                0x0000f12e                queuebuf_update_attr_from_packetbuf
 .any.text.queuebuf_update_from_packetbuf