Archive member included because of file (symbol)

contiki-cc13xx.a(contiki-main.o)
                              obj_cc13xx/startup_gcc.o (main)
contiki-cc13xx.a(board.o)     contiki-cc13xx.a(contiki-main.o) (board_init)
contiki-cc13xx.a(node-id.o)   contiki-cc13xx.a(contiki-main.o) (node_id_burn)
contiki-cc13xx.a(prop-mode.o)
                              contiki-cc13xx.a(contiki-main.o) (prop_mode_driver)
contiki-cc13xx.a(prop-mode-tx-po)
                              contiki-cc13xx.a(prop-mode.o) (prop_mode_tx_power_431_527)
contiki-cc13xx.a(clock.o)     contiki-cc13xx.a(contiki-main.o) (clock_init)
contiki-cc13xx.a(rtimer-arch.o)
                              contiki-cc13xx.a(contiki-main.o) (rtimer_arch_now)
contiki-cc13xx.a(soc-rtc.o)   contiki-cc13xx.a(contiki-main.o) (soc_rtc_init)
contiki-cc13xx.a(contiki-watchdo)
                              contiki-cc13xx.a(contiki-main.o) (watchdog_init)
contiki-cc13xx.a(putchar.o)   udp-server.co (puts)
contiki-cc13xx.a(ieee-addr.o)
                              contiki-cc13xx.a(contiki-main.o) (ieee_addr_cpy_to)
contiki-cc13xx.a(cc26xx-uart.o)
                              contiki-cc13xx.a(contiki-main.o) (cc26xx_uart_init)
contiki-cc13xx.a(lpm.o)       contiki-cc13xx.a(contiki-main.o) (lpm_drop)
contiki-cc13xx.a(oscillators.o)
                              contiki-cc13xx.a(contiki-main.o) (oscillators_select_lf_xosc)
contiki-cc13xx.a(netconfig.o)
                              contiki-cc13xx.a(soc-rtc.o) (update_soft_time)
contiki-cc13xx.a(rf-core.o)   contiki-cc13xx.a(prop-mode.o) (rf_core_is_accessible)
contiki-cc13xx.a(rf-ble.o)    contiki-cc13xx.a(prop-mode.o) (rf_ble_is_active)
contiki-cc13xx.a(random.o)    contiki-cc13xx.a(contiki-main.o) (random_init)
contiki-cc13xx.a(soc-trng.o)  contiki-cc13xx.a(random.o) (soc_trng_rand_synchronous)
contiki-cc13xx.a(dbg-printf.o)
                              udp-server.co (printf)
contiki-cc13xx.a(strformat.o)
                              contiki-cc13xx.a(dbg-printf.o) (format_str_v)
contiki-cc13xx.a(autostart.o)
                              contiki-cc13xx.a(contiki-main.o) (autostart_start)
contiki-cc13xx.a(ctimer.o)    contiki-cc13xx.a(contiki-main.o) (ctimer_init)
contiki-cc13xx.a(energest.o)  contiki-cc13xx.a(contiki-main.o) (energest_init)
contiki-cc13xx.a(etimer.o)    contiki-cc13xx.a(clock.o) (etimer_request_poll)
contiki-cc13xx.a(process.o)   contiki-cc13xx.a(soc-trng.o) (process_alloc_event)
contiki-cc13xx.a(rtimer.o)    contiki-cc13xx.a(contiki-main.o) (rtimer_init)
contiki-cc13xx.a(timer.o)     contiki-cc13xx.a(etimer.o) (timer_set)
contiki-cc13xx.a(serial-line.o)
                              contiki-cc13xx.a(contiki-main.o) (serial_line_init)
contiki-cc13xx.a(list.o)      contiki-cc13xx.a(lpm.o) (list_init)
contiki-cc13xx.a(ringbuf.o)   contiki-cc13xx.a(serial-line.o) (ringbuf_init)
contiki-cc13xx.a(uip-ds6.o)   udp-server.co (uip_ds6_addr_lookup)
contiki-cc13xx.a(uip-ds6-route.o)
                              contiki-cc13xx.a(uip-ds6.o) (uip_ds6_route_init)
contiki-cc13xx.a(uip6.o)      udp-server.co (uip_aligned_buf)
contiki-cc13xx.a(uip-ds6-nbr.o)
                              contiki-cc13xx.a(uip-ds6.o) (uip_ds6_neighbors_init)
contiki-cc13xx.a(uip-nd6.o)   contiki-cc13xx.a(uip6.o) (uip_nd6_init)
contiki-cc13xx.a(sicslowpan.o)
                              contiki-cc13xx.a(contiki-main.o) (sicslowpan_driver)
contiki-cc13xx.a(uip-debug.o)
                              udp-server.co (uip_debug_ipaddr_print)
contiki-cc13xx.a(uip-udp-packet.)
                              udp-server.co (uip_udp_packet_sendto)
contiki-cc13xx.a(tcpip.o)     contiki-cc13xx.a(sicslowpan.o) (tcpip_set_outputfunc)
contiki-cc13xx.a(rpl-dag.o)   udp-server.co (rpl_set_prefix)
contiki-cc13xx.a(rpl-timers.o)
                              contiki-cc13xx.a(rpl-dag.o) (rpl_reset_dio_timer)
contiki-cc13xx.a(rpl.o)       contiki-cc13xx.a(uip-ds6-nbr.o) (rpl_link_neighbor_callback)
contiki-cc13xx.a(rpl-mrhof.o)
                              contiki-cc13xx.a(rpl-dag.o) (rpl_mrhof)
contiki-cc13xx.a(setup.o)     obj_cc13xx/startup_gcc.o (NOROM_SetupTrimDevice)
contiki-cc13xx.a(osc.o)       contiki-cc13xx.a(oscillators.o) (NOROM_OSCClockSourceSet)
contiki-cc13xx.a(setup_rom.o)
                              contiki-cc13xx.a(setup.o) (NOROM_SetupAfterColdResetWakeupFromShutDownCfg1)
contiki-cc13xx.a(cpu.o)       contiki-cc13xx.a(contiki-main.o) (NOROM_CPUcpsid)
contiki-cc13xx.a(ddi.o)       contiki-cc13xx.a(setup_rom.o) (NOROM_DDI32RegWrite)
contiki-cc13xx.a(rfc.o)       contiki-cc13xx.a(prop-mode.o) (NOROM_RFCRTrim)
contiki-cc13xx.a(chipinfo.o)  contiki-cc13xx.a(prop-mode.o) (NOROM_ChipInfo_GetChipFamily)
contiki-cc13xx.a(adi.o)       contiki-cc13xx.a(oscillators.o) (SafeHapiVoid)
contiki-cc13xx.a(sys_ctrl.o)  contiki-cc13xx.a(lpm.o) (NOROM_SysCtrlSetRechargeBeforePowerDown)
contiki-cc13xx.a(pwr_ctrl.o)  contiki-cc13xx.a(lpm.o) (NOROM_PowerCtrlSourceSet)
contiki-cc13xx.a(trng.o)      contiki-cc13xx.a(soc-trng.o) (NOROM_TRNGConfigure)
[...]
Memory Configuration

Name             Origin             Length             Attributes
FLASH            0x00000000         0x0001e000         xr
FLASH_DATA       0x0001e000         0x00001000         xr
FLASH_CCFG       0x0001ffa8         0x00000058         xr
SRAM             0x20000000         0x00005000         xrw
GPRAM            0x11000000         0x00002000         xrw
*default*        0x00000000         0xffffffff

Linker script and memory map

LOAD obj_cc13xx/fault-handlers.o
LOAD obj_cc13xx/ccfg.o
LOAD obj_cc13xx/startup_gcc.o
LOAD udp-server.co
LOAD contiki-cc13xx.a
LOAD /opt/my1310ARM/toolchain/gcc-arm-none-eabi-4_9-2015q3/bin/../lib/gcc/arm-none-eabi/4.9.3/../../../../arm-none-eabi/lib/armv7-m/libm.a
START GROUP
LOAD /opt/my1310ARM/toolchain/gcc-arm-none-eabi-4_9-2015q3/bin/../lib/gcc/arm-none-eabi/4.9.3/armv7-m/libgcc.a
LOAD /opt/my1310ARM/toolchain/gcc-arm-none-eabi-4_9-2015q3/bin/../lib/gcc/arm-none-eabi/4.9.3/../../../../arm-none-eabi/lib/armv7-m/libc.a
END GROUP
START GROUP
LOAD /opt/my1310ARM/toolchain/gcc-arm-none-eabi-4_9-2015q3/bin/../lib/gcc/arm-none-eabi/4.9.3/armv7-m/libgcc.a
LOAD /opt/my1310ARM/toolchain/gcc-arm-none-eabi-4_9-2015q3/bin/../lib/gcc/arm-none-eabi/4.9.3/../../../../arm-none-eabi/lib/armv7-m/libc.a
LOAD /opt/my1310ARM/toolchain/gcc-arm-none-eabi-4_9-2015q3/bin/../lib/gcc/arm-none-eabi/4.9.3/../../../../arm-none-eabi/lib/armv7-m/libnosys.a
END GROUP
                0x20005000                _estack = (ORIGIN (SRAM) + 0x5000)
                0x00000000                _Min_Heap_Size = 0x0
                0x00000100                _Min_Stack_Size = 0x100

.text           0x00000000     0xd5a8
                0x00000000                _text = .
 *(SORT(.vectors))
 .vectors       0x00000000       0xc8 obj_cc13xx/startup_gcc.o
                0x00000000                g_pfnVectors
 *(SORT(.text*))
 .text.FaultISR
                0x000000c8       0x18 obj_cc13xx/fault-handlers.o
                0x000000c8                FaultISR
 .text.NmiSRHandler
                0x000000e0        0x4 obj_cc13xx/startup_gcc.o
                0x000000e0                NmiSR
 .text.IntDefaultHandler
                0x000000e4        0x4 obj_cc13xx/startup_gcc.o
                0x000000e4                SSI0IntHandler
                0x000000e4                SWEvent0IntHandler
                0x000000e4                uDMAIntHandler
                0x000000e4                WatchdogIntHandler
                0x000000e4                RFCHardwareIntHandler
                0x000000e4                Timer1BIntHandler
                0x000000e4                I2SIntHandler
                0x000000e4                Timer2BIntHandler
                0x000000e4                Timer2AIntHandler
                0x000000e4                Timer1AIntHandler
                0x000000e4                GPIOIntHandler
                0x000000e4                AONIntHandler
                0x000000e4                AUXSWEvent0IntHandler
                0x000000e4                AUXADCIntHandler
                0x000000e4                PendSVIntHandler
                0x000000e4                AUXSWEvent1IntHandler
                0x000000e4                SVCallIntHandler
                0x000000e4                MPUFaultIntHandler
                0x000000e4                SysTickIntHandler
                0x000000e4                BusFaultIntHandler
                0x000000e4                AONProgIntHandler
                0x000000e4                AUXCompAIntHandler
                0x000000e4                SSI1IntHandler
                0x000000e4                FlashIntHandler
                0x000000e4                uDMAErrIntHandler
                0x000000e4                UsageFaultIntHandler
                0x000000e4                RFCCmdAckIntHandler
                0x000000e4                CryptoIntHandler
                0x000000e4                Timer0AIntHandler
                0x000000e4                I2CIntHandler
                0x000000e4                DebugMonIntHandler
                0x000000e4                Timer0BIntHandler
                0x000000e4                AUXCombEventIntHandler
                0x000000e4                Timer3AIntHandler
                0x000000e4                DynProgIntHandler
                0x000000e4                Timer3BIntHandler
 .text.ResetISR
                0x000000e8       0x5c obj_cc13xx/startup_gcc.o
                0x000000e8                ResetISR
 .text.process_thread_udp_server_process
                0x00000144      0x31c udp-server.co
 .text.startup.main
                0x00000460      0x20c contiki-cc13xx.a(contiki-main.o)
                0x00000460                main
 .text.wakeup_handler
                0x0000066c       0x20 contiki-cc13xx.a(board.o)
 .text.board_init
                0x0000068c       0x8c contiki-cc13xx.a(board.o)
                0x0000068c                board_init
 .text.node_id_burn
                0x00000718        0xc contiki-cc13xx.a(node-id.o)
                0x00000718                node_id_burn
 .text.normalbyte_rfchannel_burn
                0x00000724       0x28 contiki-cc13xx.a(node-id.o)
                0x00000724                normalbyte_rfchannel_burn
 .text.normalbyte_rfchannel_restore
                0x0000074c       0x4c contiki-cc13xx.a(node-id.o)
                0x0000074c                normalbyte_rfchannel_restore
 .text.restart_count_byte_burn
                0x00000798       0x20 contiki-cc13xx.a(node-id.o)
                0x00000798                restart_count_byte_burn
 .text.restart_count_byte_restore
                0x000007b8       0x24 contiki-cc13xx.a(node-id.o)
                0x000007b8                restart_count_byte_restore
 .text.get_object
                0x000007dc        0x4 contiki-cc13xx.a(prop-mode.o)
 .text.set_object
                0x000007e0        0x4 contiki-cc13xx.a(prop-mode.o)
 .text.request  0x000007e4       0x20 contiki-cc13xx.a(prop-mode.o)
 .text.soft_off_prop
                0x00000804       0x3c contiki-cc13xx.a(prop-mode.o)
 .text.prepare  0x00000840       0x1c contiki-cc13xx.a(prop-mode.o)
 .text.pending_packet
                0x0000085c       0x34 contiki-cc13xx.a(prop-mode.o)
 .text.read_frame
                0x00000890       0x50 contiki-cc13xx.a(prop-mode.o)
 .text.rx_off_prop
                0x000008e0       0x78 contiki-cc13xx.a(prop-mode.o)
 .text.rx_on_prop
                0x00000958       0x8c contiki-cc13xx.a(prop-mode.o)
 .text.prop_div_radio_setup
                0x000009e4       0x50 contiki-cc13xx.a(prop-mode.o)
 .text.prop_fs  0x00000a34       0x34 contiki-cc13xx.a(prop-mode.o)
 .text.soft_on_prop
                0x00000a68       0x20 contiki-cc13xx.a(prop-mode.o)
 .text.off      0x00000a88       0x58 contiki-cc13xx.a(prop-mode.o)
 .text.on       0x00000ae0      0x1fc contiki-cc13xx.a(prop-mode.o)
 .text.set_value
                0x00000cdc      0x19c contiki-cc13xx.a(prop-mode.o)
 .text.get_value
                0x00000e78      0x16c contiki-cc13xx.a(prop-mode.o)
 .text.transmit
                0x00000fe4      0x12c contiki-cc13xx.a(prop-mode.o)
 .text.send     0x00001110       0x24 contiki-cc13xx.a(prop-mode.o)
 .text.channel_clear
                0x00001134       0x74 contiki-cc13xx.a(prop-mode.o)
 .text.receiving_packet
                0x000011a8       0x28 contiki-cc13xx.a(prop-mode.o)
 .text.init     0x000011d0       0xa0 contiki-cc13xx.a(prop-mode.o)
 .text.power_domain_on
                0x00001270       0x20 contiki-cc13xx.a(clock.o)
 .text.clock_init
                0x00001290       0x98 contiki-cc13xx.a(clock.o)
                0x00001290                clock_init
 .text.clock_time
                0x00001328       0x34 contiki-cc13xx.a(clock.o)
                0x00001328                clock_time
 .text.clock_update
                0x0000135c       0x3c contiki-cc13xx.a(clock.o)
                0x0000135c                clock_update
 .text.clock_seconds
                0x00001398       0x18 contiki-cc13xx.a(clock.o)
                0x00001398                clock_seconds
 .text.rtimer_arch_init
                0x000013b0        0x4 contiki-cc13xx.a(rtimer-arch.o)
                0x000013b0                rtimer_arch_init
 .text.rtimer_arch_schedule
                0x000013b4        0x8 contiki-cc13xx.a(rtimer-arch.o)
                0x000013b4                rtimer_arch_schedule
 .text.rtimer_arch_now
                0x000013bc        0x4 contiki-cc13xx.a(rtimer-arch.o)
                0x000013bc                rtimer_arch_now
 .text.soc_rtc_init
                0x000013c0       0xb8 contiki-cc13xx.a(soc-rtc.o)
                0x000013c0                soc_rtc_init
 .text.soc_rtc_schedule_one_shot
                0x00001478       0x4c contiki-cc13xx.a(soc-rtc.o)
                0x00001478                soc_rtc_schedule_one_shot
 .text.soc_rtc_last_isr_time
                0x000014c4        0xc contiki-cc13xx.a(soc-rtc.o)
                0x000014c4                soc_rtc_last_isr_time
 .text.AONRTCIntHandler
                0x000014d0      0x150 contiki-cc13xx.a(soc-rtc.o)
                0x000014d0                AONRTCIntHandler
 .text.lock_config
                0x00001620       0x18 contiki-cc13xx.a(contiki-watchdo)
 .text.unlock_config
                0x00001638       0x2c contiki-cc13xx.a(contiki-watchdo)
 .text.watchdog_init
                0x00001664       0x1c contiki-cc13xx.a(contiki-watchdo)
                0x00001664                watchdog_init
 .text.watchdog_start
                0x00001680       0x30 contiki-cc13xx.a(contiki-watchdo)
                0x00001680                watchdog_start
 .text.watchdog_periodic
                0x000016b0       0x1c contiki-cc13xx.a(contiki-watchdo)
                0x000016b0                watchdog_periodic
 .text.putchar  0x000016cc       0x10 contiki-cc13xx.a(putchar.o)
                0x000016cc                putchar
 .text.puts     0x000016dc       0x30 contiki-cc13xx.a(putchar.o)
                0x000016dc                puts
 .text.dbg_send_bytes
                0x0000170c       0x40 contiki-cc13xx.a(putchar.o)
                0x0000170c                dbg_send_bytes
 .text.ieee_addr_cpy_to
                0x0000174c       0x40 contiki-cc13xx.a(ieee-addr.o)
                0x0000174c                ieee_addr_cpy_to
 .text.power_and_clock
                0x0000178c       0x40 contiki-cc13xx.a(cc26xx-uart.o)
 .text.enable   0x000017cc       0xf4 contiki-cc13xx.a(cc26xx-uart.o)
 .text.accessible
                0x000018c0       0x24 contiki-cc13xx.a(cc26xx-uart.o)
 .text.lpm_drop_handler
                0x000018e4       0xcc contiki-cc13xx.a(cc26xx-uart.o)
 .text.cc26xx_uart_init
                0x000019b0       0x28 contiki-cc13xx.a(cc26xx-uart.o)
                0x000019b0                cc26xx_uart_init
 .text.cc26xx_uart_write_byte
                0x000019d8       0x28 contiki-cc13xx.a(cc26xx-uart.o)
                0x000019d8                cc26xx_uart_write_byte
 .text.cc26xx_uart_busy
                0x00001a00       0x18 contiki-cc13xx.a(cc26xx-uart.o)
                0x00001a00                cc26xx_uart_busy
 .text.UART0IntHandler
                0x00001a18       0x88 contiki-cc13xx.a(cc26xx-uart.o)
                0x00001a18                UART0IntHandler
 .text.lpm_sleep
                0x00001aa0       0x88 contiki-cc13xx.a(lpm.o)
                0x00001aa0                lpm_sleep
 .text.lpm_drop
                0x00001b28      0x2dc contiki-cc13xx.a(lpm.o)
                0x00001b28                lpm_drop
 .text.lpm_register_module
                0x00001e04        0xc contiki-cc13xx.a(lpm.o)
                0x00001e04                lpm_register_module
 .text.lpm_unregister_module
                0x00001e10        0xc contiki-cc13xx.a(lpm.o)
                0x00001e10                lpm_unregister_module
 .text.lpm_init
                0x00001e1c        0xc contiki-cc13xx.a(lpm.o)
                0x00001e1c                lpm_init
 .text.lpm_pin_set_default_state
                0x00001e28       0x2c contiki-cc13xx.a(lpm.o)
                0x00001e28                lpm_pin_set_default_state
 .text.oscillators_select_lf_xosc
                0x00001e54       0x58 contiki-cc13xx.a(oscillators.o)
                0x00001e54                oscillators_select_lf_xosc
 .text.oscillators_request_hf_xosc
                0x00001eac       0x30 contiki-cc13xx.a(oscillators.o)
                0x00001eac                oscillators_request_hf_xosc
 .text.oscillators_switch_to_hf_xosc
                0x00001edc       0x34 contiki-cc13xx.a(oscillators.o)
                0x00001edc                oscillators_switch_to_hf_xosc
 .text.oscillators_switch_to_hf_rc
                0x00001f10       0x38 contiki-cc13xx.a(oscillators.o)
                0x00001f10                oscillators_switch_to_hf_rc
 .text.update_soft_time
                0x00001f48       0x44 contiki-cc13xx.a(netconfig.o)
                0x00001f48                update_soft_time
 .text.set_init_flag
                0x00001f8c        0xc contiki-cc13xx.a(netconfig.o)
                0x00001f8c                set_init_flag
 .text.get_init_flag
                0x00001f98        0xc contiki-cc13xx.a(netconfig.o)
                0x00001f98                get_init_flag
 .text.set_active_flag
                0x00001fa4       0x5c contiki-cc13xx.a(netconfig.o)
                0x00001fa4                set_active_flag
 .text.syn_update_timenow
                0x00002000       0x1c contiki-cc13xx.a(netconfig.o)
                0x00002000                syn_update_timenow
 .text.get_timenow
                0x0000201c       0x14 contiki-cc13xx.a(netconfig.o)
                0x0000201c                get_timenow
 .text.get_idle_time
                0x00002030       0xb0 contiki-cc13xx.a(netconfig.o)
                0x00002030                get_idle_time
 .text.get_active_flag
                0x000020e0        0xc contiki-cc13xx.a(netconfig.o)
                0x000020e0                get_active_flag
 .text.get_nowdays
                0x000020ec        0xc contiki-cc13xx.a(netconfig.o)
                0x000020ec                get_nowdays
 .text.set_autocal_info
                0x000020f8       0x20 contiki-cc13xx.a(netconfig.o)
                0x000020f8                set_autocal_info
 .text.get_cal_count
                0x00002118        0xc contiki-cc13xx.a(netconfig.o)
                0x00002118                get_cal_count
 .text.set_cal_countaddone
                0x00002124       0x10 contiki-cc13xx.a(netconfig.o)
                0x00002124                set_cal_countaddone
 .text.get_cal_offest
                0x00002134        0xc contiki-cc13xx.a(netconfig.o)
                0x00002134                get_cal_offest
 .text.get_cal_interval
                0x00002140        0xc contiki-cc13xx.a(netconfig.o)
                0x00002140                get_cal_interval
 .text.set_cal_countzero
                0x0000214c        0xc contiki-cc13xx.a(netconfig.o)
                0x0000214c                set_cal_countzero
 .text.process_thread_rf_core_process
                0x00002158       0x58 contiki-cc13xx.a(rf-core.o)
 .text.rf_core_is_accessible
                0x000021b0       0x10 contiki-cc13xx.a(rf-core.o)
                0x000021b0                rf_core_is_accessible
 .text.rf_core_send_cmd
                0x000021c0       0xa4 contiki-cc13xx.a(rf-core.o)
                0x000021c0                rf_core_send_cmd
 .text.rf_core_wait_cmd_done
                0x00002264       0x30 contiki-cc13xx.a(rf-core.o)
                0x00002264                rf_core_wait_cmd_done
 .text.rf_core_power_up
                0x00002294       0xcc contiki-cc13xx.a(rf-core.o)
                0x00002294                rf_core_power_up
 .text.rf_core_start_rat
                0x00002360       0x68 contiki-cc13xx.a(rf-core.o)
                0x00002360                rf_core_start_rat
 .text.rf_core_stop_rat
                0x000023c8       0x7c contiki-cc13xx.a(rf-core.o)
                0x000023c8                rf_core_stop_rat
 .text.rf_core_power_down
                0x00002444       0xec contiki-cc13xx.a(rf-core.o)
                0x00002444                rf_core_power_down
 .text.rf_core_set_modesel
                0x00002530       0x44 contiki-cc13xx.a(rf-core.o)
                0x00002530                rf_core_set_modesel
 .text.rf_core_setup_interrupts
                0x00002574       0x74 contiki-cc13xx.a(rf-core.o)
                0x00002574                rf_core_setup_interrupts
 .text.rf_core_cmd_done_en
                0x000025e8       0x28 contiki-cc13xx.a(rf-core.o)
                0x000025e8                rf_core_cmd_done_en
 .text.rf_core_cmd_done_dis
                0x00002610       0x18 contiki-cc13xx.a(rf-core.o)
                0x00002610                rf_core_cmd_done_dis
 .text.rf_core_get_last_radio_op
                0x00002628        0xc contiki-cc13xx.a(rf-core.o)
                0x00002628                rf_core_get_last_radio_op
 .text.rf_core_primary_mode_register
                0x00002634        0xc contiki-cc13xx.a(rf-core.o)
                0x00002634                rf_core_primary_mode_register
 .text.RFCCPE1IntHandler
                0x00002640       0x5c contiki-cc13xx.a(rf-core.o)
                0x00002640                RFCCPE1IntHandler
 .text.RFCCPE0IntHandler
                0x0000269c       0x90 contiki-cc13xx.a(rf-core.o)
                0x0000269c                RFCCPE0IntHandler
 .text.rf_ble_is_active
                0x0000272c        0xc contiki-cc13xx.a(rf-ble.o)
                0x0000272c                rf_ble_is_active
 .text.random_rand
                0x00002738        0xc contiki-cc13xx.a(random.o)
                0x00002738                random_rand
 .text.random_init
                0x00002744        0x4 contiki-cc13xx.a(random.o)
                0x00002744                random_init
 .text.power_up
                0x00002748       0x40 contiki-cc13xx.a(soc-trng.o)
 .text.request  0x00002788       0x14 contiki-cc13xx.a(soc-trng.o)
 .text.process_thread_soc_trng_process
                0x0000279c       0x94 contiki-cc13xx.a(soc-trng.o)
 .text.accessible
                0x00002830       0x24 contiki-cc13xx.a(soc-trng.o)
 .text.soc_trng_rand_synchronous
                0x00002854       0xc4 contiki-cc13xx.a(soc-trng.o)
                0x00002854                soc_trng_rand_synchronous
 .text.TRNGIntHandler
                0x00002918       0x88 contiki-cc13xx.a(soc-trng.o)
                0x00002918                TRNGIntHandler
 .text.soc_trng_init
                0x000029a0       0x28 contiki-cc13xx.a(soc-trng.o)
                0x000029a0                soc_trng_init
 .text.write_str
                0x000029c8       0x14 contiki-cc13xx.a(dbg-printf.o)
 .text.printf   0x000029dc       0x24 contiki-cc13xx.a(dbg-printf.o)
                0x000029dc                printf
 .text.fill_space
                0x00002a00       0x3c contiki-cc13xx.a(strformat.o)
 .text.format_str_v
                0x00002a3c      0x95c contiki-cc13xx.a(strformat.o)
                0x00002a3c                format_str_v
 .text.autostart_start
                0x00003398       0x18 contiki-cc13xx.a(autostart.o)
                0x00003398                autostart_start
 .text.process_thread_ctimer_process
                0x000033b0       0x94 contiki-cc13xx.a(ctimer.o)
 .text.ctimer_init
                0x00003444       0x28 contiki-cc13xx.a(ctimer.o)
                0x00003444                ctimer_init
 .text.ctimer_set_with_process
                0x0000346c       0x4c contiki-cc13xx.a(ctimer.o)
                0x0000346c                ctimer_set_with_process
 .text.ctimer_set
                0x000034b8       0x18 contiki-cc13xx.a(ctimer.o)
                0x000034b8                ctimer_set
 .text.ctimer_reset
                0x000034d0       0x38 contiki-cc13xx.a(ctimer.o)
                0x000034d0                ctimer_reset
 .text.ctimer_stop
                0x00003508       0x34 contiki-cc13xx.a(ctimer.o)
                0x00003508                ctimer_stop
 .text.energest_init
                0x0000353c       0x30 contiki-cc13xx.a(energest.o)
                0x0000353c                energest_init
 .text.energest_type_time
                0x0000356c       0x3c contiki-cc13xx.a(energest.o)
                0x0000356c                energest_type_time
 .text.energest_type_set
                0x000035a8        0xc contiki-cc13xx.a(energest.o)
                0x000035a8                energest_type_set
 .text.update_time
                0x000035b4       0x44 contiki-cc13xx.a(etimer.o)
 .text.process_thread_etimer_process
                0x000035f8       0xc8 contiki-cc13xx.a(etimer.o)
 .text.add_timer
                0x000036c0       0x54 contiki-cc13xx.a(etimer.o)
 .text.etimer_request_poll
                0x00003714        0xc contiki-cc13xx.a(etimer.o)
                0x00003714                etimer_request_poll
 .text.etimer_set
                0x00003720       0x14 contiki-cc13xx.a(etimer.o)
                0x00003720                etimer_set
 .text.etimer_reset
                0x00003734       0x14 contiki-cc13xx.a(etimer.o)
                0x00003734                etimer_reset
 .text.etimer_restart
                0x00003748       0x14 contiki-cc13xx.a(etimer.o)
                0x00003748                etimer_restart
 .text.etimer_expired
                0x0000375c        0xc contiki-cc13xx.a(etimer.o)
                0x0000375c                etimer_expired
 .text.etimer_pending
                0x00003768       0x10 contiki-cc13xx.a(etimer.o)
                0x00003768                etimer_pending
 .text.etimer_next_expiration_time
                0x00003778       0x14 contiki-cc13xx.a(etimer.o)
                0x00003778                etimer_next_expiration_time
 .text.etimer_stop
                0x0000378c       0x4c contiki-cc13xx.a(etimer.o)
                0x0000378c                etimer_stop
 .text.exit_process
                0x000037d8       0xb0 contiki-cc13xx.a(process.o)
 .text.call_process.part.0
                0x00003888       0x38 contiki-cc13xx.a(process.o)
 .text.do_poll  0x000038c0       0x3c contiki-cc13xx.a(process.o)
 .text.process_alloc_event
                0x000038fc       0x10 contiki-cc13xx.a(process.o)
                0x000038fc                process_alloc_event
 .text.process_exit
                0x0000390c        0xc contiki-cc13xx.a(process.o)
                0x0000390c                process_exit
 .text.process_init
                0x00003918       0x34 contiki-cc13xx.a(process.o)
                0x00003918                process_init
 .text.process_run
                0x0000394c       0xd8 contiki-cc13xx.a(process.o)
                0x0000394c                process_run
 .text.process_nevents
                0x00003a24       0x14 contiki-cc13xx.a(process.o)
                0x00003a24                process_nevents
 .text.process_post
                0x00003a38       0x50 contiki-cc13xx.a(process.o)
                0x00003a38                process_post
 .text.process_post_synch
                0x00003a88       0x18 contiki-cc13xx.a(process.o)
                0x00003a88                process_post_synch
 .text.process_start
                0x00003aa0       0x40 contiki-cc13xx.a(process.o)
                0x00003aa0                process_start
 .text.process_poll
                0x00003ae0       0x18 contiki-cc13xx.a(process.o)
                0x00003ae0                process_poll
 .text.rtimer_init
                0x00003af8        0x4 contiki-cc13xx.a(rtimer.o)
                0x00003af8                rtimer_init
 .text.rtimer_set
                0x00003afc       0x2c contiki-cc13xx.a(rtimer.o)
                0x00003afc                rtimer_set
 .text.rtimer_run_next
                0x00003b28       0x28 contiki-cc13xx.a(rtimer.o)
                0x00003b28                rtimer_run_next
 .text.timer_set
                0x00003b50       0x10 contiki-cc13xx.a(timer.o)
                0x00003b50                timer_set
 .text.timer_reset
                0x00003b60        0xc contiki-cc13xx.a(timer.o)
                0x00003b60                timer_reset
 .text.timer_restart
                0x00003b6c        0xc contiki-cc13xx.a(timer.o)
                0x00003b6c                timer_restart
 .text.timer_expired
                0x00003b78       0x1c contiki-cc13xx.a(timer.o)
                0x00003b78                timer_expired
 .text.process_thread_serial_line_process
                0x00003b94       0xb4 contiki-cc13xx.a(serial-line.o)
 .text.serial_line_init
                0x00003c48       0x24 contiki-cc13xx.a(serial-line.o)
                0x00003c48                serial_line_init
 .text.list_init
                0x00003c6c        0x8 contiki-cc13xx.a(list.o)
                0x00003c6c                list_init
 .text.list_head
                0x00003c74        0x4 contiki-cc13xx.a(list.o)
                0x00003c74                list_head
 .text.list_add
                0x00003c78       0x48 contiki-cc13xx.a(list.o)
                0x00003c78                list_add
 .text.list_push
                0x00003cc0       0x40 contiki-cc13xx.a(list.o)
                0x00003cc0                list_push
 .text.list_remove
                0x00003d00       0x2c contiki-cc13xx.a(list.o)
                0x00003d00                list_remove
 .text.list_length
                0x00003d2c       0x14 contiki-cc13xx.a(list.o)
                0x00003d2c                list_length
 .text.list_item_next
                0x00003d40        0x8 contiki-cc13xx.a(list.o)
                0x00003d40                list_item_next
 .text.ringbuf_init
                0x00003d48       0x10 contiki-cc13xx.a(ringbuf.o)
                0x00003d48                ringbuf_init
 .text.ringbuf_get
                0x00003d58       0x28 contiki-cc13xx.a(ringbuf.o)
                0x00003d58                ringbuf_get
 .text.uip_ds6_list_loop
                0x00003d80       0x60 contiki-cc13xx.a(uip-ds6.o)
                0x00003d80                uip_ds6_list_loop
 .text.uip_ds6_prefix_add
                0x00003de0       0x6c contiki-cc13xx.a(uip-ds6.o)
                0x00003de0                uip_ds6_prefix_add
 .text.uip_ds6_is_addr_onlink
                0x00003e4c       0x3c contiki-cc13xx.a(uip-ds6.o)
                0x00003e4c                uip_ds6_is_addr_onlink
 .text.uip_ds6_addr_lookup
                0x00003e88       0x30 contiki-cc13xx.a(uip-ds6.o)
                0x00003e88                uip_ds6_addr_lookup
 .text.uip_ds6_get_link_local
                0x00003eb8       0x44 contiki-cc13xx.a(uip-ds6.o)
                0x00003eb8                uip_ds6_get_link_local
 .text.uip_ds6_maddr_add
                0x00003efc       0x50 contiki-cc13xx.a(uip-ds6.o)
                0x00003efc                uip_ds6_maddr_add
 .text.uip_ds6_addr_add
                0x00003f4c       0xa8 contiki-cc13xx.a(uip-ds6.o)
                0x00003f4c                uip_ds6_addr_add
 .text.uip_ds6_maddr_lookup
                0x00003ff4       0x30 contiki-cc13xx.a(uip-ds6.o)
                0x00003ff4                uip_ds6_maddr_lookup
 .text.uip_ds6_addr_rm
                0x00004024       0x48 contiki-cc13xx.a(uip-ds6.o)
                0x00004024                uip_ds6_addr_rm
 .text.uip_ds6_periodic
                0x0000406c       0x60 contiki-cc13xx.a(uip-ds6.o)
                0x0000406c                uip_ds6_periodic
 .text.uip_ds6_select_src
                0x000040cc       0xf4 contiki-cc13xx.a(uip-ds6.o)
                0x000040cc                uip_ds6_select_src
 .text.uip_ds6_set_addr_iid
                0x000041c0       0x14 contiki-cc13xx.a(uip-ds6.o)
                0x000041c0                uip_ds6_set_addr_iid
 .text.uip_ds6_compute_reachable_time
                0x000041d4       0x28 contiki-cc13xx.a(uip-ds6.o)
                0x000041d4                uip_ds6_compute_reachable_time
 .text.uip_ds6_init
                0x000041fc       0xf8 contiki-cc13xx.a(uip-ds6.o)
                0x000041fc                uip_ds6_init
 .text.call_route_callback
                0x000042f4       0x48 contiki-cc13xx.a(uip-ds6-route.o)
 .text.uip_ds6_route_init
                0x0000433c       0x24 contiki-cc13xx.a(uip-ds6-route.o)
                0x0000433c                uip_ds6_route_init
 .text.uip_ds6_defrt_rm
                0x00004360       0x48 contiki-cc13xx.a(uip-ds6-route.o)
                0x00004360                uip_ds6_defrt_rm
 .text.uip_ds6_defrt_lookup
                0x000043a8       0x34 contiki-cc13xx.a(uip-ds6-route.o)
                0x000043a8                uip_ds6_defrt_lookup
 .text.uip_ds6_defrt_add
                0x000043dc       0x5c contiki-cc13xx.a(uip-ds6-route.o)
                0x000043dc                uip_ds6_defrt_add
 .text.uip_ds6_defrt_choose
                0x00004438       0x34 contiki-cc13xx.a(uip-ds6-route.o)
                0x00004438                uip_ds6_defrt_choose
 .text.uip_ds6_defrt_periodic
                0x0000446c       0x3c contiki-cc13xx.a(uip-ds6-route.o)
                0x0000446c                uip_ds6_defrt_periodic
 .text.chksum   0x000044a8       0x50 contiki-cc13xx.a(uip6.o)
 .text.upper_layer_chksum
                0x000044f8       0x58 contiki-cc13xx.a(uip6.o)
 .text.ext_hdr_options_process
                0x00004550       0x7c contiki-cc13xx.a(uip6.o)
 .text.uip_add32
                0x000045cc       0x58 contiki-cc13xx.a(uip6.o)
                0x000045cc                uip_add32
 .text.unlikely.uip_add_rcv_nxt
                0x00004624       0x2c contiki-cc13xx.a(uip6.o)
 .text.uip_icmp6chksum
                0x00004650        0x8 contiki-cc13xx.a(uip6.o)
                0x00004650                uip_icmp6chksum
 .text.uip_init
                0x00004658       0x64 contiki-cc13xx.a(uip6.o)
                0x00004658                uip_init
 .text.remove_ext_hdr
                0x000046bc       0x60 contiki-cc13xx.a(uip6.o)
                0x000046bc                remove_ext_hdr
 .text.uip_udp_new
                0x0000471c       0xd4 contiki-cc13xx.a(uip6.o)
                0x0000471c                uip_udp_new
 .text.uip_unlisten
                0x000047f0       0x44 contiki-cc13xx.a(uip6.o)
                0x000047f0                uip_unlisten
 .text.uip_process
                0x00004834     0x1158 contiki-cc13xx.a(uip6.o)
                0x00004834                uip_process
 .text.uip_htons
                0x0000598c        0x8 contiki-cc13xx.a(uip6.o)
                0x0000598c                uip_htons
 .text.uip_ds6_nbr_rm
                0x00005994       0x20 contiki-cc13xx.a(uip-ds6-nbr.o)
                0x00005994                uip_ds6_nbr_rm
 .text.uip_ds6_neighbors_init
                0x000059b4       0x14 contiki-cc13xx.a(uip-ds6-nbr.o)
                0x000059b4                uip_ds6_neighbors_init
 .text.uip_ds6_nbr_add
                0x000059c8       0x54 contiki-cc13xx.a(uip-ds6-nbr.o)
                0x000059c8                uip_ds6_nbr_add
 .text.uip_ds6_nbr_get_ll
                0x00005a1c       0x10 contiki-cc13xx.a(uip-ds6-nbr.o)
                0x00005a1c                uip_ds6_nbr_get_ll
 .text.uip_ds6_nbr_num
                0x00005a2c       0x28 contiki-cc13xx.a(uip-ds6-nbr.o)
                0x00005a2c                uip_ds6_nbr_num
 .text.uip_ds6_nbr_lookup
                0x00005a54       0x3c contiki-cc13xx.a(uip-ds6-nbr.o)
                0x00005a54                uip_ds6_nbr_lookup
 .text.uip_ds6_nbr_ipaddr_from_lladdr
                0x00005a90       0x10 contiki-cc13xx.a(uip-ds6-nbr.o)
                0x00005a90                uip_ds6_nbr_ipaddr_from_lladdr
 .text.uip_ds6_nbr_lladdr_from_ipaddr
                0x00005aa0       0x1c contiki-cc13xx.a(uip-ds6-nbr.o)
                0x00005aa0                uip_ds6_nbr_lladdr_from_ipaddr
 .text.uip_ds6_link_neighbor_callback
                0x00005abc       0x64 contiki-cc13xx.a(uip-ds6-nbr.o)
                0x00005abc                uip_ds6_link_neighbor_callback
 .text.uip_ds6_neighbor_periodic
                0x00005b20       0x70 contiki-cc13xx.a(uip-ds6-nbr.o)
                0x00005b20                uip_ds6_neighbor_periodic
 .text.uip_nd6_init
                0x00005b90        0x4 contiki-cc13xx.a(uip-nd6.o)
                0x00005b90                uip_nd6_init
 .text.sicslowpan_init
                0x00005b94       0x24 contiki-cc13xx.a(sicslowpan.o)
                0x00005b94                sicslowpan_init
 .text.set_packet_attrs
                0x00005bb8       0x4c contiki-cc13xx.a(sicslowpan.o)
 .text.compress_addr_64
                0x00005c04       0x9c contiki-cc13xx.a(sicslowpan.o)
 .text.addr_context_lookup_by_prefix
                0x00005ca0       0x28 contiki-cc13xx.a(sicslowpan.o)
 .text.packet_sent
                0x00005cc8       0x28 contiki-cc13xx.a(sicslowpan.o)
 .text.uncompress_addr
                0x00005cf0       0xb8 contiki-cc13xx.a(sicslowpan.o)
 .text.output   0x00005da8      0x600 contiki-cc13xx.a(sicslowpan.o)
 .text.input    0x000063a8      0x48c contiki-cc13xx.a(sicslowpan.o)
 .text.uip_debug_ipaddr_print
                0x00006834       0xb0 contiki-cc13xx.a(uip-debug.o)
                0x00006834                uip_debug_ipaddr_print
 .text.uip_udp_packet_sendto
                0x000068e4       0x58 contiki-cc13xx.a(uip-udp-packet.)
                0x000068e4                uip_udp_packet_sendto
 .text.uip_udp_received_data_preprocess
                0x0000693c       0x2c contiki-cc13xx.a(uip-udp-packet.)
                0x0000693c                uip_udp_received_data_preprocess
 .text.start_periodic_tcp_timer
                0x00006968       0x1c contiki-cc13xx.a(tcpip.o)
 .text.tcpip_set_outputfunc
                0x00006984        0xc contiki-cc13xx.a(tcpip.o)
                0x00006984                tcpip_set_outputfunc
 .text.udp_new  0x00006990       0x18 contiki-cc13xx.a(tcpip.o)
                0x00006990                udp_new
 .text.tcpip_icmp6_call
                0x000069a8       0x28 contiki-cc13xx.a(tcpip.o)
                0x000069a8                tcpip_icmp6_call
 .text.tcpip_input
                0x000069d0       0x24 contiki-cc13xx.a(tcpip.o)
                0x000069d0                tcpip_input
 .text.tcpip_ipv6_output
                0x000069f4       0xe8 contiki-cc13xx.a(tcpip.o)
                0x000069f4                tcpip_ipv6_output
 .text.process_thread_tcpip_process
                0x00006adc      0x20c contiki-cc13xx.a(tcpip.o)
 .text.tcpip_uipcall
                0x00006ce8       0x90 contiki-cc13xx.a(tcpip.o)
                0x00006ce8                tcpip_uipcall
 .text.lollipop_greater_than
                0x00006d78       0x3c contiki-cc13xx.a(rpl-dag.o)
 .text.rpl_set_preferred_parent
                0x00006db4       0x2c contiki-cc13xx.a(rpl-dag.o)
 .text.set_ip_from_prefix
                0x00006de0       0x2c contiki-cc13xx.a(rpl-dag.o)
 .text.check_prefix
                0x00006e0c       0x78 contiki-cc13xx.a(rpl-dag.o)
 .text.find_parent_any_dag_any_instance
                0x00006e84       0x1c contiki-cc13xx.a(rpl-dag.o)
 .text.rpl_get_nbr
                0x00006ea0       0x28 contiki-cc13xx.a(rpl-dag.o)
                0x00006ea0                rpl_get_nbr
 .text.rpl_dag_init
                0x00006ec8       0x14 contiki-cc13xx.a(rpl-dag.o)
                0x00006ec8                rpl_dag_init
 .text.rpl_get_parent_ipaddr
                0x00006edc       0x18 contiki-cc13xx.a(rpl-dag.o)
                0x00006edc                rpl_get_parent_ipaddr
 .text.rpl_set_prefix
                0x00006ef4       0x98 contiki-cc13xx.a(rpl-dag.o)
                0x00006ef4                rpl_set_prefix
 .text.rpl_set_default_route
                0x00006f8c       0x34 contiki-cc13xx.a(rpl-dag.o)
                0x00006f8c                rpl_set_default_route
 .text.rpl_alloc_instance
                0x00006fc0       0x2c contiki-cc13xx.a(rpl-dag.o)
                0x00006fc0                rpl_alloc_instance
 .text.rpl_alloc_dag
                0x00006fec       0x5c contiki-cc13xx.a(rpl-dag.o)
                0x00006fec                rpl_alloc_dag
 .text.rpl_add_parent
                0x00007048       0x44 contiki-cc13xx.a(rpl-dag.o)
                0x00007048                rpl_add_parent
 .text.rpl_find_parent_any_dag
                0x0000708c       0x20 contiki-cc13xx.a(rpl-dag.o)
                0x0000708c                rpl_find_parent_any_dag
 .text.rpl_select_parent
                0x000070ac       0x84 contiki-cc13xx.a(rpl-dag.o)
                0x000070ac                rpl_select_parent
 .text.rpl_select_dag
                0x00007130      0x134 contiki-cc13xx.a(rpl-dag.o)
                0x00007130                rpl_select_dag
 .text.rpl_nullify_parent
                0x00007264       0x30 contiki-cc13xx.a(rpl-dag.o)
                0x00007264                rpl_nullify_parent
 .text.rpl_remove_parent
                0x00007294       0x1c contiki-cc13xx.a(rpl-dag.o)
                0x00007294                rpl_remove_parent
 .text.nbr_callback
                0x000072b0        0x4 contiki-cc13xx.a(rpl-dag.o)
 .text.remove_parents.constprop.4
                0x000072b4       0x44 contiki-cc13xx.a(rpl-dag.o)
 .text.rpl_free_dag
                0x000072f8       0x28 contiki-cc13xx.a(rpl-dag.o)
                0x000072f8                rpl_free_dag
 .text.rpl_set_root
                0x00007320      0x128 contiki-cc13xx.a(rpl-dag.o)
                0x00007320                rpl_set_root
 .text.rpl_move_parent
                0x00007448       0x40 contiki-cc13xx.a(rpl-dag.o)
                0x00007448                rpl_move_parent
 .text.rpl_get_any_dag
                0x00007488       0x18 contiki-cc13xx.a(rpl-dag.o)
                0x00007488                rpl_get_any_dag
 .text.rpl_join_instance
                0x000074a0      0x120 contiki-cc13xx.a(rpl-dag.o)
                0x000074a0                rpl_join_instance
 .text.rpl_local_repair
                0x000075c0       0x50 contiki-cc13xx.a(rpl-dag.o)
                0x000075c0                rpl_local_repair
 .text.rpl_process_parent_event
                0x00007610       0x60 contiki-cc13xx.a(rpl-dag.o)
                0x00007610                rpl_process_parent_event
 .text.rpl_recalculate_ranks
                0x00007670       0x50 contiki-cc13xx.a(rpl-dag.o)
                0x00007670                rpl_recalculate_ranks
 .text.rpl_process_dio
                0x000076c0      0x284 contiki-cc13xx.a(rpl-dag.o)
                0x000076c0                rpl_process_dio
 .text.handle_periodic_timer
                0x00007944       0x34 contiki-cc13xx.a(rpl-timers.o)
 .text.handle_dio_timer
                0x00007978       0xd4 contiki-cc13xx.a(rpl-timers.o)
 .text.rpl_reset_periodic_timer
                0x00007a4c       0x3c contiki-cc13xx.a(rpl-timers.o)
                0x00007a4c                rpl_reset_periodic_timer
 .text.rpl_reset_dio_timer
                0x00007a88       0x4c contiki-cc13xx.a(rpl-timers.o)
                0x00007a88                rpl_reset_dio_timer
 .text.rpl_link_neighbor_callback
                0x00007ad4       0x78 contiki-cc13xx.a(rpl.o)
                0x00007ad4                rpl_link_neighbor_callback
 .text.rpl_ipv6_neighbor_callback
                0x00007b4c       0x30 contiki-cc13xx.a(rpl.o)
                0x00007b4c                rpl_ipv6_neighbor_callback
 .text.rpl_init
                0x00007b7c       0x58 contiki-cc13xx.a(rpl.o)
                0x00007b7c                rpl_init
 .text.reset    0x00007bd4        0x4 contiki-cc13xx.a(rpl-mrhof.o)
 .text.update_metric_container
                0x00007bd8        0x8 contiki-cc13xx.a(rpl-mrhof.o)
 .text.calculate_rank
                0x00007be0       0x44 contiki-cc13xx.a(rpl-mrhof.o)
 .text.neighbor_link_callback
                0x00007c24       0x60 contiki-cc13xx.a(rpl-mrhof.o)
 .text.best_dag
                0x00007c84       0x2c contiki-cc13xx.a(rpl-mrhof.o)
 .text.best_parent
                0x00007cb0       0x60 contiki-cc13xx.a(rpl-mrhof.o)
 .text.TrimAfterColdResetWakeupFromShutDown
                0x00007d10       0xd8 contiki-cc13xx.a(setup.o)
 .text.NOROM_SetupTrimDevice
                0x00007de8       0xa4 contiki-cc13xx.a(setup.o)
                0x00007de8                NOROM_SetupTrimDevice
 .text.NOROM_OSCClockSourceSet
                0x00007e8c       0x60 contiki-cc13xx.a(osc.o)
                0x00007e8c                NOROM_OSCClockSourceSet
 .text.NOROM_OSCClockSourceGet
                0x00007eec       0x2c contiki-cc13xx.a(osc.o)
                0x00007eec                NOROM_OSCClockSourceGet
 .text.NOROM_SetupGetTrimForXoscHfCtl.part.3
                0x00007f18       0x20 contiki-cc13xx.a(setup_rom.o)
 .text.NOROM_SetupGetTrimForRadcExtCfg.part.4
                0x00007f38       0x20 contiki-cc13xx.a(setup_rom.o)
 .text.NOROM_SetupSetVddrLevel
                0x00007f58       0xa4 contiki-cc13xx.a(setup_rom.o)
                0x00007f58                NOROM_SetupSetVddrLevel
 .text.NOROM_SetupAfterColdResetWakeupFromShutDownCfg1
                0x00007ffc       0xc0 contiki-cc13xx.a(setup_rom.o)
                0x00007ffc                NOROM_SetupAfterColdResetWakeupFromShutDownCfg1
 .text.NOROM_SetupAfterColdResetWakeupFromShutDownCfg3
                0x000080bc      0x194 contiki-cc13xx.a(setup_rom.o)
                0x000080bc                NOROM_SetupAfterColdResetWakeupFromShutDownCfg3
 .text.NOROM_SetupGetTrimForAnabypassValue1
                0x00008250       0x64 contiki-cc13xx.a(setup_rom.o)
                0x00008250                NOROM_SetupGetTrimForAnabypassValue1
 .text.NOROM_SetupGetTrimForAmpcompCtrl
                0x000082b4       0x74 contiki-cc13xx.a(setup_rom.o)
                0x000082b4                NOROM_SetupGetTrimForAmpcompCtrl
 .text.NOROM_SetupAfterColdResetWakeupFromShutDownCfg2
                0x00008328      0x19c contiki-cc13xx.a(setup_rom.o)
                0x00008328                NOROM_SetupAfterColdResetWakeupFromShutDownCfg2
 .text.NOROM_SetupSetCacheModeAccordingToCcfgSetting
                0x000084c4       0x6c contiki-cc13xx.a(setup_rom.o)
                0x000084c4                NOROM_SetupSetCacheModeAccordingToCcfgSetting
 .text.NOROM_CPUcpsid
                0x00008530        0x8 contiki-cc13xx.a(cpu.o)
                0x00008530                NOROM_CPUcpsid
 .text.NOROM_CPUcpsie
                0x00008538        0x8 contiki-cc13xx.a(cpu.o)
                0x00008538                NOROM_CPUcpsie
 .text.NOROM_DDI32RegWrite
                0x00008540       0x34 contiki-cc13xx.a(ddi.o)
                0x00008540                NOROM_DDI32RegWrite
 .text.NOROM_RFCRTrim
                0x00008574      0x138 contiki-cc13xx.a(rfc.o)
                0x00008574                NOROM_RFCRTrim
 .text.NOROM_RFCAdi3VcoLdoVoltageMode
                0x000086ac       0x20 contiki-cc13xx.a(rfc.o)
                0x000086ac                NOROM_RFCAdi3VcoLdoVoltageMode
 .text.NOROM_ChipInfo_GetChipFamily
                0x000086cc       0x50 contiki-cc13xx.a(chipinfo.o)
                0x000086cc                NOROM_ChipInfo_GetChipFamily
 .text.NOROM_ChipInfo_GetChipType
                0x0000871c       0x30 contiki-cc13xx.a(chipinfo.o)
                0x0000871c                NOROM_ChipInfo_GetChipType
 .text.NOROM_ChipInfo_GetHwRevision
                0x0000874c       0x70 contiki-cc13xx.a(chipinfo.o)
                0x0000874c                NOROM_ChipInfo_GetHwRevision
 .text.NOROM_ThisCodeIsBuiltForCC13xxHwRev20AndLater_HaltIfViolated
                0x000087bc       0x18 contiki-cc13xx.a(chipinfo.o)
                0x000087bc                NOROM_ThisCodeIsBuiltForCC13xxHwRev20AndLater_HaltIfViolated
 .text.SafeHapiVoid
                0x000087d4       0x2c contiki-cc13xx.a(adi.o)
                0x000087d4                SafeHapiVoid
 .text.NOROM_SysCtrlSetRechargeBeforePowerDown
                0x00008800      0x2b0 contiki-cc13xx.a(sys_ctrl.o)
                0x00008800                NOROM_SysCtrlSetRechargeBeforePowerDown
 .text.NOROM_SysCtrlAdjustRechargeAfterPowerDown
                0x00008ab0       0x64 contiki-cc13xx.a(sys_ctrl.o)
                0x00008ab0                NOROM_SysCtrlAdjustRechargeAfterPowerDown
 .text.NOROM_SysCtrl_DCDC_VoltageConditionalControl
                0x00008b14       0x7c contiki-cc13xx.a(sys_ctrl.o)
                0x00008b14                NOROM_SysCtrl_DCDC_VoltageConditionalControl
 .text.NOROM_PowerCtrlSourceSet
                0x00008b90       0x30 contiki-cc13xx.a(pwr_ctrl.o)
                0x00008b90                NOROM_PowerCtrlSourceSet
 .text.NOROM_TRNGConfigure
                0x00008bc0       0x38 contiki-cc13xx.a(trng.o)
                0x00008bc0                NOROM_TRNGConfigure
 .text.NOROM_AONRTCCurrentCompareValueGet
                0x00008bf8       0x24 contiki-cc13xx.a(aon_rtc.o)
                0x00008bf8                NOROM_AONRTCCurrentCompareValueGet
 .text.NOROM_AONBatMonTemperatureGetDegC
                0x00008c1c       0x30 contiki-cc13xx.a(aon_batmon.o)
                0x00008c1c                NOROM_AONBatMonTemperatureGetDegC
 .text.orpl_bitmap_current_rank
                0x00008c4c       0x14 contiki-cc13xx.a(orpl-bitmap.o)
                0x00008c4c                orpl_bitmap_current_rank
 .text.orpl_bitmap_root_rank
                0x00008c60       0x18 contiki-cc13xx.a(orpl-bitmap.o)
                0x00008c60                orpl_bitmap_root_rank
 .text.orpl_bitmap_satisfy_fwd
                0x00008c78       0x34 contiki-cc13xx.a(orpl-bitmap.o)
                0x00008c78                orpl_bitmap_satisfy_fwd
 .text.lladdr_from_ipaddr_uuid
                0x00008cac       0x14 contiki-cc13xx.a(orpl-bitmap.o)
                0x00008cac                lladdr_from_ipaddr_uuid
 .text.orpl_bitmap_duplicate_detect
                0x00008cc0       0x4c contiki-cc13xx.a(orpl-bitmap.o)
                0x00008cc0                orpl_bitmap_duplicate_detect
 .text.orpl_bitmap_duplicate_register
                0x00008d0c       0x44 contiki-cc13xx.a(orpl-bitmap.o)
                0x00008d0c                orpl_bitmap_duplicate_register
 .text.orpl_bitmap_get_current_seqno
                0x00008d50       0x30 contiki-cc13xx.a(orpl-bitmap.o)
                0x00008d50                orpl_bitmap_get_current_seqno
 .text.get_orpl_packet_seqno
                0x00008d80       0x20 contiki-cc13xx.a(orpl-bitmap.o)
                0x00008d80                get_orpl_packet_seqno
 .text.orpl_bitmap_init
                0x00008da0        0x4 contiki-cc13xx.a(orpl-bitmap.o)
                0x00008da0                orpl_bitmap_init
 .text.queuebuf_init
                0x00008da4       0x1c contiki-cc13xx.a(queuebuf.o)
                0x00008da4                queuebuf_init
 .text.queuebuf_new_from_packetbuf
                0x00008dc0       0x48 contiki-cc13xx.a(queuebuf.o)
                0x00008dc0                queuebuf_new_from_packetbuf
 .text.queuebuf_update_attr_from_packetbuf
                0x00008e08        0xc contiki-cc13xx.a(queuebuf.o)
                0x00008e08                queuebuf_update_attr_from_packetbuf
 .text.queuebuf_update_from_packetbuf
                0x00008e14       0x1c contiki-cc13xx.a(queuebuf.o)
                0x00008e14                queuebuf_update_from_packetbuf
 .text.queuebuf_free
                0x00008e30       0x2c contiki-cc13xx.a(queuebuf.o)
                0x00008e30                queuebuf_free
 .text.queuebuf_to_packetbuf
                0x00008e5c       0x30 contiki-cc13xx.a(queuebuf.o)
                0x00008e5c                queuebuf_to_packetbuf
 .text.queuebuf_attr
                0x00008e8c        0xc contiki-cc13xx.a(queuebuf.o)
                0x00008e8c                queuebuf_attr
 .text.nbr_set_bit
                0x00008e98       0x4c contiki-cc13xx.a(nbr-table.o)
 .text.index_from_lladdr
                0x00008ee4       0x50 contiki-cc13xx.a(nbr-table.o)
 .text.nbr_get_bit.constprop.0
                0x00008f34       0x2c contiki-cc13xx.a(nbr-table.o)
 .text.nbr_table_register
                0x00008f60       0x2c contiki-cc13xx.a(nbr-table.o)
                0x00008f60                nbr_table_register
 .text.nbr_table_next
                0x00008f8c       0x70 contiki-cc13xx.a(nbr-table.o)
                0x00008f8c                nbr_table_next
 .text.nbr_table_head
                0x00008ffc       0x58 contiki-cc13xx.a(nbr-table.o)
                0x00008ffc                nbr_table_head
 .text.nbr_table_add_lladdr
                0x00009054      0x190 contiki-cc13xx.a(nbr-table.o)
                0x00009054                nbr_table_add_lladdr
 .text.nbr_table_get_from_lladdr
                0x000091e4       0x34 contiki-cc13xx.a(nbr-table.o)
                0x000091e4                nbr_table_get_from_lladdr
 .text.nbr_table_remove
                0x00009218       0x2c contiki-cc13xx.a(nbr-table.o)
                0x00009218                nbr_table_remove
 .text.nbr_table_lock
                0x00009244       0x14 contiki-cc13xx.a(nbr-table.o)
                0x00009244                nbr_table_lock
 .text.nbr_table_unlock
                0x00009258       0x14 contiki-cc13xx.a(nbr-table.o)
                0x00009258                nbr_table_unlock
 .text.nbr_table_get_lladdr
                0x0000926c       0x30 contiki-cc13xx.a(nbr-table.o)
                0x0000926c                nbr_table_get_lladdr
 .text.packetbuf_copyto
                0x0000929c       0x50 contiki-cc13xx.a(packetbuf.o)
                0x0000929c                packetbuf_copyto
 .text.packetbuf_hdralloc
                0x000092ec       0x48 contiki-cc13xx.a(packetbuf.o)
                0x000092ec                packetbuf_hdralloc
 .text.packetbuf_hdrreduce
                0x00009334       0x2c contiki-cc13xx.a(packetbuf.o)
                0x00009334                packetbuf_hdrreduce
 .text.packetbuf_set_datalen
                0x00009360        0xc contiki-cc13xx.a(packetbuf.o)
                0x00009360                packetbuf_set_datalen
 .text.packetbuf_dataptr
                0x0000936c       0x14 contiki-cc13xx.a(packetbuf.o)
                0x0000936c                packetbuf_dataptr
 .text.packetbuf_hdrptr
                0x00009380       0x14 contiki-cc13xx.a(packetbuf.o)
                0x00009380                packetbuf_hdrptr
 .text.packetbuf_datalen
                0x00009394        0xc contiki-cc13xx.a(packetbuf.o)
                0x00009394                packetbuf_datalen
 .text.packetbuf_totlen
                0x000093a0       0x28 contiki-cc13xx.a(packetbuf.o)
                0x000093a0                packetbuf_totlen
 .text.packetbuf_attr_clear
                0x000093c8       0x38 contiki-cc13xx.a(packetbuf.o)
                0x000093c8                packetbuf_attr_clear
 .text.packetbuf_clear
                0x00009400       0x34 contiki-cc13xx.a(packetbuf.o)
                0x00009400                packetbuf_clear
 .text.packetbuf_copyfrom
                0x00009434       0x2c contiki-cc13xx.a(packetbuf.o)
                0x00009434                packetbuf_copyfrom
 .text.packetbuf_attr_copyto
                0x00009460       0x44 contiki-cc13xx.a(packetbuf.o)
                0x00009460                packetbuf_attr_copyto
 .text.packetbuf_attr_copyfrom
                0x000094a4       0x44 contiki-cc13xx.a(packetbuf.o)
                0x000094a4                packetbuf_attr_copyfrom
 .text.packetbuf_set_attr
                0x000094e8       0x10 contiki-cc13xx.a(packetbuf.o)
                0x000094e8                packetbuf_set_attr
 .text.packetbuf_attr
                0x000094f8        0xc contiki-cc13xx.a(packetbuf.o)
                0x000094f8                packetbuf_attr
 .text.packetbuf_set_addr
                0x00009504       0x18 contiki-cc13xx.a(packetbuf.o)
                0x00009504                packetbuf_set_addr
 .text.packetbuf_addr
                0x0000951c       0x10 contiki-cc13xx.a(packetbuf.o)
                0x0000951c                packetbuf_addr
 .text.packetbuf_holds_broadcast
                0x0000952c       0x10 contiki-cc13xx.a(packetbuf.o)
                0x0000952c                packetbuf_holds_broadcast
 .text.netstack_init
                0x0000953c       0x38 contiki-cc13xx.a(netstack.o)
                0x0000953c                netstack_init
 .text.linkaddr_copy
                0x00009574        0xc contiki-cc13xx.a(linkaddr.o)
                0x00009574                linkaddr_copy
 .text.linkaddr_cmp
                0x00009580       0x10 contiki-cc13xx.a(linkaddr.o)
                0x00009580                linkaddr_cmp
 .text.parse    0x00009590       0x94 contiki-cc13xx.a(framer-802154.o)
 .text.create_frame.isra.0
                0x00009624      0x128 contiki-cc13xx.a(framer-802154.o)
 .text.create   0x0000974c        0x8 contiki-cc13xx.a(framer-802154.o)
 .text.hdr_length
                0x00009754        0x8 contiki-cc13xx.a(framer-802154.o)
 .text.input_packet
                0x0000975c        0xc contiki-cc13xx.a(csma.o)
 .text.on       0x00009768        0xc contiki-cc13xx.a(csma.o)
 .text.off      0x00009774        0xc contiki-cc13xx.a(csma.o)
 .text.channel_check_interval
                0x00009780       0x10 contiki-cc13xx.a(csma.o)
 .text.transmit_packet_list
                0x00009790       0x34 contiki-cc13xx.a(csma.o)
 .text.free_packet
                0x000097c4       0x98 contiki-cc13xx.a(csma.o)
 .text.packet_sent
                0x0000985c      0x100 contiki-cc13xx.a(csma.o)
 .text.send_packet
                0x0000995c      0x164 contiki-cc13xx.a(csma.o)
 .text.init     0x00009ac0       0x24 contiki-cc13xx.a(csma.o)
 .text.field_len
                0x00009ae4       0x88 contiki-cc13xx.a(frame802154.o)
 .text.frame802154_hdrlen
                0x00009b6c       0x54 contiki-cc13xx.a(frame802154.o)
                0x00009b6c                frame802154_hdrlen
 .text.frame802154_create
                0x00009bc0      0x10c contiki-cc13xx.a(frame802154.o)
                0x00009bc0                frame802154_create
 .text.frame802154_parse
                0x00009ccc      0x150 contiki-cc13xx.a(frame802154.o)
                0x00009ccc                frame802154_parse
 .text.mac_call_sent_callback
                0x00009e1c       0x10 contiki-cc13xx.a(mac.o)
                0x00009e1c                mac_call_sent_callback
 .text.duty_cycle
                0x00009e2c       0x10 contiki-cc13xx.a(contikimac.o)
 .text.init     0x00009e3c       0x64 contiki-cc13xx.a(contikimac.o)
 .text.on       0x00009ea0       0x2c contiki-cc13xx.a(contikimac.o)
 .text.off      0x00009ecc       0x38 contiki-cc13xx.a(contikimac.o)
 .text.recv_burst_off
                0x00009f04       0x14 contiki-cc13xx.a(contikimac.o)
 .text.input_packet
                0x00009f18      0x104 contiki-cc13xx.a(contikimac.o)
 .text.powercycle_turn_radio_off.part.2
                0x0000a01c       0x10 contiki-cc13xx.a(contikimac.o)
 .text.turn_off
                0x0000a02c       0x48 contiki-cc13xx.a(contikimac.o)
 .text.turn_on  0x0000a074       0x48 contiki-cc13xx.a(contikimac.o)
 .text.schedule_powercycle_fixed.part.5
                0x0000a0bc       0x2c contiki-cc13xx.a(contikimac.o)
 .text.send_packet.isra.7.constprop.9
                0x0000a0e8      0x238 contiki-cc13xx.a(contikimac.o)
 .text.qsend_packet
                0x0000a320       0x20 contiki-cc13xx.a(contikimac.o)
 .text.qsend_list
                0x0000a340       0xbc contiki-cc13xx.a(contikimac.o)
 .text.powercycle_wrapper
                0x0000a3fc      0x2dc contiki-cc13xx.a(contikimac.o)
 .text.init     0x0000a6d8        0x4 contiki-cc13xx.a(nullsec.o)
 .text.input    0x0000a6dc        0xc contiki-cc13xx.a(nullsec.o)
 .text.send     0x0000a6e8       0x20 contiki-cc13xx.a(nullsec.o)
 .text.random_delay
                0x0000a708       0x20 contiki-cc13xx.a(udp-fragment.o)
 .text.udp_fragment_frag_send
                0x0000a728      0x114 contiki-cc13xx.a(udp-fragment.o)
 .text.udp_fragment_packet_send
                0x0000a83c       0xec contiki-cc13xx.a(udp-fragment.o)
                0x0000a83c                udp_fragment_packet_send
 .text.udp_fragment_send_callback
                0x0000a928       0x38 contiki-cc13xx.a(udp-fragment.o)
                0x0000a928                udp_fragment_send_callback
 .text.udp_fragment_init
                0x0000a960       0x20 contiki-cc13xx.a(udp-fragment.o)
                0x0000a960                udp_fragment_init
 .text.update_new_schedule
                0x0000a980       0x1c contiki-cc13xx.a(netsynch.o)
                0x0000a980                update_new_schedule
 .text.random_delay
                0x0000a99c       0x38 contiki-cc13xx.a(netsynch.o)
 .text.netsynch_send
                0x0000a9d4       0xd4 contiki-cc13xx.a(netsynch.o)
 .text.netsynch_set_authority_level.part.1
                0x0000aaa8       0x1c contiki-cc13xx.a(netsynch.o)
 .text.schedule_bitmap_get
                0x0000aac4       0x1c contiki-cc13xx.a(netsynch.o)
                0x0000aac4                schedule_bitmap_get
 .text.netsynch_cal_offset
                0x0000aae0       0x48 contiki-cc13xx.a(netsynch.o)
                0x0000aae0                netsynch_cal_offset
 .text.process_thread_netsynch_process
                0x0000ab28      0x35c contiki-cc13xx.a(netsynch.o)
 .text.netsynch_init
                0x0000ae84       0x58 contiki-cc13xx.a(netsynch.o)
                0x0000ae84                netsynch_init
 .text.netsync_compute_autocal_interval
                0x0000aedc       0x40 contiki-cc13xx.a(netsync-auto-ca)
 .text.netsync_cal_time_record
                0x0000af1c       0x28 contiki-cc13xx.a(netsync-auto-ca)
                0x0000af1c                netsync_cal_time_record
 .text.netsync_autocal_update
                0x0000af44       0xbc contiki-cc13xx.a(netsync-auto-ca)
                0x0000af44                netsync_autocal_update
 .text.netsync_autocal_init
                0x0000b000       0x20 contiki-cc13xx.a(netsync-auto-ca)
                0x0000b000                netsync_autocal_init
 .text.process_thread_task_schedule_process
                0x0000b020       0xa8 contiki-cc13xx.a(task-schedule.o)
 .text.get_Start_Time.part.0
                0x0000b0c8       0xc4 contiki-cc13xx.a(task-schedule.o)
 .text.task_schedule_init
                0x0000b18c       0x28 contiki-cc13xx.a(task-schedule.o)
                0x0000b18c                task_schedule_init
 .text.task_schedule_change
                0x0000b1b4       0xe0 contiki-cc13xx.a(task-schedule.o)
                0x0000b1b4                task_schedule_change
 .text.read_flash
                0x0000b294       0x3c contiki-cc13xx.a(flashdata.o)
                0x0000b294                read_flash
 .text.write_to_flash
                0x0000b2d0      0x118 contiki-cc13xx.a(flashdata.o)
                0x0000b2d0                write_to_flash
 .text.aux_ctrl_power_up
                0x0000b3e8       0x28 contiki-cc13xx.a(aux-ctrl.o)
                0x0000b3e8                aux_ctrl_power_up
 .text.aux_ctrl_register_consumer
                0x0000b410       0x40 contiki-cc13xx.a(aux-ctrl.o)
                0x0000b410                aux_ctrl_register_consumer
 .text.aux_ctrl_power_down
                0x0000b450       0x6c contiki-cc13xx.a(aux-ctrl.o)
                0x0000b450                aux_ctrl_power_down
 .text.aux_ctrl_unregister_consumer
                0x0000b4bc       0x28 contiki-cc13xx.a(aux-ctrl.o)
                0x0000b4bc                aux_ctrl_unregister_consumer
 .text.stimer_set
                0x0000b4e4       0x10 contiki-cc13xx.a(stimer.o)
                0x0000b4e4                stimer_set
 .text.stimer_expired
                0x0000b4f4       0x20 contiki-cc13xx.a(stimer.o)
                0x0000b4f4                stimer_expired
 .text.memb_init
                0x0000b514       0x24 contiki-cc13xx.a(memb.o)
                0x0000b514                memb_init
 .text.memb_alloc
                0x0000b538       0x3c contiki-cc13xx.a(memb.o)
                0x0000b538                memb_alloc
 .text.memb_free
                0x0000b574       0x44 contiki-cc13xx.a(memb.o)
                0x0000b574                memb_free
 .text.memb_inmemb
                0x0000b5b8       0x1c contiki-cc13xx.a(memb.o)
                0x0000b5b8                memb_inmemb
 .text.uip_icmp6_input
                0x0000b5d4       0x3c contiki-cc13xx.a(uip-icmp6.o)
                0x0000b5d4                uip_icmp6_input
 .text.uip_icmp6_register_input_handler
                0x0000b610        0xc contiki-cc13xx.a(uip-icmp6.o)
                0x0000b610                uip_icmp6_register_input_handler
 .text.uip_icmp6_send
                0x0000b61c       0x84 contiki-cc13xx.a(uip-icmp6.o)
                0x0000b61c                uip_icmp6_send
 .text.uip_icmp6_init
                0x0000b6a0        0x4 contiki-cc13xx.a(uip-icmp6.o)
                0x0000b6a0                uip_icmp6_init
 .text.get32    0x0000b6a4       0x20 contiki-cc13xx.a(rpl-icmp6.o)
 .text.dio_input
                0x0000b6c4      0x2b8 contiki-cc13xx.a(rpl-icmp6.o)
 .text.dis_output
                0x0000b97c       0x58 contiki-cc13xx.a(rpl-icmp6.o)
                0x0000b97c                dis_output
 .text.dio_output
                0x0000b9d4      0x2e0 contiki-cc13xx.a(rpl-icmp6.o)
                0x0000b9d4                dio_output
 .text.dis_input
                0x0000bcb4       0x58 contiki-cc13xx.a(rpl-icmp6.o)
 .text.send_dio
                0x0000bd0c       0x18 contiki-cc13xx.a(rpl-icmp6.o)
 .text.rpl_icmp6_register_handlers
                0x0000bd24       0x1c contiki-cc13xx.a(rpl-icmp6.o)
                0x0000bd24                rpl_icmp6_register_handlers
 .text.NOROM_FlashSectorErase
                0x0000bd40       0x1c contiki-cc13xx.a(flash.o)
                0x0000bd40                NOROM_FlashSectorErase
 .text.NOROM_FlashProgram
                0x0000bd5c       0x1c contiki-cc13xx.a(flash.o)
                0x0000bd5c                NOROM_FlashProgram
 .text.NOROM_VIMSModeGet
                0x0000bd78       0x10 contiki-cc13xx.a(vims.o)
                0x0000bd78                NOROM_VIMSModeGet
 .text          0x0000bd88       0x30 /opt/my1310ARM/toolchain/gcc-arm-none-eabi-4_9-2015q3/bin/../lib/gcc/arm-none-eabi/4.9.3/armv7-m/libgcc.a(_aeabi_uldivmod.o)
                0x0000bd88                __aeabi_uldivmod
 .text          0x0000bdb8       0x60 /opt/my1310ARM/toolchain/gcc-arm-none-eabi-4_9-2015q3/bin/../lib/gcc/arm-none-eabi/4.9.3/armv7-m/libgcc.a(bpabi.o)
                0x0000bdb8                __gnu_ldivmod_helper
                0x0000bde8                __gnu_uldivmod_helper
 .text          0x0000be18        0x4 /opt/my1310ARM/toolchain/gcc-arm-none-eabi-4_9-2015q3/bin/../lib/gcc/arm-none-eabi/4.9.3/armv7-m/libgcc.a(_dvmd_tls.o)
                0x0000be18                __aeabi_ldiv0
                0x0000be18                __aeabi_idiv0
 .text          0x0000be1c      0x2ac /opt/my1310ARM/toolchain/gcc-arm-none-eabi-4_9-2015q3/bin/../lib/gcc/arm-none-eabi/4.9.3/armv7-m/libgcc.a(_divdi3.o)
                0x0000be1c                __divdi3
 .text          0x0000c0c8      0x270 /opt/my1310ARM/toolchain/gcc-arm-none-eabi-4_9-2015q3/bin/../lib/gcc/arm-none-eabi/4.9.3/armv7-m/libgcc.a(_udivdi3.o)
                0x0000c0c8                __udivdi3
 .text.memcmp   0x0000c338       0x64 /opt/my1310ARM/toolchain/gcc-arm-none-eabi-4_9-2015q3/bin/../lib/gcc/arm-none-eabi/4.9.3/../../../../arm-none-eabi/lib/armv7-m/libc.a(lib_a-memcmp.o)
                0x0000c338                memcmp
 .text          0x0000c39c       0xec /opt/my1310ARM/toolchain/gcc-arm-none-eabi-4_9-2015q3/bin/../lib/gcc/arm-none-eabi/4.9.3/../../../../arm-none-eabi/lib/armv7-m/libc.a(lib_a-memcpy.o)
                0x0000c39c                memcpy
 .text.memmove  0x0000c488       0xc8 /opt/my1310ARM/toolchain/gcc-arm-none-eabi-4_9-2015q3/bin/../lib/gcc/arm-none-eabi/4.9.3/../../../../arm-none-eabi/lib/armv7-m/libc.a(lib_a-memmove.o)
                0x0000c488                memmove
 .text.memset   0x0000c550       0x9c /opt/my1310ARM/toolchain/gcc-arm-none-eabi-4_9-2015q3/bin/../lib/gcc/arm-none-eabi/4.9.3/../../../../arm-none-eabi/lib/armv7-m/libc.a(lib_a-memset.o)
                0x0000c550                memset
 .text.strlen   0x0000c5ec       0x5c /opt/my1310ARM/toolchain/gcc-arm-none-eabi-4_9-2015q3/bin/../lib/gcc/arm-none-eabi/4.9.3/../../../../arm-none-eabi/lib/armv7-m/libc.a(lib_a-strlen.o)
                0x0000c5ec                strlen
 *(SORT(.rodata*))
 .rodata.autostart_processes
                0x0000c648        0x8 udp-server.co
                0x0000c648                autostart_processes
 .rodata.str1.4
                0x0000c650      0x19b udp-server.co
 *fill*         0x0000c7eb        0x1 00000000
 .rodata.str1.4
                0x0000c7ec       0x95 contiki-cc13xx.a(contiki-main.o)
 *fill*         0x0000c881        0x3 00000000
 .rodata        0x0000c884       0x70 contiki-cc13xx.a(board.o)
 .rodata.str1.4
                0x0000c8f4       0x31 contiki-cc13xx.a(node-id.o)
 *fill*         0x0000c925        0x3 00000000
 .rodata.mode_prop
                0x0000c928        0x8 contiki-cc13xx.a(prop-mode.o)
 .rodata.prop_mode_driver
                0x0000c930       0x38 contiki-cc13xx.a(prop-mode.o)
                0x0000c930                prop_mode_driver
 .rodata.patchGenfskRfe
                0x0000c968      0x6b4 contiki-cc13xx.a(prop-mode.o)
 .rodata.patchImageGenfsk
                0x0000d01c      0x28c contiki-cc13xx.a(prop-mode.o)
 .rodata.prop_mode_tx_power_431_527
                0x0000d2a8       0x30 contiki-cc13xx.a(prop-mode-tx-po)
                0x0000d2a8                prop_mode_tx_power_431_527
 .rodata.str1.4
                0x0000d2d8       0x46 contiki-cc13xx.a(rf-core.o)
 *fill*         0x0000d31e        0x2 00000000
 .rodata.str1.4
                0x0000d320       0x1b contiki-cc13xx.a(soc-trng.o)
 *fill*         0x0000d33b        0x1 00000000
 .rodata.str1.4
                0x0000d33c       0x46 contiki-cc13xx.a(strformat.o)
 *fill*         0x0000d382        0x2 00000000
 .rodata.buffer.4019
                0x0000d384       0x10 contiki-cc13xx.a(strformat.o)
 .rodata.buffer.4028
                0x0000d394       0x10 contiki-cc13xx.a(strformat.o)
 .rodata.str1.4
                0x0000d3a4        0xf contiki-cc13xx.a(ctimer.o)
 *fill*         0x0000d3b3        0x1 00000000
 .rodata.str1.4
                0x0000d3b4        0xc contiki-cc13xx.a(etimer.o)
 .rodata.str1.4
                0x0000d3c0       0x1e contiki-cc13xx.a(serial-line.o)
 *fill*         0x0000d3de        0x2 00000000
 .rodata        0x0000d3e0        0x2 contiki-cc13xx.a(sicslowpan.o)
 *fill*         0x0000d3e2        0x2 00000000
 .rodata.ttl_values
                0x0000d3e4        0x4 contiki-cc13xx.a(sicslowpan.o)
 .rodata.unc_llconf
                0x0000d3e8        0x4 contiki-cc13xx.a(sicslowpan.o)
                0x0000d3e8                unc_llconf
 .rodata.llprefix
                0x0000d3ec        0x2 contiki-cc13xx.a(sicslowpan.o)
                0x0000d3ec                llprefix
 *fill*         0x0000d3ee        0x2 00000000
 .rodata.sicslowpan_driver
                0x0000d3f0        0xc contiki-cc13xx.a(sicslowpan.o)
                0x0000d3f0                sicslowpan_driver
 .rodata.unc_ctxconf
                0x0000d3fc        0x4 contiki-cc13xx.a(sicslowpan.o)
                0x0000d3fc                unc_ctxconf
 .rodata.unc_mxconf
                0x0000d400        0x4 contiki-cc13xx.a(sicslowpan.o)
                0x0000d400                unc_mxconf
 .rodata.str1.4
                0x0000d404        0xb contiki-cc13xx.a(sicslowpan.o)
 *fill*         0x0000d40f        0x1 00000000
 .rodata.str1.4
                0x0000d410       0x41 contiki-cc13xx.a(uip-debug.o)
 *fill*         0x0000d451        0x3 00000000
 .rodata.str1.4
                0x0000d454        0xd contiki-cc13xx.a(tcpip.o)
 *fill*         0x0000d461        0x3 00000000
 .rodata.linkaddr_null
                0x0000d464        0x8 contiki-cc13xx.a(linkaddr.o)
                0x0000d464                linkaddr_null
 .rodata.framer_802154
                0x0000d46c        0xc contiki-cc13xx.a(framer-802154.o)
                0x0000d46c                framer_802154
 .rodata.str1.4
                0x0000d478        0x5 contiki-cc13xx.a(csma.o)
 *fill*         0x0000d47d        0x3 00000000
 .rodata.csma_driver
                0x0000d480       0x1c contiki-cc13xx.a(csma.o)
                0x0000d480                csma_driver
 .rodata.str1.4
                0x0000d49c       0x1b contiki-cc13xx.a(contikimac.o)
 *fill*         0x0000d4b7        0x1 00000000
 .rodata.contikimac_driver
                0x0000d4b8       0x20 contiki-cc13xx.a(contikimac.o)
                0x0000d4b8                contikimac_driver
 .rodata.str1.4
                0x0000d4d8        0x8 contiki-cc13xx.a(nullsec.o)
 .rodata.nullsec_driver
                0x0000d4e0       0x10 contiki-cc13xx.a(nullsec.o)
                0x0000d4e0                nullsec_driver
 .rodata.str1.4
                0x0000d4f0       0x11 contiki-cc13xx.a(netsynch.o)
 *fill*         0x0000d501        0x3 00000000
 .rodata.str1.4
                0x0000d504       0x16 contiki-cc13xx.a(task-schedule.o)
 *fill*         0x0000d51a        0x2 00000000
 .rodata.str1.4
                0x0000d51c       0x8c contiki-cc13xx.a(flashdata.o)
                0x0000d5a8                _etext = .

.glue_7         0x0000d5a8        0x0
 .glue_7        0x00000000        0x0 linker stubs

.glue_7t        0x0000d5a8        0x0
 .glue_7t       0x00000000        0x0 linker stubs

.vfp11_veneer   0x0000d5a8        0x0
 .vfp11_veneer  0x00000000        0x0 linker stubs

.v4_bx          0x0000d5a8        0x0
 .v4_bx         0x00000000        0x0 linker stubs

.iplt           0x0000d5a8        0x0
 .iplt          0x00000000        0x0 obj_cc13xx/startup_gcc.o

.data           0x20000000      0x2a0 load address 0x0000d5a8
                0x20000000                _data = .
 *(SORT(vtable))
 *(SORT(.data*))
 .data.udp_server_process
                0x20000000       0x10 udp-server.co
                0x20000000                udp_server_process
 .data.srf_module
                0x20000010       0x14 contiki-cc13xx.a(board.o)
 .data.prop_lpm_module
                0x20000024       0x14 contiki-cc13xx.a(prop-mode.o)
 .data.tx_power_current
                0x20000038        0x4 contiki-cc13xx.a(prop-mode.o)
                0x20000038                tx_power_current
 .data.uart_module
                0x2000003c       0x14 contiki-cc13xx.a(cc26xx-uart.o)
 .data.rf_core_process
                0x20000050       0x10 contiki-cc13xx.a(rf-core.o)
                0x20000050                rf_core_process
 .data.rng_module
                0x20000060       0x14 contiki-cc13xx.a(soc-trng.o)
 .data.soc_trng_process
                0x20000074       0x10 contiki-cc13xx.a(soc-trng.o)
                0x20000074                soc_trng_process
 .data.ctxt     0x20000084        0x8 contiki-cc13xx.a(dbg-printf.o)
 .data.ctimer_process
                0x2000008c       0x10 contiki-cc13xx.a(ctimer.o)
                0x2000008c                ctimer_process
 .data.etimer_process
                0x2000009c       0x10 contiki-cc13xx.a(etimer.o)
                0x2000009c                etimer_process
 .data.serial_line_process
                0x200000ac       0x10 contiki-cc13xx.a(serial-line.o)
                0x200000ac                serial_line_process
 .data.defaultroutermemb
                0x200000bc        0xc contiki-cc13xx.a(uip-ds6-route.o)
 .data.ds6_neighbors
                0x200000c8        0x4 contiki-cc13xx.a(uip-ds6-nbr.o)
                0x200000c8                ds6_neighbors
 .data.ds6_neighbors_struct
                0x200000cc       0x10 contiki-cc13xx.a(uip-ds6-nbr.o)
 .data.tcpip_process
                0x200000dc       0x10 contiki-cc13xx.a(tcpip.o)
                0x200000dc                tcpip_process
 .data.rpl_parents
                0x200000ec        0x4 contiki-cc13xx.a(rpl-dag.o)
                0x200000ec                rpl_parents
 .data.rpl_parents_struct
                0x200000f0       0x10 contiki-cc13xx.a(rpl-dag.o)
 .data.rpl_mrhof
                0x20000100       0x1c contiki-cc13xx.a(rpl-mrhof.o)
                0x20000100                rpl_mrhof
 .data.bufmem   0x2000011c        0xc contiki-cc13xx.a(queuebuf.o)
 .data.buframmem
                0x20000128        0xc contiki-cc13xx.a(queuebuf.o)
 .data.neighbor_addr_mem
                0x20000134        0xc contiki-cc13xx.a(nbr-table.o)
 .data.metadata_memb
                0x20000140        0xc contiki-cc13xx.a(csma.o)
 .data.neighbor_memb
                0x2000014c        0xc contiki-cc13xx.a(csma.o)
 .data.packet_memb
                0x20000158        0xc contiki-cc13xx.a(csma.o)
 .data.netsynch_process
                0x20000164       0x10 contiki-cc13xx.a(netsynch.o)
                0x20000164                netsynch_process
 .data.authority_level
                0x20000174        0x4 contiki-cc13xx.a(netsynch.o)
 .data.guard_time
                0x20000178        0x4 contiki-cc13xx.a(task-schedule.o)
 .data.task_schedule_process
                0x2000017c       0x10 contiki-cc13xx.a(task-schedule.o)
                0x2000017c                task_schedule_process
 .data.smartrf_settings_cmd_prop_rx_adv
                0x2000018c       0x30 contiki-cc13xx.a(smartrf-setting)
                0x2000018c                smartrf_settings_cmd_prop_rx_adv
 .data.smartrf_settings_cmd_fs
                0x200001bc       0x18 contiki-cc13xx.a(smartrf-setting)
                0x200001bc                smartrf_settings_cmd_fs
 .data.smartrf_settings_cmd_prop_radio_div_setup
                0x200001d4       0x28 contiki-cc13xx.a(smartrf-setting)
                0x200001d4                smartrf_settings_cmd_prop_radio_div_setup
 .data.smartrf_settings_cmd_prop_tx_adv
                0x200001fc       0x20 contiki-cc13xx.a(smartrf-setting)
                0x200001fc                smartrf_settings_cmd_prop_tx_adv
 .data.overrides
                0x2000021c       0x60 contiki-cc13xx.a(smartrf-setting)
 .data.dis_handler
                0x2000027c        0xc contiki-cc13xx.a(rpl-icmp6.o)
 .data.dio_handler
                0x20000288        0xc contiki-cc13xx.a(rpl-icmp6.o)
 .data.init_net_flag
                0x20000294        0x2 contiki-cc13xx.a(netconfig.o)
 .data.rdc_channel_check_interval
                0x20000296        0x2 contiki-cc13xx.a(contikimac.o)
 .data.rssi_threshold
                0x20000298        0x1 contiki-cc13xx.a(prop-mode.o)
 .data.test_use_flag
                0x20000299        0x1 contiki-cc13xx.a(netconfig.o)
                0x20000299                test_use_flag
 .data.rng_ready_event
                0x2000029a        0x1 contiki-cc13xx.a(soc-trng.o)
 .data.app_send_flag
                0x2000029b        0x1 contiki-cc13xx.a(sicslowpan.o)
                0x2000029b                app_send_flag
 .data.rdc_active_channel_check_rate
                0x2000029c        0x1 contiki-cc13xx.a(contikimac.o)
 .data.fragment_send_max_len
                0x2000029d        0x1 contiki-cc13xx.a(udp-fragment.o)
 .data.unfragment_send_max_len
                0x2000029e        0x1 contiki-cc13xx.a(udp-fragment.o)
 .data.last_seqnum
                0x2000029f        0x1 contiki-cc13xx.a(netsynch.o)
                0x200002a0                _edata = .

.igot.plt       0x200002a0        0x0 load address 0x0000d848
 .igot.plt      0x00000000        0x0 obj_cc13xx/startup_gcc.o

.ARM.exidx      0x0000d848        0x8
 *(SORT(.ARM.exidx*))
 .ARM.exidx     0x0000d848        0x8 /opt/my1310ARM/toolchain/gcc-arm-none-eabi-4_9-2015q3/bin/../lib/gcc/arm-none-eabi/4.9.3/armv7-m/libgcc.a(_divdi3.o)
 .ARM.exidx     0x0000d850        0x0 /opt/my1310ARM/toolchain/gcc-arm-none-eabi-4_9-2015q3/bin/../lib/gcc/arm-none-eabi/4.9.3/armv7-m/libgcc.a(_udivdi3.o)
                                  0x8 (size before relaxing)

.bss            0x200002a0     0x2454
                0x200002a0                _bss = .
 *(SORT(.bss*))
 .bss.count     0x200002a0        0x8 contiki-cc13xx.a(clock.o)
 .bss.rands_cache
                0x200002a8       0x20 contiki-cc13xx.a(soc-trng.o)
 .bss.multicast_ipaddr
                0x200002c8       0x10 udp-server.co
 .bss.root_multisend_timer.8025
                0x200002d8       0x10 udp-server.co
 .bss.multicast_server_conn
                0x200002e8        0x4 udp-server.co
 .bss.node_array
                0x200002ec       0xf0 udp-server.co
 .bss.server_conn
                0x200003dc        0x4 udp-server.co
 .bss.rx_stats  0x200003e0        0xc contiki-cc13xx.a(prop-mode.o)
 .bss.rx_data_queue
                0x200003ec        0x8 contiki-cc13xx.a(prop-mode.o)
 .bss.rx_read_entry
                0x200003f4        0x4 contiki-cc13xx.a(prop-mode.o)
 .bss.tx_buf    0x200003f8       0xb6 contiki-cc13xx.a(prop-mode.o)
 *fill*         0x200004ae        0x2 
 .bss.rx_buf    0x200004b0      0x230 contiki-cc13xx.a(prop-mode.o)
 .bss.last_isr_time
                0x200006e0        0x4 contiki-cc13xx.a(soc-rtc.o)
 .bss.input_handler
                0x200006e4        0x4 contiki-cc13xx.a(cc26xx-uart.o)
 .bss.modules_list_list
                0x200006e8        0x4 contiki-cc13xx.a(lpm.o)
 .bss.irq_energest
                0x200006ec        0x4 contiki-cc13xx.a(lpm.o)
 .bss.timenow   0x200006f0        0x3 contiki-cc13xx.a(netconfig.o)
 *fill*         0x200006f3        0x1 
 .bss.cal_offest
                0x200006f4        0x4 contiki-cc13xx.a(netconfig.o)
 .bss.cal_interval
                0x200006f8        0x4 contiki-cc13xx.a(netconfig.o)
 .bss.cal_count
                0x200006fc        0x4 contiki-cc13xx.a(netconfig.o)
 .bss.schedule_bit
                0x20000700       0x12 contiki-cc13xx.a(netconfig.o)
 *fill*         0x20000712        0x2 
 .bss.last_radio_op
                0x20000714        0x4 contiki-cc13xx.a(rf-core.o)
 .bss.primary_mode
                0x20000718        0x4 contiki-cc13xx.a(rf-core.o)
 .bss.rat_offset
                0x2000071c        0x4 contiki-cc13xx.a(rf-core.o)
                0x2000071c                rat_offset
 .bss.notify_cb
                0x20000720        0x4 contiki-cc13xx.a(soc-trng.o)
 .bss.rands_mask
                0x20000724        0x4 contiki-cc13xx.a(soc-trng.o)
 .bss.ctimer_list_list
                0x20000728        0x4 contiki-cc13xx.a(ctimer.o)
 .bss.timerlist
                0x2000072c        0x4 contiki-cc13xx.a(etimer.o)
 .bss.next_expiration
                0x20000730        0x4 contiki-cc13xx.a(etimer.o)
 .bss.receiver.5212
                0x20000734        0x4 contiki-cc13xx.a(process.o)
 .bss.process_current
                0x20000738        0x4 contiki-cc13xx.a(process.o)
                0x20000738                process_current
 .bss.process_list
                0x2000073c        0x4 contiki-cc13xx.a(process.o)
                0x2000073c                process_list
 .bss.data.5211
                0x20000740        0x4 contiki-cc13xx.a(process.o)
 .bss.events    0x20000744      0x180 contiki-cc13xx.a(process.o)
 .bss.p.5213    0x200008c4        0x4 contiki-cc13xx.a(process.o)
 .bss.next_rtimer
                0x200008c8        0x4 contiki-cc13xx.a(rtimer.o)
 .bss.rxbuf_data
                0x200008cc       0x80 contiki-cc13xx.a(serial-line.o)
 .bss.rxbuf     0x2000094c        0x8 contiki-cc13xx.a(serial-line.o)
 .bss.buf.5561  0x20000954       0x80 contiki-cc13xx.a(serial-line.o)
 .bss.ptr.5562  0x200009d4        0x4 contiki-cc13xx.a(serial-line.o)
 .bss.locmaddr  0x200009d8        0x4 contiki-cc13xx.a(uip-ds6.o)
 .bss.locprefix
                0x200009dc        0x4 contiki-cc13xx.a(uip-ds6.o)
 .bss.locaddr   0x200009e0        0x4 contiki-cc13xx.a(uip-ds6.o)
 .bss.loc_fipaddr
                0x200009e4       0x10 contiki-cc13xx.a(uip-ds6.o)
 .bss.defaultroutermemb_memb_mem
                0x200009f4       0x40 contiki-cc13xx.a(uip-ds6-route.o)
 .bss.defaultroutermemb_memb_count
                0x20000a34        0x2 contiki-cc13xx.a(uip-ds6-route.o)
 *fill*         0x20000a36        0x2 
 .bss.defaultrouterlist_list
                0x20000a38        0x4 contiki-cc13xx.a(uip-ds6-route.o)
 .bss.notificationlist_list
                0x20000a3c        0x4 contiki-cc13xx.a(uip-ds6-route.o)
 .bss.iss       0x20000a40        0x4 contiki-cc13xx.a(uip6.o)
 .bss._ds6_neighbors_mem
                0x20000a44      0x320 contiki-cc13xx.a(uip-ds6-nbr.o)
 .bss.context   0x20000d64        0x4 contiki-cc13xx.a(sicslowpan.o)
 .bss.last_rssi
                0x20000d68        0x4 contiki-cc13xx.a(sicslowpan.o)
 .bss.hc06_ptr  0x20000d6c        0x4 contiki-cc13xx.a(sicslowpan.o)
 .bss.addr_contexts
                0x20000d70        0xa contiki-cc13xx.a(sicslowpan.o)
 *fill*         0x20000d7a        0x2 
 .bss.packetbuf_ptr
                0x20000d7c        0x4 contiki-cc13xx.a(sicslowpan.o)
 .bss.last_tx_status
                0x20000d80        0x4 contiki-cc13xx.a(sicslowpan.o)
 .bss.packetbuf_payload_len
                0x20000d84        0x4 contiki-cc13xx.a(sicslowpan.o)
 .bss.callback  0x20000d88        0x4 contiki-cc13xx.a(sicslowpan.o)
 .bss.s         0x20000d8c       0xa4 contiki-cc13xx.a(tcpip.o)
 .bss.periodic  0x20000e30       0x10 contiki-cc13xx.a(tcpip.o)
 .bss.outputfunc
                0x20000e40        0x4 contiki-cc13xx.a(tcpip.o)
 .bss._rpl_parents_mem
                0x20000e44      0x140 contiki-cc13xx.a(rpl-dag.o)
 .bss.periodic_timer
                0x20000f84       0x20 contiki-cc13xx.a(rpl-timers.o)
 .bss.powerQualGlobals
                0x20000fa4        0x8 contiki-cc13xx.a(sys_ctrl.o)
 .bss.received_orpl_bitmap_seqnos
                0x20000fac       0x30 contiki-cc13xx.a(orpl-bitmap.o)
 .bss.buframmem_memb_count
                0x20000fdc        0x8 contiki-cc13xx.a(queuebuf.o)
 .bss.bufmem_memb_mem
                0x20000fe4       0x20 contiki-cc13xx.a(queuebuf.o)
 .bss.buframmem_memb_mem
                0x20001004      0x580 contiki-cc13xx.a(queuebuf.o)
 .bss.bufmem_memb_count
                0x20001584        0x8 contiki-cc13xx.a(queuebuf.o)
 .bss.neighbor_addr_mem_memb_count
                0x2000158c       0x14 contiki-cc13xx.a(nbr-table.o)
 .bss.locked_map
                0x200015a0       0x14 contiki-cc13xx.a(nbr-table.o)
 .bss.nbr_table_keys_list
                0x200015b4        0x4 contiki-cc13xx.a(nbr-table.o)
 .bss.neighbor_addr_mem_memb_mem
                0x200015b8       0xf0 contiki-cc13xx.a(nbr-table.o)
 .bss.used_map  0x200016a8       0x14 contiki-cc13xx.a(nbr-table.o)
 .bss.all_tables
                0x200016bc       0x20 contiki-cc13xx.a(nbr-table.o)
 .bss.num_tables
                0x200016dc        0x4 contiki-cc13xx.a(nbr-table.o)
 .bss.packetbufptr
                0x200016e0        0x4 contiki-cc13xx.a(packetbuf.o)
 .bss.packetbuf_aligned
                0x200016e4       0xb0 contiki-cc13xx.a(packetbuf.o)
 .bss.packet_memb_memb_count
                0x20001794        0x8 contiki-cc13xx.a(csma.o)
 .bss.metadata_memb_memb_mem
                0x2000179c       0x60 contiki-cc13xx.a(csma.o)
 .bss.metadata_memb_memb_count
                0x200017fc        0x8 contiki-cc13xx.a(csma.o)
 .bss.neighbor_list_list
                0x20001804        0x4 contiki-cc13xx.a(csma.o)
 .bss.packet_memb_memb_mem
                0x20001808       0x60 contiki-cc13xx.a(csma.o)
 .bss.neighbor_memb_memb_count
                0x20001868        0x2 contiki-cc13xx.a(csma.o)
 *fill*         0x2000186a        0x2 
 .bss.neighbor_memb_memb_mem
                0x2000186c       0x70 contiki-cc13xx.a(csma.o)
 .bss.cycle_start
                0x200018dc        0x4 contiki-cc13xx.a(contikimac.o)
 .bss.we_are_receiving_burst
                0x200018e0        0x4 contiki-cc13xx.a(contikimac.o)
 .bss.rt        0x200018e4        0xc contiki-cc13xx.a(contikimac.o)
 .bss.ct.9957   0x200018f0       0x20 contiki-cc13xx.a(contikimac.o)
 .bss.CYCLE_TIME
                0x20001910        0x4 contiki-cc13xx.a(contikimac.o)
 .bss.start.9881
                0x20001914        0x4 contiki-cc13xx.a(contikimac.o)
 .bss.STROBE_TIME
                0x20001918        0x4 contiki-cc13xx.a(contikimac.o)
 .bss.pt        0x2000191c        0x2 contiki-cc13xx.a(contikimac.o)
 *fill*         0x2000191e        0x2 
 .bss.udp_frag_data_info
                0x20001920       0xa8 contiki-cc13xx.a(udp-fragment.o)
 .bss.udp_frag_send_timer
                0x200019c8       0x20 contiki-cc13xx.a(udp-fragment.o)
 .bss.netsyn_offset
                0x200019e8        0x4 contiki-cc13xx.a(netsynch.o)
 .bss.concentrator_ipv6addr
                0x200019ec       0x10 contiki-cc13xx.a(netsynch.o)
 .bss.back_ct.7948
                0x200019fc       0x20 contiki-cc13xx.a(netsynch.o)
 .bss.schedule_bitmap_new
                0x20001a1c       0x12 contiki-cc13xx.a(netsynch.o)
 *fill*         0x20001a2e        0x2 
 .bss.schedule_bitmap
                0x20001a30       0x12 contiki-cc13xx.a(netsynch.o)
 *fill*         0x20001a42        0x2 
 .bss.response  0x20001a44        0x4 contiki-cc13xx.a(netsynch.o)
 .bss.periodic  0x20001a48       0x10 contiki-cc13xx.a(netsynch.o)
 .bss.mcast_conn
                0x20001a58        0x4 contiki-cc13xx.a(netsynch.o)
 .bss.rev_msg   0x20001a5c       0x1a contiki-cc13xx.a(netsynch.o)
 *fill*         0x20001a76        0x2 
 .bss.send_netsync_ct
                0x20001a78       0x20 contiki-cc13xx.a(netsynch.o)
 .bss.netsync_cal_info
                0x20001a98       0x14 contiki-cc13xx.a(netsync-auto-ca)
 .bss.new_netsyc_offset.5841
                0x20001aac        0x4 contiki-cc13xx.a(netsync-auto-ca)
 .bss.new_cal_interval.5840
                0x20001ab0        0x4 contiki-cc13xx.a(netsync-auto-ca)
 .bss.task_schedule_list_list
                0x20001ab4        0x4 contiki-cc13xx.a(task-schedule.o)
 .bss.consumers_list_list
                0x20001ab8        0x4 contiki-cc13xx.a(aux-ctrl.o)
 .bss.input_handler_list_list
                0x20001abc        0x4 contiki-cc13xx.a(uip-icmp6.o)
 .bss.ct        0x20001ac0       0x20 contiki-cc13xx.a(rpl-icmp6.o)
 .bss.app_duplicate
                0x20001ae0        0x2 udp-server.co
 .bss.node_id   0x20001ae2        0x2 contiki-cc13xx.a(node-id.o)
                0x20001ae2                node_id
 .bss.days      0x20001ae4        0x2 contiki-cc13xx.a(netconfig.o)
 .bss.tmp16     0x20001ae6        0x2 contiki-cc13xx.a(uip6.o)
 .bss.lastport  0x20001ae8        0x2 contiki-cc13xx.a(uip6.o)
 .bss.duplicate_count.7881
                0x20001aea        0x2 contiki-cc13xx.a(tcpip.o)
 .bss.next_dis  0x20001aec        0x2 contiki-cc13xx.a(rpl-timers.o)
 .bss.current_seqno
                0x20001aee        0x2 contiki-cc13xx.a(orpl-bitmap.o)
 .bss.buflen    0x20001af0        0x2 contiki-cc13xx.a(packetbuf.o)
 .bss.bufptr    0x20001af2        0x2 contiki-cc13xx.a(packetbuf.o)
 .bss.seqno.6269
                0x20001af4        0x2 contiki-cc13xx.a(csma.o)
 .bss.rdc_channel_check_interval_count
                0x20001af6        0x2 contiki-cc13xx.a(contikimac.o)
 .bss.temp.10205
                0x20001af8        0x1 contiki-cc13xx.a(contiki-main.o)
 .bss.active_flag_one_second_before
                0x20001af9        0x1 contiki-cc13xx.a(soc-rtc.o)
 .bss.active_flag
                0x20001afa        0x1 contiki-cc13xx.a(netconfig.o)
 .bss.rat_offset_known
                0x20001afb        0x1 contiki-cc13xx.a(rf-core.o)
 .bss.ble_mode_on
                0x20001afc        0x1 contiki-cc13xx.a(rf-ble.o)
 .bss.initialized
                0x20001afd        0x1 contiki-cc13xx.a(ctimer.o)
 .bss.fevent    0x20001afe        0x1 contiki-cc13xx.a(process.o)
 .bss.snum.5228
                0x20001aff        0x1 contiki-cc13xx.a(process.o)
 .bss.nevents   0x20001b00        0x1 contiki-cc13xx.a(process.o)
 .bss.poll_requested
                0x20001b01        0x1 contiki-cc13xx.a(process.o)
 .bss.lastevent
                0x20001b02        0x1 contiki-cc13xx.a(process.o)
 .bss.ev.5210   0x20001b03        0x1 contiki-cc13xx.a(process.o)
 .bss.uip_ext_len
                0x20001b04        0x1 contiki-cc13xx.a(uip6.o)
                0x20001b04                uip_ext_len
 .bss.uip_ext_bitmap
                0x20001b05        0x1 contiki-cc13xx.a(uip6.o)
                0x20001b05                uip_ext_bitmap
 .bss.uip_ext_opt_offset
                0x20001b06        0x1 contiki-cc13xx.a(uip6.o)
                0x20001b06                uip_ext_opt_offset
 .bss.c         0x20001b07        0x1 contiki-cc13xx.a(uip6.o)
 .bss.opt       0x20001b08        0x1 contiki-cc13xx.a(uip6.o)
 .bss.uncomp_hdr_len
                0x20001b09        0x1 contiki-cc13xx.a(sicslowpan.o)
 .bss.packetbuf_hdr_len
                0x20001b0a        0x1 contiki-cc13xx.a(sicslowpan.o)
 .bss.i.7904    0x20001b0b        0x1 contiki-cc13xx.a(tcpip.o)
 .bss.i.7849    0x20001b0c        0x1 contiki-cc13xx.a(tcpip.o)
 .bss.i.7892    0x20001b0d        0x1 contiki-cc13xx.a(tcpip.o)
 .bss.dio_send_ok
                0x20001b0e        0x1 contiki-cc13xx.a(rpl-timers.o)
 .bss.init_seqno_flag
                0x20001b0f        0x1 contiki-cc13xx.a(orpl-bitmap.o)
 .bss.hdrptr    0x20001b10        0x1 contiki-cc13xx.a(packetbuf.o)
 .bss.mac_dsn   0x20001b11        0x1 contiki-cc13xx.a(framer-802154.o)
 .bss.initialized
                0x20001b12        0x1 contiki-cc13xx.a(framer-802154.o)
 .bss.initialized.6268
                0x20001b13        0x1 contiki-cc13xx.a(csma.o)
 .bss.count.9876
                0x20001b14        0x1 contiki-cc13xx.a(contikimac.o)
 .bss.silence_periods.9882
                0x20001b15        0x1 contiki-cc13xx.a(contikimac.o)
 .bss.packet_seen.9875
                0x20001b16        0x1 contiki-cc13xx.a(contikimac.o)
 .bss.radio_is_on
                0x20001b17        0x1 contiki-cc13xx.a(contikimac.o)
 .bss.periods.9883
                0x20001b18        0x1 contiki-cc13xx.a(contikimac.o)
 .bss.we_are_sending
                0x20001b19        0x1 contiki-cc13xx.a(contikimac.o)
 .bss.contikimac_keep_radio_on
                0x20001b1a        0x1 contiki-cc13xx.a(contikimac.o)
 .bss.contikimac_is_on
                0x20001b1b        0x1 contiki-cc13xx.a(contikimac.o)
 .bss.next_frag_seqno
                0x20001b1c        0x1 contiki-cc13xx.a(udp-fragment.o)
 .bss.initialized
                0x20001b1d        0x1 contiki-cc13xx.a(task-schedule.o)
 *(SORT(COMMON))
 *fill*         0x20001b1e        0x2 
 COMMON         0x20001b20       0x26 contiki-cc13xx.a(contiki-main.o)
                0x20001b20                normal_byte
                0x20001b22                channel_byte
                0x20001b24                restart_count
                0x20001b28                cmd_read_meter
 *fill*         0x20001b46        0x2 
 COMMON         0x20001b48       0x7c contiki-cc13xx.a(energest.o)
                0x20001b48                energest_total_time
                0x20001b7c                energest_total_count
                0x20001b80                energest_current_mode
                0x20001b90                energest_current_time
 COMMON         0x20001bc4      0x174 contiki-cc13xx.a(uip-ds6.o)
                0x20001bc4                uip_ds6_timer_ra
                0x20001bcc                uip_ds6_if
                0x20001cc4                uip_ds6_netif_addr_list_offset
                0x20001cc5                uip_ds6_addr_size
                0x20001cc8                uip_ds6_prefix_list
                0x20001d28                uip_ds6_timer_periodic
 COMMON         0x20001d38      0x87c contiki-cc13xx.a(uip6.o)
                0x20001d38                uip_len
                0x20001d3c                uip_sappdata
                0x20001d40                uip_acc32
                0x20001d44                uip_lladdr
                0x20001d4c                uip_aligned_buf
                0x2000224c                uip_flags
                0x20002250                uip_next_hdr
                0x20002254                uip_udp_conn
                0x20002258                uip_appdata
                0x2000225c                uip_conn
                0x20002260                uip_conns
                0x20002440                uip_icmp6_conns
                0x20002448                uip_listenports
                0x20002470                uip_slen
                0x20002474                uip_udp_conns
 COMMON         0x200025b4       0xf4 contiki-cc13xx.a(rpl-dag.o)
                0x200025b4                default_instance
                0x200025b8                instance_table
 COMMON         0x200026a8        0xe contiki-cc13xx.a(orpl-bitmap.o)
                0x200026a8                bitmap_receive_info
                0x200026b0                bitmap_send_info
 *fill*         0x200026b6        0x2 
 COMMON         0x200026b8       0x2e contiki-cc13xx.a(packetbuf.o)
                0x200026b8                packetbuf_addrs
                0x200026c8                packetbuf_attrs
 *fill*         0x200026e6        0x2 
 COMMON         0x200026e8        0x8 contiki-cc13xx.a(linkaddr.o)
                0x200026e8                linkaddr_node_addr
 COMMON         0x200026f0        0x2 contiki-cc13xx.a(serial-line.o)
                0x200026f0                serial_line_event_message2
                0x200026f1                serial_line_event_message
 COMMON         0x200026f2        0x2 contiki-cc13xx.a(tcpip.o)
                0x200026f2                tcpip_event
                0x200026f3                tcpip_icmp6_event
                0x200026f4                _ebss = .
                0x200026f4                _end = .
                0x200026f4                PROVIDE (end, _ebss)
                0x200026f4                PROVIDE (__HEAP_START, _end)

.flash_datacfg
 *(SORT(.flash_datacfg))

.ccfg           0x0001ffa8       0x58
 *(SORT(.ccfg))
 .ccfg          0x0001ffa8       0x58 obj_cc13xx/ccfg.o
                0x0001ffa8                __ccfg

.rel.dyn        0x00020000        0x0
 .rel.iplt      0x00000000        0x0 obj_cc13xx/startup_gcc.o

._user_heap_stack
                0x200026f4      0x100
                0x200026f4                . = ALIGN (0x4)
                0x200026f4                . = (. + _Min_Heap_Size)
                0x200027f4                . = (. + _Min_Stack_Size)
 *fill*         0x200026f4      0x100 
                0x200027f4                . = ALIGN (0x4)

.gpram
OUTPUT(udp-server.elf elf32-littlearm)

.comment        0x00000000       0x70